  正在确定要还原的项目…
  所有项目均是最新的，无法还原。
E:\Godot\Games\MyGames\复刻土豆兄弟\brotato-my\Data\EventType\Unit\GameEventType_Unit_Health.cs(42,42): warning CS1570: XML 注释出现 XML 格式错误 --“应为标识符。” [E:\Godot\Games\MyGames\复刻土豆兄弟\brotato-my\Brotato_my.csproj]
E:\Godot\Games\MyGames\复刻土豆兄弟\brotato-my\Data\EventType\Unit\GameEventType_Unit_Health.cs(42,42): warning CS1570: XML 注释出现 XML 格式错误 --“此位置无法使用字符“=”。” [E:\Godot\Games\MyGames\复刻土豆兄弟\brotato-my\Brotato_my.csproj]
E:\Godot\Games\MyGames\复刻土豆兄弟\brotato-my\Data\EventType\Unit\GameEventType_Unit_Movement.cs(35,15): warning CS1570: XML 注释出现 XML 格式错误 --“结束标记“code”与开始标记“GameEventType.Unit.MovementCollisionEventData”不匹配。” [E:\Godot\Games\MyGames\复刻土豆兄弟\brotato-my\Brotato_my.csproj]
E:\Godot\Games\MyGames\复刻土豆兄弟\brotato-my\Data\EventType\Unit\GameEventType_Unit_Movement.cs(36,15): warning CS1570: XML 注释出现 XML 格式错误 --“结束标记“para”与开始标记“code”不匹配。” [E:\Godot\Games\MyGames\复刻土豆兄弟\brotato-my\Brotato_my.csproj]
E:\Godot\Games\MyGames\复刻土豆兄弟\brotato-my\Data\EventType\Unit\GameEventType_Unit_Movement.cs(37,15): warning CS1570: XML 注释出现 XML 格式错误 --“结束标记“summary”与开始标记“para”不匹配。” [E:\Godot\Games\MyGames\复刻土豆兄弟\brotato-my\Brotato_my.csproj]
E:\Godot\Games\MyGames\复刻土豆兄弟\brotato-my\Data\EventType\Unit\GameEventType_Unit_Movement.cs(38,1): warning CS1570: XML 注释出现 XML 格式错误 --“元素“summary”需要结束标记。” [E:\Godot\Games\MyGames\复刻土豆兄弟\brotato-my\Brotato_my.csproj]
E:\Godot\Games\MyGames\复刻土豆兄弟\brotato-my\Src\ECS\Component\Unit\Common\LifecycleComponent\LifecycleComponent.cs(197,33): warning CS1570: XML 注释出现 XML 格式错误 --“应为标识符。” [E:\Godot\Games\MyGames\复刻土豆兄弟\brotato-my\Brotato_my.csproj]
E:\Godot\Games\MyGames\复刻土豆兄弟\brotato-my\Src\ECS\Component\Unit\Common\LifecycleComponent\LifecycleComponent.cs(197,33): warning CS1570: XML 注释出现 XML 格式错误 --“此位置无法使用字符“=”。” [E:\Godot\Games\MyGames\复刻土豆兄弟\brotato-my\Brotato_my.csproj]
E:\Godot\Games\MyGames\复刻土豆兄弟\brotato-my\Src\ECS\Entity\Core\EntityManager.cs(95,7): warning CS1570: XML 注释出现 XML 格式错误 --“结束标记“code”与开始标记“HealthComponent”不匹配。” [E:\Godot\Games\MyGames\复刻土豆兄弟\brotato-my\Brotato_my.csproj]
E:\Godot\Games\MyGames\复刻土豆兄弟\brotato-my\Src\ECS\Entity\Core\EntityManager.cs(96,7): warning CS1570: XML 注释出现 XML 格式错误 --“结束标记“summary”与开始标记“Player”不匹配。” [E:\Godot\Games\MyGames\复刻土豆兄弟\brotato-my\Brotato_my.csproj]
E:\Godot\Games\MyGames\复刻土豆兄弟\brotato-my\Src\Autoload\AutoLoad.cs(41,7): warning CS1570: XML 注释出现 XML 格式错误 --“结束标记“code”与开始标记“PackedScene”不匹配。” [E:\Godot\Games\MyGames\复刻土豆兄弟\brotato-my\Brotato_my.csproj]
E:\Godot\Games\MyGames\复刻土豆兄弟\brotato-my\Src\ECS\Entity\Core\EntityManager.cs(97,1): warning CS1570: XML 注释出现 XML 格式错误 --“元素“Enemy”需要结束标记。” [E:\Godot\Games\MyGames\复刻土豆兄弟\brotato-my\Brotato_my.csproj]
E:\Godot\Games\MyGames\复刻土豆兄弟\brotato-my\Src\Autoload\AutoLoad.cs(42,7): warning CS1570: XML 注释出现 XML 格式错误 --“结束标记“example”与开始标记“code”不匹配。” [E:\Godot\Games\MyGames\复刻土豆兄弟\brotato-my\Brotato_my.csproj]
E:\Godot\Games\MyGames\复刻土豆兄弟\brotato-my\Src\ECS\Entity\Core\EntityManager.cs(97,1): warning CS1570: XML 注释出现 XML 格式错误 --“元素“code”需要结束标记。” [E:\Godot\Games\MyGames\复刻土豆兄弟\brotato-my\Brotato_my.csproj]
E:\Godot\Games\MyGames\复刻土豆兄弟\brotato-my\Src\ECS\Entity\Core\EntityManager.cs(97,1): warning CS1570: XML 注释出现 XML 格式错误 --“元素“summary”需要结束标记。” [E:\Godot\Games\MyGames\复刻土豆兄弟\brotato-my\Brotato_my.csproj]
E:\Godot\Games\MyGames\复刻土豆兄弟\brotato-my\Src\Autoload\AutoLoad.cs(43,1): warning CS1570: XML 注释出现 XML 格式错误 --“元素“example”需要结束标记。” [E:\Godot\Games\MyGames\复刻土豆兄弟\brotato-my\Brotato_my.csproj]
E:\Godot\Games\MyGames\复刻土豆兄弟\brotato-my\Src\ECS\Entity\IEntity.cs(28,29): warning CS1570: XML 注释出现 XML 格式错误 --“应为标识符。” [E:\Godot\Games\MyGames\复刻土豆兄弟\brotato-my\Brotato_my.csproj]
E:\Godot\Games\MyGames\复刻土豆兄弟\brotato-my\Src\ECS\Entity\IEntity.cs(28,29): warning CS1570: XML 注释出现 XML 格式错误 --“此位置无法使用字符“-”。” [E:\Godot\Games\MyGames\复刻土豆兄弟\brotato-my\Brotato_my.csproj]
E:\Godot\Games\MyGames\复刻土豆兄弟\brotato-my\Src\ECS\Entity\Core\EntityManager.cs(126,11): warning CS1570: XML 注释出现 XML 格式错误 --“结束标记“code”与开始标记“Player”不匹配。” [E:\Godot\Games\MyGames\复刻土豆兄弟\brotato-my\Brotato_my.csproj]
E:\Godot\Games\MyGames\复刻土豆兄弟\brotato-my\Src\ECS\Entity\Core\EntityManager.cs(127,11): warning CS1570: XML 注释出现 XML 格式错误 --“结束标记“summary”与开始标记“Enemy”不匹配。” [E:\Godot\Games\MyGames\复刻土豆兄弟\brotato-my\Brotato_my.csproj]
E:\Godot\Games\MyGames\复刻土豆兄弟\brotato-my\Src\ECS\Component\Ability\TriggerComponent\TriggerComponent.cs(14,1): warning CS1570: XML 注释出现 XML 格式错误 --“元素“summary”需要结束标记。” [E:\Godot\Games\MyGames\复刻土豆兄弟\brotato-my\Brotato_my.csproj]
E:\Godot\Games\MyGames\复刻土豆兄弟\brotato-my\Src\ECS\Entity\Core\EntityManager.cs(131,1): warning CS1570: XML 注释出现 XML 格式错误 --“元素“code”需要结束标记。” [E:\Godot\Games\MyGames\复刻土豆兄弟\brotato-my\Brotato_my.csproj]
E:\Godot\Games\MyGames\复刻土豆兄弟\brotato-my\Src\ECS\Entity\IEntity.cs(28,57): warning CS1570: XML 注释出现 XML 格式错误 --“应为标识符。” [E:\Godot\Games\MyGames\复刻土豆兄弟\brotato-my\Brotato_my.csproj]
E:\Godot\Games\MyGames\复刻土豆兄弟\brotato-my\Src\ECS\Entity\Core\EntityManager.cs(131,1): warning CS1570: XML 注释出现 XML 格式错误 --“元素“summary”需要结束标记。” [E:\Godot\Games\MyGames\复刻土豆兄弟\brotato-my\Brotato_my.csproj]
E:\Godot\Games\MyGames\复刻土豆兄弟\brotato-my\Src\ECS\Component\Ability\TriggerComponent\TriggerComponent.cs(15,5): warning CS1570: XML 注释出现 XML 格式错误 --“在此位置不应为结束标记。” [E:\Godot\Games\MyGames\复刻土豆兄弟\brotato-my\Brotato_my.csproj]
E:\Godot\Games\MyGames\复刻土豆兄弟\brotato-my\Src\ECS\Entity\IEntity.cs(28,57): warning CS1570: XML 注释出现 XML 格式错误 --“此位置无法使用字符“-”。” [E:\Godot\Games\MyGames\复刻土豆兄弟\brotato-my\Brotato_my.csproj]
E:\Godot\Games\MyGames\复刻土豆兄弟\brotato-my\Src\ECS\Entity\IEntity.cs(29,11): warning CS1570: XML 注释出现 XML 格式错误 --“结束标记“summary”与开始标记“”不匹配。” [E:\Godot\Games\MyGames\复刻土豆兄弟\brotato-my\Brotato_my.csproj]
E:\Godot\Games\MyGames\复刻土豆兄弟\brotato-my\Src\ECS\Entity\IEntity.cs(30,1): warning CS1570: XML 注释出现 XML 格式错误 --“元素“”需要结束标记。” [E:\Godot\Games\MyGames\复刻土豆兄弟\brotato-my\Brotato_my.csproj]
E:\Godot\Games\MyGames\复刻土豆兄弟\brotato-my\Src\ECS\Entity\IEntity.cs(30,1): warning CS1570: XML 注释出现 XML 格式错误 --“元素“summary”需要结束标记。” [E:\Godot\Games\MyGames\复刻土豆兄弟\brotato-my\Brotato_my.csproj]
E:\Godot\Games\MyGames\复刻土豆兄弟\brotato-my\Src\ECS\System\Movement\Strategies\Base\AIControlledStrategy.cs(13,7): warning CS1570: XML 注释出现 XML 格式错误 --“结束标记“list”与开始标记“item”不匹配。” [E:\Godot\Games\MyGames\复刻土豆兄弟\brotato-my\Brotato_my.csproj]
E:\Godot\Games\MyGames\复刻土豆兄弟\brotato-my\Src\Tools\NodeLifecycle\NodeLifecycleManager.cs(26,7): warning CS1570: XML 注释出现 XML 格式错误 --“结束标记“code”与开始标记“Enemy”不匹配。” [E:\Godot\Games\MyGames\复刻土豆兄弟\brotato-my\Brotato_my.csproj]
E:\Godot\Games\MyGames\复刻土豆兄弟\brotato-my\Src\ECS\System\Movement\Strategies\Orbit\OrbitStrategy.cs(48,24): warning CS1570: XML 注释出现 XML 格式错误 --“应为标识符。” [E:\Godot\Games\MyGames\复刻土豆兄弟\brotato-my\Brotato_my.csproj]
E:\Godot\Games\MyGames\复刻土豆兄弟\brotato-my\Src\ECS\System\Movement\Strategies\Base\AIControlledStrategy.cs(14,7): warning CS1570: XML 注释出现 XML 格式错误 --“结束标记“para”与开始标记“list”不匹配。” [E:\Godot\Games\MyGames\复刻土豆兄弟\brotato-my\Brotato_my.csproj]
E:\Godot\Games\MyGames\复刻土豆兄弟\brotato-my\Src\ECS\System\Movement\Strategies\Orbit\OrbitStrategy.cs(48,24): warning CS1570: XML 注释出现 XML 格式错误 --“3” [E:\Godot\Games\MyGames\复刻土豆兄弟\brotato-my\Brotato_my.csproj]
E:\Godot\Games\MyGames\复刻土豆兄弟\brotato-my\Src\Tools\NodeLifecycle\NodeLifecycleManager.cs(27,7): warning CS1570: XML 注释出现 XML 格式错误 --“结束标记“summary”与开始标记“code”不匹配。” [E:\Godot\Games\MyGames\复刻土豆兄弟\brotato-my\Brotato_my.csproj]
E:\Godot\Games\MyGames\复刻土豆兄弟\brotato-my\Src\ECS\System\Movement\Strategies\Base\AIControlledStrategy.cs(16,7): warning CS1570: XML 注释出现 XML 格式错误 --“结束标记“summary”与开始标记“para”不匹配。” [E:\Godot\Games\MyGames\复刻土豆兄弟\brotato-my\Brotato_my.csproj]
E:\Godot\Games\MyGames\复刻土豆兄弟\brotato-my\Src\Tools\NodeLifecycle\NodeLifecycleManager.cs(28,1): warning CS1570: XML 注释出现 XML 格式错误 --“元素“summary”需要结束标记。” [E:\Godot\Games\MyGames\复刻土豆兄弟\brotato-my\Brotato_my.csproj]
E:\Godot\Games\MyGames\复刻土豆兄弟\brotato-my\Src\ECS\System\Movement\Strategies\Base\AIControlledStrategy.cs(17,1): warning CS1570: XML 注释出现 XML 格式错误 --“元素“summary”需要结束标记。” [E:\Godot\Games\MyGames\复刻土豆兄弟\brotato-my\Brotato_my.csproj]
E:\Godot\Games\MyGames\复刻土豆兄弟\brotato-my\Src\Tools\NodeLifecycle\NodeLifecycleManager.cs(41,11): warning CS1570: XML 注释出现 XML 格式错误 --“结束标记“summary”与开始标记“Node”不匹配。” [E:\Godot\Games\MyGames\复刻土豆兄弟\brotato-my\Brotato_my.csproj]
E:\Godot\Games\MyGames\复刻土豆兄弟\brotato-my\Src\Tools\NodeLifecycle\NodeLifecycleManager.cs(42,1): warning CS1570: XML 注释出现 XML 格式错误 --“元素“summary”需要结束标记。” [E:\Godot\Games\MyGames\复刻土豆兄弟\brotato-my\Brotato_my.csproj]
E:\Godot\Games\MyGames\复刻土豆兄弟\brotato-my\Src\UI\Core\UIBase.cs(27,7): warning CS1570: XML 注释出现 XML 格式错误 --“结束标记“code”与开始标记“float”不匹配。” [E:\Godot\Games\MyGames\复刻土豆兄弟\brotato-my\Brotato_my.csproj]
E:\Godot\Games\MyGames\复刻土豆兄弟\brotato-my\Src\UI\Core\UIBase.cs(28,7): warning CS1570: XML 注释出现 XML 格式错误 --“结束标记“summary”与开始标记“code”不匹配。” [E:\Godot\Games\MyGames\复刻土豆兄弟\brotato-my\Brotato_my.csproj]
E:\Godot\Games\MyGames\复刻土豆兄弟\brotato-my\Src\UI\Core\UIBase.cs(29,1): warning CS1570: XML 注释出现 XML 格式错误 --“元素“summary”需要结束标记。” [E:\Godot\Games\MyGames\复刻土豆兄弟\brotato-my\Brotato_my.csproj]
E:\Godot\Games\MyGames\复刻土豆兄弟\brotato-my\Src\Tools\ObjectPool\ObjectPool.cs(113,11): warning CS1570: XML 注释出现 XML 格式错误 --“结束标记“param”与开始标记“T”不匹配。” [E:\Godot\Games\MyGames\复刻土豆兄弟\brotato-my\Brotato_my.csproj]
E:\Godot\Games\MyGames\复刻土豆兄弟\brotato-my\Src\Tools\ObjectPool\ObjectPool.cs(119,1): warning CS1570: XML 注释出现 XML 格式错误 --“元素“param”需要结束标记。” [E:\Godot\Games\MyGames\复刻土豆兄弟\brotato-my\Brotato_my.csproj]
E:\Godot\Games\MyGames\复刻土豆兄弟\brotato-my\Data\Data\Ability\Ability\Movement\AuraShield\AuraShield.cs(74,28): warning CS8601: 可能的 null 引用赋值。 [E:\Godot\Games\MyGames\复刻土豆兄弟\brotato-my\Brotato_my.csproj]
E:\Godot\Games\MyGames\复刻土豆兄弟\brotato-my\Data\Data\Ability\Ability\Movement\OrbitSkill\OrbitSkill.cs(81,28): warning CS8601: 可能的 null 引用赋值。 [E:\Godot\Games\MyGames\复刻土豆兄弟\brotato-my\Brotato_my.csproj]
E:\Godot\Games\MyGames\复刻土豆兄弟\brotato-my\Data\Data\Ability\Ability\Movement\ParabolaShot\ParabolaShot.cs(92,28): warning CS8601: 可能的 null 引用赋值。 [E:\Godot\Games\MyGames\复刻土豆兄弟\brotato-my\Brotato_my.csproj]
E:\Godot\Games\MyGames\复刻土豆兄弟\brotato-my\Data\Data\Ability\Ability\Movement\SineWaveShot\SineWaveShot.cs(94,28): warning CS8601: 可能的 null 引用赋值。 [E:\Godot\Games\MyGames\复刻土豆兄弟\brotato-my\Brotato_my.csproj]
E:\Godot\Games\MyGames\复刻土豆兄弟\brotato-my\Src\AI\Core\AIContext.cs(15,20): warning CS8618: 在退出构造函数时，不可为 null 的 属性 "Entity" 必须包含非 null 值。请考虑添加 "required" 修饰符或将该 属性 声明为可为 null。 [E:\Godot\Games\MyGames\复刻土豆兄弟\brotato-my\Brotato_my.csproj]
E:\Godot\Games\MyGames\复刻土豆兄弟\brotato-my\Src\ECS\Component\Ability\ChargeComponent\ChargeComponent.cs(29,40): warning CS8602: 解引用可能出现空引用。 [E:\Godot\Games\MyGames\复刻土豆兄弟\brotato-my\Brotato_my.csproj]
E:\Godot\Games\MyGames\复刻土豆兄弟\brotato-my\Src\ECS\Component\Ability\CooldownComponent\CooldownComponent.cs(26,35): warning CS8602: 解引用可能出现空引用。 [E:\Godot\Games\MyGames\复刻土豆兄弟\brotato-my\Brotato_my.csproj]
E:\Godot\Games\MyGames\复刻土豆兄弟\brotato-my\Src\ECS\Component\Ability\ChargeComponent\ChargeComponent.cs(30,35): warning CS8602: 解引用可能出现空引用。 [E:\Godot\Games\MyGames\复刻土豆兄弟\brotato-my\Brotato_my.csproj]
E:\Godot\Games\MyGames\复刻土豆兄弟\brotato-my\Src\ECS\Component\Ability\CooldownComponent\CooldownComponent.cs(27,35): warning CS8602: 解引用可能出现空引用。 [E:\Godot\Games\MyGames\复刻土豆兄弟\brotato-my\Brotato_my.csproj]
E:\Godot\Games\MyGames\复刻土豆兄弟\brotato-my\Src\ECS\Component\Ability\ChargeComponent\ChargeComponent.cs(31,35): warning CS8602: 解引用可能出现空引用。 [E:\Godot\Games\MyGames\复刻土豆兄弟\brotato-my\Brotato_my.csproj]
E:\Godot\Games\MyGames\复刻土豆兄弟\brotato-my\Src\ECS\Component\Ability\CooldownComponent\CooldownComponent.cs(28,40): warning CS8602: 解引用可能出现空引用。 [E:\Godot\Games\MyGames\复刻土豆兄弟\brotato-my\Brotato_my.csproj]
E:\Godot\Games\MyGames\复刻土豆兄弟\brotato-my\Src\ECS\Component\Ability\ChargeComponent\ChargeComponent.cs(32,31): warning CS8602: 解引用可能出现空引用。 [E:\Godot\Games\MyGames\复刻土豆兄弟\brotato-my\Brotato_my.csproj]
E:\Godot\Games\MyGames\复刻土豆兄弟\brotato-my\Data\Data\Ability\Ability\Movement\ArcShot\ArcShot.cs(93,28): warning CS8601: 可能的 null 引用赋值。 [E:\Godot\Games\MyGames\复刻土豆兄弟\brotato-my\Brotato_my.csproj]
E:\Godot\Games\MyGames\复刻土豆兄弟\brotato-my\Data\Data\Ability\Ability\Movement\BoomerangThrow\BoomerangThrow.cs(96,28): warning CS8601: 可能的 null 引用赋值。 [E:\Godot\Games\MyGames\复刻土豆兄弟\brotato-my\Brotato_my.csproj]
E:\Godot\Games\MyGames\复刻土豆兄弟\brotato-my\Src\ECS\Component\Ability\CostComponent\CostComponent.cs(29,35): warning CS8602: 解引用可能出现空引用。 [E:\Godot\Games\MyGames\复刻土豆兄弟\brotato-my\Brotato_my.csproj]
E:\Godot\Games\MyGames\复刻土豆兄弟\brotato-my\Src\ECS\Component\Ability\CostComponent\CostComponent.cs(30,41): warning CS8602: 解引用可能出现空引用。 [E:\Godot\Games\MyGames\复刻土豆兄弟\brotato-my\Brotato_my.csproj]
E:\Godot\Games\MyGames\复刻土豆兄弟\brotato-my\Data\Data\Ability\Ability\Movement\BezierShot\BezierShot.cs(94,28): warning CS8601: 可能的 null 引用赋值。 [E:\Godot\Games\MyGames\复刻土豆兄弟\brotato-my\Brotato_my.csproj]
E:\Godot\Games\MyGames\复刻土豆兄弟\brotato-my\Src\ECS\Component\Ability\TriggerComponent\TriggerComponent.cs(35,67): warning CS8602: 解引用可能出现空引用。 [E:\Godot\Games\MyGames\复刻土豆兄弟\brotato-my\Brotato_my.csproj]
E:\Godot\Games\MyGames\复刻土豆兄弟\brotato-my\Src\ECS\Component\Ability\CostComponent\CostComponent.cs(31,33): warning CS8602: 解引用可能出现空引用。 [E:\Godot\Games\MyGames\复刻土豆兄弟\brotato-my\Brotato_my.csproj]
E:\Godot\Games\MyGames\复刻土豆兄弟\brotato-my\Src\ECS\Component\Effect\EffectComponent\EffectComponent.cs(31,31): warning CS8602: 解引用可能出现空引用。 [E:\Godot\Games\MyGames\复刻土豆兄弟\brotato-my\Brotato_my.csproj]
E:\Godot\Games\MyGames\复刻土豆兄弟\brotato-my\Src\ECS\Component\Ability\TriggerComponent\TriggerComponent.cs(36,35): warning CS8602: 解引用可能出现空引用。 [E:\Godot\Games\MyGames\复刻土豆兄弟\brotato-my\Brotato_my.csproj]
E:\Godot\Games\MyGames\复刻土豆兄弟\brotato-my\Src\ECS\Component\Effect\EffectComponent\EffectComponent.cs(34,30): warning CS8602: 解引用可能出现空引用。 [E:\Godot\Games\MyGames\复刻土豆兄弟\brotato-my\Brotato_my.csproj]
E:\Godot\Games\MyGames\复刻土豆兄弟\brotato-my\Src\ECS\Component\Effect\EffectComponent\EffectComponent.cs(37,30): warning CS8602: 解引用可能出现空引用。 [E:\Godot\Games\MyGames\复刻土豆兄弟\brotato-my\Brotato_my.csproj]
E:\Godot\Games\MyGames\复刻土豆兄弟\brotato-my\Src\ECS\Component\Effect\EffectComponent\EffectComponent.cs(40,30): warning CS8602: 解引用可能出现空引用。 [E:\Godot\Games\MyGames\复刻土豆兄弟\brotato-my\Brotato_my.csproj]
E:\Godot\Games\MyGames\复刻土豆兄弟\brotato-my\Data\Data\Ability\Ability\Movement\Dash\Dash.cs(59,28): warning CS8602: 解引用可能出现空引用。 [E:\Godot\Games\MyGames\复刻土豆兄弟\brotato-my\Brotato_my.csproj]
E:\Godot\Games\MyGames\复刻土豆兄弟\brotato-my\Data\Data\Ability\Ability\Movement\Dash\Dash.cs(69,23): warning CS8602: 解引用可能出现空引用。 [E:\Godot\Games\MyGames\复刻土豆兄弟\brotato-my\Brotato_my.csproj]
E:\Godot\Games\MyGames\复刻土豆兄弟\brotato-my\Src\ECS\Component\Effect\EffectComponent\EffectComponent.cs(43,33): warning CS8602: 解引用可能出现空引用。 [E:\Godot\Games\MyGames\复刻土豆兄弟\brotato-my\Brotato_my.csproj]
E:\Godot\Games\MyGames\复刻土豆兄弟\brotato-my\Src\ECS\Component\Ability\AbilityTargetSelectionComponent\AbilityTargetSelectionComponent.cs(79,25): warning CS8602: 解引用可能出现空引用。 [E:\Godot\Games\MyGames\复刻土豆兄弟\brotato-my\Brotato_my.csproj]
E:\Godot\Games\MyGames\复刻土豆兄弟\brotato-my\Src\ECS\Component\Unit\Common\HealthComponent\HealthComponent.cs(30,31): warning CS8602: 解引用可能出现空引用。 [E:\Godot\Games\MyGames\复刻土豆兄弟\brotato-my\Brotato_my.csproj]
E:\Godot\Games\MyGames\复刻土豆兄弟\brotato-my\Src\ECS\Component\Unit\Common\HealthComponent\HealthComponent.cs(33,27): warning CS8602: 解引用可能出现空引用。 [E:\Godot\Games\MyGames\复刻土豆兄弟\brotato-my\Brotato_my.csproj]
E:\Godot\Games\MyGames\复刻土豆兄弟\brotato-my\Src\ECS\Component\Unit\Common\LifecycleComponent\LifecycleComponent.cs(50,36): warning CS8602: 解引用可能出现空引用。 [E:\Godot\Games\MyGames\复刻土豆兄弟\brotato-my\Brotato_my.csproj]
E:\Godot\Games\MyGames\复刻土豆兄弟\brotato-my\Src\ECS\Component\Unit\Common\AttackComponent\AttackComponent.cs(162,32): warning CS8602: 解引用可能出现空引用。 [E:\Godot\Games\MyGames\复刻土豆兄弟\brotato-my\Brotato_my.csproj]
E:\Godot\Games\MyGames\复刻土豆兄弟\brotato-my\Src\ECS\Component\Unit\Common\LifecycleComponent\LifecycleComponent.cs(53,35): warning CS8602: 解引用可能出现空引用。 [E:\Godot\Games\MyGames\复刻土豆兄弟\brotato-my\Brotato_my.csproj]
E:\Godot\Games\MyGames\复刻土豆兄弟\brotato-my\Src\ECS\Component\Unit\Common\LifecycleComponent\LifecycleComponent.cs(56,30): warning CS8602: 解引用可能出现空引用。 [E:\Godot\Games\MyGames\复刻土豆兄弟\brotato-my\Brotato_my.csproj]
E:\Godot\Games\MyGames\复刻土豆兄弟\brotato-my\Src\ECS\Component\Unit\Common\LifecycleComponent\LifecycleComponent.cs(59,30): warning CS8602: 解引用可能出现空引用。 [E:\Godot\Games\MyGames\复刻土豆兄弟\brotato-my\Brotato_my.csproj]
E:\Godot\Games\MyGames\复刻土豆兄弟\brotato-my\Src\ECS\Component\Unit\Common\LifecycleComponent\LifecycleComponent.cs(62,33): warning CS8602: 解引用可能出现空引用。 [E:\Godot\Games\MyGames\复刻土豆兄弟\brotato-my\Brotato_my.csproj]
E:\Godot\Games\MyGames\复刻土豆兄弟\brotato-my\Src\Test\SingleTest\Tools\ObjectPool\VisualTestBullet.cs(12,19): warning CS8618: 在退出构造函数时，不可为 null 的 字段 "_label" 必须包含非 null 值。请考虑添加 "required" 修饰符或将该 字段 声明为可为 null。 [E:\Godot\Games\MyGames\复刻土豆兄弟\brotato-my\Brotato_my.csproj]
E:\Godot\Games\MyGames\复刻土豆兄弟\brotato-my\Src\Test\SingleTest\Tools\ObjectPool\VisualTestBullet.cs(13,23): warning CS8618: 在退出构造函数时，不可为 null 的 字段 "_visual" 必须包含非 null 值。请考虑添加 "required" 修饰符或将该 字段 声明为可为 null。 [E:\Godot\Games\MyGames\复刻土豆兄弟\brotato-my\Brotato_my.csproj]
E:\Godot\Games\MyGames\复刻土豆兄弟\brotato-my\Src\ECS\Component\Unit\Enemy\AI\AIComponent.cs(105,27): warning CS8601: 可能的 null 引用赋值。 [E:\Godot\Games\MyGames\复刻土豆兄弟\brotato-my\Brotato_my.csproj]
E:\Godot\Games\MyGames\复刻土豆兄弟\brotato-my\Src\ECS\Component\Unit\Common\AttackComponent\AttackComponent.cs(457,33): warning CS8602: 解引用可能出现空引用。 [E:\Godot\Games\MyGames\复刻土豆兄弟\brotato-my\Brotato_my.csproj]
E:\Godot\Games\MyGames\复刻土豆兄弟\brotato-my\Src\ECS\Component\Unit\Enemy\AI\AIComponent.cs(29,31): warning CS8618: 在退出构造函数时，不可为 null 的 属性 "Runner" 必须包含非 null 值。请考虑添加 "required" 修饰符或将该 属性 声明为可为 null。 [E:\Godot\Games\MyGames\复刻土豆兄弟\brotato-my\Brotato_my.csproj]
E:\Godot\Games\MyGames\复刻土豆兄弟\brotato-my\Data\Data\Ability\Ability\ChainLightning\ChainLightning.cs(117,28): warning CS8601: 可能的 null 引用赋值。 [E:\Godot\Games\MyGames\复刻土豆兄弟\brotato-my\Brotato_my.csproj]
E:\Godot\Games\MyGames\复刻土豆兄弟\brotato-my\Data\Data\Ability\Ability\ChainLightning\ChainLightning.cs(157,24): warning CS8604: “bool HashSet<IEntity>.Add(IEntity item)”中的形参“item”可能传入 null 引用实参。 [E:\Godot\Games\MyGames\复刻土豆兄弟\brotato-my\Brotato_my.csproj]
E:\Godot\Games\MyGames\复刻土豆兄弟\brotato-my\Src\ECS\Component\Unit\Common\LifecycleComponent\LifecycleComponent.cs(225,9): warning CS8602: 解引用可能出现空引用。 [E:\Godot\Games\MyGames\复刻土豆兄弟\brotato-my\Brotato_my.csproj]
E:\Godot\Games\MyGames\复刻土豆兄弟\brotato-my\Src\ECS\Component\Unit\Common\UnitAnimationComponent\UnitAnimationComponent.cs(202,30): warning CS8602: 解引用可能出现空引用。 [E:\Godot\Games\MyGames\复刻土豆兄弟\brotato-my\Brotato_my.csproj]
E:\Godot\Games\MyGames\复刻土豆兄弟\brotato-my\Src\ECS\Component\Unit\Common\UnitAnimationComponent\UnitAnimationComponent.cs(274,13): warning CS8602: 解引用可能出现空引用。 [E:\Godot\Games\MyGames\复刻土豆兄弟\brotato-my\Brotato_my.csproj]
E:\Godot\Games\MyGames\复刻土豆兄弟\brotato-my\Src\Test\SingleTest\Tools\ObjectPool\TestProjectile.cs(12,19): warning CS8618: 在退出构造函数时，不可为 null 的 字段 "_label" 必须包含非 null 值。请考虑添加 "required" 修饰符或将该 字段 声明为可为 null。 [E:\Godot\Games\MyGames\复刻土豆兄弟\brotato-my\Brotato_my.csproj]
E:\Godot\Games\MyGames\复刻土豆兄弟\brotato-my\Src\Test\SingleTest\Tools\ObjectPool\TestProjectile.cs(13,23): warning CS8618: 在退出构造函数时，不可为 null 的 字段 "_visual" 必须包含非 null 值。请考虑添加 "required" 修饰符或将该 字段 声明为可为 null。 [E:\Godot\Games\MyGames\复刻土豆兄弟\brotato-my\Brotato_my.csproj]
E:\Godot\Games\MyGames\复刻土豆兄弟\brotato-my\Src\ECS\Component\Unit\Common\LifecycleComponent\LifecycleComponent.cs(351,31): warning CS8602: 解引用可能出现空引用。 [E:\Godot\Games\MyGames\复刻土豆兄弟\brotato-my\Brotato_my.csproj]
E:\Godot\Games\MyGames\复刻土豆兄弟\brotato-my\Src\ECS\Component\Unit\Common\LifecycleComponent\LifecycleComponent.cs(368,23): warning CS8602: 解引用可能出现空引用。 [E:\Godot\Games\MyGames\复刻土豆兄弟\brotato-my\Brotato_my.csproj]
E:\Godot\Games\MyGames\复刻土豆兄弟\brotato-my\Src\ECS\System\DamageSystem\DamageInfo.cs(51,17): warning CS8618: 在退出构造函数时，不可为 null 的 属性 "Attacker" 必须包含非 null 值。请考虑添加 "required" 修饰符或将该 属性 声明为可为 null。 [E:\Godot\Games\MyGames\复刻土豆兄弟\brotato-my\Brotato_my.csproj]
E:\Godot\Games\MyGames\复刻土豆兄弟\brotato-my\Src\ECS\System\DamageSystem\DamageInfo.cs(56,18): warning CS8618: 在退出构造函数时，不可为 null 的 属性 "Victim" 必须包含非 null 值。请考虑添加 "required" 修饰符或将该 属性 声明为可为 null。 [E:\Godot\Games\MyGames\复刻土豆兄弟\brotato-my\Brotato_my.csproj]
E:\Godot\Games\MyGames\复刻土豆兄弟\brotato-my\Src\ECS\System\DamageSystem\DamageService.cs(57,24): warning CS8625: 无法将 null 字面量转换为非 null 的引用类型。 [E:\Godot\Games\MyGames\复刻土豆兄弟\brotato-my\Brotato_my.csproj]
E:\Godot\Games\MyGames\复刻土豆兄弟\brotato-my\Src\ECS\System\DamageSystem\DamageTool.cs(68,28): warning CS8601: 可能的 null 引用赋值。 [E:\Godot\Games\MyGames\复刻土豆兄弟\brotato-my\Brotato_my.csproj]
E:\Godot\Games\MyGames\复刻土豆兄弟\brotato-my\Src\Test\SingleTest\Tools\ObjectPool\TestEffect.cs(12,23): warning CS8618: 在退出构造函数时，不可为 null 的 字段 "_visual" 必须包含非 null 值。请考虑添加 "required" 修饰符或将该 字段 声明为可为 null。 [E:\Godot\Games\MyGames\复刻土豆兄弟\brotato-my\Brotato_my.csproj]
E:\Godot\Games\MyGames\复刻土豆兄弟\brotato-my\Src\ECS\System\DamageSystem\DamageService.cs(32,33): warning CS8618: 在退出构造函数时，不可为 null 的 字段 "Instance" 必须包含非 null 值。请考虑添加 "required" 修饰符或将该 字段 声明为可为 null。 [E:\Godot\Games\MyGames\复刻土豆兄弟\brotato-my\Brotato_my.csproj]
E:\Godot\Games\MyGames\复刻土豆兄弟\brotato-my\Src\ECS\System\Spawn\SpawnSystem.cs(85,24): warning CS8625: 无法将 null 字面量转换为非 null 的引用类型。 [E:\Godot\Games\MyGames\复刻土豆兄弟\brotato-my\Brotato_my.csproj]
E:\Godot\Games\MyGames\复刻土豆兄弟\brotato-my\Src\Test\GlobalTest\MainTest\MainTest.cs(31,22): warning CS8601: 可能的 null 引用赋值。 [E:\Godot\Games\MyGames\复刻土豆兄弟\brotato-my\Brotato_my.csproj]
E:\Godot\Games\MyGames\复刻土豆兄弟\brotato-my\Src\Test\GlobalTest\MainTest\MainTest.cs(36,30): warning CS8602: 解引用可能出现空引用。 [E:\Godot\Games\MyGames\复刻土豆兄弟\brotato-my\Brotato_my.csproj]
E:\Godot\Games\MyGames\复刻土豆兄弟\brotato-my\Src\Test\GlobalTest\MainTest\MainTest.cs(44,22): warning CS8601: 可能的 null 引用赋值。 [E:\Godot\Games\MyGames\复刻土豆兄弟\brotato-my\Brotato_my.csproj]
E:\Godot\Games\MyGames\复刻土豆兄弟\brotato-my\Src\Test\SingleTest\ECS\ECSTest\ECSTest.cs(159,17): warning CS8602: 解引用可能出现空引用。 [E:\Godot\Games\MyGames\复刻土豆兄弟\brotato-my\Brotato_my.csproj]
E:\Godot\Games\MyGames\复刻土豆兄弟\brotato-my\Src\Test\SingleTest\ECS\ECSTest\ECSTest.cs(183,9): warning CS8602: 解引用可能出现空引用。 [E:\Godot\Games\MyGames\复刻土豆兄弟\brotato-my\Brotato_my.csproj]
E:\Godot\Games\MyGames\复刻土豆兄弟\brotato-my\Src\Test\SingleTest\ECS\ECSTest\ECSTest.cs(193,16): warning CS8602: 解引用可能出现空引用。 [E:\Godot\Games\MyGames\复刻土豆兄弟\brotato-my\Brotato_my.csproj]
E:\Godot\Games\MyGames\复刻土豆兄弟\brotato-my\Src\ECS\Data\Data.cs(537,22): warning CS8602: 解引用可能出现空引用。 [E:\Godot\Games\MyGames\复刻土豆兄弟\brotato-my\Brotato_my.csproj]
E:\Godot\Games\MyGames\复刻土豆兄弟\brotato-my\Src\Test\SingleTest\Test\ExportTest\ExportTest.cs(180,44): warning CS8603: 可能返回 null 引用。 [E:\Godot\Games\MyGames\复刻土豆兄弟\brotato-my\Brotato_my.csproj]
E:\Godot\Games\MyGames\复刻土豆兄弟\brotato-my\Src\Test\SingleTest\Test\ExportTest\ExportTest.cs(187,46): warning CS8603: 可能返回 null 引用。 [E:\Godot\Games\MyGames\复刻土豆兄弟\brotato-my\Brotato_my.csproj]
E:\Godot\Games\MyGames\复刻土豆兄弟\brotato-my\Src\ECS\System\Spawn\SpawnSystem.cs(36,31): warning CS8618: 在退出构造函数时，不可为 null 的 属性 "Instance" 必须包含非 null 值。请考虑添加 "required" 修饰符或将该 属性 声明为可为 null。 [E:\Godot\Games\MyGames\复刻土豆兄弟\brotato-my\Brotato_my.csproj]
E:\Godot\Games\MyGames\复刻土豆兄弟\brotato-my\Src\Tools\ObjectPool\ObjectPoolInit.cs(81,32): warning CS8602: 解引用可能出现空引用。 [E:\Godot\Games\MyGames\复刻土豆兄弟\brotato-my\Brotato_my.csproj]
E:\Godot\Games\MyGames\复刻土豆兄弟\brotato-my\Src\Tools\ObjectPool\ObjectPoolInit.cs(94,34): warning CS8602: 解引用可能出现空引用。 [E:\Godot\Games\MyGames\复刻土豆兄弟\brotato-my\Brotato_my.csproj]
E:\Godot\Games\MyGames\复刻土豆兄弟\brotato-my\Src\Tools\ObjectPool\ObjectPoolInit.cs(106,33): warning CS8602: 解引用可能出现空引用。 [E:\Godot\Games\MyGames\复刻土豆兄弟\brotato-my\Brotato_my.csproj]
E:\Godot\Games\MyGames\复刻土豆兄弟\brotato-my\Src\Tools\ObjectPool\ObjectPoolInit.cs(118,32): warning CS8602: 解引用可能出现空引用。 [E:\Godot\Games\MyGames\复刻土豆兄弟\brotato-my\Brotato_my.csproj]
E:\Godot\Games\MyGames\复刻土豆兄弟\brotato-my\Src\Tools\ObjectPool\ObjectPoolInit.cs(130,35): warning CS8602: 解引用可能出现空引用。 [E:\Godot\Games\MyGames\复刻土豆兄弟\brotato-my\Brotato_my.csproj]
E:\Godot\Games\MyGames\复刻土豆兄弟\brotato-my\Src\Tools\ObjectPool\ObjectPoolInit.cs(142,37): warning CS8602: 解引用可能出现空引用。 [E:\Godot\Games\MyGames\复刻土豆兄弟\brotato-my\Brotato_my.csproj]
E:\Godot\Games\MyGames\复刻土豆兄弟\brotato-my\Src\Tools\ObjectPool\ObjectPoolInit.cs(154,40): warning CS8602: 解引用可能出现空引用。 [E:\Godot\Games\MyGames\复刻土豆兄弟\brotato-my\Brotato_my.csproj]
E:\Godot\Games\MyGames\复刻土豆兄弟\brotato-my\Src\Tools\ObjectPool\ObjectPool.cs(183,44): warning CS8604: “Variant.implicit operator Variant(string from)”中的形参“from”可能传入 null 引用实参。 [E:\Godot\Games\MyGames\复刻土豆兄弟\brotato-my\Brotato_my.csproj]
E:\Godot\Games\MyGames\复刻土豆兄弟\brotato-my\Src\Tools\Timer\TimerManager.cs(75,22): warning CS8601: 可能的 null 引用赋值。 [E:\Godot\Games\MyGames\复刻土豆兄弟\brotato-my\Brotato_my.csproj]
E:\Godot\Games\MyGames\复刻土豆兄弟\brotato-my\Src\Tools\Timer\TimerManager.cs(95,20): warning CS8625: 无法将 null 字面量转换为非 null 的引用类型。 [E:\Godot\Games\MyGames\复刻土豆兄弟\brotato-my\Brotato_my.csproj]
E:\Godot\Games\MyGames\复刻土豆兄弟\brotato-my\Src\Test\SingleTest\Tools\ObjectPool\ObjectPoolVisualTest.cs(12,42): warning CS8618: 在退出构造函数时，不可为 null 的 字段 "_pool" 必须包含非 null 值。请考虑添加 "required" 修饰符或将该 字段 声明为可为 null。 [E:\Godot\Games\MyGames\复刻土豆兄弟\brotato-my\Brotato_my.csproj]
E:\Godot\Games\MyGames\复刻土豆兄弟\brotato-my\Src\Test\SingleTest\Tools\ObjectPool\ObjectPoolVisualTest.cs(16,19): warning CS8618: 在退出构造函数时，不可为 null 的 字段 "_statsLabel" 必须包含非 null 值。请考虑添加 "required" 修饰符或将该 字段 声明为可为 null。 [E:\Godot\Games\MyGames\复刻土豆兄弟\brotato-my\Brotato_my.csproj]
E:\Godot\Games\MyGames\复刻土豆兄弟\brotato-my\Src\Test\SingleTest\Tools\ObjectPool\ObjectPoolVisualTest.cs(17,25): warning CS8618: 在退出构造函数时，不可为 null 的 字段 "_autoSpawnToggle" 必须包含非 null 值。请考虑添加 "required" 修饰符或将该 字段 声明为可为 null。 [E:\Godot\Games\MyGames\复刻土豆兄弟\brotato-my\Brotato_my.csproj]
E:\Godot\Games\MyGames\复刻土豆兄弟\brotato-my\Src\Test\SingleTest\Tools\ObjectPool\ObjectPoolVisualTest.cs(18,21): warning CS8618: 在退出构造函数时，不可为 null 的 字段 "_spawnRateSlider" 必须包含非 null 值。请考虑添加 "required" 修饰符或将该 字段 声明为可为 null。 [E:\Godot\Games\MyGames\复刻土豆兄弟\brotato-my\Brotato_my.csproj]
E:\Godot\Games\MyGames\复刻土豆兄弟\brotato-my\Src\Test\SingleTest\Tools\ObjectPool\ObjectPoolVisualTest.cs(19,25): warning CS8618: 在退出构造函数时，不可为 null 的 字段 "_poolLoadBar" 必须包含非 null 值。请考虑添加 "required" 修饰符或将该 字段 声明为可为 null。 [E:\Godot\Games\MyGames\复刻土豆兄弟\brotato-my\Brotato_my.csproj]
E:\Godot\Games\MyGames\复刻土豆兄弟\brotato-my\Src\Test\SingleTest\Tools\ObjectPool\ObjectPoolVisualTest.cs(20,21): warning CS8618: 在退出构造函数时，不可为 null 的 字段 "_poolVisualizerContainer" 必须包含非 null 值。请考虑添加 "required" 修饰符或将该 字段 声明为可为 null。 [E:\Godot\Games\MyGames\复刻土豆兄弟\brotato-my\Brotato_my.csproj]
E:\Godot\Games\MyGames\复刻土豆兄弟\brotato-my\Src\Tools\Timer\TimerManager.cs(55,35): warning CS8618: 在退出构造函数时，不可为 null 的 字段 "_timerPool" 必须包含非 null 值。请考虑添加 "required" 修饰符或将该 字段 声明为可为 null。 [E:\Godot\Games\MyGames\复刻土豆兄弟\brotato-my\Brotato_my.csproj]
E:\Godot\Games\MyGames\复刻土豆兄弟\brotato-my\Src\Tools\Timer\TimerManager.cs(47,32): warning CS8618: 在退出构造函数时，不可为 null 的 字段 "Instance" 必须包含非 null 值。请考虑添加 "required" 修饰符或将该 字段 声明为可为 null。 [E:\Godot\Games\MyGames\复刻土豆兄弟\brotato-my\Brotato_my.csproj]
E:\Godot\Games\MyGames\复刻土豆兄弟\brotato-my\Src\Test\SingleTest\Tools\ObjectPool\ObjectPoolManagerTest.cs(14,40): warning CS8618: 在退出构造函数时，不可为 null 的 字段 "_projectilePool" 必须包含非 null 值。请考虑添加 "required" 修饰符或将该 字段 声明为可为 null。 [E:\Godot\Games\MyGames\复刻土豆兄弟\brotato-my\Brotato_my.csproj]
E:\Godot\Games\MyGames\复刻土豆兄弟\brotato-my\Src\Test\SingleTest\Tools\ObjectPool\ObjectPoolManagerTest.cs(15,36): warning CS8618: 在退出构造函数时，不可为 null 的 字段 "_effectPool" 必须包含非 null 值。请考虑添加 "required" 修饰符或将该 字段 声明为可为 null。 [E:\Godot\Games\MyGames\复刻土豆兄弟\brotato-my\Brotato_my.csproj]
E:\Godot\Games\MyGames\复刻土豆兄弟\brotato-my\Src\Test\SingleTest\Tools\ObjectPool\ObjectPoolManagerTest.cs(17,20): warning CS8618: 在退出构造函数时，不可为 null 的 字段 "_gameContainer" 必须包含非 null 值。请考虑添加 "required" 修饰符或将该 字段 声明为可为 null。 [E:\Godot\Games\MyGames\复刻土豆兄弟\brotato-my\Brotato_my.csproj]
E:\Godot\Games\MyGames\复刻土豆兄弟\brotato-my\Src\Test\SingleTest\Tools\ObjectPool\ObjectPoolManagerTest.cs(21,27): warning CS8618: 在退出构造函数时，不可为 null 的 字段 "_statsContainer" 必须包含非 null 值。请考虑添加 "required" 修饰符或将该 字段 声明为可为 null。 [E:\Godot\Games\MyGames\复刻土豆兄弟\brotato-my\Brotato_my.csproj]
E:\Godot\Games\MyGames\复刻土豆兄弟\brotato-my\Data\Data\Unit\UnitConfig.cs(17,32): warning CS8618: 在退出构造函数时，不可为 null 的 属性 "Name" 必须包含非 null 值。请考虑添加 "required" 修饰符或将该 属性 声明为可为 null。 [E:\Godot\Games\MyGames\复刻土豆兄弟\brotato-my\Brotato_my.csproj]
E:\Godot\Games\MyGames\复刻土豆兄弟\brotato-my\Src\Test\SingleTest\Test\ExportTest\ExportTest.cs(38,22): warning CS8618: 在退出构造函数时，不可为 null 的 属性 "CharacterTexture" 必须包含非 null 值。请考虑添加 "required" 修饰符或将该 属性 声明为可为 null。 [E:\Godot\Games\MyGames\复刻土豆兄弟\brotato-my\Brotato_my.csproj]
E:\Godot\Games\MyGames\复刻土豆兄弟\brotato-my\Src\Test\SingleTest\Test\ExportTest\ExportTest.cs(41,24): warning CS8618: 在退出构造函数时，不可为 null 的 属性 "EnemyScene" 必须包含非 null 值。请考虑添加 "required" 修饰符或将该 属性 声明为可为 null。 [E:\Godot\Games\MyGames\复刻土豆兄弟\brotato-my\Brotato_my.csproj]
E:\Godot\Games\MyGames\复刻土豆兄弟\brotato-my\Src\Test\SingleTest\Test\ExportTest\ExportTest.cs(44,24): warning CS8618: 在退出构造函数时，不可为 null 的 属性 "BackgroundMusic" 必须包含非 null 值。请考虑添加 "required" 修饰符或将该 属性 声明为可为 null。 [E:\Godot\Games\MyGames\复刻土豆兄弟\brotato-my\Brotato_my.csproj]
E:\Godot\Games\MyGames\复刻土豆兄弟\brotato-my\Src\Test\SingleTest\Test\ExportTest\ExportTest.cs(47,21): warning CS8618: 在退出构造函数时，不可为 null 的 属性 "PlayerNodePath" 必须包含非 null 值。请考虑添加 "required" 修饰符或将该 属性 声明为可为 null。 [E:\Godot\Games\MyGames\复刻土豆兄弟\brotato-my\Brotato_my.csproj]
E:\Godot\Games\MyGames\复刻土豆兄弟\brotato-my\Src\Test\SingleTest\Test\ExportTest\ExportTest.cs(68,21): warning CS8618: 在退出构造函数时，不可为 null 的 属性 "HealthGradient" 必须包含非 null 值。请考虑添加 "required" 修饰符或将该 属性 声明为可为 null。 [E:\Godot\Games\MyGames\复刻土豆兄弟\brotato-my\Brotato_my.csproj]
E:\Godot\Games\MyGames\复刻土豆兄弟\brotato-my\Src\Test\SingleTest\Test\ExportTest\ExportTest.cs(80,24): warning CS8618: 在退出构造函数时，不可为 null 的 属性 "ItemIcons" 必须包含非 null 值。请考虑添加 "required" 修饰符或将该 属性 声明为可为 null。 [E:\Godot\Games\MyGames\复刻土豆兄弟\brotato-my\Brotato_my.csproj]
E:\Godot\Games\MyGames\复刻土豆兄弟\brotato-my\Src\Test\SingleTest\Test\ExportTest\ExportTest.cs(124,24): warning CS8618: 在退出构造函数时，不可为 null 的 属性 "HitEffectScene" 必须包含非 null 值。请考虑添加 "required" 修饰符或将该 属性 声明为可为 null。 [E:\Godot\Games\MyGames\复刻土豆兄弟\brotato-my\Brotato_my.csproj]
E:\Godot\Games\MyGames\复刻土豆兄弟\brotato-my\Src\Test\SingleTest\Test\ExportTest\ExportTest.cs(127,24): warning CS8618: 在退出构造函数时，不可为 null 的 属性 "DeathEffectScene" 必须包含非 null 值。请考虑添加 "required" 修饰符或将该 属性 声明为可为 null。 [E:\Godot\Games\MyGames\复刻土豆兄弟\brotato-my\Brotato_my.csproj]
E:\Godot\Games\MyGames\复刻土豆兄弟\brotato-my\Src\Test\SingleTest\ECS\System\Spawn\SpawnTestScene.cs(17,30): warning CS8618: 在退出构造函数时，不可为 null 的 字段 "_strategyOption" 必须包含非 null 值。请考虑添加 "required" 修饰符或将该 字段 声明为可为 null。 [E:\Godot\Games\MyGames\复刻土豆兄弟\brotato-my\Brotato_my.csproj]
E:\Godot\Games\MyGames\复刻土豆兄弟\brotato-my\Src\Test\SingleTest\ECS\System\Spawn\SpawnTestScene.cs(18,23): warning CS8618: 在退出构造函数时，不可为 null 的 字段 "_fpsLabel" 必须包含非 null 值。请考虑添加 "required" 修饰符或将该 字段 声明为可为 null。 [E:\Godot\Games\MyGames\复刻土豆兄弟\brotato-my\Brotato_my.csproj]
E:\Godot\Games\MyGames\复刻土豆兄弟\brotato-my\Src\Test\SingleTest\ECS\System\Spawn\SpawnTestScene.cs(19,23): warning CS8618: 在退出构造函数时，不可为 null 的 字段 "_countLabel" 必须包含非 null 值。请考虑添加 "required" 修饰符或将该 字段 声明为可为 null。 [E:\Godot\Games\MyGames\复刻土豆兄弟\brotato-my\Brotato_my.csproj]
E:\Godot\Games\MyGames\复刻土豆兄弟\brotato-my\Src\Test\SingleTest\ECS\System\Spawn\SpawnTestScene.cs(20,29): warning CS8618: 在退出构造函数时，不可为 null 的 字段 "_debugDrawCheck" 必须包含非 null 值。请考虑添加 "required" 修饰符或将该 字段 声明为可为 null。 [E:\Godot\Games\MyGames\复刻土豆兄弟\brotato-my\Brotato_my.csproj]
E:\Godot\Games\MyGames\复刻土豆兄弟\brotato-my\Src\Test\SingleTest\ECS\System\Spawn\SpawnTestScene.cs(21,26): warning CS8618: 在退出构造函数时，不可为 null 的 字段 "_camera" 必须包含非 null 值。请考虑添加 "required" 修饰符或将该 字段 声明为可为 null。 [E:\Godot\Games\MyGames\复刻土豆兄弟\brotato-my\Brotato_my.csproj]
E:\Godot\Games\MyGames\复刻土豆兄弟\brotato-my\Src\AI\Conditions\IsInRangeCondition.cs(13,28): warning CS0169: 从不使用字段“IsInRangeCondition._defaultRange” [E:\Godot\Games\MyGames\复刻土豆兄弟\brotato-my\Brotato_my.csproj]
E:\Godot\Games\MyGames\复刻土豆兄弟\brotato-my\addons\SpriteFramesGenerator_CSharp\SpriteFramesConfig.cs(12,41): warning CS1591: 缺少对公共可见类型或成员“SpriteFramesConfig.BatchPaths”的 XML 注释 [E:\Godot\Games\MyGames\复刻土豆兄弟\brotato-my\Brotato_my.csproj]
E:\Godot\Games\MyGames\复刻土豆兄弟\brotato-my\addons\SpriteFramesGenerator_CSharp\SpriteFramesConfig.cs(18,28): warning CS1591: 缺少对公共可见类型或成员“SpriteFramesConfig.DefaultFps”的 XML 注释 [E:\Godot\Games\MyGames\复刻土豆兄弟\brotato-my\Brotato_my.csproj]
E:\Godot\Games\MyGames\复刻土豆兄弟\brotato-my\addons\SpriteFramesGenerator_CSharp\SpriteFramesConfig.cs(22,27): warning CS1591: 缺少对公共可见类型或成员“SpriteFramesConfig.DefaultLoop”的 XML 注释 [E:\Godot\Games\MyGames\复刻土豆兄弟\brotato-my\Brotato_my.csproj]
E:\Godot\Games\MyGames\复刻土豆兄弟\brotato-my\addons\SpriteFramesGenerator_CSharp\SpriteFramesConfig.cs(26,86): warning CS1591: 缺少对公共可见类型或成员“SpriteFramesConfig.NameMap”的 XML 注释 [E:\Godot\Games\MyGames\复刻土豆兄弟\brotato-my\Brotato_my.csproj]
E:\Godot\Games\MyGames\复刻土豆兄弟\brotato-my\addons\SpriteFramesGenerator_CSharp\SpriteFramesConfig.cs(36,75): warning CS1591: 缺少对公共可见类型或成员“SpriteFramesConfig.LoopAnimations”的 XML 注释 [E:\Godot\Games\MyGames\复刻土豆兄弟\brotato-my\Brotato_my.csproj]
E:\Godot\Games\MyGames\复刻土豆兄弟\brotato-my\Data\Data\Ability\AbilityConfig.cs(7,26): warning CS1591: 缺少对公共可见类型或成员“AbilityConfig”的 XML 注释 [E:\Godot\Games\MyGames\复刻土豆兄弟\brotato-my\Brotato_my.csproj]
E:\Godot\Games\MyGames\复刻土豆兄弟\brotato-my\Data\Data\Unit\Enemy\EnemyConfig.cs(6,26): warning CS1591: 缺少对公共可见类型或成员“EnemyConfig”的 XML 注释 [E:\Godot\Games\MyGames\复刻土豆兄弟\brotato-my\Brotato_my.csproj]
E:\Godot\Games\MyGames\复刻土豆兄弟\brotato-my\Data\Data\Unit\Player\PlayerConfig.cs(6,26): warning CS1591: 缺少对公共可见类型或成员“PlayerConfig”的 XML 注释 [E:\Godot\Games\MyGames\复刻土豆兄弟\brotato-my\Brotato_my.csproj]
E:\Godot\Games\MyGames\复刻土豆兄弟\brotato-my\Src\Test\SingleTest\ECS\ECSTest\Entity\TestEntity.cs(6,26): warning CS1591: 缺少对公共可见类型或成员“TestEntity”的 XML 注释 [E:\Godot\Games\MyGames\复刻土豆兄弟\brotato-my\Brotato_my.csproj]
E:\Godot\Games\MyGames\复刻土豆兄弟\brotato-my\Src\Test\SingleTest\ECS\ECSTest\Entity\TestEntity.cs(14,21): warning CS1591: 缺少对公共可见类型或成员“TestEntity.Data”的 XML 注释 [E:\Godot\Games\MyGames\复刻土豆兄弟\brotato-my\Brotato_my.csproj]
E:\Godot\Games\MyGames\复刻土豆兄弟\brotato-my\Src\Test\SingleTest\ECS\ECSTest\Entity\TestEntity.cs(17,30): warning CS1591: 缺少对公共可见类型或成员“TestEntity._Ready()”的 XML 注释 [E:\Godot\Games\MyGames\复刻土豆兄弟\brotato-my\Brotato_my.csproj]
E:\Godot\Games\MyGames\复刻土豆兄弟\brotato-my\Src\Test\SingleTest\ECS\ECSTest\Entity\TestEntity.cs(22,30): warning CS1591: 缺少对公共可见类型或成员“TestEntity._ExitTree()”的 XML 注释 [E:\Godot\Games\MyGames\复刻土豆兄弟\brotato-my\Brotato_my.csproj]
E:\Godot\Games\MyGames\复刻土豆兄弟\brotato-my\Src\Test\SingleTest\ECS\ECSTest\Entity\TestEntity.cs(38,21): warning CS1591: 缺少对公共可见类型或成员“TestEntity.OnPoolAcquire()”的 XML 注释 [E:\Godot\Games\MyGames\复刻土豆兄弟\brotato-my\Brotato_my.csproj]
E:\Godot\Games\MyGames\复刻土豆兄弟\brotato-my\Src\Test\SingleTest\ECS\ECSTest\Entity\TestEntity.cs(43,21): warning CS1591: 缺少对公共可见类型或成员“TestEntity.OnPoolRelease()”的 XML 注释 [E:\Godot\Games\MyGames\复刻土豆兄弟\brotato-my\Brotato_my.csproj]
E:\Godot\Games\MyGames\复刻土豆兄弟\brotato-my\Src\Test\SingleTest\ECS\ECSTest\Entity\TestEntity.cs(49,21): warning CS1591: 缺少对公共可见类型或成员“TestEntity.OnPoolReset()”的 XML 注释 [E:\Godot\Games\MyGames\复刻土豆兄弟\brotato-my\Brotato_my.csproj]
E:\Godot\Games\MyGames\复刻土豆兄弟\brotato-my\Src\Test\SingleTest\ECS\ECSTest\System\TestComponent.cs(6,26): warning CS1591: 缺少对公共可见类型或成员“TestComponent”的 XML 注释 [E:\Godot\Games\MyGames\复刻土豆兄弟\brotato-my\Brotato_my.csproj]
E:\Godot\Games\MyGames\复刻土豆兄弟\brotato-my\Src\Test\SingleTest\ECS\ECSTest\System\TestComponent.cs(13,21): warning CS1591: 缺少对公共可见类型或成员“TestComponent.IsRegistered”的 XML 注释 [E:\Godot\Games\MyGames\复刻土豆兄弟\brotato-my\Brotato_my.csproj]
E:\Godot\Games\MyGames\复刻土豆兄弟\brotato-my\Src\Test\SingleTest\ECS\ECSTest\System\TestComponent.cs(15,22): warning CS1591: 缺少对公共可见类型或成员“TestComponent.GetData()”的 XML 注释 [E:\Godot\Games\MyGames\复刻土豆兄弟\brotato-my\Brotato_my.csproj]
E:\Godot\Games\MyGames\复刻土豆兄弟\brotato-my\Src\Test\SingleTest\ECS\ECSTest\System\TestComponent.cs(16,25): warning CS1591: 缺少对公共可见类型或成员“TestComponent.GetEntity()”的 XML 注释 [E:\Godot\Games\MyGames\复刻土豆兄弟\brotato-my\Brotato_my.csproj]
E:\Godot\Games\MyGames\复刻土豆兄弟\brotato-my\Src\Test\SingleTest\ECS\ECSTest\System\TestComponent.cs(18,21): warning CS1591: 缺少对公共可见类型或成员“TestComponent.OnComponentRegistered(Node)”的 XML 注释 [E:\Godot\Games\MyGames\复刻土豆兄弟\brotato-my\Brotato_my.csproj]
E:\Godot\Games\MyGames\复刻土豆兄弟\brotato-my\Src\Test\SingleTest\ECS\ECSTest\System\TestComponent.cs(29,21): warning CS1591: 缺少对公共可见类型或成员“TestComponent.OnComponentUnregistered()”的 XML 注释 [E:\Godot\Games\MyGames\复刻土豆兄弟\brotato-my\Brotato_my.csproj]
E:\Godot\Games\MyGames\复刻土豆兄弟\brotato-my\Src\Test\SingleTest\ECS\ECSTest\System\TestComponent.cs(37,30): warning CS1591: 缺少对公共可见类型或成员“TestComponent._Ready()”的 XML 注释 [E:\Godot\Games\MyGames\复刻土豆兄弟\brotato-my\Brotato_my.csproj]
E:\Godot\Games\MyGames\复刻土豆兄弟\brotato-my\Src\Test\SingleTest\ECS\System\ActiveSkillInputTest\ActiveSkillInputTest.cs(20,30): warning CS1591: 缺少对公共可见类型或成员“ActiveSkillInputTest._Ready()”的 XML 注释 [E:\Godot\Games\MyGames\复刻土豆兄弟\brotato-my\Brotato_my.csproj]
E:\Godot\Games\MyGames\复刻土豆兄弟\brotato-my\Src\Test\SingleTest\ECS\System\ActiveSkillInputTest\ActiveSkillInputTest.cs(206,30): warning CS1591: 缺少对公共可见类型或成员“ActiveSkillInputTest._Process(double)”的 XML 注释 [E:\Godot\Games\MyGames\复刻土豆兄弟\brotato-my\Brotato_my.csproj]
E:\Godot\Games\MyGames\复刻土豆兄弟\brotato-my\Src\Test\SingleTest\ECS\System\DamageSystemTest\DamageSystemTest.cs(5,26): warning CS1591: 缺少对公共可见类型或成员“DamageSystemTest”的 XML 注释 [E:\Godot\Games\MyGames\复刻土豆兄弟\brotato-my\Brotato_my.csproj]
E:\Godot\Games\MyGames\复刻土豆兄弟\brotato-my\Src\Test\SingleTest\ECS\System\DamageSystemTest\DamageSystemTest.cs(9,30): warning CS1591: 缺少对公共可见类型或成员“DamageSystemTest._Ready()”的 XML 注释 [E:\Godot\Games\MyGames\复刻土豆兄弟\brotato-my\Brotato_my.csproj]
E:\Godot\Games\MyGames\复刻土豆兄弟\brotato-my\Src\Test\SingleTest\ECS\System\DamageSystemTest\DamageSystemTest.cs(24,21): warning CS1591: 缺少对公共可见类型或成员“DamageSystemTest.RunTests()”的 XML 注释 [E:\Godot\Games\MyGames\复刻土豆兄弟\brotato-my\Brotato_my.csproj]
E:\Godot\Games\MyGames\复刻土豆兄弟\brotato-my\Src\Test\SingleTest\ECS\System\Spawn\SpawnTestScene.cs(29,30): warning CS1591: 缺少对公共可见类型或成员“SpawnTestScene._Ready()”的 XML 注释 [E:\Godot\Games\MyGames\复刻土豆兄弟\brotato-my\Brotato_my.csproj]
E:\Godot\Games\MyGames\复刻土豆兄弟\brotato-my\Src\Test\SingleTest\ECS\System\Spawn\SpawnTestScene.cs(155,30): warning CS1591: 缺少对公共可见类型或成员“SpawnTestScene._Process(double)”的 XML 注释 [E:\Godot\Games\MyGames\复刻土豆兄弟\brotato-my\Brotato_my.csproj]
E:\Godot\Games\MyGames\复刻土豆兄弟\brotato-my\Src\Test\SingleTest\ECS\System\Spawn\SpawnTestScene.cs(185,30): warning CS1591: 缺少对公共可见类型或成员“SpawnTestScene._UnhandledInput(InputEvent)”的 XML 注释 [E:\Godot\Games\MyGames\复刻土豆兄弟\brotato-my\Brotato_my.csproj]
E:\Godot\Games\MyGames\复刻土豆兄弟\brotato-my\Src\Test\SingleTest\ECS\System\Spawn\SpawnTestScene.cs(201,30): warning CS1591: 缺少对公共可见类型或成员“SpawnTestScene._Draw()”的 XML 注释 [E:\Godot\Games\MyGames\复刻土豆兄弟\brotato-my\Brotato_my.csproj]
E:\Godot\Games\MyGames\复刻土豆兄弟\brotato-my\Src\Test\SingleTest\Tools\Input\InputTest.cs(29,26): warning CS1591: 缺少对公共可见类型或成员“InputTest._Ready()”的 XML 注释 [E:\Godot\Games\MyGames\复刻土豆兄弟\brotato-my\Brotato_my.csproj]
E:\Godot\Games\MyGames\复刻土豆兄弟\brotato-my\Src\Test\SingleTest\Tools\Input\InputTest.cs(42,26): warning CS1591: 缺少对公共可见类型或成员“InputTest._ExitTree()”的 XML 注释 [E:\Godot\Games\MyGames\复刻土豆兄弟\brotato-my\Brotato_my.csproj]
E:\Godot\Games\MyGames\复刻土豆兄弟\brotato-my\Src\Test\SingleTest\Tools\Input\InputTest.cs(48,26): warning CS1591: 缺少对公共可见类型或成员“InputTest._Process(double)”的 XML 注释 [E:\Godot\Games\MyGames\复刻土豆兄弟\brotato-my\Brotato_my.csproj]
E:\Godot\Games\MyGames\复刻土豆兄弟\brotato-my\Src\Test\SingleTest\Tools\Input\InputTest.cs(53,26): warning CS1591: 缺少对公共可见类型或成员“InputTest._Input(InputEvent)”的 XML 注释 [E:\Godot\Games\MyGames\复刻土豆兄弟\brotato-my\Brotato_my.csproj]
E:\Godot\Games\MyGames\复刻土豆兄弟\brotato-my\Src\Test\SingleTest\Tools\Log\LogTest.cs(6,26): warning CS1591: 缺少对公共可见类型或成员“LogTest”的 XML 注释 [E:\Godot\Games\MyGames\复刻土豆兄弟\brotato-my\Brotato_my.csproj]
E:\Godot\Games\MyGames\复刻土豆兄弟\brotato-my\Src\Test\SingleTest\Tools\Log\LogTest.cs(17,30): warning CS1591: 缺少对公共可见类型或成员“LogTest._Ready()”的 XML 注释 [E:\Godot\Games\MyGames\复刻土豆兄弟\brotato-my\Brotato_my.csproj]
E:\Godot\Games\MyGames\复刻土豆兄弟\brotato-my\Src\Test\SingleTest\Tools\Log\LogTestChild.cs(6,26): warning CS1591: 缺少对公共可见类型或成员“LogTestChild”的 XML 注释 [E:\Godot\Games\MyGames\复刻土豆兄弟\brotato-my\Brotato_my.csproj]
E:\Godot\Games\MyGames\复刻土豆兄弟\brotato-my\Src\Test\SingleTest\Tools\Log\LogTestChild.cs(10,21): warning CS1591: 缺少对公共可见类型或成员“LogTestChild.DoSomething()”的 XML 注释 [E:\Godot\Games\MyGames\复刻土豆兄弟\brotato-my\Brotato_my.csproj]
E:\Godot\Games\MyGames\复刻土豆兄弟\brotato-my\Src\Test\SingleTest\Tools\ObjectPool\ObjectPoolManagerTest.cs(28,26): warning CS1591: 缺少对公共可见类型或成员“ObjectPoolManagerTest._Ready()”的 XML 注释 [E:\Godot\Games\MyGames\复刻土豆兄弟\brotato-my\Brotato_my.csproj]
E:\Godot\Games\MyGames\复刻土豆兄弟\brotato-my\Src\Test\SingleTest\Tools\ObjectPool\ObjectPoolManagerTest.cs(96,26): warning CS1591: 缺少对公共可见类型或成员“ObjectPoolManagerTest._Process(double)”的 XML 注释 [E:\Godot\Games\MyGames\复刻土豆兄弟\brotato-my\Brotato_my.csproj]
E:\Godot\Games\MyGames\复刻土豆兄弟\brotato-my\Src\Test\SingleTest\Tools\ObjectPool\ObjectPoolManagerTest.cs(112,26): warning CS1591: 缺少对公共可见类型或成员“ObjectPoolManagerTest._Input(InputEvent)”的 XML 注释 [E:\Godot\Games\MyGames\复刻土豆兄弟\brotato-my\Brotato_my.csproj]
E:\Godot\Games\MyGames\复刻土豆兄弟\brotato-my\Src\Test\SingleTest\Tools\ObjectPool\ObjectPoolManagerTest.cs(251,26): warning CS1591: 缺少对公共可见类型或成员“ObjectPoolManagerTest._ExitTree()”的 XML 注释 [E:\Godot\Games\MyGames\复刻土豆兄弟\brotato-my\Brotato_my.csproj]
E:\Godot\Games\MyGames\复刻土豆兄弟\brotato-my\Src\Test\SingleTest\Tools\ObjectPool\ObjectPoolVisualTest.cs(28,26): warning CS1591: 缺少对公共可见类型或成员“ObjectPoolVisualTest._Ready()”的 XML 注释 [E:\Godot\Games\MyGames\复刻土豆兄弟\brotato-my\Brotato_my.csproj]
E:\Godot\Games\MyGames\复刻土豆兄弟\brotato-my\Src\Test\SingleTest\Tools\ObjectPool\ObjectPoolVisualTest.cs(80,26): warning CS1591: 缺少对公共可见类型或成员“ObjectPoolVisualTest._Process(double)”的 XML 注释 [E:\Godot\Games\MyGames\复刻土豆兄弟\brotato-my\Brotato_my.csproj]
E:\Godot\Games\MyGames\复刻土豆兄弟\brotato-my\Src\Test\SingleTest\Tools\ObjectPool\ObjectPoolVisualTest.cs(97,26): warning CS1591: 缺少对公共可见类型或成员“ObjectPoolVisualTest._Input(InputEvent)”的 XML 注释 [E:\Godot\Games\MyGames\复刻土豆兄弟\brotato-my\Brotato_my.csproj]
E:\Godot\Games\MyGames\复刻土豆兄弟\brotato-my\Src\Test\SingleTest\Tools\ObjectPool\ObjectPoolVisualTest.cs(270,26): warning CS1591: 缺少对公共可见类型或成员“ObjectPoolVisualTest._ExitTree()”的 XML 注释 [E:\Godot\Games\MyGames\复刻土豆兄弟\brotato-my\Brotato_my.csproj]
E:\Godot\Games\MyGames\复刻土豆兄弟\brotato-my\Src\Test\SingleTest\Tools\ObjectPool\TestEffect.cs(16,26): warning CS1591: 缺少对公共可见类型或成员“TestEffect._Ready()”的 XML 注释 [E:\Godot\Games\MyGames\复刻土豆兄弟\brotato-my\Brotato_my.csproj]
E:\Godot\Games\MyGames\复刻土豆兄弟\brotato-my\Src\Test\SingleTest\Tools\ObjectPool\TestEffect.cs(27,17): warning CS1591: 缺少对公共可见类型或成员“TestEffect.Init(Vector2)”的 XML 注释 [E:\Godot\Games\MyGames\复刻土豆兄弟\brotato-my\Brotato_my.csproj]
E:\Godot\Games\MyGames\复刻土豆兄弟\brotato-my\Src\Test\SingleTest\Tools\ObjectPool\TestEffect.cs(35,26): warning CS1591: 缺少对公共可见类型或成员“TestEffect._Process(double)”的 XML 注释 [E:\Godot\Games\MyGames\复刻土豆兄弟\brotato-my\Brotato_my.csproj]
E:\Godot\Games\MyGames\复刻土豆兄弟\brotato-my\Src\Test\SingleTest\Tools\ObjectPool\TestEffect.cs(54,17): warning CS1591: 缺少对公共可见类型或成员“TestEffect.OnPoolAcquire()”的 XML 注释 [E:\Godot\Games\MyGames\复刻土豆兄弟\brotato-my\Brotato_my.csproj]
E:\Godot\Games\MyGames\复刻土豆兄弟\brotato-my\Src\Test\SingleTest\Tools\ObjectPool\TestEffect.cs(60,17): warning CS1591: 缺少对公共可见类型或成员“TestEffect.OnPoolRelease()”的 XML 注释 [E:\Godot\Games\MyGames\复刻土豆兄弟\brotato-my\Brotato_my.csproj]
E:\Godot\Games\MyGames\复刻土豆兄弟\brotato-my\Src\Test\SingleTest\Tools\ObjectPool\TestEffect.cs(65,17): warning CS1591: 缺少对公共可见类型或成员“TestEffect.OnPoolReset()”的 XML 注释 [E:\Godot\Games\MyGames\复刻土豆兄弟\brotato-my\Brotato_my.csproj]
E:\Godot\Games\MyGames\复刻土豆兄弟\brotato-my\Src\Test\SingleTest\Tools\ObjectPool\TestProjectile.cs(20,26): warning CS1591: 缺少对公共可见类型或成员“TestProjectile._Ready()”的 XML 注释 [E:\Godot\Games\MyGames\复刻土豆兄弟\brotato-my\Brotato_my.csproj]
E:\Godot\Games\MyGames\复刻土豆兄弟\brotato-my\Src\Test\SingleTest\Tools\ObjectPool\TestProjectile.cs(43,17): warning CS1591: 缺少对公共可见类型或成员“TestProjectile.Init(Vector2, Vector2, Rect2)”的 XML 注释 [E:\Godot\Games\MyGames\复刻土豆兄弟\brotato-my\Brotato_my.csproj]
E:\Godot\Games\MyGames\复刻土豆兄弟\brotato-my\Src\Test\SingleTest\Tools\ObjectPool\TestProjectile.cs(55,26): warning CS1591: 缺少对公共可见类型或成员“TestProjectile._Process(double)”的 XML 注释 [E:\Godot\Games\MyGames\复刻土豆兄弟\brotato-my\Brotato_my.csproj]
E:\Godot\Games\MyGames\复刻土豆兄弟\brotato-my\Src\Test\SingleTest\Tools\ObjectPool\TestProjectile.cs(85,17): warning CS1591: 缺少对公共可见类型或成员“TestProjectile.OnPoolAcquire()”的 XML 注释 [E:\Godot\Games\MyGames\复刻土豆兄弟\brotato-my\Brotato_my.csproj]
E:\Godot\Games\MyGames\复刻土豆兄弟\brotato-my\Src\Test\SingleTest\Tools\ObjectPool\TestProjectile.cs(93,17): warning CS1591: 缺少对公共可见类型或成员“TestProjectile.OnPoolRelease()”的 XML 注释 [E:\Godot\Games\MyGames\复刻土豆兄弟\brotato-my\Brotato_my.csproj]
E:\Godot\Games\MyGames\复刻土豆兄弟\brotato-my\Src\Test\SingleTest\Tools\ObjectPool\TestProjectile.cs(98,17): warning CS1591: 缺少对公共可见类型或成员“TestProjectile.OnPoolReset()”的 XML 注释 [E:\Godot\Games\MyGames\复刻土豆兄弟\brotato-my\Brotato_my.csproj]
E:\Godot\Games\MyGames\复刻土豆兄弟\brotato-my\Src\Test\SingleTest\Tools\ObjectPool\VisualTestBullet.cs(20,26): warning CS1591: 缺少对公共可见类型或成员“VisualTestBullet._Ready()”的 XML 注释 [E:\Godot\Games\MyGames\复刻土豆兄弟\brotato-my\Brotato_my.csproj]
E:\Godot\Games\MyGames\复刻土豆兄弟\brotato-my\Src\Test\SingleTest\Tools\ObjectPool\VisualTestBullet.cs(43,17): warning CS1591: 缺少对公共可见类型或成员“VisualTestBullet.Init(Vector2, Vector2, Rect2)”的 XML 注释 [E:\Godot\Games\MyGames\复刻土豆兄弟\brotato-my\Brotato_my.csproj]
E:\Godot\Games\MyGames\复刻土豆兄弟\brotato-my\Src\Test\SingleTest\Tools\ObjectPool\VisualTestBullet.cs(55,26): warning CS1591: 缺少对公共可见类型或成员“VisualTestBullet._Process(double)”的 XML 注释 [E:\Godot\Games\MyGames\复刻土豆兄弟\brotato-my\Brotato_my.csproj]
E:\Godot\Games\MyGames\复刻土豆兄弟\brotato-my\Src\Test\SingleTest\Tools\ObjectPool\VisualTestBullet.cs(89,17): warning CS1591: 缺少对公共可见类型或成员“VisualTestBullet.OnPoolAcquire()”的 XML 注释 [E:\Godot\Games\MyGames\复刻土豆兄弟\brotato-my\Brotato_my.csproj]
E:\Godot\Games\MyGames\复刻土豆兄弟\brotato-my\Src\Test\SingleTest\Tools\ObjectPool\VisualTestBullet.cs(97,17): warning CS1591: 缺少对公共可见类型或成员“VisualTestBullet.OnPoolRelease()”的 XML 注释 [E:\Godot\Games\MyGames\复刻土豆兄弟\brotato-my\Brotato_my.csproj]
E:\Godot\Games\MyGames\复刻土豆兄弟\brotato-my\Src\Test\SingleTest\Tools\ObjectPool\VisualTestBullet.cs(102,17): warning CS1591: 缺少对公共可见类型或成员“VisualTestBullet.OnPoolReset()”的 XML 注释 [E:\Godot\Games\MyGames\复刻土豆兄弟\brotato-my\Brotato_my.csproj]
E:\Godot\Games\MyGames\复刻土豆兄弟\brotato-my\Data\Config\GlobalConfig.cs(2,29): warning CS1591: 缺少对公共可见类型或成员“GlobalConfig”的 XML 注释 [E:\Godot\Games\MyGames\复刻土豆兄弟\brotato-my\Brotato_my.csproj]
E:\Godot\Games\MyGames\复刻土豆兄弟\brotato-my\Data\DataKey\Ability\AbilityEnums.cs(22,5): warning CS1591: 缺少对公共可见类型或成员“AbilityTriggerMode.None”的 XML 注释 [E:\Godot\Games\MyGames\复刻土豆兄弟\brotato-my\Brotato_my.csproj]
E:\Godot\Games\MyGames\复刻土豆兄弟\brotato-my\Data\DataKey\Ability\AbilityEnums.cs(81,5): warning CS1591: 缺少对公共可见类型或成员“AbilityTargetTeamFilter.None”的 XML 注释 [E:\Godot\Games\MyGames\复刻土豆兄弟\brotato-my\Brotato_my.csproj]
E:\Godot\Games\MyGames\复刻土豆兄弟\brotato-my\Data\DataKey\Ability\AbilityEnums.cs(93,5): warning CS1591: 缺少对公共可见类型或成员“AbilityTargetTeamFilter.FriendlyAndSelf”的 XML 注释 [E:\Godot\Games\MyGames\复刻土豆兄弟\brotato-my\Brotato_my.csproj]
E:\Godot\Games\MyGames\复刻土豆兄弟\brotato-my\Data\DataKey\Ability\AbilityEnums.cs(95,5): warning CS1591: 缺少对公共可见类型或成员“AbilityTargetTeamFilter.All”的 XML 注释 [E:\Godot\Games\MyGames\复刻土豆兄弟\brotato-my\Brotato_my.csproj]
E:\Godot\Games\MyGames\复刻土豆兄弟\brotato-my\Data\DataKey\Ability\DataKey_Ability.cs(13,37): warning CS1591: 缺少对公共可见类型或成员“DataKey.AbilityFeatureGroup”的 XML 注释 [E:\Godot\Games\MyGames\复刻土豆兄弟\brotato-my\Brotato_my.csproj]
E:\Godot\Games\MyGames\复刻土豆兄弟\brotato-my\Data\DataKey\Ability\DataKey_Ability.cs(17,37): warning CS1591: 缺少对公共可见类型或成员“DataKey.AbilityIcon”的 XML 注释 [E:\Godot\Games\MyGames\复刻土豆兄弟\brotato-my\Brotato_my.csproj]
E:\Godot\Games\MyGames\复刻土豆兄弟\brotato-my\Data\DataKey\Ability\DataKey_Ability.cs(27,37): warning CS1591: 缺少对公共可见类型或成员“DataKey.AbilityLevel”的 XML 注释 [E:\Godot\Games\MyGames\复刻土豆兄弟\brotato-my\Brotato_my.csproj]
E:\Godot\Games\MyGames\复刻土豆兄弟\brotato-my\Data\DataKey\Ability\DataKey_Ability.cs(31,37): warning CS1591: 缺少对公共可见类型或成员“DataKey.AbilityMaxLevel”的 XML 注释 [E:\Godot\Games\MyGames\复刻土豆兄弟\brotato-my\Brotato_my.csproj]
E:\Godot\Games\MyGames\复刻土豆兄弟\brotato-my\Data\DataKey\Ability\DataKey_Ability.cs(38,37): warning CS1591: 缺少对公共可见类型或成员“DataKey.AbilityDamage”的 XML 注释 [E:\Godot\Games\MyGames\复刻土豆兄弟\brotato-my\Brotato_my.csproj]
E:\Godot\Games\MyGames\复刻土豆兄弟\brotato-my\Data\DataKey\Ability\DataKey_Ability.cs(42,37): warning CS1591: 缺少对公共可见类型或成员“DataKey.AbilityDamageBonus”的 XML 注释 [E:\Godot\Games\MyGames\复刻土豆兄弟\brotato-my\Brotato_my.csproj]
E:\Godot\Games\MyGames\复刻土豆兄弟\brotato-my\Data\DataKey\Ability\DataKey_Ability.cs(46,37): warning CS1591: 缺少对公共可见类型或成员“DataKey.FinalAbilityDamage”的 XML 注释 [E:\Godot\Games\MyGames\复刻土豆兄弟\brotato-my\Brotato_my.csproj]
E:\Godot\Games\MyGames\复刻土豆兄弟\brotato-my\Data\DataKey\Ability\DataKey_Ability.cs(67,37): warning CS1591: 缺少对公共可见类型或成员“DataKey.CooldownReduction”的 XML 注释 [E:\Godot\Games\MyGames\复刻土豆兄弟\brotato-my\Brotato_my.csproj]
E:\Godot\Games\MyGames\复刻土豆兄弟\brotato-my\Data\DataKey\Ability\DataKey_Ability.cs(71,37): warning CS1591: 缺少对公共可见类型或成员“DataKey.AbilityDamageInterval”的 XML 注释 [E:\Godot\Games\MyGames\复刻土豆兄弟\brotato-my\Brotato_my.csproj]
E:\Godot\Games\MyGames\复刻土豆兄弟\brotato-my\Data\DataKey\Ability\DataKey_Ability.cs(74,37): warning CS1591: 缺少对公共可见类型或成员“DataKey.AbilityDamageDuration”的 XML 注释 [E:\Godot\Games\MyGames\复刻土豆兄弟\brotato-my\Brotato_my.csproj]
E:\Godot\Games\MyGames\复刻土豆兄弟\brotato-my\Data\DataKey\Ability\DataKey_Ability.cs(77,37): warning CS1591: 缺少对公共可见类型或成员“DataKey.AbilityRepeatHitSameTarget”的 XML 注释 [E:\Godot\Games\MyGames\复刻土豆兄弟\brotato-my\Brotato_my.csproj]
E:\Godot\Games\MyGames\复刻土豆兄弟\brotato-my\Data\DataKey\Ability\DataKey_Ability.cs(80,37): warning CS1591: 缺少对公共可见类型或成员“DataKey.AbilityApplyImmediateDamage”的 XML 注释 [E:\Godot\Games\MyGames\复刻土豆兄弟\brotato-my\Brotato_my.csproj]
E:\Godot\Games\MyGames\复刻土豆兄弟\brotato-my\Data\DataKey\Ability\DataKey_Ability.cs(85,37): warning CS1591: 缺少对公共可见类型或成员“DataKey.AbilityCooldown”的 XML 注释 [E:\Godot\Games\MyGames\复刻土豆兄弟\brotato-my\Brotato_my.csproj]
E:\Godot\Games\MyGames\复刻土豆兄弟\brotato-my\Data\DataKey\Ability\DataKey_Ability.cs(90,37): warning CS1591: 缺少对公共可见类型或成员“DataKey.IsAbilityUsesCharges”的 XML 注释 [E:\Godot\Games\MyGames\复刻土豆兄弟\brotato-my\Brotato_my.csproj]
E:\Godot\Games\MyGames\复刻土豆兄弟\brotato-my\Data\DataKey\Ability\DataKey_Ability.cs(94,37): warning CS1591: 缺少对公共可见类型或成员“DataKey.AbilityMaxCharges”的 XML 注释 [E:\Godot\Games\MyGames\复刻土豆兄弟\brotato-my\Brotato_my.csproj]
E:\Godot\Games\MyGames\复刻土豆兄弟\brotato-my\Data\DataKey\Ability\DataKey_Ability.cs(98,37): warning CS1591: 缺少对公共可见类型或成员“DataKey.AbilityCurrentCharges”的 XML 注释 [E:\Godot\Games\MyGames\复刻土豆兄弟\brotato-my\Brotato_my.csproj]
E:\Godot\Games\MyGames\复刻土豆兄弟\brotato-my\Data\DataKey\Ability\DataKey_Ability.cs(102,37): warning CS1591: 缺少对公共可见类型或成员“DataKey.AbilityChargeTime”的 XML 注释 [E:\Godot\Games\MyGames\复刻土豆兄弟\brotato-my\Brotato_my.csproj]
E:\Godot\Games\MyGames\复刻土豆兄弟\brotato-my\Data\DataKey\Ability\DataKey_Ability.cs(107,37): warning CS1591: 缺少对公共可见类型或成员“DataKey.AbilityCostType”的 XML 注释 [E:\Godot\Games\MyGames\复刻土豆兄弟\brotato-my\Brotato_my.csproj]
E:\Godot\Games\MyGames\复刻土豆兄弟\brotato-my\Data\DataKey\Ability\DataKey_Ability.cs(111,37): warning CS1591: 缺少对公共可见类型或成员“DataKey.AbilityCostAmount”的 XML 注释 [E:\Godot\Games\MyGames\复刻土豆兄弟\brotato-my\Brotato_my.csproj]
E:\Godot\Games\MyGames\复刻土豆兄弟\brotato-my\Data\DataKey\Ability\DataKey_Ability.cs(116,37): warning CS1591: 缺少对公共可见类型或成员“DataKey.AbilityTriggerMode”的 XML 注释 [E:\Godot\Games\MyGames\复刻土豆兄弟\brotato-my\Brotato_my.csproj]
E:\Godot\Games\MyGames\复刻土豆兄弟\brotato-my\Data\DataKey\Ability\DataKey_Ability.cs(120,37): warning CS1591: 缺少对公共可见类型或成员“DataKey.AbilityTriggerEvent”的 XML 注释 [E:\Godot\Games\MyGames\复刻土豆兄弟\brotato-my\Brotato_my.csproj]
E:\Godot\Games\MyGames\复刻土豆兄弟\brotato-my\Data\DataKey\Ability\DataKey_Ability.cs(124,37): warning CS1591: 缺少对公共可见类型或成员“DataKey.AbilityTriggerChance”的 XML 注释 [E:\Godot\Games\MyGames\复刻土豆兄弟\brotato-my\Brotato_my.csproj]
E:\Godot\Games\MyGames\复刻土豆兄弟\brotato-my\Data\DataKey\Ability\DataKey_Ability.cs(129,37): warning CS1591: 缺少对公共可见类型或成员“DataKey.AbilityExecutionMode”的 XML 注释 [E:\Godot\Games\MyGames\复刻土豆兄弟\brotato-my\Brotato_my.csproj]
E:\Godot\Games\MyGames\复刻土豆兄弟\brotato-my\Data\DataKey\Ability\DataKey_Ability.cs(134,37): warning CS1591: 缺少对公共可见类型或成员“DataKey.AbilityTargetSelection”的 XML 注释 [E:\Godot\Games\MyGames\复刻土豆兄弟\brotato-my\Brotato_my.csproj]
E:\Godot\Games\MyGames\复刻土豆兄弟\brotato-my\Data\DataKey\Ability\DataKey_Ability.cs(138,37): warning CS1591: 缺少对公共可见类型或成员“DataKey.AbilityTargetGeometry”的 XML 注释 [E:\Godot\Games\MyGames\复刻土豆兄弟\brotato-my\Brotato_my.csproj]
E:\Godot\Games\MyGames\复刻土豆兄弟\brotato-my\Data\DataKey\Ability\DataKey_Ability.cs(142,37): warning CS1591: 缺少对公共可见类型或成员“DataKey.AbilityTargetTeamFilter”的 XML 注释 [E:\Godot\Games\MyGames\复刻土豆兄弟\brotato-my\Brotato_my.csproj]
E:\Godot\Games\MyGames\复刻土豆兄弟\brotato-my\Data\DataKey\Ability\DataKey_Ability.cs(146,37): warning CS1591: 缺少对公共可见类型或成员“DataKey.TargetSorting”的 XML 注释 [E:\Godot\Games\MyGames\复刻土豆兄弟\brotato-my\Brotato_my.csproj]
E:\Godot\Games\MyGames\复刻土豆兄弟\brotato-my\Data\DataKey\Ability\DataKey_Ability.cs(150,37): warning CS1591: 缺少对公共可见类型或成员“DataKey.AbilityMaxTargets”的 XML 注释 [E:\Godot\Games\MyGames\复刻土豆兄弟\brotato-my\Brotato_my.csproj]
E:\Godot\Games\MyGames\复刻土豆兄弟\brotato-my\Data\DataKey\Ability\DataKey_Ability.cs(155,37): warning CS1591: 缺少对公共可见类型或成员“DataKey.AbilityCastRange”的 XML 注释 [E:\Godot\Games\MyGames\复刻土豆兄弟\brotato-my\Brotato_my.csproj]
E:\Godot\Games\MyGames\复刻土豆兄弟\brotato-my\Data\DataKey\Ability\DataKey_Ability.cs(159,37): warning CS1591: 缺少对公共可见类型或成员“DataKey.AbilityEffectRadius”的 XML 注释 [E:\Godot\Games\MyGames\复刻土豆兄弟\brotato-my\Brotato_my.csproj]
E:\Godot\Games\MyGames\复刻土豆兄弟\brotato-my\Data\DataKey\Ability\DataKey_Ability.cs(163,37): warning CS1591: 缺少对公共可见类型或成员“DataKey.AbilityEffectLength”的 XML 注释 [E:\Godot\Games\MyGames\复刻土豆兄弟\brotato-my\Brotato_my.csproj]
E:\Godot\Games\MyGames\复刻土豆兄弟\brotato-my\Data\DataKey\Ability\DataKey_Ability.cs(167,37): warning CS1591: 缺少对公共可见类型或成员“DataKey.AbilityEffectWidth”的 XML 注释 [E:\Godot\Games\MyGames\复刻土豆兄弟\brotato-my\Brotato_my.csproj]
E:\Godot\Games\MyGames\复刻土豆兄弟\brotato-my\Data\DataKey\Ability\DataKey_Ability.cs(171,37): warning CS1591: 缺少对公共可见类型或成员“DataKey.AbilityAngle”的 XML 注释 [E:\Godot\Games\MyGames\复刻土豆兄弟\brotato-my\Brotato_my.csproj]
E:\Godot\Games\MyGames\复刻土豆兄弟\brotato-my\Data\DataKey\Ability\DataKey_Ability.cs(175,25): warning CS1591: 缺少对公共可见类型或成员“DataKey.EffectScene”的 XML 注释 [E:\Godot\Games\MyGames\复刻土豆兄弟\brotato-my\Brotato_my.csproj]
E:\Godot\Games\MyGames\复刻土豆兄弟\brotato-my\Data\DataKey\Ability\DataKey_Ability.cs(184,37): warning CS1591: 缺少对公共可见类型或成员“DataKey.AbilityUnlocked”的 XML 注释 [E:\Godot\Games\MyGames\复刻土豆兄弟\brotato-my\Brotato_my.csproj]
E:\Godot\Games\MyGames\复刻土豆兄弟\brotato-my\Data\DataKey\Ability\DataKey_Ability.cs(189,37): warning CS1591: 缺少对公共可见类型或成员“DataKey.CurrentActiveAbilityIndex”的 XML 注释 [E:\Godot\Games\MyGames\复刻土豆兄弟\brotato-my\Brotato_my.csproj]
E:\Godot\Games\MyGames\复刻土豆兄弟\brotato-my\Data\DataKey\AI\DataKey_AI.cs(41,25): warning CS1591: 缺少对公共可见类型或成员“DataKey.TargetNode”的 XML 注释 [E:\Godot\Games\MyGames\复刻土豆兄弟\brotato-my\Brotato_my.csproj]
E:\Godot\Games\MyGames\复刻土豆兄弟\brotato-my\Data\DataKey\AI\DataKey_AI.cs(45,37): warning CS1591: 缺少对公共可见类型或成员“DataKey.AIState”的 XML 注释 [E:\Godot\Games\MyGames\复刻土豆兄弟\brotato-my\Brotato_my.csproj]
E:\Godot\Games\MyGames\复刻土豆兄弟\brotato-my\Data\DataKey\AI\DataKey_AI.cs(49,37): warning CS1591: 缺少对公共可见类型或成员“DataKey.Threat”的 XML 注释 [E:\Godot\Games\MyGames\复刻土豆兄弟\brotato-my\Brotato_my.csproj]
E:\Godot\Games\MyGames\复刻土豆兄弟\brotato-my\Data\DataKey\AI\DataKey_AI.cs(53,37): warning CS1591: 缺少对公共可见类型或成员“DataKey.AIEnabled”的 XML 注释 [E:\Godot\Games\MyGames\复刻土豆兄弟\brotato-my\Brotato_my.csproj]
E:\Godot\Games\MyGames\复刻土豆兄弟\brotato-my\Data\DataKey\AI\DataKey_AI.cs(58,37): warning CS1591: 缺少对公共可见类型或成员“DataKey.DetectionRange”的 XML 注释 [E:\Godot\Games\MyGames\复刻土豆兄弟\brotato-my\Brotato_my.csproj]
E:\Godot\Games\MyGames\复刻土豆兄弟\brotato-my\Data\DataKey\AI\DataKey_AI.cs(62,37): warning CS1591: 缺少对公共可见类型或成员“DataKey.LoseTargetRange”的 XML 注释 [E:\Godot\Games\MyGames\复刻土豆兄弟\brotato-my\Brotato_my.csproj]
E:\Godot\Games\MyGames\复刻土豆兄弟\brotato-my\Data\DataKey\AI\DataKey_AI.cs(67,37): warning CS1591: 缺少对公共可见类型或成员“DataKey.PatrolRadius”的 XML 注释 [E:\Godot\Games\MyGames\复刻土豆兄弟\brotato-my\Brotato_my.csproj]
E:\Godot\Games\MyGames\复刻土豆兄弟\brotato-my\Data\DataKey\AI\DataKey_AI.cs(71,37): warning CS1591: 缺少对公共可见类型或成员“DataKey.PatrolWaitTime”的 XML 注释 [E:\Godot\Games\MyGames\复刻土豆兄弟\brotato-my\Brotato_my.csproj]
E:\Godot\Games\MyGames\复刻土豆兄弟\brotato-my\Data\DataKey\AI\DataKey_AI.cs(76,37): warning CS1591: 缺少对公共可见类型或成员“DataKey.SpawnPosition”的 XML 注释 [E:\Godot\Games\MyGames\复刻土豆兄弟\brotato-my\Brotato_my.csproj]
E:\Godot\Games\MyGames\复刻土豆兄弟\brotato-my\Data\DataKey\AI\DataKey_AI.cs(80,37): warning CS1591: 缺少对公共可见类型或成员“DataKey.PatrolTargetPoint”的 XML 注释 [E:\Godot\Games\MyGames\复刻土豆兄弟\brotato-my\Brotato_my.csproj]
E:\Godot\Games\MyGames\复刻土豆兄弟\brotato-my\Data\DataKey\AI\DataKey_AI.cs(84,37): warning CS1591: 缺少对公共可见类型或成员“DataKey.PatrolWaitDone”的 XML 注释 [E:\Godot\Games\MyGames\复刻土豆兄弟\brotato-my\Brotato_my.csproj]
E:\Godot\Games\MyGames\复刻土豆兄弟\brotato-my\Data\DataKey\AI\DataKey_AI.cs(89,37): warning CS1591: 缺少对公共可见类型或成员“DataKey.AIMoveDirection”的 XML 注释 [E:\Godot\Games\MyGames\复刻土豆兄弟\brotato-my\Brotato_my.csproj]
E:\Godot\Games\MyGames\复刻土豆兄弟\brotato-my\Data\DataKey\AI\DataKey_AI.cs(93,37): warning CS1591: 缺少对公共可见类型或成员“DataKey.AIMoveSpeedMultiplier”的 XML 注释 [E:\Godot\Games\MyGames\复刻土豆兄弟\brotato-my\Brotato_my.csproj]
E:\Godot\Games\MyGames\复刻土豆兄弟\brotato-my\Data\DataKey\Attribute\DataKey_Attribute.cs(11,37): warning CS1591: 缺少对公共可见类型或成员“DataKey.BaseHp”的 XML 注释 [E:\Godot\Games\MyGames\复刻土豆兄弟\brotato-my\Brotato_my.csproj]
E:\Godot\Games\MyGames\复刻土豆兄弟\brotato-my\Data\DataKey\Attribute\DataKey_Attribute.cs(15,37): warning CS1591: 缺少对公共可见类型或成员“DataKey.HpBonus”的 XML 注释 [E:\Godot\Games\MyGames\复刻土豆兄弟\brotato-my\Brotato_my.csproj]
E:\Godot\Games\MyGames\复刻土豆兄弟\brotato-my\Data\DataKey\Attribute\DataKey_Attribute.cs(19,37): warning CS1591: 缺少对公共可见类型或成员“DataKey.FinalHp”的 XML 注释 [E:\Godot\Games\MyGames\复刻土豆兄弟\brotato-my\Brotato_my.csproj]
E:\Godot\Games\MyGames\复刻土豆兄弟\brotato-my\Data\DataKey\Attribute\DataKey_Attribute.cs(39,37): warning CS1591: 缺少对公共可见类型或成员“DataKey.HpPercent”的 XML 注释 [E:\Godot\Games\MyGames\复刻土豆兄弟\brotato-my\Brotato_my.csproj]
E:\Godot\Games\MyGames\复刻土豆兄弟\brotato-my\Data\DataKey\Attribute\DataKey_Attribute.cs(59,37): warning CS1591: 缺少对公共可见类型或成员“DataKey.CurrentHp”的 XML 注释 [E:\Godot\Games\MyGames\复刻土豆兄弟\brotato-my\Brotato_my.csproj]
E:\Godot\Games\MyGames\复刻土豆兄弟\brotato-my\Data\DataKey\Attribute\DataKey_Attribute.cs(63,37): warning CS1591: 缺少对公共可见类型或成员“DataKey.BaseHpRegen”的 XML 注释 [E:\Godot\Games\MyGames\复刻土豆兄弟\brotato-my\Brotato_my.csproj]
E:\Godot\Games\MyGames\复刻土豆兄弟\brotato-my\Data\DataKey\Attribute\DataKey_Attribute.cs(67,37): warning CS1591: 缺少对公共可见类型或成员“DataKey.HpRegenBonus”的 XML 注释 [E:\Godot\Games\MyGames\复刻土豆兄弟\brotato-my\Brotato_my.csproj]
E:\Godot\Games\MyGames\复刻土豆兄弟\brotato-my\Data\DataKey\Attribute\DataKey_Attribute.cs(71,37): warning CS1591: 缺少对公共可见类型或成员“DataKey.PercentHpRegen”的 XML 注释 [E:\Godot\Games\MyGames\复刻土豆兄弟\brotato-my\Brotato_my.csproj]
E:\Godot\Games\MyGames\复刻土豆兄弟\brotato-my\Data\DataKey\Attribute\DataKey_Attribute.cs(75,37): warning CS1591: 缺少对公共可见类型或成员“DataKey.FinalHpRegen”的 XML 注释 [E:\Godot\Games\MyGames\复刻土豆兄弟\brotato-my\Brotato_my.csproj]
E:\Godot\Games\MyGames\复刻土豆兄弟\brotato-my\Data\DataKey\Attribute\DataKey_Attribute.cs(95,37): warning CS1591: 缺少对公共可见类型或成员“DataKey.LifeSteal”的 XML 注释 [E:\Godot\Games\MyGames\复刻土豆兄弟\brotato-my\Brotato_my.csproj]
E:\Godot\Games\MyGames\复刻土豆兄弟\brotato-my\Data\DataKey\Attribute\DataKey_Attribute.cs(102,37): warning CS1591: 缺少对公共可见类型或成员“DataKey.BaseMana”的 XML 注释 [E:\Godot\Games\MyGames\复刻土豆兄弟\brotato-my\Brotato_my.csproj]
E:\Godot\Games\MyGames\复刻土豆兄弟\brotato-my\Data\DataKey\Attribute\DataKey_Attribute.cs(106,37): warning CS1591: 缺少对公共可见类型或成员“DataKey.ManaBonus”的 XML 注释 [E:\Godot\Games\MyGames\复刻土豆兄弟\brotato-my\Brotato_my.csproj]
E:\Godot\Games\MyGames\复刻土豆兄弟\brotato-my\Data\DataKey\Attribute\DataKey_Attribute.cs(110,37): warning CS1591: 缺少对公共可见类型或成员“DataKey.FinalMana”的 XML 注释 [E:\Godot\Games\MyGames\复刻土豆兄弟\brotato-my\Brotato_my.csproj]
E:\Godot\Games\MyGames\复刻土豆兄弟\brotato-my\Data\DataKey\Attribute\DataKey_Attribute.cs(130,37): warning CS1591: 缺少对公共可见类型或成员“DataKey.CurrentMana”的 XML 注释 [E:\Godot\Games\MyGames\复刻土豆兄弟\brotato-my\Brotato_my.csproj]
E:\Godot\Games\MyGames\复刻土豆兄弟\brotato-my\Data\DataKey\Attribute\DataKey_Attribute.cs(134,37): warning CS1591: 缺少对公共可见类型或成员“DataKey.ManaPercent”的 XML 注释 [E:\Godot\Games\MyGames\复刻土豆兄弟\brotato-my\Brotato_my.csproj]
E:\Godot\Games\MyGames\复刻土豆兄弟\brotato-my\Data\DataKey\Attribute\DataKey_Attribute.cs(154,37): warning CS1591: 缺少对公共可见类型或成员“DataKey.BaseManaRegen”的 XML 注释 [E:\Godot\Games\MyGames\复刻土豆兄弟\brotato-my\Brotato_my.csproj]
E:\Godot\Games\MyGames\复刻土豆兄弟\brotato-my\Data\DataKey\Attribute\DataKey_Attribute.cs(158,37): warning CS1591: 缺少对公共可见类型或成员“DataKey.ManaRegenBonus”的 XML 注释 [E:\Godot\Games\MyGames\复刻土豆兄弟\brotato-my\Brotato_my.csproj]
E:\Godot\Games\MyGames\复刻土豆兄弟\brotato-my\Data\DataKey\Attribute\DataKey_Attribute.cs(162,37): warning CS1591: 缺少对公共可见类型或成员“DataKey.PercentManaRegen”的 XML 注释 [E:\Godot\Games\MyGames\复刻土豆兄弟\brotato-my\Brotato_my.csproj]
E:\Godot\Games\MyGames\复刻土豆兄弟\brotato-my\Data\DataKey\Attribute\DataKey_Attribute.cs(166,37): warning CS1591: 缺少对公共可见类型或成员“DataKey.FinalManaRegen”的 XML 注释 [E:\Godot\Games\MyGames\复刻土豆兄弟\brotato-my\Brotato_my.csproj]
E:\Godot\Games\MyGames\复刻土豆兄弟\brotato-my\Data\DataKey\Attribute\DataKey_Attribute.cs(189,37): warning CS1591: 缺少对公共可见类型或成员“DataKey.BaseAttack”的 XML 注释 [E:\Godot\Games\MyGames\复刻土豆兄弟\brotato-my\Brotato_my.csproj]
E:\Godot\Games\MyGames\复刻土豆兄弟\brotato-my\Data\DataKey\Attribute\DataKey_Attribute.cs(193,37): warning CS1591: 缺少对公共可见类型或成员“DataKey.AttackBonus”的 XML 注释 [E:\Godot\Games\MyGames\复刻土豆兄弟\brotato-my\Brotato_my.csproj]
E:\Godot\Games\MyGames\复刻土豆兄弟\brotato-my\Data\DataKey\Attribute\DataKey_Attribute.cs(197,37): warning CS1591: 缺少对公共可见类型或成员“DataKey.FinalAttack”的 XML 注释 [E:\Godot\Games\MyGames\复刻土豆兄弟\brotato-my\Brotato_my.csproj]
E:\Godot\Games\MyGames\复刻土豆兄弟\brotato-my\Data\DataKey\Attribute\DataKey_Attribute.cs(217,37): warning CS1591: 缺少对公共可见类型或成员“DataKey.BaseAttackSpeed”的 XML 注释 [E:\Godot\Games\MyGames\复刻土豆兄弟\brotato-my\Brotato_my.csproj]
E:\Godot\Games\MyGames\复刻土豆兄弟\brotato-my\Data\DataKey\Attribute\DataKey_Attribute.cs(221,37): warning CS1591: 缺少对公共可见类型或成员“DataKey.AttackSpeedBonus”的 XML 注释 [E:\Godot\Games\MyGames\复刻土豆兄弟\brotato-my\Brotato_my.csproj]
E:\Godot\Games\MyGames\复刻土豆兄弟\brotato-my\Data\DataKey\Attribute\DataKey_Attribute.cs(225,37): warning CS1591: 缺少对公共可见类型或成员“DataKey.FinalAttackSpeed”的 XML 注释 [E:\Godot\Games\MyGames\复刻土豆兄弟\brotato-my\Brotato_my.csproj]
E:\Godot\Games\MyGames\复刻土豆兄弟\brotato-my\Data\DataKey\Attribute\DataKey_Attribute.cs(245,37): warning CS1591: 缺少对公共可见类型或成员“DataKey.AttackInterval”的 XML 注释 [E:\Godot\Games\MyGames\复刻土豆兄弟\brotato-my\Brotato_my.csproj]
E:\Godot\Games\MyGames\复刻土豆兄弟\brotato-my\Data\DataKey\Attribute\DataKey_Attribute.cs(264,37): warning CS1591: 缺少对公共可见类型或成员“DataKey.DamageAmplification”的 XML 注释 [E:\Godot\Games\MyGames\复刻土豆兄弟\brotato-my\Brotato_my.csproj]
E:\Godot\Games\MyGames\复刻土豆兄弟\brotato-my\Data\DataKey\Attribute\DataKey_Attribute.cs(268,37): warning CS1591: 缺少对公共可见类型或成员“DataKey.Penetration”的 XML 注释 [E:\Godot\Games\MyGames\复刻土豆兄弟\brotato-my\Brotato_my.csproj]
E:\Godot\Games\MyGames\复刻土豆兄弟\brotato-my\Data\DataKey\Attribute\DataKey_Attribute.cs(272,37): warning CS1591: 缺少对公共可见类型或成员“DataKey.AttackRange”的 XML 注释 [E:\Godot\Games\MyGames\复刻土豆兄弟\brotato-my\Brotato_my.csproj]
E:\Godot\Games\MyGames\复刻土豆兄弟\brotato-my\Data\DataKey\Attribute\DataKey_Attribute.cs(276,37): warning CS1591: 缺少对公共可见类型或成员“DataKey.AttackWindUpTime”的 XML 注释 [E:\Godot\Games\MyGames\复刻土豆兄弟\brotato-my\Brotato_my.csproj]
E:\Godot\Games\MyGames\复刻土豆兄弟\brotato-my\Data\DataKey\Attribute\DataKey_Attribute.cs(280,37): warning CS1591: 缺少对公共可见类型或成员“DataKey.AttackRecoveryTime”的 XML 注释 [E:\Godot\Games\MyGames\复刻土豆兄弟\brotato-my\Brotato_my.csproj]
E:\Godot\Games\MyGames\复刻土豆兄弟\brotato-my\Data\DataKey\Attribute\DataKey_Attribute.cs(284,37): warning CS1591: 缺少对公共可见类型或成员“DataKey.Knockback”的 XML 注释 [E:\Godot\Games\MyGames\复刻土豆兄弟\brotato-my\Brotato_my.csproj]
E:\Godot\Games\MyGames\复刻土豆兄弟\brotato-my\Data\DataKey\Attribute\DataKey_Attribute.cs(291,37): warning CS1591: 缺少对公共可见类型或成员“DataKey.BaseDefense”的 XML 注释 [E:\Godot\Games\MyGames\复刻土豆兄弟\brotato-my\Brotato_my.csproj]
E:\Godot\Games\MyGames\复刻土豆兄弟\brotato-my\Data\DataKey\Attribute\DataKey_Attribute.cs(295,37): warning CS1591: 缺少对公共可见类型或成员“DataKey.DefenseBonus”的 XML 注释 [E:\Godot\Games\MyGames\复刻土豆兄弟\brotato-my\Brotato_my.csproj]
E:\Godot\Games\MyGames\复刻土豆兄弟\brotato-my\Data\DataKey\Attribute\DataKey_Attribute.cs(299,37): warning CS1591: 缺少对公共可见类型或成员“DataKey.FinalDefense”的 XML 注释 [E:\Godot\Games\MyGames\复刻土豆兄弟\brotato-my\Brotato_my.csproj]
E:\Godot\Games\MyGames\复刻土豆兄弟\brotato-my\Data\DataKey\Attribute\DataKey_Attribute.cs(319,37): warning CS1591: 缺少对公共可见类型或成员“DataKey.DamageReduction”的 XML 注释 [E:\Godot\Games\MyGames\复刻土豆兄弟\brotato-my\Brotato_my.csproj]
E:\Godot\Games\MyGames\复刻土豆兄弟\brotato-my\Data\DataKey\Attribute\DataKey_Attribute.cs(323,37): warning CS1591: 缺少对公共可见类型或成员“DataKey.DamageTakenMultiplier”的 XML 注释 [E:\Godot\Games\MyGames\复刻土豆兄弟\brotato-my\Brotato_my.csproj]
E:\Godot\Games\MyGames\复刻土豆兄弟\brotato-my\Data\DataKey\Attribute\DataKey_Attribute.cs(327,37): warning CS1591: 缺少对公共可见类型或成员“DataKey.Shield”的 XML 注释 [E:\Godot\Games\MyGames\复刻土豆兄弟\brotato-my\Brotato_my.csproj]
E:\Godot\Games\MyGames\复刻土豆兄弟\brotato-my\Data\DataKey\Attribute\DataKey_Attribute.cs(331,37): warning CS1591: 缺少对公共可见类型或成员“DataKey.Thorns”的 XML 注释 [E:\Godot\Games\MyGames\复刻土豆兄弟\brotato-my\Brotato_my.csproj]
E:\Godot\Games\MyGames\复刻土豆兄弟\brotato-my\Data\DataKey\Attribute\DataKey_Attribute.cs(335,37): warning CS1591: 缺少对公共可见类型或成员“DataKey.Armor”的 XML 注释 [E:\Godot\Games\MyGames\复刻土豆兄弟\brotato-my\Brotato_my.csproj]
E:\Godot\Games\MyGames\复刻土豆兄弟\brotato-my\Data\DataKey\Attribute\DataKey_Attribute.cs(339,37): warning CS1591: 缺少对公共可见类型或成员“DataKey.InvincibilityTime”的 XML 注释 [E:\Godot\Games\MyGames\复刻土豆兄弟\brotato-my\Brotato_my.csproj]
E:\Godot\Games\MyGames\复刻土豆兄弟\brotato-my\Data\DataKey\Attribute\DataKey_Attribute.cs(347,37): warning CS1591: 缺少对公共可见类型或成员“DataKey.MoveSpeed”的 XML 注释 [E:\Godot\Games\MyGames\复刻土豆兄弟\brotato-my\Brotato_my.csproj]
E:\Godot\Games\MyGames\复刻土豆兄弟\brotato-my\Data\DataKey\Attribute\DataKey_Attribute.cs(351,37): warning CS1591: 缺少对公共可见类型或成员“DataKey.MoveSpeedBonus”的 XML 注释 [E:\Godot\Games\MyGames\复刻土豆兄弟\brotato-my\Brotato_my.csproj]
E:\Godot\Games\MyGames\复刻土豆兄弟\brotato-my\Data\DataKey\Attribute\DataKey_Attribute.cs(355,37): warning CS1591: 缺少对公共可见类型或成员“DataKey.FinalMoveSpeed”的 XML 注释 [E:\Godot\Games\MyGames\复刻土豆兄弟\brotato-my\Brotato_my.csproj]
E:\Godot\Games\MyGames\复刻土豆兄弟\brotato-my\Data\DataKey\Attribute\DataKey_Attribute.cs(378,37): warning CS1591: 缺少对公共可见类型或成员“DataKey.DodgeChance”的 XML 注释 [E:\Godot\Games\MyGames\复刻土豆兄弟\brotato-my\Brotato_my.csproj]
E:\Godot\Games\MyGames\复刻土豆兄弟\brotato-my\Data\DataKey\Attribute\DataKey_Attribute.cs(385,37): warning CS1591: 缺少对公共可见类型或成员“DataKey.CritRate”的 XML 注释 [E:\Godot\Games\MyGames\复刻土豆兄弟\brotato-my\Brotato_my.csproj]
E:\Godot\Games\MyGames\复刻土豆兄弟\brotato-my\Data\DataKey\Attribute\DataKey_Attribute.cs(389,37): warning CS1591: 缺少对公共可见类型或成员“DataKey.CritDamage”的 XML 注释 [E:\Godot\Games\MyGames\复刻土豆兄弟\brotato-my\Brotato_my.csproj]
E:\Godot\Games\MyGames\复刻土豆兄弟\brotato-my\Data\DataKey\Attribute\DataKey_Attribute.cs(396,37): warning CS1591: 缺少对公共可见类型或成员“DataKey.PickupRange”的 XML 注释 [E:\Godot\Games\MyGames\复刻土豆兄弟\brotato-my\Brotato_my.csproj]
E:\Godot\Games\MyGames\复刻土豆兄弟\brotato-my\Data\DataKey\Attribute\DataKey_Attribute.cs(400,37): warning CS1591: 缺少对公共可见类型或成员“DataKey.ExpGain”的 XML 注释 [E:\Godot\Games\MyGames\复刻土豆兄弟\brotato-my\Brotato_my.csproj]
E:\Godot\Games\MyGames\复刻土豆兄弟\brotato-my\Data\DataKey\Attribute\DataKey_Attribute.cs(404,37): warning CS1591: 缺少对公共可见类型或成员“DataKey.LuckBonus”的 XML 注释 [E:\Godot\Games\MyGames\复刻土豆兄弟\brotato-my\Brotato_my.csproj]
E:\Godot\Games\MyGames\复刻土豆兄弟\brotato-my\Data\DataKey\Attribute\DataKey_Attribute.cs(408,37): warning CS1591: 缺少对公共可见类型或成员“DataKey.MagnetSpeed”的 XML 注释 [E:\Godot\Games\MyGames\复刻土豆兄弟\brotato-my\Brotato_my.csproj]
E:\Godot\Games\MyGames\复刻土豆兄弟\brotato-my\Data\DataKey\Attribute\DataKey_Attribute.cs(412,37): warning CS1591: 缺少对公共可见类型或成员“DataKey.MagnetEnabled”的 XML 注释 [E:\Godot\Games\MyGames\复刻土豆兄弟\brotato-my\Brotato_my.csproj]
E:\Godot\Games\MyGames\复刻土豆兄弟\brotato-my\Data\DataKey\Attribute\DataKey_Attribute.cs(419,37): warning CS1591: 缺少对公共可见类型或成员“DataKey.EffectiveHp”的 XML 注释 [E:\Godot\Games\MyGames\复刻土豆兄弟\brotato-my\Brotato_my.csproj]
E:\Godot\Games\MyGames\复刻土豆兄弟\brotato-my\Data\DataKey\Attribute\DataKey_Attribute.cs(439,37): warning CS1591: 缺少对公共可见类型或成员“DataKey.DPS”的 XML 注释 [E:\Godot\Games\MyGames\复刻土豆兄弟\brotato-my\Brotato_my.csproj]
E:\Godot\Games\MyGames\复刻土豆兄弟\brotato-my\Data\DataKey\Base\DataKey_Base.cs(15,37): warning CS1591: 缺少对公共可见类型或成员“DataKey.Name”的 XML 注释 [E:\Godot\Games\MyGames\复刻土豆兄弟\brotato-my\Brotato_my.csproj]
E:\Godot\Games\MyGames\复刻土豆兄弟\brotato-my\Data\DataKey\Base\DataKey_Base.cs(19,37): warning CS1591: 缺少对公共可见类型或成员“DataKey.Description”的 XML 注释 [E:\Godot\Games\MyGames\复刻土豆兄弟\brotato-my\Brotato_my.csproj]
E:\Godot\Games\MyGames\复刻土豆兄弟\brotato-my\Data\DataKey\Base\DataKey_Base.cs(23,37): warning CS1591: 缺少对公共可见类型或成员“DataKey.Id”的 XML 注释 [E:\Godot\Games\MyGames\复刻土豆兄弟\brotato-my\Brotato_my.csproj]
E:\Godot\Games\MyGames\复刻土豆兄弟\brotato-my\Data\DataKey\Base\DataKey_Base.cs(27,37): warning CS1591: 缺少对公共可见类型或成员“DataKey.Team”的 XML 注释 [E:\Godot\Games\MyGames\复刻土豆兄弟\brotato-my\Brotato_my.csproj]
E:\Godot\Games\MyGames\复刻土豆兄弟\brotato-my\Data\DataKey\Base\DataKey_Base.cs(31,37): warning CS1591: 缺少对公共可见类型或成员“DataKey.EntityType”的 XML 注释 [E:\Godot\Games\MyGames\复刻土豆兄弟\brotato-my\Brotato_my.csproj]
E:\Godot\Games\MyGames\复刻土豆兄弟\brotato-my\Data\DataKey\Feature\DataKey_Feature.cs(9,37): warning CS1591: 缺少对公共可见类型或成员“DataKey.FeatureCategory”的 XML 注释 [E:\Godot\Games\MyGames\复刻土豆兄弟\brotato-my\Brotato_my.csproj]
E:\Godot\Games\MyGames\复刻土豆兄弟\brotato-my\Data\DataKey\Feature\DataKey_Feature.cs(13,37): warning CS1591: 缺少对公共可见类型或成员“DataKey.FeatureHandlerId”的 XML 注释 [E:\Godot\Games\MyGames\复刻土豆兄弟\brotato-my\Brotato_my.csproj]
E:\Godot\Games\MyGames\复刻土豆兄弟\brotato-my\Data\DataKey\Feature\DataKey_Feature.cs(24,37): warning CS1591: 缺少对公共可见类型或成员“DataKey.FeatureEnabled”的 XML 注释 [E:\Godot\Games\MyGames\复刻土豆兄弟\brotato-my\Brotato_my.csproj]
E:\Godot\Games\MyGames\复刻土豆兄弟\brotato-my\Data\DataKey\Feature\DataKey_Feature.cs(28,37): warning CS1591: 缺少对公共可见类型或成员“DataKey.FeatureIsActive”的 XML 注释 [E:\Godot\Games\MyGames\复刻土豆兄弟\brotato-my\Brotato_my.csproj]
E:\Godot\Games\MyGames\复刻土豆兄弟\brotato-my\Data\DataKey\Feature\DataKey_Feature.cs(32,37): warning CS1591: 缺少对公共可见类型或成员“DataKey.FeatureActivationCount”的 XML 注释 [E:\Godot\Games\MyGames\复刻土豆兄弟\brotato-my\Brotato_my.csproj]
E:\Godot\Games\MyGames\复刻土豆兄弟\brotato-my\Data\DataKey\Unit\DataKey_Unit.cs(8,37): warning CS1591: 缺少对公共可见类型或成员“DataKey.Level”的 XML 注释 [E:\Godot\Games\MyGames\复刻土豆兄弟\brotato-my\Brotato_my.csproj]
E:\Godot\Games\MyGames\复刻土豆兄弟\brotato-my\Data\DataKey\Unit\DataKey_Unit.cs(12,25): warning CS1591: 缺少对公共可见类型或成员“DataKey.VisualScenePath”的 XML 注释 [E:\Godot\Games\MyGames\复刻土豆兄弟\brotato-my\Brotato_my.csproj]
E:\Godot\Games\MyGames\复刻土豆兄弟\brotato-my\Data\DataKey\Unit\DataKey_Unit.cs(15,37): warning CS1591: 缺少对公共可见类型或成员“DataKey.UnitRank”的 XML 注释 [E:\Godot\Games\MyGames\复刻土豆兄弟\brotato-my\Brotato_my.csproj]
E:\Godot\Games\MyGames\复刻土豆兄弟\brotato-my\Data\DataKey\Unit\DataKey_Unit.cs(19,37): warning CS1591: 缺少对公共可见类型或成员“DataKey.IsShowHealthBar”的 XML 注释 [E:\Godot\Games\MyGames\复刻土豆兄弟\brotato-my\Brotato_my.csproj]
E:\Godot\Games\MyGames\复刻土豆兄弟\brotato-my\Data\DataKey\Unit\DataKey_Unit.cs(24,37): warning CS1591: 缺少对公共可见类型或成员“DataKey.IsDisableHealthRecovery”的 XML 注释 [E:\Godot\Games\MyGames\复刻土豆兄弟\brotato-my\Brotato_my.csproj]
E:\Godot\Games\MyGames\复刻土豆兄弟\brotato-my\Data\DataKey\Unit\DataKey_Unit.cs(28,37): warning CS1591: 缺少对公共可见类型或成员“DataKey.IsDisableManaRecovery”的 XML 注释 [E:\Godot\Games\MyGames\复刻土豆兄弟\brotato-my\Brotato_my.csproj]
E:\Godot\Games\MyGames\复刻土豆兄弟\brotato-my\Data\DataKey\Unit\DataKey_Unit.cs(33,37): warning CS1591: 缺少对公共可见类型或成员“DataKey.IsEnableSpawnRule”的 XML 注释 [E:\Godot\Games\MyGames\复刻土豆兄弟\brotato-my\Brotato_my.csproj]
E:\Godot\Games\MyGames\复刻土豆兄弟\brotato-my\Data\DataKey\Unit\DataKey_Unit.cs(37,37): warning CS1591: 缺少对公共可见类型或成员“DataKey.SpawnStrategy”的 XML 注释 [E:\Godot\Games\MyGames\复刻土豆兄弟\brotato-my\Brotato_my.csproj]
E:\Godot\Games\MyGames\复刻土豆兄弟\brotato-my\Data\DataKey\Unit\DataKey_Unit.cs(41,37): warning CS1591: 缺少对公共可见类型或成员“DataKey.SpawnMinWave”的 XML 注释 [E:\Godot\Games\MyGames\复刻土豆兄弟\brotato-my\Brotato_my.csproj]
E:\Godot\Games\MyGames\复刻土豆兄弟\brotato-my\Data\DataKey\Unit\DataKey_Unit.cs(45,37): warning CS1591: 缺少对公共可见类型或成员“DataKey.SpawnMaxWave”的 XML 注释 [E:\Godot\Games\MyGames\复刻土豆兄弟\brotato-my\Brotato_my.csproj]
E:\Godot\Games\MyGames\复刻土豆兄弟\brotato-my\Data\DataKey\Unit\DataKey_Unit.cs(49,37): warning CS1591: 缺少对公共可见类型或成员“DataKey.SpawnInterval”的 XML 注释 [E:\Godot\Games\MyGames\复刻土豆兄弟\brotato-my\Brotato_my.csproj]
E:\Godot\Games\MyGames\复刻土豆兄弟\brotato-my\Data\DataKey\Unit\DataKey_Unit.cs(53,37): warning CS1591: 缺少对公共可见类型或成员“DataKey.SpawnMaxCountPerWave”的 XML 注释 [E:\Godot\Games\MyGames\复刻土豆兄弟\brotato-my\Brotato_my.csproj]
E:\Godot\Games\MyGames\复刻土豆兄弟\brotato-my\Data\DataKey\Unit\DataKey_Unit.cs(57,37): warning CS1591: 缺少对公共可见类型或成员“DataKey.SingleSpawnCount”的 XML 注释 [E:\Godot\Games\MyGames\复刻土豆兄弟\brotato-my\Brotato_my.csproj]
E:\Godot\Games\MyGames\复刻土豆兄弟\brotato-my\Data\DataKey\Unit\DataKey_Unit.cs(61,37): warning CS1591: 缺少对公共可见类型或成员“DataKey.SingleSpawnVariance”的 XML 注释 [E:\Godot\Games\MyGames\复刻土豆兄弟\brotato-my\Brotato_my.csproj]
E:\Godot\Games\MyGames\复刻土豆兄弟\brotato-my\Data\DataKey\Unit\DataKey_Unit.cs(65,37): warning CS1591: 缺少对公共可见类型或成员“DataKey.SpawnStartDelay”的 XML 注释 [E:\Godot\Games\MyGames\复刻土豆兄弟\brotato-my\Brotato_my.csproj]
E:\Godot\Games\MyGames\复刻土豆兄弟\brotato-my\Data\DataKey\Unit\DataKey_Unit.cs(69,37): warning CS1591: 缺少对公共可见类型或成员“DataKey.SpawnWeight”的 XML 注释 [E:\Godot\Games\MyGames\复刻土豆兄弟\brotato-my\Brotato_my.csproj]
E:\Godot\Games\MyGames\复刻土豆兄弟\brotato-my\Data\DataKey\Unit\DataKey_Unit.cs(73,37): warning CS1591: 缺少对公共可见类型或成员“DataKey.HealthBarHeight”的 XML 注释 [E:\Godot\Games\MyGames\复刻土豆兄弟\brotato-my\Brotato_my.csproj]
E:\Godot\Games\MyGames\复刻土豆兄弟\brotato-my\Data\DataKey\Unit\DataKey_Unit.cs(78,37): warning CS1591: 缺少对公共可见类型或成员“DataKey.ExpReward”的 XML 注释 [E:\Godot\Games\MyGames\复刻土豆兄弟\brotato-my\Brotato_my.csproj]
E:\Godot\Games\MyGames\复刻土豆兄弟\brotato-my\Data\DataKey\Unit\DataKey_Unit.cs(83,37): warning CS1591: 缺少对公共可见类型或成员“DataKey.IsDead”的 XML 注释 [E:\Godot\Games\MyGames\复刻土豆兄弟\brotato-my\Brotato_my.csproj]
E:\Godot\Games\MyGames\复刻土豆兄弟\brotato-my\Data\DataKey\Unit\DataKey_Unit.cs(87,37): warning CS1591: 缺少对公共可见类型或成员“DataKey.IsInvulnerable”的 XML 注释 [E:\Godot\Games\MyGames\复刻土豆兄弟\brotato-my\Brotato_my.csproj]
E:\Godot\Games\MyGames\复刻土豆兄弟\brotato-my\Data\DataKey\Unit\DataKey_Unit.cs(91,37): warning CS1591: 缺少对公共可见类型或成员“DataKey.IsImmune”的 XML 注释 [E:\Godot\Games\MyGames\复刻土豆兄弟\brotato-my\Brotato_my.csproj]
E:\Godot\Games\MyGames\复刻土豆兄弟\brotato-my\Data\DataKey\Unit\DataKey_Unit.cs(95,37): warning CS1591: 缺少对公共可见类型或成员“DataKey.IsStunned”的 XML 注释 [E:\Godot\Games\MyGames\复刻土豆兄弟\brotato-my\Brotato_my.csproj]
E:\Godot\Games\MyGames\复刻土豆兄弟\brotato-my\Data\DataKey\Unit\DataKey_Unit.cs(99,37): warning CS1591: 缺少对公共可见类型或成员“DataKey.IsInvisible”的 XML 注释 [E:\Godot\Games\MyGames\复刻土豆兄弟\brotato-my\Brotato_my.csproj]
E:\Godot\Games\MyGames\复刻土豆兄弟\brotato-my\Data\DataKey\Unit\DataKey_Unit.cs(103,37): warning CS1591: 缺少对公共可见类型或成员“DataKey.AttackState”的 XML 注释 [E:\Godot\Games\MyGames\复刻土豆兄弟\brotato-my\Brotato_my.csproj]
E:\Godot\Games\MyGames\复刻土豆兄弟\brotato-my\Data\DataKey\Unit\DataKey_Unit.cs(108,37): warning CS1591: 缺少对公共可见类型或成员“DataKey.LifecycleState”的 XML 注释 [E:\Godot\Games\MyGames\复刻土豆兄弟\brotato-my\Brotato_my.csproj]
E:\Godot\Games\MyGames\复刻土豆兄弟\brotato-my\Data\DataKey\Unit\DataKey_Unit.cs(112,37): warning CS1591: 缺少对公共可见类型或成员“DataKey.DeathType”的 XML 注释 [E:\Godot\Games\MyGames\复刻土豆兄弟\brotato-my\Brotato_my.csproj]
E:\Godot\Games\MyGames\复刻土豆兄弟\brotato-my\Data\DataKey\Unit\DataKey_Unit.cs(116,37): warning CS1591: 缺少对公共可见类型或成员“DataKey.CanRevive”的 XML 注释 [E:\Godot\Games\MyGames\复刻土豆兄弟\brotato-my\Brotato_my.csproj]
E:\Godot\Games\MyGames\复刻土豆兄弟\brotato-my\Data\DataKey\Unit\DataKey_Unit.cs(120,37): warning CS1591: 缺少对公共可见类型或成员“DataKey.DeathCount”的 XML 注释 [E:\Godot\Games\MyGames\复刻土豆兄弟\brotato-my\Brotato_my.csproj]
E:\Godot\Games\MyGames\复刻土豆兄弟\brotato-my\Data\DataKey\Unit\DataKey_Unit.cs(124,37): warning CS1591: 缺少对公共可见类型或成员“DataKey.MaxLifeTime”的 XML 注释 [E:\Godot\Games\MyGames\复刻土豆兄弟\brotato-my\Brotato_my.csproj]
E:\Godot\Games\MyGames\复刻土豆兄弟\brotato-my\Data\DataKey\Unit\DataKey_Unit.cs(129,37): warning CS1591: 缺少对公共可见类型或成员“DataKey.FollowSpeed”的 XML 注释 [E:\Godot\Games\MyGames\复刻土豆兄弟\brotato-my\Brotato_my.csproj]
E:\Godot\Games\MyGames\复刻土豆兄弟\brotato-my\Data\DataKey\Unit\DataKey_Unit.cs(133,37): warning CS1591: 缺少对公共可见类型或成员“DataKey.StopDistance”的 XML 注释 [E:\Godot\Games\MyGames\复刻土豆兄弟\brotato-my\Brotato_my.csproj]
E:\Godot\Games\MyGames\复刻土豆兄弟\brotato-my\Data\DataKey\Unit\DataKey_Unit.cs(138,37): warning CS1591: 缺少对公共可见类型或成员“DataKey.InvincibilityTimer”的 XML 注释 [E:\Godot\Games\MyGames\复刻土豆兄弟\brotato-my\Brotato_my.csproj]
E:\Godot\Games\MyGames\复刻土豆兄弟\brotato-my\Data\DataKey\Unit\DataKey_Unit.cs(142,25): warning CS1591: 缺少对公共可见类型或成员“DataKey.TotalDamageTaken”的 XML 注释 [E:\Godot\Games\MyGames\复刻土豆兄弟\brotato-my\Brotato_my.csproj]
E:\Godot\Games\MyGames\复刻土豆兄弟\brotato-my\Data\DataKey\Unit\DataKey_Unit.cs(143,25): warning CS1591: 缺少对公共可见类型或成员“DataKey.WaveDamageTaken”的 XML 注释 [E:\Godot\Games\MyGames\复刻土豆兄弟\brotato-my\Brotato_my.csproj]
E:\Godot\Games\MyGames\复刻土豆兄弟\brotato-my\Data\DataKey\Unit\DataKey_Unit.cs(144,25): warning CS1591: 缺少对公共可见类型或成员“DataKey.TotalDamageDealt”的 XML 注释 [E:\Godot\Games\MyGames\复刻土豆兄弟\brotato-my\Brotato_my.csproj]
E:\Godot\Games\MyGames\复刻土豆兄弟\brotato-my\Data\DataKey\Unit\DataKey_Unit.cs(145,25): warning CS1591: 缺少对公共可见类型或成员“DataKey.WaveDamageDealt”的 XML 注释 [E:\Godot\Games\MyGames\复刻土豆兄弟\brotato-my\Brotato_my.csproj]
E:\Godot\Games\MyGames\复刻土豆兄弟\brotato-my\Data\DataKey\Unit\DataKey_Unit.cs(146,25): warning CS1591: 缺少对公共可见类型或成员“DataKey.HighestSingleDamage”的 XML 注释 [E:\Godot\Games\MyGames\复刻土豆兄弟\brotato-my\Brotato_my.csproj]
E:\Godot\Games\MyGames\复刻土豆兄弟\brotato-my\Data\DataKey\Unit\DataKey_Unit.cs(147,25): warning CS1591: 缺少对公共可见类型或成员“DataKey.TotalKills”的 XML 注释 [E:\Godot\Games\MyGames\复刻土豆兄弟\brotato-my\Brotato_my.csproj]
E:\Godot\Games\MyGames\复刻土豆兄弟\brotato-my\Data\DataKey\Unit\DataKey_Unit.cs(148,25): warning CS1591: 缺少对公共可见类型或成员“DataKey.WaveKills”的 XML 注释 [E:\Godot\Games\MyGames\复刻土豆兄弟\brotato-my\Brotato_my.csproj]
E:\Godot\Games\MyGames\复刻土豆兄弟\brotato-my\Data\DataKey\Unit\DataKey_Unit.cs(149,25): warning CS1591: 缺少对公共可见类型或成员“DataKey.TotalHits”的 XML 注释 [E:\Godot\Games\MyGames\复刻土豆兄弟\brotato-my\Brotato_my.csproj]
E:\Godot\Games\MyGames\复刻土豆兄弟\brotato-my\Data\DataKey\Unit\DataKey_Unit.cs(150,25): warning CS1591: 缺少对公共可见类型或成员“DataKey.WaveHits”的 XML 注释 [E:\Godot\Games\MyGames\复刻土豆兄弟\brotato-my\Brotato_my.csproj]
E:\Godot\Games\MyGames\复刻土豆兄弟\brotato-my\Data\DataKey\Unit\DataKey_Unit.cs(151,25): warning CS1591: 缺少对公共可见类型或成员“DataKey.TotalCriticalHits”的 XML 注释 [E:\Godot\Games\MyGames\复刻土豆兄弟\brotato-my\Brotato_my.csproj]
E:\Godot\Games\MyGames\复刻土豆兄弟\brotato-my\Data\DataKey\Unit\DataKey_Unit.cs(152,25): warning CS1591: 缺少对公共可见类型或成员“DataKey.WaveCriticalHits”的 XML 注释 [E:\Godot\Games\MyGames\复刻土豆兄弟\brotato-my\Brotato_my.csproj]
E:\Godot\Games\MyGames\复刻土豆兄弟\brotato-my\Data\DataKey\Unit\DataKey_Unit.cs(155,25): warning CS1591: 缺少对公共可见类型或成员“DataKey.IsRecoverySystemRegistered”的 XML 注释 [E:\Godot\Games\MyGames\复刻土豆兄弟\brotato-my\Brotato_my.csproj]
E:\Godot\Games\MyGames\复刻土豆兄弟\brotato-my\Data\DataKey\Unit\DataKey_Unit.cs(156,25): warning CS1591: 缺少对公共可见类型或成员“DataKey.AvailableAnimations”的 XML 注释 [E:\Godot\Games\MyGames\复刻土豆兄弟\brotato-my\Brotato_my.csproj]
E:\Godot\Games\MyGames\复刻土豆兄弟\brotato-my\Data\Data\Ability\Ability\ChainLightning\Data\DataKey_Chain.cs(9,37): warning CS1591: 缺少对公共可见类型或成员“DataKey.AbilityChainCount”的 XML 注释 [E:\Godot\Games\MyGames\复刻土豆兄弟\brotato-my\Brotato_my.csproj]
E:\Godot\Games\MyGames\复刻土豆兄弟\brotato-my\Data\Data\Ability\Ability\ChainLightning\Data\DataKey_Chain.cs(13,37): warning CS1591: 缺少对公共可见类型或成员“DataKey.AbilityChainRange”的 XML 注释 [E:\Godot\Games\MyGames\复刻土豆兄弟\brotato-my\Brotato_my.csproj]
E:\Godot\Games\MyGames\复刻土豆兄弟\brotato-my\Data\Data\Ability\Ability\ChainLightning\Data\DataKey_Chain.cs(17,37): warning CS1591: 缺少对公共可见类型或成员“DataKey.AbilityChainDelay”的 XML 注释 [E:\Godot\Games\MyGames\复刻土豆兄弟\brotato-my\Brotato_my.csproj]
E:\Godot\Games\MyGames\复刻土豆兄弟\brotato-my\Data\Data\Ability\Ability\ChainLightning\Data\DataKey_Chain.cs(21,37): warning CS1591: 缺少对公共可见类型或成员“DataKey.AbilityChainDamageDecay”的 XML 注释 [E:\Godot\Games\MyGames\复刻土豆兄弟\brotato-my\Brotato_my.csproj]
E:\Godot\Games\MyGames\复刻土豆兄弟\brotato-my\Data\Data\Ability\Ability\ChainLightning\Data\DataKey_Chain.cs(25,25): warning CS1591: 缺少对公共可见类型或成员“DataKey.AbilityChainLineEffect”的 XML 注释 [E:\Godot\Games\MyGames\复刻土豆兄弟\brotato-my\Brotato_my.csproj]
E:\Godot\Games\MyGames\复刻土豆兄弟\brotato-my\Data\DataKey\Base\BaseEnums.cs(51,5): warning CS1591: 缺少对公共可见类型或成员“UnitRank.Normal”的 XML 注释 [E:\Godot\Games\MyGames\复刻土豆兄弟\brotato-my\Brotato_my.csproj]
E:\Godot\Games\MyGames\复刻土豆兄弟\brotato-my\Data\DataKey\Base\BaseEnums.cs(52,5): warning CS1591: 缺少对公共可见类型或成员“UnitRank.Elite”的 XML 注释 [E:\Godot\Games\MyGames\复刻土豆兄弟\brotato-my\Brotato_my.csproj]
E:\Godot\Games\MyGames\复刻土豆兄弟\brotato-my\Data\DataKey\Base\BaseEnums.cs(53,5): warning CS1591: 缺少对公共可见类型或成员“UnitRank.Boss”的 XML 注释 [E:\Godot\Games\MyGames\复刻土豆兄弟\brotato-my\Brotato_my.csproj]
E:\Godot\Games\MyGames\复刻土豆兄弟\brotato-my\Data\DataKey\Base\BaseEnums.cs(54,5): warning CS1591: 缺少对公共可见类型或成员“UnitRank.Summon”的 XML 注释 [E:\Godot\Games\MyGames\复刻土豆兄弟\brotato-my\Brotato_my.csproj]
E:\Godot\Games\MyGames\复刻土豆兄弟\brotato-my\Data\DataKey\Feature\FeatureId\FeatureId_Ability.cs(14,25): warning CS1591: 缺少对公共可见类型或成员“FeatureId.Ability”的 XML 注释 [E:\Godot\Games\MyGames\复刻土豆兄弟\brotato-my\Brotato_my.csproj]
E:\Godot\Games\MyGames\复刻土豆兄弟\brotato-my\Data\DataKey\Feature\FeatureId\FeatureId_Ability.cs(18,29): warning CS1591: 缺少对公共可见类型或成员“FeatureId.Ability.Groups”的 XML 注释 [E:\Godot\Games\MyGames\复刻土豆兄弟\brotato-my\Brotato_my.csproj]
E:\Godot\Games\MyGames\复刻土豆兄弟\brotato-my\Data\DataKey\Feature\FeatureId\FeatureId_Ability.cs(20,33): warning CS1591: 缺少对公共可见类型或成员“FeatureId.Ability.Groups.Root”的 XML 注释 [E:\Godot\Games\MyGames\复刻土豆兄弟\brotato-my\Brotato_my.csproj]
E:\Godot\Games\MyGames\复刻土豆兄弟\brotato-my\Data\DataKey\Feature\FeatureId\FeatureId_Ability.cs(21,33): warning CS1591: 缺少对公共可见类型或成员“FeatureId.Ability.Groups.Active”的 XML 注释 [E:\Godot\Games\MyGames\复刻土豆兄弟\brotato-my\Brotato_my.csproj]
E:\Godot\Games\MyGames\复刻土豆兄弟\brotato-my\Data\DataKey\Feature\FeatureId\FeatureId_Ability.cs(22,33): warning CS1591: 缺少对公共可见类型或成员“FeatureId.Ability.Groups.Movement”的 XML 注释 [E:\Godot\Games\MyGames\复刻土豆兄弟\brotato-my\Brotato_my.csproj]
E:\Godot\Games\MyGames\复刻土豆兄弟\brotato-my\Data\DataKey\Feature\FeatureId\FeatureId_Ability.cs(23,33): warning CS1591: 缺少对公共可见类型或成员“FeatureId.Ability.Groups.Passive”的 XML 注释 [E:\Godot\Games\MyGames\复刻土豆兄弟\brotato-my\Brotato_my.csproj]
E:\Godot\Games\MyGames\复刻土豆兄弟\brotato-my\Data\DataKey\Feature\FeatureId\FeatureId_Ability.cs(24,33): warning CS1591: 缺少对公共可见类型或成员“FeatureId.Ability.Groups.Projectile”的 XML 注释 [E:\Godot\Games\MyGames\复刻土豆兄弟\brotato-my\Brotato_my.csproj]
E:\Godot\Games\MyGames\复刻土豆兄弟\brotato-my\Data\DataKey\Feature\FeatureId\FeatureId_Ability.cs(29,29): warning CS1591: 缺少对公共可见类型或成员“FeatureId.Ability.Active”的 XML 注释 [E:\Godot\Games\MyGames\复刻土豆兄弟\brotato-my\Brotato_my.csproj]
E:\Godot\Games\MyGames\复刻土豆兄弟\brotato-my\Data\DataKey\Feature\FeatureId\FeatureId_Ability.cs(31,33): warning CS1591: 缺少对公共可见类型或成员“FeatureId.Ability.Active.Slam”的 XML 注释 [E:\Godot\Games\MyGames\复刻土豆兄弟\brotato-my\Brotato_my.csproj]
E:\Godot\Games\MyGames\复刻土豆兄弟\brotato-my\Data\DataKey\Feature\FeatureId\FeatureId_Ability.cs(32,33): warning CS1591: 缺少对公共可见类型或成员“FeatureId.Ability.Active.ChainLightning”的 XML 注释 [E:\Godot\Games\MyGames\复刻土豆兄弟\brotato-my\Brotato_my.csproj]
E:\Godot\Games\MyGames\复刻土豆兄弟\brotato-my\Data\DataKey\Feature\FeatureId\FeatureId_Ability.cs(33,33): warning CS1591: 缺少对公共可见类型或成员“FeatureId.Ability.Active.CircleDamage”的 XML 注释 [E:\Godot\Games\MyGames\复刻土豆兄弟\brotato-my\Brotato_my.csproj]
E:\Godot\Games\MyGames\复刻土豆兄弟\brotato-my\Data\DataKey\Feature\FeatureId\FeatureId_Ability.cs(38,29): warning CS1591: 缺少对公共可见类型或成员“FeatureId.Ability.Movement”的 XML 注释 [E:\Godot\Games\MyGames\复刻土豆兄弟\brotato-my\Brotato_my.csproj]
E:\Godot\Games\MyGames\复刻土豆兄弟\brotato-my\Data\DataKey\Feature\FeatureId\FeatureId_Ability.cs(40,33): warning CS1591: 缺少对公共可见类型或成员“FeatureId.Ability.Movement.Dash”的 XML 注释 [E:\Godot\Games\MyGames\复刻土豆兄弟\brotato-my\Brotato_my.csproj]
E:\Godot\Games\MyGames\复刻土豆兄弟\brotato-my\Data\DataKey\Feature\FeatureId\FeatureId_Ability.cs(45,29): warning CS1591: 缺少对公共可见类型或成员“FeatureId.Ability.Passive”的 XML 注释 [E:\Godot\Games\MyGames\复刻土豆兄弟\brotato-my\Brotato_my.csproj]
E:\Godot\Games\MyGames\复刻土豆兄弟\brotato-my\Data\DataKey\Feature\FeatureId\FeatureId_Ability.cs(47,33): warning CS1591: 缺少对公共可见类型或成员“FeatureId.Ability.Passive.AuraShield”的 XML 注释 [E:\Godot\Games\MyGames\复刻土豆兄弟\brotato-my\Brotato_my.csproj]
E:\Godot\Games\MyGames\复刻土豆兄弟\brotato-my\Data\DataKey\Feature\FeatureId\FeatureId_Ability.cs(48,33): warning CS1591: 缺少对公共可见类型或成员“FeatureId.Ability.Passive.OrbitSkill”的 XML 注释 [E:\Godot\Games\MyGames\复刻土豆兄弟\brotato-my\Brotato_my.csproj]
E:\Godot\Games\MyGames\复刻土豆兄弟\brotato-my\Data\DataKey\Feature\FeatureId\FeatureId_Ability.cs(53,29): warning CS1591: 缺少对公共可见类型或成员“FeatureId.Ability.Projectile”的 XML 注释 [E:\Godot\Games\MyGames\复刻土豆兄弟\brotato-my\Brotato_my.csproj]
E:\Godot\Games\MyGames\复刻土豆兄弟\brotato-my\Data\DataKey\Feature\FeatureId\FeatureId_Ability.cs(55,33): warning CS1591: 缺少对公共可见类型或成员“FeatureId.Ability.Projectile.ParabolaShot”的 XML 注释 [E:\Godot\Games\MyGames\复刻土豆兄弟\brotato-my\Brotato_my.csproj]
E:\Godot\Games\MyGames\复刻土豆兄弟\brotato-my\Data\DataKey\Feature\FeatureId\FeatureId_Ability.cs(56,33): warning CS1591: 缺少对公共可见类型或成员“FeatureId.Ability.Projectile.SineWaveShot”的 XML 注释 [E:\Godot\Games\MyGames\复刻土豆兄弟\brotato-my\Brotato_my.csproj]
E:\Godot\Games\MyGames\复刻土豆兄弟\brotato-my\Data\DataKey\Feature\FeatureId\FeatureId_Ability.cs(57,33): warning CS1591: 缺少对公共可见类型或成员“FeatureId.Ability.Projectile.ArcShot”的 XML 注释 [E:\Godot\Games\MyGames\复刻土豆兄弟\brotato-my\Brotato_my.csproj]
E:\Godot\Games\MyGames\复刻土豆兄弟\brotato-my\Data\DataKey\Feature\FeatureId\FeatureId_Ability.cs(58,33): warning CS1591: 缺少对公共可见类型或成员“FeatureId.Ability.Projectile.BezierShot”的 XML 注释 [E:\Godot\Games\MyGames\复刻土豆兄弟\brotato-my\Brotato_my.csproj]
E:\Godot\Games\MyGames\复刻土豆兄弟\brotato-my\Data\DataKey\Feature\FeatureId\FeatureId_Ability.cs(59,33): warning CS1591: 缺少对公共可见类型或成员“FeatureId.Ability.Projectile.BoomerangThrow”的 XML 注释 [E:\Godot\Games\MyGames\复刻土豆兄弟\brotato-my\Brotato_my.csproj]
E:\Godot\Games\MyGames\复刻土豆兄弟\brotato-my\Data\Data\Ability\Ability\ChainLightning\ChainLightning.cs(41,22): warning CS1572: XML 注释中有“context”的 param 标记，但是没有该名称的参数 [E:\Godot\Games\MyGames\复刻土豆兄弟\brotato-my\Brotato_my.csproj]
E:\Godot\Games\MyGames\复刻土豆兄弟\brotato-my\Data\EventType\Ability\Context_AbilityExecutedResult.cs(1,1): warning CS1587: XML 注释没有放在有效语言元素上 [E:\Godot\Games\MyGames\复刻土豆兄弟\brotato-my\Brotato_my.csproj]
E:\Godot\Games\MyGames\复刻土豆兄弟\brotato-my\Data\EventType\Ability\GameEventType_Ability.cs(6,33): warning CS1591: 缺少对公共可见类型或成员“GameEventType.Ability”的 XML 注释 [E:\Godot\Games\MyGames\复刻土豆兄弟\brotato-my\Brotato_my.csproj]
E:\Godot\Games\MyGames\复刻土豆兄弟\brotato-my\Data\EventType\Base\Collision\GameEventType_Collision.cs(9,25): warning CS1591: 缺少对公共可见类型或成员“GameEventType.Collision”的 XML 注释 [E:\Godot\Games\MyGames\复刻土豆兄弟\brotato-my\Brotato_my.csproj]
E:\Godot\Games\MyGames\复刻土豆兄弟\brotato-my\Data\EventType\Data\GameEventType_Data.cs(6,25): warning CS1591: 缺少对公共可见类型或成员“GameEventType.Data”的 XML 注释 [E:\Godot\Games\MyGames\复刻土豆兄弟\brotato-my\Brotato_my.csproj]
E:\Godot\Games\MyGames\复刻土豆兄弟\brotato-my\Data\EventType\Feature\GameEventType_Feature.cs(9,25): warning CS1591: 缺少对公共可见类型或成员“GameEventType.Feature”的 XML 注释 [E:\Godot\Games\MyGames\复刻土豆兄弟\brotato-my\Brotato_my.csproj]
E:\Godot\Games\MyGames\复刻土豆兄弟\brotato-my\Data\EventType\Feature\GameEventType_Feature.cs(17,39): warning CS1591: 缺少对公共可见类型或成员“GameEventType.Feature.GrantedEventData”的 XML 注释 [E:\Godot\Games\MyGames\复刻土豆兄弟\brotato-my\Brotato_my.csproj]
E:\Godot\Games\MyGames\复刻土豆兄弟\brotato-my\Data\EventType\Feature\GameEventType_Feature.cs(17,39): warning CS1591: 缺少对公共可见类型或成员“GameEventType.Feature.GrantedEventData.GrantedEventData(IEntity, IEntity)”的 XML 注释 [E:\Godot\Games\MyGames\复刻土豆兄弟\brotato-my\Brotato_my.csproj]
E:\Godot\Games\MyGames\复刻土豆兄弟\brotato-my\Data\EventType\Feature\GameEventType_Feature.cs(17,64): warning CS1591: 缺少对公共可见类型或成员“GameEventType.Feature.GrantedEventData.Feature”的 XML 注释 [E:\Godot\Games\MyGames\复刻土豆兄弟\brotato-my\Brotato_my.csproj]
E:\Godot\Games\MyGames\复刻土豆兄弟\brotato-my\Data\EventType\Feature\GameEventType_Feature.cs(17,81): warning CS1591: 缺少对公共可见类型或成员“GameEventType.Feature.GrantedEventData.Owner”的 XML 注释 [E:\Godot\Games\MyGames\复刻土豆兄弟\brotato-my\Brotato_my.csproj]
E:\Godot\Games\MyGames\复刻土豆兄弟\brotato-my\Data\EventType\Feature\GameEventType_Feature.cs(24,39): warning CS1591: 缺少对公共可见类型或成员“GameEventType.Feature.EnabledEventData”的 XML 注释 [E:\Godot\Games\MyGames\复刻土豆兄弟\brotato-my\Brotato_my.csproj]
E:\Godot\Games\MyGames\复刻土豆兄弟\brotato-my\Data\EventType\Feature\GameEventType_Feature.cs(24,39): warning CS1591: 缺少对公共可见类型或成员“GameEventType.Feature.EnabledEventData.EnabledEventData(IEntity, IEntity)”的 XML 注释 [E:\Godot\Games\MyGames\复刻土豆兄弟\brotato-my\Brotato_my.csproj]
E:\Godot\Games\MyGames\复刻土豆兄弟\brotato-my\Data\EventType\Feature\GameEventType_Feature.cs(24,64): warning CS1591: 缺少对公共可见类型或成员“GameEventType.Feature.EnabledEventData.Feature”的 XML 注释 [E:\Godot\Games\MyGames\复刻土豆兄弟\brotato-my\Brotato_my.csproj]
E:\Godot\Games\MyGames\复刻土豆兄弟\brotato-my\Data\EventType\Feature\GameEventType_Feature.cs(24,81): warning CS1591: 缺少对公共可见类型或成员“GameEventType.Feature.EnabledEventData.Owner”的 XML 注释 [E:\Godot\Games\MyGames\复刻土豆兄弟\brotato-my\Brotato_my.csproj]
E:\Godot\Games\MyGames\复刻土豆兄弟\brotato-my\Data\EventType\Feature\GameEventType_Feature.cs(31,39): warning CS1591: 缺少对公共可见类型或成员“GameEventType.Feature.DisabledEventData”的 XML 注释 [E:\Godot\Games\MyGames\复刻土豆兄弟\brotato-my\Brotato_my.csproj]
E:\Godot\Games\MyGames\复刻土豆兄弟\brotato-my\Data\EventType\Feature\GameEventType_Feature.cs(31,39): warning CS1591: 缺少对公共可见类型或成员“GameEventType.Feature.DisabledEventData.DisabledEventData(IEntity, IEntity)”的 XML 注释 [E:\Godot\Games\MyGames\复刻土豆兄弟\brotato-my\Brotato_my.csproj]
E:\Godot\Games\MyGames\复刻土豆兄弟\brotato-my\Data\EventType\Feature\GameEventType_Feature.cs(31,65): warning CS1591: 缺少对公共可见类型或成员“GameEventType.Feature.DisabledEventData.Feature”的 XML 注释 [E:\Godot\Games\MyGames\复刻土豆兄弟\brotato-my\Brotato_my.csproj]
E:\Godot\Games\MyGames\复刻土豆兄弟\brotato-my\Data\EventType\Feature\GameEventType_Feature.cs(31,82): warning CS1591: 缺少对公共可见类型或成员“GameEventType.Feature.DisabledEventData.Owner”的 XML 注释 [E:\Godot\Games\MyGames\复刻土豆兄弟\brotato-my\Brotato_my.csproj]
E:\Godot\Games\MyGames\复刻土豆兄弟\brotato-my\Data\EventType\Feature\GameEventType_Feature.cs(38,39): warning CS1591: 缺少对公共可见类型或成员“GameEventType.Feature.ActivatedEventData”的 XML 注释 [E:\Godot\Games\MyGames\复刻土豆兄弟\brotato-my\Brotato_my.csproj]
E:\Godot\Games\MyGames\复刻土豆兄弟\brotato-my\Data\EventType\Feature\GameEventType_Feature.cs(38,39): warning CS1591: 缺少对公共可见类型或成员“GameEventType.Feature.ActivatedEventData.ActivatedEventData(FeatureContext)”的 XML 注释 [E:\Godot\Games\MyGames\复刻土豆兄弟\brotato-my\Brotato_my.csproj]
E:\Godot\Games\MyGames\复刻土豆兄弟\brotato-my\Data\EventType\Feature\GameEventType_Feature.cs(38,73): warning CS1591: 缺少对公共可见类型或成员“GameEventType.Feature.ActivatedEventData.Context”的 XML 注释 [E:\Godot\Games\MyGames\复刻土豆兄弟\brotato-my\Brotato_my.csproj]
E:\Godot\Games\MyGames\复刻土豆兄弟\brotato-my\Data\EventType\Feature\GameEventType_Feature.cs(45,39): warning CS1591: 缺少对公共可见类型或成员“GameEventType.Feature.EndedEventData”的 XML 注释 [E:\Godot\Games\MyGames\复刻土豆兄弟\brotato-my\Brotato_my.csproj]
E:\Godot\Games\MyGames\复刻土豆兄弟\brotato-my\Data\EventType\Feature\GameEventType_Feature.cs(45,39): warning CS1591: 缺少对公共可见类型或成员“GameEventType.Feature.EndedEventData.EndedEventData(FeatureContext)”的 XML 注释 [E:\Godot\Games\MyGames\复刻土豆兄弟\brotato-my\Brotato_my.csproj]
E:\Godot\Games\MyGames\复刻土豆兄弟\brotato-my\Data\EventType\Feature\GameEventType_Feature.cs(45,69): warning CS1591: 缺少对公共可见类型或成员“GameEventType.Feature.EndedEventData.Context”的 XML 注释 [E:\Godot\Games\MyGames\复刻土豆兄弟\brotato-my\Brotato_my.csproj]
E:\Godot\Games\MyGames\复刻土豆兄弟\brotato-my\Data\EventType\Feature\GameEventType_Feature.cs(53,39): warning CS1591: 缺少对公共可见类型或成员“GameEventType.Feature.RemovedEventData”的 XML 注释 [E:\Godot\Games\MyGames\复刻土豆兄弟\brotato-my\Brotato_my.csproj]
E:\Godot\Games\MyGames\复刻土豆兄弟\brotato-my\Data\EventType\Feature\GameEventType_Feature.cs(53,39): warning CS1591: 缺少对公共可见类型或成员“GameEventType.Feature.RemovedEventData.RemovedEventData(string, IEntity)”的 XML 注释 [E:\Godot\Games\MyGames\复刻土豆兄弟\brotato-my\Brotato_my.csproj]
E:\Godot\Games\MyGames\复刻土豆兄弟\brotato-my\Data\EventType\Feature\GameEventType_Feature.cs(53,63): warning CS1591: 缺少对公共可见类型或成员“GameEventType.Feature.RemovedEventData.FeatureName”的 XML 注释 [E:\Godot\Games\MyGames\复刻土豆兄弟\brotato-my\Brotato_my.csproj]
E:\Godot\Games\MyGames\复刻土豆兄弟\brotato-my\Data\EventType\Feature\GameEventType_Feature.cs(53,84): warning CS1591: 缺少对公共可见类型或成员“GameEventType.Feature.RemovedEventData.Owner”的 XML 注释 [E:\Godot\Games\MyGames\复刻土豆兄弟\brotato-my\Brotato_my.csproj]
E:\Godot\Games\MyGames\复刻土豆兄弟\brotato-my\Data\EventType\Global\GameEventType_Global.cs(6,33): warning CS1591: 缺少对公共可见类型或成员“GameEventType.Global”的 XML 注释 [E:\Godot\Games\MyGames\复刻土豆兄弟\brotato-my\Brotato_my.csproj]
E:\Godot\Games\MyGames\复刻土豆兄弟\brotato-my\Data\EventType\Player\GameEventType_Player.cs(6,25): warning CS1591: 缺少对公共可见类型或成员“GameEventType.Player”的 XML 注释 [E:\Godot\Games\MyGames\复刻土豆兄弟\brotato-my\Brotato_my.csproj]
E:\Godot\Games\MyGames\复刻土豆兄弟\brotato-my\Data\EventType\UI\GameEventType_UI.cs(8,25): warning CS1591: 缺少对公共可见类型或成员“GameEventType.UI”的 XML 注释 [E:\Godot\Games\MyGames\复刻土豆兄弟\brotato-my\Brotato_my.csproj]
E:\Godot\Games\MyGames\复刻土豆兄弟\brotato-my\Data\EventType\Unit\Attack\GameEventType_Attack.cs(6,25): warning CS1591: 缺少对公共可见类型或成员“GameEventType.Attack”的 XML 注释 [E:\Godot\Games\MyGames\复刻土豆兄弟\brotato-my\Brotato_my.csproj]
E:\Godot\Games\MyGames\复刻土豆兄弟\brotato-my\Data\EventType\Unit\GameEventType_Unit.cs(6,33): warning CS1591: 缺少对公共可见类型或成员“GameEventType.Unit”的 XML 注释 [E:\Godot\Games\MyGames\复刻土豆兄弟\brotato-my\Brotato_my.csproj]
E:\Godot\Games\MyGames\复刻土豆兄弟\brotato-my\Data\EventType\Unit\Targeting\GameEventType_Targeting.cs(9,25): warning CS1591: 缺少对公共可见类型或成员“GameEventType.Targeting”的 XML 注释 [E:\Godot\Games\MyGames\复刻土豆兄弟\brotato-my\Brotato_my.csproj]
E:\Godot\Games\MyGames\复刻土豆兄弟\brotato-my\Data\ResourceManagement\ResourcePaths.cs(11,15): warning CS1591: 缺少对公共可见类型或成员“ResourceData”的 XML 注释 [E:\Godot\Games\MyGames\复刻土豆兄弟\brotato-my\Brotato_my.csproj]
E:\Godot\Games\MyGames\复刻土豆兄弟\brotato-my\Data\ResourceManagement\ResourcePaths.cs(13,19): warning CS1591: 缺少对公共可见类型或成员“ResourceData.Path”的 XML 注释 [E:\Godot\Games\MyGames\复刻土豆兄弟\brotato-my\Brotato_my.csproj]
E:\Godot\Games\MyGames\复刻土豆兄弟\brotato-my\Data\ResourceManagement\ResourcePaths.cs(14,29): warning CS1591: 缺少对公共可见类型或成员“ResourceData.Category”的 XML 注释 [E:\Godot\Games\MyGames\复刻土豆兄弟\brotato-my\Brotato_my.csproj]
E:\Godot\Games\MyGames\复刻土豆兄弟\brotato-my\Data\ResourceManagement\ResourcePaths.cs(15,12): warning CS1591: 缺少对公共可见类型或成员“ResourceData.ResourceData(ResourceCategory, string)”的 XML 注释 [E:\Godot\Games\MyGames\复刻土豆兄弟\brotato-my\Brotato_my.csproj]
E:\Godot\Games\MyGames\复刻土豆兄弟\brotato-my\Data\ResourceManagement\ResourcePaths.cs(22,21): warning CS1591: 缺少对公共可见类型或成员“ResourcePaths”的 XML 注释 [E:\Godot\Games\MyGames\复刻土豆兄弟\brotato-my\Brotato_my.csproj]
E:\Godot\Games\MyGames\复刻土豆兄弟\brotato-my\Data\ResourceManagement\ResourcePaths.cs(25,25): warning CS1591: 缺少对公共可见类型或成员“ResourcePaths.Entity_AbilityEntity”的 XML 注释 [E:\Godot\Games\MyGames\复刻土豆兄弟\brotato-my\Brotato_my.csproj]
E:\Godot\Games\MyGames\复刻土豆兄弟\brotato-my\Data\ResourceManagement\ResourcePaths.cs(26,25): warning CS1591: 缺少对公共可见类型或成员“ResourcePaths.Entity_EffectEntity”的 XML 注释 [E:\Godot\Games\MyGames\复刻土豆兄弟\brotato-my\Brotato_my.csproj]
E:\Godot\Games\MyGames\复刻土豆兄弟\brotato-my\Data\ResourceManagement\ResourcePaths.cs(27,25): warning CS1591: 缺少对公共可见类型或成员“ResourcePaths.Entity_EnemyEntity”的 XML 注释 [E:\Godot\Games\MyGames\复刻土豆兄弟\brotato-my\Brotato_my.csproj]
E:\Godot\Games\MyGames\复刻土豆兄弟\brotato-my\Data\ResourceManagement\ResourcePaths.cs(28,25): warning CS1591: 缺少对公共可见类型或成员“ResourcePaths.Entity_LightningLineEffect”的 XML 注释 [E:\Godot\Games\MyGames\复刻土豆兄弟\brotato-my\Brotato_my.csproj]
E:\Godot\Games\MyGames\复刻土豆兄弟\brotato-my\Data\ResourceManagement\ResourcePaths.cs(29,25): warning CS1591: 缺少对公共可见类型或成员“ResourcePaths.Entity_MovementAbilityEntity”的 XML 注释 [E:\Godot\Games\MyGames\复刻土豆兄弟\brotato-my\Brotato_my.csproj]
E:\Godot\Games\MyGames\复刻土豆兄弟\brotato-my\Data\ResourceManagement\ResourcePaths.cs(30,25): warning CS1591: 缺少对公共可见类型或成员“ResourcePaths.Entity_PlayerEntity”的 XML 注释 [E:\Godot\Games\MyGames\复刻土豆兄弟\brotato-my\Brotato_my.csproj]
E:\Godot\Games\MyGames\复刻土豆兄弟\brotato-my\Data\ResourceManagement\ResourcePaths.cs(31,25): warning CS1591: 缺少对公共可见类型或成员“ResourcePaths.Entity_ProjectileEntity”的 XML 注释 [E:\Godot\Games\MyGames\复刻土豆兄弟\brotato-my\Brotato_my.csproj]
E:\Godot\Games\MyGames\复刻土豆兄弟\brotato-my\Data\ResourceManagement\ResourcePaths.cs(32,25): warning CS1591: 缺少对公共可见类型或成员“ResourcePaths.Entity_TargetingIndicatorEntity”的 XML 注释 [E:\Godot\Games\MyGames\复刻土豆兄弟\brotato-my\Brotato_my.csproj]
E:\Godot\Games\MyGames\复刻土豆兄弟\brotato-my\Data\ResourceManagement\ResourcePaths.cs(35,25): warning CS1591: 缺少对公共可见类型或成员“ResourcePaths.Component_AbilityPreset”的 XML 注释 [E:\Godot\Games\MyGames\复刻土豆兄弟\brotato-my\Brotato_my.csproj]
E:\Godot\Games\MyGames\复刻土豆兄弟\brotato-my\Data\ResourceManagement\ResourcePaths.cs(36,25): warning CS1591: 缺少对公共可见类型或成员“ResourcePaths.Component_AbilityTargetSelectionComponent”的 XML 注释 [E:\Godot\Games\MyGames\复刻土豆兄弟\brotato-my\Brotato_my.csproj]
E:\Godot\Games\MyGames\复刻土豆兄弟\brotato-my\Data\ResourceManagement\ResourcePaths.cs(37,25): warning CS1591: 缺少对公共可见类型或成员“ResourcePaths.Component_ActiveSkillInputComponent”的 XML 注释 [E:\Godot\Games\MyGames\复刻土豆兄弟\brotato-my\Brotato_my.csproj]
E:\Godot\Games\MyGames\复刻土豆兄弟\brotato-my\Data\ResourceManagement\ResourcePaths.cs(38,25): warning CS1591: 缺少对公共可见类型或成员“ResourcePaths.Component_AIComponent”的 XML 注释 [E:\Godot\Games\MyGames\复刻土豆兄弟\brotato-my\Brotato_my.csproj]
E:\Godot\Games\MyGames\复刻土豆兄弟\brotato-my\Data\ResourceManagement\ResourcePaths.cs(39,25): warning CS1591: 缺少对公共可见类型或成员“ResourcePaths.Component_AttackComponent”的 XML 注释 [E:\Godot\Games\MyGames\复刻土豆兄弟\brotato-my\Brotato_my.csproj]
E:\Godot\Games\MyGames\复刻土豆兄弟\brotato-my\Data\ResourceManagement\ResourcePaths.cs(40,25): warning CS1591: 缺少对公共可见类型或成员“ResourcePaths.Component_ChargeComponent”的 XML 注释 [E:\Godot\Games\MyGames\复刻土豆兄弟\brotato-my\Brotato_my.csproj]
E:\Godot\Games\MyGames\复刻土豆兄弟\brotato-my\Data\ResourceManagement\ResourcePaths.cs(41,25): warning CS1591: 缺少对公共可见类型或成员“ResourcePaths.Component_CollisionComponent”的 XML 注释 [E:\Godot\Games\MyGames\复刻土豆兄弟\brotato-my\Brotato_my.csproj]
E:\Godot\Games\MyGames\复刻土豆兄弟\brotato-my\Data\ResourceManagement\ResourcePaths.cs(42,25): warning CS1591: 缺少对公共可见类型或成员“ResourcePaths.Component_ContactDamageComponent”的 XML 注释 [E:\Godot\Games\MyGames\复刻土豆兄弟\brotato-my\Brotato_my.csproj]
E:\Godot\Games\MyGames\复刻土豆兄弟\brotato-my\Data\ResourceManagement\ResourcePaths.cs(43,25): warning CS1591: 缺少对公共可见类型或成员“ResourcePaths.Component_CooldownComponent”的 XML 注释 [E:\Godot\Games\MyGames\复刻土豆兄弟\brotato-my\Brotato_my.csproj]
E:\Godot\Games\MyGames\复刻土豆兄弟\brotato-my\Data\ResourceManagement\ResourcePaths.cs(44,25): warning CS1591: 缺少对公共可见类型或成员“ResourcePaths.Component_CostComponent”的 XML 注释 [E:\Godot\Games\MyGames\复刻土豆兄弟\brotato-my\Brotato_my.csproj]
E:\Godot\Games\MyGames\复刻土豆兄弟\brotato-my\Data\ResourceManagement\ResourcePaths.cs(45,25): warning CS1591: 缺少对公共可见类型或成员“ResourcePaths.Component_DataInitComponent”的 XML 注释 [E:\Godot\Games\MyGames\复刻土豆兄弟\brotato-my\Brotato_my.csproj]
E:\Godot\Games\MyGames\复刻土豆兄弟\brotato-my\Data\ResourceManagement\ResourcePaths.cs(46,25): warning CS1591: 缺少对公共可见类型或成员“ResourcePaths.Component_EffectComponent”的 XML 注释 [E:\Godot\Games\MyGames\复刻土豆兄弟\brotato-my\Brotato_my.csproj]
E:\Godot\Games\MyGames\复刻土豆兄弟\brotato-my\Data\ResourceManagement\ResourcePaths.cs(47,25): warning CS1591: 缺少对公共可见类型或成员“ResourcePaths.Component_EnemyPreset”的 XML 注释 [E:\Godot\Games\MyGames\复刻土豆兄弟\brotato-my\Brotato_my.csproj]
E:\Godot\Games\MyGames\复刻土豆兄弟\brotato-my\Data\ResourceManagement\ResourcePaths.cs(48,25): warning CS1591: 缺少对公共可见类型或成员“ResourcePaths.Component_EntityMovementComponent”的 XML 注释 [E:\Godot\Games\MyGames\复刻土豆兄弟\brotato-my\Brotato_my.csproj]
E:\Godot\Games\MyGames\复刻土豆兄弟\brotato-my\Data\ResourceManagement\ResourcePaths.cs(49,25): warning CS1591: 缺少对公共可见类型或成员“ResourcePaths.Component_HealthComponent”的 XML 注释 [E:\Godot\Games\MyGames\复刻土豆兄弟\brotato-my\Brotato_my.csproj]
E:\Godot\Games\MyGames\复刻土豆兄弟\brotato-my\Data\ResourceManagement\ResourcePaths.cs(50,25): warning CS1591: 缺少对公共可见类型或成员“ResourcePaths.Component_HurtboxComponent”的 XML 注释 [E:\Godot\Games\MyGames\复刻土豆兄弟\brotato-my\Brotato_my.csproj]
E:\Godot\Games\MyGames\复刻土豆兄弟\brotato-my\Data\ResourceManagement\ResourcePaths.cs(51,25): warning CS1591: 缺少对公共可见类型或成员“ResourcePaths.Component_LifecycleComponent”的 XML 注释 [E:\Godot\Games\MyGames\复刻土豆兄弟\brotato-my\Brotato_my.csproj]
E:\Godot\Games\MyGames\复刻土豆兄弟\brotato-my\Data\ResourceManagement\ResourcePaths.cs(52,25): warning CS1591: 缺少对公共可见类型或成员“ResourcePaths.Component_PickupComponent”的 XML 注释 [E:\Godot\Games\MyGames\复刻土豆兄弟\brotato-my\Brotato_my.csproj]
E:\Godot\Games\MyGames\复刻土豆兄弟\brotato-my\Data\ResourceManagement\ResourcePaths.cs(53,25): warning CS1591: 缺少对公共可见类型或成员“ResourcePaths.Component_PlayerPreset”的 XML 注释 [E:\Godot\Games\MyGames\复刻土豆兄弟\brotato-my\Brotato_my.csproj]
E:\Godot\Games\MyGames\复刻土豆兄弟\brotato-my\Data\ResourceManagement\ResourcePaths.cs(54,25): warning CS1591: 缺少对公共可见类型或成员“ResourcePaths.Component_RecoveryComponent”的 XML 注释 [E:\Godot\Games\MyGames\复刻土豆兄弟\brotato-my\Brotato_my.csproj]
E:\Godot\Games\MyGames\复刻土豆兄弟\brotato-my\Data\ResourceManagement\ResourcePaths.cs(55,25): warning CS1591: 缺少对公共可见类型或成员“ResourcePaths.Component_TargetingIndicatorControlComponent”的 XML 注释 [E:\Godot\Games\MyGames\复刻土豆兄弟\brotato-my\Brotato_my.csproj]
E:\Godot\Games\MyGames\复刻土豆兄弟\brotato-my\Data\ResourceManagement\ResourcePaths.cs(56,25): warning CS1591: 缺少对公共可见类型或成员“ResourcePaths.Component_TriggerComponent”的 XML 注释 [E:\Godot\Games\MyGames\复刻土豆兄弟\brotato-my\Brotato_my.csproj]
E:\Godot\Games\MyGames\复刻土豆兄弟\brotato-my\Data\ResourceManagement\ResourcePaths.cs(57,25): warning CS1591: 缺少对公共可见类型或成员“ResourcePaths.Component_UnitAnimationComponent”的 XML 注释 [E:\Godot\Games\MyGames\复刻土豆兄弟\brotato-my\Brotato_my.csproj]
E:\Godot\Games\MyGames\复刻土豆兄弟\brotato-my\Data\ResourceManagement\ResourcePaths.cs(58,25): warning CS1591: 缺少对公共可见类型或成员“ResourcePaths.Component_UnitCorePreset”的 XML 注释 [E:\Godot\Games\MyGames\复刻土豆兄弟\brotato-my\Brotato_my.csproj]
E:\Godot\Games\MyGames\复刻土豆兄弟\brotato-my\Data\ResourceManagement\ResourcePaths.cs(59,25): warning CS1591: 缺少对公共可见类型或成员“ResourcePaths.Component_UnitStateComponent”的 XML 注释 [E:\Godot\Games\MyGames\复刻土豆兄弟\brotato-my\Brotato_my.csproj]
E:\Godot\Games\MyGames\复刻土豆兄弟\brotato-my\Data\ResourceManagement\ResourcePaths.cs(62,25): warning CS1591: 缺少对公共可见类型或成员“ResourcePaths.UI_ActiveSkillBarUI”的 XML 注释 [E:\Godot\Games\MyGames\复刻土豆兄弟\brotato-my\Brotato_my.csproj]
E:\Godot\Games\MyGames\复刻土豆兄弟\brotato-my\Data\ResourceManagement\ResourcePaths.cs(63,25): warning CS1591: 缺少对公共可见类型或成员“ResourcePaths.UI_ActiveSkillSlotUI”的 XML 注释 [E:\Godot\Games\MyGames\复刻土豆兄弟\brotato-my\Brotato_my.csproj]
E:\Godot\Games\MyGames\复刻土豆兄弟\brotato-my\Data\ResourceManagement\ResourcePaths.cs(64,25): warning CS1591: 缺少对公共可见类型或成员“ResourcePaths.UI_DamageNumberUI”的 XML 注释 [E:\Godot\Games\MyGames\复刻土豆兄弟\brotato-my\Brotato_my.csproj]
E:\Godot\Games\MyGames\复刻土豆兄弟\brotato-my\Data\ResourceManagement\ResourcePaths.cs(65,25): warning CS1591: 缺少对公共可见类型或成员“ResourcePaths.UI_HealthBarUI”的 XML 注释 [E:\Godot\Games\MyGames\复刻土豆兄弟\brotato-my\Brotato_my.csproj]
E:\Godot\Games\MyGames\复刻土豆兄弟\brotato-my\Data\ResourceManagement\ResourcePaths.cs(66,25): warning CS1591: 缺少对公共可见类型或成员“ResourcePaths.UI_UIManager”的 XML 注释 [E:\Godot\Games\MyGames\复刻土豆兄弟\brotato-my\Brotato_my.csproj]
E:\Godot\Games\MyGames\复刻土豆兄弟\brotato-my\Data\ResourceManagement\ResourcePaths.cs(71,25): warning CS1591: 缺少对公共可见类型或成员“ResourcePaths.AssetEffect_003”的 XML 注释 [E:\Godot\Games\MyGames\复刻土豆兄弟\brotato-my\Brotato_my.csproj]
E:\Godot\Games\MyGames\复刻土豆兄弟\brotato-my\Data\ResourceManagement\ResourcePaths.cs(72,25): warning CS1591: 缺少对公共可见类型或成员“ResourcePaths.AssetEffect_004龙卷风”的 XML 注释 [E:\Godot\Games\MyGames\复刻土豆兄弟\brotato-my\Brotato_my.csproj]
E:\Godot\Games\MyGames\复刻土豆兄弟\brotato-my\Data\ResourceManagement\ResourcePaths.cs(73,25): warning CS1591: 缺少对公共可见类型或成员“ResourcePaths.AssetEffect_020”的 XML 注释 [E:\Godot\Games\MyGames\复刻土豆兄弟\brotato-my\Brotato_my.csproj]
E:\Godot\Games\MyGames\复刻土豆兄弟\brotato-my\Data\ResourceManagement\ResourcePaths.cs(74,25): warning CS1591: 缺少对公共可见类型或成员“ResourcePaths.AssetEffect_lrsc3”的 XML 注释 [E:\Godot\Games\MyGames\复刻土豆兄弟\brotato-my\Brotato_my.csproj]
E:\Godot\Games\MyGames\复刻土豆兄弟\brotato-my\Data\ResourceManagement\ResourcePaths.cs(79,25): warning CS1591: 缺少对公共可见类型或成员“ResourcePaths.AssetUnitEnemy_chailangren”的 XML 注释 [E:\Godot\Games\MyGames\复刻土豆兄弟\brotato-my\Brotato_my.csproj]
E:\Godot\Games\MyGames\复刻土豆兄弟\brotato-my\Data\ResourceManagement\ResourcePaths.cs(80,25): warning CS1591: 缺少对公共可见类型或成员“ResourcePaths.AssetUnitEnemy_yuren”的 XML 注释 [E:\Godot\Games\MyGames\复刻土豆兄弟\brotato-my\Brotato_my.csproj]
E:\Godot\Games\MyGames\复刻土豆兄弟\brotato-my\Data\ResourceManagement\ResourcePaths.cs(83,25): warning CS1591: 缺少对公共可见类型或成员“ResourcePaths.AssetUnitPlayer_bubing”的 XML 注释 [E:\Godot\Games\MyGames\复刻土豆兄弟\brotato-my\Brotato_my.csproj]
E:\Godot\Games\MyGames\复刻土豆兄弟\brotato-my\Data\ResourceManagement\ResourcePaths.cs(84,25): warning CS1591: 缺少对公共可见类型或成员“ResourcePaths.AssetUnitPlayer_deluyi”的 XML 注释 [E:\Godot\Games\MyGames\复刻土豆兄弟\brotato-my\Brotato_my.csproj]
E:\Godot\Games\MyGames\复刻土豆兄弟\brotato-my\Data\ResourceManagement\ResourcePaths.cs(85,25): warning CS1591: 缺少对公共可见类型或成员“ResourcePaths.AssetUnitPlayer_guangfa”的 XML 注释 [E:\Godot\Games\MyGames\复刻土豆兄弟\brotato-my\Brotato_my.csproj]
E:\Godot\Games\MyGames\复刻土豆兄弟\brotato-my\Data\ResourceManagement\ResourcePaths.cs(88,25): warning CS1591: 缺少对公共可见类型或成员“ResourcePaths.AssetProjectile_ArrowNeedle”的 XML 注释 [E:\Godot\Games\MyGames\复刻土豆兄弟\brotato-my\Brotato_my.csproj]
E:\Godot\Games\MyGames\复刻土豆兄弟\brotato-my\Data\ResourceManagement\ResourcePaths.cs(89,25): warning CS1591: 缺少对公共可见类型或成员“ResourcePaths.AssetProjectile_BoomerangChevron”的 XML 注释 [E:\Godot\Games\MyGames\复刻土豆兄弟\brotato-my\Brotato_my.csproj]
E:\Godot\Games\MyGames\复刻土豆兄弟\brotato-my\Data\ResourceManagement\ResourcePaths.cs(90,25): warning CS1591: 缺少对公共可见类型或成员“ResourcePaths.AssetProjectile_BulletDiamond”的 XML 注释 [E:\Godot\Games\MyGames\复刻土豆兄弟\brotato-my\Brotato_my.csproj]
E:\Godot\Games\MyGames\复刻土豆兄弟\brotato-my\Data\ResourceManagement\ResourcePaths.cs(91,25): warning CS1591: 缺少对公共可见类型或成员“ResourcePaths.AssetProjectile_LaserBolt”的 XML 注释 [E:\Godot\Games\MyGames\复刻土豆兄弟\brotato-my\Brotato_my.csproj]
E:\Godot\Games\MyGames\复刻土豆兄弟\brotato-my\Data\ResourceManagement\ResourcePaths.cs(94,25): warning CS1591: 缺少对公共可见类型或成员“ResourcePaths.System_DamageService”的 XML 注释 [E:\Godot\Games\MyGames\复刻土豆兄弟\brotato-my\Brotato_my.csproj]
E:\Godot\Games\MyGames\复刻土豆兄弟\brotato-my\Data\ResourceManagement\ResourcePaths.cs(95,25): warning CS1591: 缺少对公共可见类型或成员“ResourcePaths.System_DamageStatisticsSystem”的 XML 注释 [E:\Godot\Games\MyGames\复刻土豆兄弟\brotato-my\Brotato_my.csproj]
E:\Godot\Games\MyGames\复刻土豆兄弟\brotato-my\Data\ResourceManagement\ResourcePaths.cs(96,25): warning CS1591: 缺少对公共可见类型或成员“ResourcePaths.System_RecoverySystem”的 XML 注释 [E:\Godot\Games\MyGames\复刻土豆兄弟\brotato-my\Brotato_my.csproj]
E:\Godot\Games\MyGames\复刻土豆兄弟\brotato-my\Data\ResourceManagement\ResourcePaths.cs(97,25): warning CS1591: 缺少对公共可见类型或成员“ResourcePaths.System_SpawnSystem”的 XML 注释 [E:\Godot\Games\MyGames\复刻土豆兄弟\brotato-my\Brotato_my.csproj]
E:\Godot\Games\MyGames\复刻土豆兄弟\brotato-my\Data\ResourceManagement\ResourcePaths.cs(100,25): warning CS1591: 缺少对公共可见类型或成员“ResourcePaths.Tools_ObjectPoolInit”的 XML 注释 [E:\Godot\Games\MyGames\复刻土豆兄弟\brotato-my\Brotato_my.csproj]
E:\Godot\Games\MyGames\复刻土豆兄弟\brotato-my\Data\ResourceManagement\ResourcePaths.cs(101,25): warning CS1591: 缺少对公共可见类型或成员“ResourcePaths.Tools_TimerManager”的 XML 注释 [E:\Godot\Games\MyGames\复刻土豆兄弟\brotato-my\Brotato_my.csproj]
E:\Godot\Games\MyGames\复刻土豆兄弟\brotato-my\Data\ResourceManagement\ResourcePaths.cs(106,25): warning CS1591: 缺少对公共可见类型或成员“ResourcePaths.DataAbility_ArcShotConfig”的 XML 注释 [E:\Godot\Games\MyGames\复刻土豆兄弟\brotato-my\Brotato_my.csproj]
E:\Godot\Games\MyGames\复刻土豆兄弟\brotato-my\Data\ResourceManagement\ResourcePaths.cs(107,25): warning CS1591: 缺少对公共可见类型或成员“ResourcePaths.DataAbility_AuraShieldConfig”的 XML 注释 [E:\Godot\Games\MyGames\复刻土豆兄弟\brotato-my\Brotato_my.csproj]
E:\Godot\Games\MyGames\复刻土豆兄弟\brotato-my\Data\ResourceManagement\ResourcePaths.cs(108,25): warning CS1591: 缺少对公共可见类型或成员“ResourcePaths.DataAbility_BezierShotConfig”的 XML 注释 [E:\Godot\Games\MyGames\复刻土豆兄弟\brotato-my\Brotato_my.csproj]
E:\Godot\Games\MyGames\复刻土豆兄弟\brotato-my\Data\ResourceManagement\ResourcePaths.cs(109,25): warning CS1591: 缺少对公共可见类型或成员“ResourcePaths.DataAbility_BoomerangThrowConfig”的 XML 注释 [E:\Godot\Games\MyGames\复刻土豆兄弟\brotato-my\Brotato_my.csproj]
E:\Godot\Games\MyGames\复刻土豆兄弟\brotato-my\Data\ResourceManagement\ResourcePaths.cs(110,25): warning CS1591: 缺少对公共可见类型或成员“ResourcePaths.DataAbility_ChainLightningConfig”的 XML 注释 [E:\Godot\Games\MyGames\复刻土豆兄弟\brotato-my\Brotato_my.csproj]
E:\Godot\Games\MyGames\复刻土豆兄弟\brotato-my\Data\ResourceManagement\ResourcePaths.cs(111,25): warning CS1591: 缺少对公共可见类型或成员“ResourcePaths.DataAbility_CircleDamageConfig”的 XML 注释 [E:\Godot\Games\MyGames\复刻土豆兄弟\brotato-my\Brotato_my.csproj]
E:\Godot\Games\MyGames\复刻土豆兄弟\brotato-my\Data\ResourceManagement\ResourcePaths.cs(112,25): warning CS1591: 缺少对公共可见类型或成员“ResourcePaths.DataAbility_DashConfig”的 XML 注释 [E:\Godot\Games\MyGames\复刻土豆兄弟\brotato-my\Brotato_my.csproj]
E:\Godot\Games\MyGames\复刻土豆兄弟\brotato-my\Data\ResourceManagement\ResourcePaths.cs(113,25): warning CS1591: 缺少对公共可见类型或成员“ResourcePaths.DataAbility_OrbitSkillConfig”的 XML 注释 [E:\Godot\Games\MyGames\复刻土豆兄弟\brotato-my\Brotato_my.csproj]
E:\Godot\Games\MyGames\复刻土豆兄弟\brotato-my\Data\ResourceManagement\ResourcePaths.cs(114,25): warning CS1591: 缺少对公共可见类型或成员“ResourcePaths.DataAbility_ParabolaShotConfig”的 XML 注释 [E:\Godot\Games\MyGames\复刻土豆兄弟\brotato-my\Brotato_my.csproj]
E:\Godot\Games\MyGames\复刻土豆兄弟\brotato-my\Data\ResourceManagement\ResourcePaths.cs(115,25): warning CS1591: 缺少对公共可见类型或成员“ResourcePaths.DataAbility_SineWaveShotConfig”的 XML 注释 [E:\Godot\Games\MyGames\复刻土豆兄弟\brotato-my\Brotato_my.csproj]
E:\Godot\Games\MyGames\复刻土豆兄弟\brotato-my\Data\ResourceManagement\ResourcePaths.cs(116,25): warning CS1591: 缺少对公共可见类型或成员“ResourcePaths.DataAbility_SlamConfig”的 XML 注释 [E:\Godot\Games\MyGames\复刻土豆兄弟\brotato-my\Brotato_my.csproj]
E:\Godot\Games\MyGames\复刻土豆兄弟\brotato-my\Data\ResourceManagement\ResourcePaths.cs(117,25): warning CS1591: 缺少对公共可见类型或成员“ResourcePaths.DataAbility_TargetPointSkillConfig”的 XML 注释 [E:\Godot\Games\MyGames\复刻土豆兄弟\brotato-my\Brotato_my.csproj]
E:\Godot\Games\MyGames\复刻土豆兄弟\brotato-my\Data\ResourceManagement\ResourcePaths.cs(120,25): warning CS1591: 缺少对公共可见类型或成员“ResourcePaths.DataUnit_chailangren”的 XML 注释 [E:\Godot\Games\MyGames\复刻土豆兄弟\brotato-my\Brotato_my.csproj]
E:\Godot\Games\MyGames\复刻土豆兄弟\brotato-my\Data\ResourceManagement\ResourcePaths.cs(121,25): warning CS1591: 缺少对公共可见类型或成员“ResourcePaths.DataUnit_deluyi”的 XML 注释 [E:\Godot\Games\MyGames\复刻土豆兄弟\brotato-my\Brotato_my.csproj]
E:\Godot\Games\MyGames\复刻土豆兄弟\brotato-my\Data\ResourceManagement\ResourcePaths.cs(122,25): warning CS1591: 缺少对公共可见类型或成员“ResourcePaths.DataUnit_TargetingIndicatorConfig”的 XML 注释 [E:\Godot\Games\MyGames\复刻土豆兄弟\brotato-my\Brotato_my.csproj]
E:\Godot\Games\MyGames\复刻土豆兄弟\brotato-my\Data\ResourceManagement\ResourcePaths.cs(123,25): warning CS1591: 缺少对公共可见类型或成员“ResourcePaths.DataUnit_yuren”的 XML 注释 [E:\Godot\Games\MyGames\复刻土豆兄弟\brotato-my\Brotato_my.csproj]
E:\Godot\Games\MyGames\复刻土豆兄弟\brotato-my\Data\ResourceManagement\ResourcePaths.cs(128,25): warning CS1591: 缺少对公共可见类型或成员“ResourcePaths.Test_ActiveSkillInputTest”的 XML 注释 [E:\Godot\Games\MyGames\复刻土豆兄弟\brotato-my\Brotato_my.csproj]
E:\Godot\Games\MyGames\复刻土豆兄弟\brotato-my\Data\ResourceManagement\ResourcePaths.cs(129,25): warning CS1591: 缺少对公共可见类型或成员“ResourcePaths.Test_DamageSystemTest”的 XML 注释 [E:\Godot\Games\MyGames\复刻土豆兄弟\brotato-my\Brotato_my.csproj]
E:\Godot\Games\MyGames\复刻土豆兄弟\brotato-my\Data\ResourceManagement\ResourcePaths.cs(130,25): warning CS1591: 缺少对公共可见类型或成员“ResourcePaths.Test_DataTestScene”的 XML 注释 [E:\Godot\Games\MyGames\复刻土豆兄弟\brotato-my\Brotato_my.csproj]
E:\Godot\Games\MyGames\复刻土豆兄弟\brotato-my\Data\ResourceManagement\ResourcePaths.cs(131,25): warning CS1591: 缺少对公共可见类型或成员“ResourcePaths.Test_ECSTestScene”的 XML 注释 [E:\Godot\Games\MyGames\复刻土豆兄弟\brotato-my\Brotato_my.csproj]
E:\Godot\Games\MyGames\复刻土豆兄弟\brotato-my\Data\ResourceManagement\ResourcePaths.cs(132,25): warning CS1591: 缺少对公共可见类型或成员“ResourcePaths.Test_ExportTest”的 XML 注释 [E:\Godot\Games\MyGames\复刻土豆兄弟\brotato-my\Brotato_my.csproj]
E:\Godot\Games\MyGames\复刻土豆兄弟\brotato-my\Data\ResourceManagement\ResourcePaths.cs(133,25): warning CS1591: 缺少对公共可见类型或成员“ResourcePaths.Test_InputTest”的 XML 注释 [E:\Godot\Games\MyGames\复刻土豆兄弟\brotato-my\Brotato_my.csproj]
E:\Godot\Games\MyGames\复刻土豆兄弟\brotato-my\Data\ResourceManagement\ResourcePaths.cs(134,25): warning CS1591: 缺少对公共可见类型或成员“ResourcePaths.Test_LogTest”的 XML 注释 [E:\Godot\Games\MyGames\复刻土豆兄弟\brotato-my\Brotato_my.csproj]
E:\Godot\Games\MyGames\复刻土豆兄弟\brotato-my\Data\ResourceManagement\ResourcePaths.cs(135,25): warning CS1591: 缺少对公共可见类型或成员“ResourcePaths.Test_MainTest”的 XML 注释 [E:\Godot\Games\MyGames\复刻土豆兄弟\brotato-my\Brotato_my.csproj]
E:\Godot\Games\MyGames\复刻土豆兄弟\brotato-my\Data\ResourceManagement\ResourcePaths.cs(136,25): warning CS1591: 缺少对公共可见类型或成员“ResourcePaths.Test_MovementComponentTestScene”的 XML 注释 [E:\Godot\Games\MyGames\复刻土豆兄弟\brotato-my\Brotato_my.csproj]
E:\Godot\Games\MyGames\复刻土豆兄弟\brotato-my\Data\ResourceManagement\ResourcePaths.cs(137,25): warning CS1591: 缺少对公共可见类型或成员“ResourcePaths.Test_MovementTestEntity”的 XML 注释 [E:\Godot\Games\MyGames\复刻土豆兄弟\brotato-my\Brotato_my.csproj]
E:\Godot\Games\MyGames\复刻土豆兄弟\brotato-my\Data\ResourceManagement\ResourcePaths.cs(138,25): warning CS1591: 缺少对公共可见类型或成员“ResourcePaths.Test_MyMathTest”的 XML 注释 [E:\Godot\Games\MyGames\复刻土豆兄弟\brotato-my\Brotato_my.csproj]
E:\Godot\Games\MyGames\复刻土豆兄弟\brotato-my\Data\ResourceManagement\ResourcePaths.cs(139,25): warning CS1591: 缺少对公共可见类型或成员“ResourcePaths.Test_ObjectPoolManagerTest”的 XML 注释 [E:\Godot\Games\MyGames\复刻土豆兄弟\brotato-my\Brotato_my.csproj]
E:\Godot\Games\MyGames\复刻土豆兄弟\brotato-my\Data\ResourceManagement\ResourcePaths.cs(140,25): warning CS1591: 缺少对公共可见类型或成员“ResourcePaths.Test_ObjectPoolVisualTest”的 XML 注释 [E:\Godot\Games\MyGames\复刻土豆兄弟\brotato-my\Brotato_my.csproj]
E:\Godot\Games\MyGames\复刻土豆兄弟\brotato-my\Data\ResourceManagement\ResourcePaths.cs(141,25): warning CS1591: 缺少对公共可见类型或成员“ResourcePaths.Test_SpawnTestScene”的 XML 注释 [E:\Godot\Games\MyGames\复刻土豆兄弟\brotato-my\Brotato_my.csproj]
E:\Godot\Games\MyGames\复刻土豆兄弟\brotato-my\Data\ResourceManagement\ResourcePaths.cs(142,25): warning CS1591: 缺少对公共可见类型或成员“ResourcePaths.Test_TargetSelectorTest”的 XML 注释 [E:\Godot\Games\MyGames\复刻土豆兄弟\brotato-my\Brotato_my.csproj]
E:\Godot\Games\MyGames\复刻土豆兄弟\brotato-my\Data\ResourceManagement\ResourcePaths.cs(143,25): warning CS1591: 缺少对公共可见类型或成员“ResourcePaths.Test_TestDataKeyMapping”的 XML 注释 [E:\Godot\Games\MyGames\复刻土豆兄弟\brotato-my\Brotato_my.csproj]
E:\Godot\Games\MyGames\复刻土豆兄弟\brotato-my\Data\ResourceManagement\ResourcePaths.cs(144,25): warning CS1591: 缺少对公共可见类型或成员“ResourcePaths.Test_TestEntity”的 XML 注释 [E:\Godot\Games\MyGames\复刻土豆兄弟\brotato-my\Brotato_my.csproj]
E:\Godot\Games\MyGames\复刻土豆兄弟\brotato-my\Data\ResourceManagement\ResourcePaths.cs(148,91): warning CS1591: 缺少对公共可见类型或成员“ResourcePaths.Resources”的 XML 注释 [E:\Godot\Games\MyGames\复刻土豆兄弟\brotato-my\Brotato_my.csproj]
E:\Godot\Games\MyGames\复刻土豆兄弟\brotato-my\Src\AI\Core\BehaviorNode.cs(28,15): warning CS1591: 缺少对公共可见类型或成员“BehaviorNode.BehaviorNode(string)”的 XML 注释 [E:\Godot\Games\MyGames\复刻土豆兄弟\brotato-my\Brotato_my.csproj]
E:\Godot\Games\MyGames\复刻土豆兄弟\brotato-my\Src\AI\Core\BehaviorTreeRunner.cs(23,12): warning CS1591: 缺少对公共可见类型或成员“BehaviorTreeRunner.BehaviorTreeRunner(BehaviorNode)”的 XML 注释 [E:\Godot\Games\MyGames\复刻土豆兄弟\brotato-my\Brotato_my.csproj]
E:\Godot\Games\MyGames\复刻土豆兄弟\brotato-my\Src\AI\Core\CompositeNode.cs(19,15): warning CS1591: 缺少对公共可见类型或成员“CompositeNode.CompositeNode(string)”的 XML 注释 [E:\Godot\Games\MyGames\复刻土豆兄弟\brotato-my\Brotato_my.csproj]
E:\Godot\Games\MyGames\复刻土豆兄弟\brotato-my\Src\AI\Core\CompositeNode.cs(82,12): warning CS1591: 缺少对公共可见类型或成员“SequenceNode.SequenceNode(string)”的 XML 注释 [E:\Godot\Games\MyGames\复刻土豆兄弟\brotato-my\Brotato_my.csproj]
E:\Godot\Games\MyGames\复刻土豆兄弟\brotato-my\Src\AI\Core\CompositeNode.cs(84,31): warning CS1591: 缺少对公共可见类型或成员“SequenceNode.Evaluate(AIContext)”的 XML 注释 [E:\Godot\Games\MyGames\复刻土豆兄弟\brotato-my\Brotato_my.csproj]
E:\Godot\Games\MyGames\复刻土豆兄弟\brotato-my\Src\AI\Core\CompositeNode.cs(141,12): warning CS1591: 缺少对公共可见类型或成员“SelectorNode.SelectorNode(string)”的 XML 注释 [E:\Godot\Games\MyGames\复刻土豆兄弟\brotato-my\Brotato_my.csproj]
E:\Godot\Games\MyGames\复刻土豆兄弟\brotato-my\Src\AI\Core\CompositeNode.cs(143,31): warning CS1591: 缺少对公共可见类型或成员“SelectorNode.Evaluate(AIContext)”的 XML 注释 [E:\Godot\Games\MyGames\复刻土豆兄弟\brotato-my\Brotato_my.csproj]
E:\Godot\Games\MyGames\复刻土豆兄弟\brotato-my\Src\AI\Core\DecoratorNode.cs(15,15): warning CS1591: 缺少对公共可见类型或成员“DecoratorNode.DecoratorNode(BehaviorNode, string)”的 XML 注释 [E:\Godot\Games\MyGames\复刻土豆兄弟\brotato-my\Brotato_my.csproj]
E:\Godot\Games\MyGames\复刻土豆兄弟\brotato-my\Src\AI\Core\DecoratorNode.cs(43,12): warning CS1591: 缺少对公共可见类型或成员“InverterNode.InverterNode(BehaviorNode)”的 XML 注释 [E:\Godot\Games\MyGames\复刻土豆兄弟\brotato-my\Brotato_my.csproj]
E:\Godot\Games\MyGames\复刻土豆兄弟\brotato-my\Src\AI\Core\DecoratorNode.cs(45,31): warning CS1591: 缺少对公共可见类型或成员“InverterNode.Evaluate(AIContext)”的 XML 注释 [E:\Godot\Games\MyGames\复刻土豆兄弟\brotato-my\Brotato_my.csproj]
E:\Godot\Games\MyGames\复刻土豆兄弟\brotato-my\Src\AI\Core\DecoratorNode.cs(71,12): warning CS1591: 缺少对公共可见类型或成员“AlwaysSucceedNode.AlwaysSucceedNode(BehaviorNode)”的 XML 注释 [E:\Godot\Games\MyGames\复刻土豆兄弟\brotato-my\Brotato_my.csproj]
E:\Godot\Games\MyGames\复刻土豆兄弟\brotato-my\Src\AI\Core\DecoratorNode.cs(73,31): warning CS1591: 缺少对公共可见类型或成员“AlwaysSucceedNode.Evaluate(AIContext)”的 XML 注释 [E:\Godot\Games\MyGames\复刻土豆兄弟\brotato-my\Brotato_my.csproj]
E:\Godot\Games\MyGames\复刻土豆兄弟\brotato-my\Src\AI\Core\DecoratorNode.cs(100,12): warning CS1591: 缺少对公共可见类型或成员“CooldownNode.CooldownNode(BehaviorNode, float)”的 XML 注释 [E:\Godot\Games\MyGames\复刻土豆兄弟\brotato-my\Brotato_my.csproj]
E:\Godot\Games\MyGames\复刻土豆兄弟\brotato-my\Src\AI\Core\DecoratorNode.cs(106,31): warning CS1591: 缺少对公共可见类型或成员“CooldownNode.Evaluate(AIContext)”的 XML 注释 [E:\Godot\Games\MyGames\复刻土豆兄弟\brotato-my\Brotato_my.csproj]
E:\Godot\Games\MyGames\复刻土豆兄弟\brotato-my\Src\AI\Core\LeafNode.cs(11,63): warning CS1574: XML 注释中有未能解析的 cref 特性“Data” [E:\Godot\Games\MyGames\复刻土豆兄弟\brotato-my\Brotato_my.csproj]
E:\Godot\Games\MyGames\复刻土豆兄弟\brotato-my\Src\Autoload\AutoLoad.cs(95,26): warning CS1591: 缺少对公共可见类型或成员“AutoLoad.Priority.Core”的 XML 注释 [E:\Godot\Games\MyGames\复刻土豆兄弟\brotato-my\Brotato_my.csproj]
E:\Godot\Games\MyGames\复刻土豆兄弟\brotato-my\Src\Autoload\AutoLoad.cs(96,26): warning CS1591: 缺少对公共可见类型或成员“AutoLoad.Priority.Tool”的 XML 注释 [E:\Godot\Games\MyGames\复刻土豆兄弟\brotato-my\Brotato_my.csproj]
E:\Godot\Games\MyGames\复刻土豆兄弟\brotato-my\Src\Autoload\AutoLoad.cs(97,26): warning CS1591: 缺少对公共可见类型或成员“AutoLoad.Priority.System”的 XML 注释 [E:\Godot\Games\MyGames\复刻土豆兄弟\brotato-my\Brotato_my.csproj]
E:\Godot\Games\MyGames\复刻土豆兄弟\brotato-my\Src\Autoload\AutoLoad.cs(98,26): warning CS1591: 缺少对公共可见类型或成员“AutoLoad.Priority.Game”的 XML 注释 [E:\Godot\Games\MyGames\复刻土豆兄弟\brotato-my\Brotato_my.csproj]
E:\Godot\Games\MyGames\复刻土豆兄弟\brotato-my\Src\Autoload\AutoLoad.cs(99,26): warning CS1591: 缺少对公共可见类型或成员“AutoLoad.Priority.Debug”的 XML 注释 [E:\Godot\Games\MyGames\复刻土豆兄弟\brotato-my\Brotato_my.csproj]
E:\Godot\Games\MyGames\复刻土豆兄弟\brotato-my\Src\ECS\Component\Ability\ChargeComponent\ChargeComponent.cs(133,26): warning CS1591: 缺少对公共可见类型或成员“ChargeComponent._ExitTree()”的 XML 注释 [E:\Godot\Games\MyGames\复刻土豆兄弟\brotato-my\Brotato_my.csproj]
E:\Godot\Games\MyGames\复刻土豆兄弟\brotato-my\Src\ECS\Component\Ability\CooldownComponent\CooldownComponent.cs(32,17): warning CS1591: 缺少对公共可见类型或成员“CooldownComponent.OnComponentRegistered(Node)”的 XML 注释 [E:\Godot\Games\MyGames\复刻土豆兄弟\brotato-my\Brotato_my.csproj]
E:\Godot\Games\MyGames\复刻土豆兄弟\brotato-my\Src\ECS\Component\Ability\CooldownComponent\CooldownComponent.cs(46,17): warning CS1591: 缺少对公共可见类型或成员“CooldownComponent.OnComponentUnregistered()”的 XML 注释 [E:\Godot\Games\MyGames\复刻土豆兄弟\brotato-my\Brotato_my.csproj]
E:\Godot\Games\MyGames\复刻土豆兄弟\brotato-my\Src\ECS\Component\Ability\CooldownComponent\CooldownComponent.cs(86,26): warning CS1591: 缺少对公共可见类型或成员“CooldownComponent._ExitTree()”的 XML 注释 [E:\Godot\Games\MyGames\复刻土豆兄弟\brotato-my\Brotato_my.csproj]
E:\Godot\Games\MyGames\复刻土豆兄弟\brotato-my\Src\ECS\Component\Ability\CostComponent\CostComponent.cs(35,17): warning CS1591: 缺少对公共可见类型或成员“CostComponent.OnComponentRegistered(Node)”的 XML 注释 [E:\Godot\Games\MyGames\复刻土豆兄弟\brotato-my\Brotato_my.csproj]
E:\Godot\Games\MyGames\复刻土豆兄弟\brotato-my\Src\ECS\Component\Ability\CostComponent\CostComponent.cs(47,17): warning CS1591: 缺少对公共可见类型或成员“CostComponent.OnComponentUnregistered()”的 XML 注释 [E:\Godot\Games\MyGames\复刻土豆兄弟\brotato-my\Brotato_my.csproj]
E:\Godot\Games\MyGames\复刻土豆兄弟\brotato-my\Src\ECS\Component\TemplateComponent.cs(44,17): warning CS1591: 缺少对公共可见类型或成员“TemplateComponent.OnComponentRegistered(Node)”的 XML 注释 [E:\Godot\Games\MyGames\复刻土豆兄弟\brotato-my\Brotato_my.csproj]
E:\Godot\Games\MyGames\复刻土豆兄弟\brotato-my\Src\ECS\Component\TemplateComponent.cs(65,17): warning CS1591: 缺少对公共可见类型或成员“TemplateComponent.OnComponentUnregistered()”的 XML 注释 [E:\Godot\Games\MyGames\复刻土豆兄弟\brotato-my\Brotato_my.csproj]
E:\Godot\Games\MyGames\复刻土豆兄弟\brotato-my\Src\ECS\Component\TemplateComponent.cs(76,26): warning CS1591: 缺少对公共可见类型或成员“TemplateComponent._Ready()”的 XML 注释 [E:\Godot\Games\MyGames\复刻土豆兄弟\brotato-my\Brotato_my.csproj]
E:\Godot\Games\MyGames\复刻土豆兄弟\brotato-my\Src\ECS\Component\TemplateComponent.cs(81,26): warning CS1591: 缺少对公共可见类型或成员“TemplateComponent._Process(double)”的 XML 注释 [E:\Godot\Games\MyGames\复刻土豆兄弟\brotato-my\Brotato_my.csproj]
E:\Godot\Games\MyGames\复刻土豆兄弟\brotato-my\Src\ECS\Component\Unit\Common\DataInitComponent\DataInitComponent.cs(20,17): warning CS1591: 缺少对公共可见类型或成员“DataInitComponent.OnComponentRegistered(Node)”的 XML 注释 [E:\Godot\Games\MyGames\复刻土豆兄弟\brotato-my\Brotato_my.csproj]
E:\Godot\Games\MyGames\复刻土豆兄弟\brotato-my\Src\ECS\Component\Unit\Common\DataInitComponent\DataInitComponent.cs(31,17): warning CS1591: 缺少对公共可见类型或成员“DataInitComponent.OnComponentUnregistered()”的 XML 注释 [E:\Godot\Games\MyGames\复刻土豆兄弟\brotato-my\Brotato_my.csproj]
E:\Godot\Games\MyGames\复刻土豆兄弟\brotato-my\Src\ECS\Component\Unit\Common\HealthComponent\HealthComponent.cs(44,17): warning CS1591: 缺少对公共可见类型或成员“HealthComponent.OnComponentRegistered(Node)”的 XML 注释 [E:\Godot\Games\MyGames\复刻土豆兄弟\brotato-my\Brotato_my.csproj]
E:\Godot\Games\MyGames\复刻土豆兄弟\brotato-my\Src\ECS\Component\Unit\Common\HealthComponent\HealthComponent.cs(58,17): warning CS1591: 缺少对公共可见类型或成员“HealthComponent.OnComponentUnregistered()”的 XML 注释 [E:\Godot\Games\MyGames\复刻土豆兄弟\brotato-my\Brotato_my.csproj]
E:\Godot\Games\MyGames\复刻土豆兄弟\brotato-my\Src\ECS\Component\Unit\Common\LifecycleComponent\LifecycleComponent.cs(11,5): warning CS1591: 缺少对公共可见类型或成员“LifecycleState.Alive”的 XML 注释 [E:\Godot\Games\MyGames\复刻土豆兄弟\brotato-my\Brotato_my.csproj]
E:\Godot\Games\MyGames\复刻土豆兄弟\brotato-my\Src\ECS\Component\Unit\Common\LifecycleComponent\LifecycleComponent.cs(12,5): warning CS1591: 缺少对公共可见类型或成员“LifecycleState.Dead”的 XML 注释 [E:\Godot\Games\MyGames\复刻土豆兄弟\brotato-my\Brotato_my.csproj]
E:\Godot\Games\MyGames\复刻土豆兄弟\brotato-my\Src\ECS\Component\Unit\Common\LifecycleComponent\LifecycleComponent.cs(13,5): warning CS1591: 缺少对公共可见类型或成员“LifecycleState.Reviving”的 XML 注释 [E:\Godot\Games\MyGames\复刻土豆兄弟\brotato-my\Brotato_my.csproj]
E:\Godot\Games\MyGames\复刻土豆兄弟\brotato-my\Src\ECS\Component\Unit\Common\LifecycleComponent\LifecycleComponent.cs(21,5): warning CS1591: 缺少对公共可见类型或成员“DeathType.Normal”的 XML 注释 [E:\Godot\Games\MyGames\复刻土豆兄弟\brotato-my\Brotato_my.csproj]
E:\Godot\Games\MyGames\复刻土豆兄弟\brotato-my\Src\ECS\Component\Unit\Common\LifecycleComponent\LifecycleComponent.cs(22,5): warning CS1591: 缺少对公共可见类型或成员“DeathType.Hero”的 XML 注释 [E:\Godot\Games\MyGames\复刻土豆兄弟\brotato-my\Brotato_my.csproj]
E:\Godot\Games\MyGames\复刻土豆兄弟\brotato-my\Src\ECS\Component\Unit\Common\LifecycleComponent\LifecycleComponent.cs(23,5): warning CS1591: 缺少对公共可见类型或成员“DeathType.Instant”的 XML 注释 [E:\Godot\Games\MyGames\复刻土豆兄弟\brotato-my\Brotato_my.csproj]
E:\Godot\Games\MyGames\复刻土豆兄弟\brotato-my\Src\ECS\Component\Unit\Common\LifecycleComponent\LifecycleComponent.cs(24,5): warning CS1591: 缺少对公共可见类型或成员“DeathType.Summon”的 XML 注释 [E:\Godot\Games\MyGames\复刻土豆兄弟\brotato-my\Brotato_my.csproj]
E:\Godot\Games\MyGames\复刻土豆兄弟\brotato-my\Src\ECS\Component\Unit\Common\RecoveryComponent\RecoveryComponent.cs(27,17): warning CS1591: 缺少对公共可见类型或成员“RecoveryComponent.OnComponentRegistered(Node)”的 XML 注释 [E:\Godot\Games\MyGames\复刻土豆兄弟\brotato-my\Brotato_my.csproj]
E:\Godot\Games\MyGames\复刻土豆兄弟\brotato-my\Src\ECS\Component\Unit\Common\RecoveryComponent\RecoveryComponent.cs(45,17): warning CS1591: 缺少对公共可见类型或成员“RecoveryComponent.OnComponentUnregistered()”的 XML 注释 [E:\Godot\Games\MyGames\复刻土豆兄弟\brotato-my\Brotato_my.csproj]
E:\Godot\Games\MyGames\复刻土豆兄弟\brotato-my\Src\ECS\Component\Unit\Common\UnitAnimationComponent\UnitAnimationComponent.cs(12,25): warning CS1591: 缺少对公共可见类型或成员“Anim.Idle”的 XML 注释 [E:\Godot\Games\MyGames\复刻土豆兄弟\brotato-my\Brotato_my.csproj]
E:\Godot\Games\MyGames\复刻土豆兄弟\brotato-my\Src\ECS\Component\Unit\Common\UnitAnimationComponent\UnitAnimationComponent.cs(13,25): warning CS1591: 缺少对公共可见类型或成员“Anim.Run”的 XML 注释 [E:\Godot\Games\MyGames\复刻土豆兄弟\brotato-my\Brotato_my.csproj]
E:\Godot\Games\MyGames\复刻土豆兄弟\brotato-my\Src\ECS\Component\Unit\Common\UnitAnimationComponent\UnitAnimationComponent.cs(14,25): warning CS1591: 缺少对公共可见类型或成员“Anim.Dead”的 XML 注释 [E:\Godot\Games\MyGames\复刻土豆兄弟\brotato-my\Brotato_my.csproj]
E:\Godot\Games\MyGames\复刻土豆兄弟\brotato-my\Src\ECS\Component\Unit\Common\UnitAnimationComponent\UnitAnimationComponent.cs(17,25): warning CS1591: 缺少对公共可见类型或成员“Anim.Attack1”的 XML 注释 [E:\Godot\Games\MyGames\复刻土豆兄弟\brotato-my\Brotato_my.csproj]
E:\Godot\Games\MyGames\复刻土豆兄弟\brotato-my\Src\ECS\Component\Unit\Common\UnitAnimationComponent\UnitAnimationComponent.cs(18,25): warning CS1591: 缺少对公共可见类型或成员“Anim.Attack2”的 XML 注释 [E:\Godot\Games\MyGames\复刻土豆兄弟\brotato-my\Brotato_my.csproj]
E:\Godot\Games\MyGames\复刻土豆兄弟\brotato-my\Src\ECS\Component\Unit\Common\UnitAnimationComponent\UnitAnimationComponent.cs(21,25): warning CS1591: 缺少对公共可见类型或成员“Anim.BeAttacked”的 XML 注释 [E:\Godot\Games\MyGames\复刻土豆兄弟\brotato-my\Brotato_my.csproj]
E:\Godot\Games\MyGames\复刻土豆兄弟\brotato-my\Src\ECS\Component\Unit\Common\UnitAnimationComponent\UnitAnimationComponent.cs(24,25): warning CS1591: 缺少对公共可见类型或成员“Anim.Skill”的 XML 注释 [E:\Godot\Games\MyGames\复刻土豆兄弟\brotato-my\Brotato_my.csproj]
E:\Godot\Games\MyGames\复刻土豆兄弟\brotato-my\Src\ECS\Component\Unit\Common\UnitAnimationComponent\UnitAnimationComponent.cs(25,25): warning CS1591: 缺少对公共可见类型或成员“Anim.CastingIdle”的 XML 注释 [E:\Godot\Games\MyGames\复刻土豆兄弟\brotato-my\Brotato_my.csproj]
E:\Godot\Games\MyGames\复刻土豆兄弟\brotato-my\Src\ECS\Component\Unit\Common\UnitAnimationComponent\UnitAnimationComponent.cs(28,25): warning CS1591: 缺少对公共可见类型或成员“Anim.Celebrate”的 XML 注释 [E:\Godot\Games\MyGames\复刻土豆兄弟\brotato-my\Brotato_my.csproj]
E:\Godot\Games\MyGames\复刻土豆兄弟\brotato-my\Src\ECS\Component\Unit\Common\UnitAnimationComponent\UnitAnimationComponent.cs(99,17): warning CS1591: 缺少对公共可见类型或成员“UnitAnimationComponent.OnComponentRegistered(Node)”的 XML 注释 [E:\Godot\Games\MyGames\复刻土豆兄弟\brotato-my\Brotato_my.csproj]
E:\Godot\Games\MyGames\复刻土豆兄弟\brotato-my\Src\ECS\Component\Unit\Common\UnitAnimationComponent\UnitAnimationComponent.cs(156,17): warning CS1591: 缺少对公共可见类型或成员“UnitAnimationComponent.OnComponentUnregistered()”的 XML 注释 [E:\Godot\Games\MyGames\复刻土豆兄弟\brotato-my\Brotato_my.csproj]
E:\Godot\Games\MyGames\复刻土豆兄弟\brotato-my\Src\ECS\Component\Unit\Common\UnitAnimationComponent\UnitAnimationComponent.cs(169,26): warning CS1591: 缺少对公共可见类型或成员“UnitAnimationComponent._Process(double)”的 XML 注释 [E:\Godot\Games\MyGames\复刻土豆兄弟\brotato-my\Brotato_my.csproj]
E:\Godot\Games\MyGames\复刻土豆兄弟\brotato-my\Src\ECS\Component\Unit\Common\UnitStateComponent\UnitStateComponent.cs(19,17): warning CS1591: 缺少对公共可见类型或成员“UnitStateComponent.OnComponentRegistered(Node)”的 XML 注释 [E:\Godot\Games\MyGames\复刻土豆兄弟\brotato-my\Brotato_my.csproj]
E:\Godot\Games\MyGames\复刻土豆兄弟\brotato-my\Src\ECS\Component\Unit\Common\UnitStateComponent\UnitStateComponent.cs(21,17): warning CS1591: 缺少对公共可见类型或成员“UnitStateComponent.OnComponentUnregistered()”的 XML 注释 [E:\Godot\Games\MyGames\复刻土豆兄弟\brotato-my\Brotato_my.csproj]
E:\Godot\Games\MyGames\复刻土豆兄弟\brotato-my\Src\ECS\Component\Unit\Enemy\AI\AIComponent.cs(37,17): warning CS1591: 缺少对公共可见类型或成员“AIComponent.OnComponentRegistered(Node)”的 XML 注释 [E:\Godot\Games\MyGames\复刻土豆兄弟\brotato-my\Brotato_my.csproj]
E:\Godot\Games\MyGames\复刻土豆兄弟\brotato-my\Src\ECS\Data\Data.cs(24,12): warning CS1591: 缺少对公共可见类型或成员“Data.Data(IEntity?)”的 XML 注释 [E:\Godot\Games\MyGames\复刻土豆兄弟\brotato-my\Brotato_my.csproj]
E:\Godot\Games\MyGames\复刻土豆兄弟\brotato-my\Src\ECS\Data\Data.cs(49,5): warning CS1587: XML 注释没有放在有效语言元素上 [E:\Godot\Games\MyGames\复刻土豆兄弟\brotato-my\Brotato_my.csproj]
E:\Godot\Games\MyGames\复刻土豆兄弟\brotato-my\Src\ECS\Entity\Ability\AbilityEntity.cs(18,17): warning CS1591: 缺少对公共可见类型或成员“AbilityEntity.Data”的 XML 注释 [E:\Godot\Games\MyGames\复刻土豆兄弟\brotato-my\Brotato_my.csproj]
E:\Godot\Games\MyGames\复刻土豆兄弟\brotato-my\Src\ECS\Entity\Ability\AbilityEntity.cs(19,21): warning CS1591: 缺少对公共可见类型或成员“AbilityEntity.Events”的 XML 注释 [E:\Godot\Games\MyGames\复刻土豆兄弟\brotato-my\Brotato_my.csproj]
E:\Godot\Games\MyGames\复刻土豆兄弟\brotato-my\Src\ECS\Entity\Ability\AbilityEntity.cs(24,12): warning CS1591: 缺少对公共可见类型或成员“AbilityEntity.AbilityEntity()”的 XML 注释 [E:\Godot\Games\MyGames\复刻土豆兄弟\brotato-my\Brotato_my.csproj]
E:\Godot\Games\MyGames\复刻土豆兄弟\brotato-my\Src\ECS\Entity\Ability\AbilityEntity.cs(31,26): warning CS1591: 缺少对公共可见类型或成员“AbilityEntity._Ready()”的 XML 注释 [E:\Godot\Games\MyGames\复刻土豆兄弟\brotato-my\Brotato_my.csproj]
E:\Godot\Games\MyGames\复刻土豆兄弟\brotato-my\Src\ECS\Entity\Ability\AbilityEntity.cs(35,26): warning CS1591: 缺少对公共可见类型或成员“AbilityEntity._ExitTree()”的 XML 注释 [E:\Godot\Games\MyGames\复刻土豆兄弟\brotato-my\Brotato_my.csproj]
E:\Godot\Games\MyGames\复刻土豆兄弟\brotato-my\Src\ECS\Entity\Ability\MovementAbilityEntity\MovementAbilityEntity.cs(11,17): warning CS1591: 缺少对公共可见类型或成员“MovementAbilityEntity.Data”的 XML 注释 [E:\Godot\Games\MyGames\复刻土豆兄弟\brotato-my\Brotato_my.csproj]
E:\Godot\Games\MyGames\复刻土豆兄弟\brotato-my\Src\ECS\Entity\Ability\MovementAbilityEntity\MovementAbilityEntity.cs(12,21): warning CS1591: 缺少对公共可见类型或成员“MovementAbilityEntity.Events”的 XML 注释 [E:\Godot\Games\MyGames\复刻土豆兄弟\brotato-my\Brotato_my.csproj]
E:\Godot\Games\MyGames\复刻土豆兄弟\brotato-my\Src\ECS\Entity\Ability\MovementAbilityEntity\MovementAbilityEntity.cs(14,12): warning CS1591: 缺少对公共可见类型或成员“MovementAbilityEntity.MovementAbilityEntity()”的 XML 注释 [E:\Godot\Games\MyGames\复刻土豆兄弟\brotato-my\Brotato_my.csproj]
E:\Godot\Games\MyGames\复刻土豆兄弟\brotato-my\Src\ECS\Entity\Ability\MovementAbilityEntity\MovementAbilityEntity.cs(20,26): warning CS1591: 缺少对公共可见类型或成员“MovementAbilityEntity._Ready()”的 XML 注释 [E:\Godot\Games\MyGames\复刻土豆兄弟\brotato-my\Brotato_my.csproj]
E:\Godot\Games\MyGames\复刻土豆兄弟\brotato-my\Src\ECS\Entity\Ability\MovementAbilityEntity\MovementAbilityEntity.cs(21,26): warning CS1591: 缺少对公共可见类型或成员“MovementAbilityEntity._ExitTree()”的 XML 注释 [E:\Godot\Games\MyGames\复刻土豆兄弟\brotato-my\Brotato_my.csproj]
E:\Godot\Games\MyGames\复刻土豆兄弟\brotato-my\Src\ECS\Entity\Ability\MovementAbilityEntity\MovementAbilityEntity.cs(23,17): warning CS1591: 缺少对公共可见类型或成员“MovementAbilityEntity.OnPoolAcquire()”的 XML 注释 [E:\Godot\Games\MyGames\复刻土豆兄弟\brotato-my\Brotato_my.csproj]
E:\Godot\Games\MyGames\复刻土豆兄弟\brotato-my\Src\ECS\Entity\Ability\MovementAbilityEntity\MovementAbilityEntity.cs(28,17): warning CS1591: 缺少对公共可见类型或成员“MovementAbilityEntity.OnPoolRelease()”的 XML 注释 [E:\Godot\Games\MyGames\复刻土豆兄弟\brotato-my\Brotato_my.csproj]
E:\Godot\Games\MyGames\复刻土豆兄弟\brotato-my\Src\ECS\Entity\Ability\MovementAbilityEntity\MovementAbilityEntity.cs(30,17): warning CS1591: 缺少对公共可见类型或成员“MovementAbilityEntity.OnPoolReset()”的 XML 注释 [E:\Godot\Games\MyGames\复刻土豆兄弟\brotato-my\Brotato_my.csproj]
E:\Godot\Games\MyGames\复刻土豆兄弟\brotato-my\Src\ECS\Entity\Core\EntityManager_Component.cs(27,24): warning CS1591: 缺少对公共可见类型或成员“EntityManager.TryGetCachedComponentPaths(Node, out List<NodePath>)”的 XML 注释 [E:\Godot\Games\MyGames\复刻土豆兄弟\brotato-my\Brotato_my.csproj]
E:\Godot\Games\MyGames\复刻土豆兄弟\brotato-my\Src\ECS\Entity\Core\EntityRelationshipManager.cs(71,23): warning CS1591: 缺少对公共可见类型或成员“EntityRelationshipManager.RelationshipRecord.ParentEntityId”的 XML 注释 [E:\Godot\Games\MyGames\复刻土豆兄弟\brotato-my\Brotato_my.csproj]
E:\Godot\Games\MyGames\复刻土豆兄弟\brotato-my\Src\ECS\Entity\Core\EntityRelationshipManager.cs(72,23): warning CS1591: 缺少对公共可见类型或成员“EntityRelationshipManager.RelationshipRecord.ChildEntityId”的 XML 注释 [E:\Godot\Games\MyGames\复刻土豆兄弟\brotato-my\Brotato_my.csproj]
E:\Godot\Games\MyGames\复刻土豆兄弟\brotato-my\Src\ECS\Entity\Core\EntityRelationshipManager.cs(73,23): warning CS1591: 缺少对公共可见类型或成员“EntityRelationshipManager.RelationshipRecord.RelationType”的 XML 注释 [E:\Godot\Games\MyGames\复刻土豆兄弟\brotato-my\Brotato_my.csproj]
E:\Godot\Games\MyGames\复刻土豆兄弟\brotato-my\Src\ECS\Entity\Core\EntityRelationshipManager.cs(74,43): warning CS1591: 缺少对公共可见类型或成员“EntityRelationshipManager.RelationshipRecord.Data”的 XML 注释 [E:\Godot\Games\MyGames\复刻土豆兄弟\brotato-my\Brotato_my.csproj]
E:\Godot\Games\MyGames\复刻土豆兄弟\brotato-my\Src\ECS\Entity\Effect\LightningLineEffect\LightningLineEffect.cs(16,17): warning CS1591: 缺少对公共可见类型或成员“LightningLineEffect.Data”的 XML 注释 [E:\Godot\Games\MyGames\复刻土豆兄弟\brotato-my\Brotato_my.csproj]
E:\Godot\Games\MyGames\复刻土豆兄弟\brotato-my\Src\ECS\Entity\Effect\LightningLineEffect\LightningLineEffect.cs(17,21): warning CS1591: 缺少对公共可见类型或成员“LightningLineEffect.Events”的 XML 注释 [E:\Godot\Games\MyGames\复刻土豆兄弟\brotato-my\Brotato_my.csproj]
E:\Godot\Games\MyGames\复刻土豆兄弟\brotato-my\Src\ECS\Entity\Effect\LightningLineEffect\LightningLineEffect.cs(19,12): warning CS1591: 缺少对公共可见类型或成员“LightningLineEffect.LightningLineEffect()”的 XML 注释 [E:\Godot\Games\MyGames\复刻土豆兄弟\brotato-my\Brotato_my.csproj]
E:\Godot\Games\MyGames\复刻土豆兄弟\brotato-my\Src\ECS\Entity\Effect\LightningLineEffect\LightningLineEffect.cs(26,26): warning CS1591: 缺少对公共可见类型或成员“LightningLineEffect._Ready()”的 XML 注释 [E:\Godot\Games\MyGames\复刻土豆兄弟\brotato-my\Brotato_my.csproj]
E:\Godot\Games\MyGames\复刻土豆兄弟\brotato-my\Src\ECS\Entity\Projectile\ProjectileEntity.cs(31,12): warning CS1591: 缺少对公共可见类型或成员“ProjectileEntity.ProjectileEntity()”的 XML 注释 [E:\Godot\Games\MyGames\复刻土豆兄弟\brotato-my\Brotato_my.csproj]
E:\Godot\Games\MyGames\复刻土豆兄弟\brotato-my\Src\ECS\Entity\Projectile\ProjectileEntity.cs(39,26): warning CS1591: 缺少对公共可见类型或成员“ProjectileEntity._Ready()”的 XML 注释 [E:\Godot\Games\MyGames\复刻土豆兄弟\brotato-my\Brotato_my.csproj]
E:\Godot\Games\MyGames\复刻土豆兄弟\brotato-my\Src\ECS\Entity\Projectile\ProjectileEntity.cs(43,26): warning CS1591: 缺少对公共可见类型或成员“ProjectileEntity._ExitTree()”的 XML 注释 [E:\Godot\Games\MyGames\复刻土豆兄弟\brotato-my\Brotato_my.csproj]
E:\Godot\Games\MyGames\复刻土豆兄弟\brotato-my\Src\ECS\Entity\TemplateEntity.cs(32,12): warning CS1591: 缺少对公共可见类型或成员“TemplateEntity.TemplateEntity()”的 XML 注释 [E:\Godot\Games\MyGames\复刻土豆兄弟\brotato-my\Brotato_my.csproj]
E:\Godot\Games\MyGames\复刻土豆兄弟\brotato-my\Src\ECS\Entity\TemplateEntity.cs(41,26): warning CS1591: 缺少对公共可见类型或成员“TemplateEntity._Ready()”的 XML 注释 [E:\Godot\Games\MyGames\复刻土豆兄弟\brotato-my\Brotato_my.csproj]
E:\Godot\Games\MyGames\复刻土豆兄弟\brotato-my\Src\ECS\Entity\TemplateEntity.cs(51,26): warning CS1591: 缺少对公共可见类型或成员“TemplateEntity._ExitTree()”的 XML 注释 [E:\Godot\Games\MyGames\复刻土豆兄弟\brotato-my\Brotato_my.csproj]
E:\Godot\Games\MyGames\复刻土豆兄弟\brotato-my\Src\ECS\Entity\Unit\Enemy\EnemyEntity.cs(21,12): warning CS1591: 缺少对公共可见类型或成员“EnemyEntity.EnemyEntity()”的 XML 注释 [E:\Godot\Games\MyGames\复刻土豆兄弟\brotato-my\Brotato_my.csproj]
E:\Godot\Games\MyGames\复刻土豆兄弟\brotato-my\Src\ECS\Entity\Unit\Enemy\EnemyEntity.cs(35,26): warning CS1591: 缺少对公共可见类型或成员“EnemyEntity._Ready()”的 XML 注释 [E:\Godot\Games\MyGames\复刻土豆兄弟\brotato-my\Brotato_my.csproj]
E:\Godot\Games\MyGames\复刻土豆兄弟\brotato-my\Src\ECS\Entity\Unit\Enemy\EnemyEntity.cs(41,26): warning CS1591: 缺少对公共可见类型或成员“EnemyEntity._ExitTree()”的 XML 注释 [E:\Godot\Games\MyGames\复刻土豆兄弟\brotato-my\Brotato_my.csproj]
E:\Godot\Games\MyGames\复刻土豆兄弟\brotato-my\Src\ECS\Entity\Unit\Player\PlayerEntity.cs(21,9): warning CS1591: 缺少对公共可见类型或成员“PlayerEntity.PlayerEntity()”的 XML 注释 [E:\Godot\Games\MyGames\复刻土豆兄弟\brotato-my\Brotato_my.csproj]
E:\Godot\Games\MyGames\复刻土豆兄弟\brotato-my\Src\ECS\Entity\Unit\Player\PlayerEntity.cs(32,23): warning CS1591: 缺少对公共可见类型或成员“PlayerEntity._Ready()”的 XML 注释 [E:\Godot\Games\MyGames\复刻土豆兄弟\brotato-my\Brotato_my.csproj]
E:\Godot\Games\MyGames\复刻土豆兄弟\brotato-my\Src\ECS\Entity\Unit\Player\PlayerEntity.cs(37,23): warning CS1591: 缺少对公共可见类型或成员“PlayerEntity._ExitTree()”的 XML 注释 [E:\Godot\Games\MyGames\复刻土豆兄弟\brotato-my\Brotato_my.csproj]
E:\Godot\Games\MyGames\复刻土豆兄弟\brotato-my\Src\ECS\Entity\Unit\TargetingIndicator\TargetingIndicatorEntity.cs(16,17): warning CS1591: 缺少对公共可见类型或成员“TargetingIndicatorEntity.Data”的 XML 注释 [E:\Godot\Games\MyGames\复刻土豆兄弟\brotato-my\Brotato_my.csproj]
E:\Godot\Games\MyGames\复刻土豆兄弟\brotato-my\Src\ECS\Entity\Unit\TargetingIndicator\TargetingIndicatorEntity.cs(17,21): warning CS1591: 缺少对公共可见类型或成员“TargetingIndicatorEntity.Events”的 XML 注释 [E:\Godot\Games\MyGames\复刻土豆兄弟\brotato-my\Brotato_my.csproj]
E:\Godot\Games\MyGames\复刻土豆兄弟\brotato-my\Src\ECS\Entity\Unit\TargetingIndicator\TargetingIndicatorEntity.cs(21,12): warning CS1591: 缺少对公共可见类型或成员“TargetingIndicatorEntity.TargetingIndicatorEntity()”的 XML 注释 [E:\Godot\Games\MyGames\复刻土豆兄弟\brotato-my\Brotato_my.csproj]
E:\Godot\Games\MyGames\复刻土豆兄弟\brotato-my\Src\ECS\Entity\Unit\TargetingIndicator\TargetingIndicatorEntity.cs(28,26): warning CS1591: 缺少对公共可见类型或成员“TargetingIndicatorEntity._Ready()”的 XML 注释 [E:\Godot\Games\MyGames\复刻土豆兄弟\brotato-my\Brotato_my.csproj]
E:\Godot\Games\MyGames\复刻土豆兄弟\brotato-my\Src\ECS\Entity\Unit\TargetingIndicator\TargetingIndicatorEntity.cs(36,26): warning CS1591: 缺少对公共可见类型或成员“TargetingIndicatorEntity._ExitTree()”的 XML 注释 [E:\Godot\Games\MyGames\复刻土豆兄弟\brotato-my\Brotato_my.csproj]
E:\Godot\Games\MyGames\复刻土豆兄弟\brotato-my\Src\ECS\Event\EventBus.cs(12,5): warning CS1591: 缺少对公共可见类型或成员“EventPriority.Monitor”的 XML 注释 [E:\Godot\Games\MyGames\复刻土豆兄弟\brotato-my\Brotato_my.csproj]
E:\Godot\Games\MyGames\复刻土豆兄弟\brotato-my\Src\ECS\Event\EventBus.cs(13,5): warning CS1591: 缺少对公共可见类型或成员“EventPriority.Lowest”的 XML 注释 [E:\Godot\Games\MyGames\复刻土豆兄弟\brotato-my\Brotato_my.csproj]
E:\Godot\Games\MyGames\复刻土豆兄弟\brotato-my\Src\ECS\Event\EventBus.cs(14,5): warning CS1591: 缺少对公共可见类型或成员“EventPriority.Low”的 XML 注释 [E:\Godot\Games\MyGames\复刻土豆兄弟\brotato-my\Brotato_my.csproj]
E:\Godot\Games\MyGames\复刻土豆兄弟\brotato-my\Src\ECS\Event\EventBus.cs(15,5): warning CS1591: 缺少对公共可见类型或成员“EventPriority.Normal”的 XML 注释 [E:\Godot\Games\MyGames\复刻土豆兄弟\brotato-my\Brotato_my.csproj]
E:\Godot\Games\MyGames\复刻土豆兄弟\brotato-my\Src\ECS\Event\EventBus.cs(16,5): warning CS1591: 缺少对公共可见类型或成员“EventPriority.High”的 XML 注释 [E:\Godot\Games\MyGames\复刻土豆兄弟\brotato-my\Brotato_my.csproj]
E:\Godot\Games\MyGames\复刻土豆兄弟\brotato-my\Src\ECS\Event\EventBus.cs(17,5): warning CS1591: 缺少对公共可见类型或成员“EventPriority.Highest”的 XML 注释 [E:\Godot\Games\MyGames\复刻土豆兄弟\brotato-my\Brotato_my.csproj]
E:\Godot\Games\MyGames\复刻土豆兄弟\brotato-my\Src\ECS\Event\EventBus.cs(18,5): warning CS1591: 缺少对公共可见类型或成员“EventPriority.Critical”的 XML 注释 [E:\Godot\Games\MyGames\复刻土豆兄弟\brotato-my\Brotato_my.csproj]
E:\Godot\Games\MyGames\复刻土豆兄弟\brotato-my\Src\ECS\System\DamageSystem\DamageInfo.cs(10,5): warning CS1591: 缺少对公共可见类型或成员“DamageType.Physical”的 XML 注释 [E:\Godot\Games\MyGames\复刻土豆兄弟\brotato-my\Brotato_my.csproj]
E:\Godot\Games\MyGames\复刻土豆兄弟\brotato-my\Src\ECS\System\DamageSystem\DamageInfo.cs(11,5): warning CS1591: 缺少对公共可见类型或成员“DamageType.Magical”的 XML 注释 [E:\Godot\Games\MyGames\复刻土豆兄弟\brotato-my\Brotato_my.csproj]
E:\Godot\Games\MyGames\复刻土豆兄弟\brotato-my\Src\ECS\System\DamageSystem\DamageInfo.cs(12,5): warning CS1591: 缺少对公共可见类型或成员“DamageType.True”的 XML 注释 [E:\Godot\Games\MyGames\复刻土豆兄弟\brotato-my\Brotato_my.csproj]
E:\Godot\Games\MyGames\复刻土豆兄弟\brotato-my\Src\ECS\System\DamageSystem\DamageInfo.cs(22,5): warning CS1591: 缺少对公共可见类型或成员“DamageTags.None”的 XML 注释 [E:\Godot\Games\MyGames\复刻土豆兄弟\brotato-my\Brotato_my.csproj]
E:\Godot\Games\MyGames\复刻土豆兄弟\brotato-my\Src\ECS\System\DamageSystem\DamageInfo.cs(23,5): warning CS1591: 缺少对公共可见类型或成员“DamageTags.Attack”的 XML 注释 [E:\Godot\Games\MyGames\复刻土豆兄弟\brotato-my\Brotato_my.csproj]
E:\Godot\Games\MyGames\复刻土豆兄弟\brotato-my\Src\ECS\System\DamageSystem\DamageInfo.cs(24,5): warning CS1591: 缺少对公共可见类型或成员“DamageTags.Ability”的 XML 注释 [E:\Godot\Games\MyGames\复刻土豆兄弟\brotato-my\Brotato_my.csproj]
E:\Godot\Games\MyGames\复刻土豆兄弟\brotato-my\Src\ECS\System\DamageSystem\DamageInfo.cs(25,5): warning CS1591: 缺少对公共可见类型或成员“DamageTags.Melee”的 XML 注释 [E:\Godot\Games\MyGames\复刻土豆兄弟\brotato-my\Brotato_my.csproj]
E:\Godot\Games\MyGames\复刻土豆兄弟\brotato-my\Src\ECS\System\DamageSystem\DamageInfo.cs(26,5): warning CS1591: 缺少对公共可见类型或成员“DamageTags.Ranged”的 XML 注释 [E:\Godot\Games\MyGames\复刻土豆兄弟\brotato-my\Brotato_my.csproj]
E:\Godot\Games\MyGames\复刻土豆兄弟\brotato-my\Src\ECS\System\DamageSystem\DamageInfo.cs(27,5): warning CS1591: 缺少对公共可见类型或成员“DamageTags.Area”的 XML 注释 [E:\Godot\Games\MyGames\复刻土豆兄弟\brotato-my\Brotato_my.csproj]
E:\Godot\Games\MyGames\复刻土豆兄弟\brotato-my\Src\ECS\System\DamageSystem\DamageInfo.cs(28,5): warning CS1591: 缺少对公共可见类型或成员“DamageTags.Persistent”的 XML 注释 [E:\Godot\Games\MyGames\复刻土豆兄弟\brotato-my\Brotato_my.csproj]
E:\Godot\Games\MyGames\复刻土豆兄弟\brotato-my\Src\ECS\System\DamageSystem\DamageInfo.cs(29,5): warning CS1591: 缺少对公共可见类型或成员“DamageTags.Explosion”的 XML 注释 [E:\Godot\Games\MyGames\复刻土豆兄弟\brotato-my\Brotato_my.csproj]
E:\Godot\Games\MyGames\复刻土豆兄弟\brotato-my\Src\ECS\System\DamageSystem\DamageInfo.cs(30,5): warning CS1591: 缺少对公共可见类型或成员“DamageTags.Engineering”的 XML 注释 [E:\Godot\Games\MyGames\复刻土豆兄弟\brotato-my\Brotato_my.csproj]
E:\Godot\Games\MyGames\复刻土豆兄弟\brotato-my\Src\ECS\System\DamageSystem\DamageInfo.cs(70,23): warning CS1591: 缺少对公共可见类型或成员“DamageInfo.Type”的 XML 注释 [E:\Godot\Games\MyGames\复刻土豆兄弟\brotato-my\Brotato_my.csproj]
E:\Godot\Games\MyGames\复刻土豆兄弟\brotato-my\Src\ECS\System\DamageSystem\DamageInfo.cs(71,23): warning CS1591: 缺少对公共可见类型或成员“DamageInfo.Tags”的 XML 注释 [E:\Godot\Games\MyGames\复刻土豆兄弟\brotato-my\Brotato_my.csproj]
E:\Godot\Games\MyGames\复刻土豆兄弟\brotato-my\Src\ECS\System\DamageSystem\DamageInfo.cs(101,25): warning CS1591: 缺少对公共可见类型或成员“DamageInfo.Logs”的 XML 注释 [E:\Godot\Games\MyGames\复刻土豆兄弟\brotato-my\Brotato_my.csproj]
E:\Godot\Games\MyGames\复刻土豆兄弟\brotato-my\Src\ECS\System\DamageSystem\DamageInfo.cs(103,17): warning CS1591: 缺少对公共可见类型或成员“DamageInfo.AddLog(string)”的 XML 注释 [E:\Godot\Games\MyGames\复刻土豆兄弟\brotato-my\Brotato_my.csproj]
E:\Godot\Games\MyGames\复刻土豆兄弟\brotato-my\Src\ECS\System\DamageSystem\DamageService.cs(37,26): warning CS1591: 缺少对公共可见类型或成员“DamageService._EnterTree()”的 XML 注释 [E:\Godot\Games\MyGames\复刻土豆兄弟\brotato-my\Brotato_my.csproj]
E:\Godot\Games\MyGames\复刻土豆兄弟\brotato-my\Src\ECS\System\DamageSystem\DamageService.cs(53,26): warning CS1591: 缺少对公共可见类型或成员“DamageService._ExitTree()”的 XML 注释 [E:\Godot\Games\MyGames\复刻土豆兄弟\brotato-my\Brotato_my.csproj]
E:\Godot\Games\MyGames\复刻土豆兄弟\brotato-my\Src\ECS\System\DamageSystem\DamageStatisticsSystem.cs(29,26): warning CS1591: 缺少对公共可见类型或成员“DamageStatisticsSystem._EnterTree()”的 XML 注释 [E:\Godot\Games\MyGames\复刻土豆兄弟\brotato-my\Brotato_my.csproj]
E:\Godot\Games\MyGames\复刻土豆兄弟\brotato-my\Src\ECS\System\DamageSystem\DamageStatisticsSystem.cs(44,26): warning CS1591: 缺少对公共可见类型或成员“DamageStatisticsSystem._ExitTree()”的 XML 注释 [E:\Godot\Games\MyGames\复刻土豆兄弟\brotato-my\Brotato_my.csproj]
E:\Godot\Games\MyGames\复刻土豆兄弟\brotato-my\Src\ECS\System\DamageSystem\Processors\BaseDamageProcessor.cs(11,16): warning CS1591: 缺少对公共可见类型或成员“BaseDamageProcessor.Priority”的 XML 注释 [E:\Godot\Games\MyGames\复刻土豆兄弟\brotato-my\Brotato_my.csproj]
E:\Godot\Games\MyGames\复刻土豆兄弟\brotato-my\Src\ECS\System\DamageSystem\Processors\BaseDamageProcessor.cs(13,17): warning CS1591: 缺少对公共可见类型或成员“BaseDamageProcessor.Process(DamageInfo)”的 XML 注释 [E:\Godot\Games\MyGames\复刻土豆兄弟\brotato-my\Brotato_my.csproj]
E:\Godot\Games\MyGames\复刻土豆兄弟\brotato-my\Src\ECS\System\DamageSystem\Processors\CritProcessor.cs(10,16): warning CS1591: 缺少对公共可见类型或成员“CritProcessor.Priority”的 XML 注释 [E:\Godot\Games\MyGames\复刻土豆兄弟\brotato-my\Brotato_my.csproj]
E:\Godot\Games\MyGames\复刻土豆兄弟\brotato-my\Src\ECS\System\DamageSystem\Processors\DamageTakenAmplificationProcessor.cs(10,16): warning CS1591: 缺少对公共可见类型或成员“DamageTakenAmplificationProcessor.Priority”的 XML 注释 [E:\Godot\Games\MyGames\复刻土豆兄弟\brotato-my\Brotato_my.csproj]
E:\Godot\Games\MyGames\复刻土豆兄弟\brotato-my\Src\ECS\System\DamageSystem\Processors\DamageTakenAmplificationProcessor.cs(12,17): warning CS1591: 缺少对公共可见类型或成员“DamageTakenAmplificationProcessor.Process(DamageInfo)”的 XML 注释 [E:\Godot\Games\MyGames\复刻土豆兄弟\brotato-my\Brotato_my.csproj]
E:\Godot\Games\MyGames\复刻土豆兄弟\brotato-my\Src\ECS\System\DamageSystem\Processors\DefenseProcessor.cs(10,16): warning CS1591: 缺少对公共可见类型或成员“DefenseProcessor.Priority”的 XML 注释 [E:\Godot\Games\MyGames\复刻土豆兄弟\brotato-my\Brotato_my.csproj]
E:\Godot\Games\MyGames\复刻土豆兄弟\brotato-my\Src\ECS\System\DamageSystem\Processors\DefenseProcessor.cs(12,17): warning CS1591: 缺少对公共可见类型或成员“DefenseProcessor.Process(DamageInfo)”的 XML 注释 [E:\Godot\Games\MyGames\复刻土豆兄弟\brotato-my\Brotato_my.csproj]
E:\Godot\Games\MyGames\复刻土豆兄弟\brotato-my\Src\ECS\System\DamageSystem\Processors\DodgeProcessor.cs(10,16): warning CS1591: 缺少对公共可见类型或成员“DodgeProcessor.Priority”的 XML 注释 [E:\Godot\Games\MyGames\复刻土豆兄弟\brotato-my\Brotato_my.csproj]
E:\Godot\Games\MyGames\复刻土豆兄弟\brotato-my\Src\ECS\System\DamageSystem\Processors\DodgeProcessor.cs(12,17): warning CS1591: 缺少对公共可见类型或成员“DodgeProcessor.Process(DamageInfo)”的 XML 注释 [E:\Godot\Games\MyGames\复刻土豆兄弟\brotato-my\Brotato_my.csproj]
E:\Godot\Games\MyGames\复刻土豆兄弟\brotato-my\Src\ECS\System\DamageSystem\Processors\FlatReductionProcessor.cs(10,16): warning CS1591: 缺少对公共可见类型或成员“FlatReductionProcessor.Priority”的 XML 注释 [E:\Godot\Games\MyGames\复刻土豆兄弟\brotato-my\Brotato_my.csproj]
E:\Godot\Games\MyGames\复刻土豆兄弟\brotato-my\Src\ECS\System\DamageSystem\Processors\FlatReductionProcessor.cs(12,17): warning CS1591: 缺少对公共可见类型或成员“FlatReductionProcessor.Process(DamageInfo)”的 XML 注释 [E:\Godot\Games\MyGames\复刻土豆兄弟\brotato-my\Brotato_my.csproj]
E:\Godot\Games\MyGames\复刻土豆兄弟\brotato-my\Src\ECS\System\DamageSystem\Processors\HealthExecutionProcessor.cs(11,16): warning CS1591: 缺少对公共可见类型或成员“HealthExecutionProcessor.Priority”的 XML 注释 [E:\Godot\Games\MyGames\复刻土豆兄弟\brotato-my\Brotato_my.csproj]
E:\Godot\Games\MyGames\复刻土豆兄弟\brotato-my\Src\ECS\System\DamageSystem\Processors\HealthExecutionProcessor.cs(13,17): warning CS1591: 缺少对公共可见类型或成员“HealthExecutionProcessor.Process(DamageInfo)”的 XML 注释 [E:\Godot\Games\MyGames\复刻土豆兄弟\brotato-my\Brotato_my.csproj]
E:\Godot\Games\MyGames\复刻土豆兄弟\brotato-my\Src\ECS\System\DamageSystem\Processors\LifestealProcessor.cs(11,16): warning CS1591: 缺少对公共可见类型或成员“LifestealProcessor.Priority”的 XML 注释 [E:\Godot\Games\MyGames\复刻土豆兄弟\brotato-my\Brotato_my.csproj]
E:\Godot\Games\MyGames\复刻土豆兄弟\brotato-my\Src\ECS\System\DamageSystem\Processors\LifestealProcessor.cs(13,17): warning CS1591: 缺少对公共可见类型或成员“LifestealProcessor.Process(DamageInfo)”的 XML 注释 [E:\Godot\Games\MyGames\复刻土豆兄弟\brotato-my\Brotato_my.csproj]
E:\Godot\Games\MyGames\复刻土豆兄弟\brotato-my\Src\ECS\System\DamageSystem\Processors\ShieldProcessor.cs(10,16): warning CS1591: 缺少对公共可见类型或成员“ShieldProcessor.Priority”的 XML 注释 [E:\Godot\Games\MyGames\复刻土豆兄弟\brotato-my\Brotato_my.csproj]
E:\Godot\Games\MyGames\复刻土豆兄弟\brotato-my\Src\ECS\System\DamageSystem\Processors\ShieldProcessor.cs(12,17): warning CS1591: 缺少对公共可见类型或成员“ShieldProcessor.Process(DamageInfo)”的 XML 注释 [E:\Godot\Games\MyGames\复刻土豆兄弟\brotato-my\Brotato_my.csproj]
E:\Godot\Games\MyGames\复刻土豆兄弟\brotato-my\Src\ECS\System\FeatureSystem\Action\ApplyModifierAction.cs(24,17): warning CS1591: 缺少对公共可见类型或成员“ApplyModifierAction.Execute(FeatureContext)”的 XML 注释 [E:\Godot\Games\MyGames\复刻土豆兄弟\brotato-my\Brotato_my.csproj]
E:\Godot\Games\MyGames\复刻土豆兄弟\brotato-my\Src\ECS\System\FeatureSystem\Action\EmitEventAction.cs(17,17): warning CS1591: 缺少对公共可见类型或成员“EmitEventAction.Execute(FeatureContext)”的 XML 注释 [E:\Godot\Games\MyGames\复刻土豆兄弟\brotato-my\Brotato_my.csproj]
E:\Godot\Games\MyGames\复刻土豆兄弟\brotato-my\Src\ECS\System\FeatureSystem\Action\RemoveModifierAction.cs(12,17): warning CS1591: 缺少对公共可见类型或成员“RemoveModifierAction.Execute(FeatureContext)”的 XML 注释 [E:\Godot\Games\MyGames\复刻土豆兄弟\brotato-my\Brotato_my.csproj]
E:\Godot\Games\MyGames\复刻土豆兄弟\brotato-my\Src\ECS\System\FeatureSystem\FeatureInstance.cs(40,12): warning CS1591: 缺少对公共可见类型或成员“FeatureInstance.FeatureInstance(IEntity, IEntity, double)”的 XML 注释 [E:\Godot\Games\MyGames\复刻土豆兄弟\brotato-my\Brotato_my.csproj]
E:\Godot\Games\MyGames\复刻土豆兄弟\brotato-my\Src\ECS\System\FeatureSystem\FeatureInstance.cs(48,28): warning CS1591: 缺少对公共可见类型或成员“FeatureInstance.ToString()”的 XML 注释 [E:\Godot\Games\MyGames\复刻土豆兄弟\brotato-my\Brotato_my.csproj]
E:\Godot\Games\MyGames\复刻土豆兄弟\brotato-my\Src\ECS\System\Movement\ScalarDriver\ScalarMotion.cs(155,12): warning CS1591: 缺少对公共可见类型或成员“ScalarDriverStepResult.ScalarDriverStepResult(float, float, float, bool, bool, bool, bool)”的 XML 注释 [E:\Godot\Games\MyGames\复刻土豆兄弟\brotato-my\Brotato_my.csproj]
E:\Godot\Games\MyGames\复刻土豆兄弟\brotato-my\Src\ECS\System\Movement\Strategies\Charge\ChargeStrategy.cs(69,24): warning CS1591: 缺少对公共可见类型或成员“ChargeStrategy.Register()”的 XML 注释 [E:\Godot\Games\MyGames\复刻土豆兄弟\brotato-my\Brotato_my.csproj]
E:\Godot\Games\MyGames\复刻土豆兄弟\brotato-my\Src\ECS\System\Movement\Strategies\Curve\CircularArcStrategy.cs(55,24): warning CS1591: 缺少对公共可见类型或成员“CircularArcStrategy.Register()”的 XML 注释 [E:\Godot\Games\MyGames\复刻土豆兄弟\brotato-my\Brotato_my.csproj]
E:\Godot\Games\MyGames\复刻土豆兄弟\brotato-my\Src\ECS\System\Movement\Strategies\Curve\ParabolaStrategy.cs(53,24): warning CS1591: 缺少对公共可见类型或成员“ParabolaStrategy.Register()”的 XML 注释 [E:\Godot\Games\MyGames\复刻土豆兄弟\brotato-my\Brotato_my.csproj]
E:\Godot\Games\MyGames\复刻土豆兄弟\brotato-my\Src\ECS\System\Movement\Strategies\Orbit\OrbitStrategy.cs(84,24): warning CS1591: 缺少对公共可见类型或成员“OrbitStrategy.Register()”的 XML 注释 [E:\Godot\Games\MyGames\复刻土豆兄弟\brotato-my\Brotato_my.csproj]
E:\Godot\Games\MyGames\复刻土豆兄弟\brotato-my\Src\ECS\System\Movement\Strategies\Projectile\BoomerangStrategy.cs(81,17): warning CS1591: 缺少对公共可见类型或成员“BoomerangStrategy.CanBeInterrupted”的 XML 注释 [E:\Godot\Games\MyGames\复刻土豆兄弟\brotato-my\Brotato_my.csproj]
E:\Godot\Games\MyGames\复刻土豆兄弟\brotato-my\Src\ECS\System\Movement\Strategies\Projectile\BoomerangStrategy.cs(84,24): warning CS1591: 缺少对公共可见类型或成员“BoomerangStrategy.Register()”的 XML 注释 [E:\Godot\Games\MyGames\复刻土豆兄弟\brotato-my\Brotato_my.csproj]
E:\Godot\Games\MyGames\复刻土豆兄弟\brotato-my\Src\ECS\System\Movement\Strategies\Projectile\BoomerangStrategy.cs(89,17): warning CS1591: 缺少对公共可见类型或成员“BoomerangStrategy.OnEnter(IEntity, Data, MovementParams)”的 XML 注释 [E:\Godot\Games\MyGames\复刻土豆兄弟\brotato-my\Brotato_my.csproj]
E:\Godot\Games\MyGames\复刻土豆兄弟\brotato-my\Src\ECS\System\Movement\Strategies\Projectile\BoomerangStrategy.cs(121,33): warning CS1591: 缺少对公共可见类型或成员“BoomerangStrategy.Update(IEntity, Data, float, MovementParams)”的 XML 注释 [E:\Godot\Games\MyGames\复刻土豆兄弟\brotato-my\Brotato_my.csproj]
E:\Godot\Games\MyGames\复刻土豆兄弟\brotato-my\Src\ECS\System\RecoverySystem\RecoverySystem.cs(75,26): warning CS1591: 缺少对公共可见类型或成员“RecoverySystem._EnterTree()”的 XML 注释 [E:\Godot\Games\MyGames\复刻土豆兄弟\brotato-my\Brotato_my.csproj]
E:\Godot\Games\MyGames\复刻土豆兄弟\brotato-my\Src\ECS\System\RecoverySystem\RecoverySystem.cs(81,26): warning CS1591: 缺少对公共可见类型或成员“RecoverySystem._Ready()”的 XML 注释 [E:\Godot\Games\MyGames\复刻土豆兄弟\brotato-my\Brotato_my.csproj]
E:\Godot\Games\MyGames\复刻土豆兄弟\brotato-my\Src\ECS\System\RecoverySystem\RecoverySystem.cs(88,26): warning CS1591: 缺少对公共可见类型或成员“RecoverySystem._ExitTree()”的 XML 注释 [E:\Godot\Games\MyGames\复刻土豆兄弟\brotato-my\Brotato_my.csproj]
E:\Godot\Games\MyGames\复刻土豆兄弟\brotato-my\Src\ECS\System\Spawn\SpawnPositionCalculator.cs(38,18): warning CS1591: 缺少对公共可见类型或成员“SpawnPositionParams.MinX”的 XML 注释 [E:\Godot\Games\MyGames\复刻土豆兄弟\brotato-my\Brotato_my.csproj]
E:\Godot\Games\MyGames\复刻土豆兄弟\brotato-my\Src\ECS\System\Spawn\SpawnPositionCalculator.cs(39,18): warning CS1591: 缺少对公共可见类型或成员“SpawnPositionParams.MaxX”的 XML 注释 [E:\Godot\Games\MyGames\复刻土豆兄弟\brotato-my\Brotato_my.csproj]
E:\Godot\Games\MyGames\复刻土豆兄弟\brotato-my\Src\ECS\System\Spawn\SpawnPositionCalculator.cs(40,18): warning CS1591: 缺少对公共可见类型或成员“SpawnPositionParams.MinY”的 XML 注释 [E:\Godot\Games\MyGames\复刻土豆兄弟\brotato-my\Brotato_my.csproj]
E:\Godot\Games\MyGames\复刻土豆兄弟\brotato-my\Src\ECS\System\Spawn\SpawnPositionCalculator.cs(41,18): warning CS1591: 缺少对公共可见类型或成员“SpawnPositionParams.MaxY”的 XML 注释 [E:\Godot\Games\MyGames\复刻土豆兄弟\brotato-my\Brotato_my.csproj]
E:\Godot\Games\MyGames\复刻土豆兄弟\brotato-my\Src\ECS\System\TargetingSystem\TargetingManager.cs(19,24): warning CS1591: 缺少对公共可见类型或成员“TargetingManager.Initialize()”的 XML 注释 [E:\Godot\Games\MyGames\复刻土豆兄弟\brotato-my\Brotato_my.csproj]
E:\Godot\Games\MyGames\复刻土豆兄弟\brotato-my\Src\Main\Main.cs(4,22): warning CS1591: 缺少对公共可见类型或成员“Main”的 XML 注释 [E:\Godot\Games\MyGames\复刻土豆兄弟\brotato-my\Brotato_my.csproj]
E:\Godot\Games\MyGames\复刻土豆兄弟\brotato-my\Src\Main\Main.cs(7,26): warning CS1591: 缺少对公共可见类型或成员“Main._Ready()”的 XML 注释 [E:\Godot\Games\MyGames\复刻土豆兄弟\brotato-my\Brotato_my.csproj]
E:\Godot\Games\MyGames\复刻土豆兄弟\brotato-my\Src\Main\Main.cs(12,26): warning CS1591: 缺少对公共可见类型或成员“Main._Process(double)”的 XML 注释 [E:\Godot\Games\MyGames\复刻土豆兄弟\brotato-my\Brotato_my.csproj]
E:\Godot\Games\MyGames\复刻土豆兄弟\brotato-my\Src\Test\GlobalTest\MainTest\MainTest.cs(6,22): warning CS1591: 缺少对公共可见类型或成员“MainTest”的 XML 注释 [E:\Godot\Games\MyGames\复刻土豆兄弟\brotato-my\Brotato_my.csproj]
E:\Godot\Games\MyGames\复刻土豆兄弟\brotato-my\Src\Test\GlobalTest\MainTest\MainTest.cs(12,26): warning CS1591: 缺少对公共可见类型或成员“MainTest._Ready()”的 XML 注释 [E:\Godot\Games\MyGames\复刻土豆兄弟\brotato-my\Brotato_my.csproj]
E:\Godot\Games\MyGames\复刻土豆兄弟\brotato-my\Src\Test\GlobalTest\MainTest\MainTest.cs(176,26): warning CS1591: 缺少对公共可见类型或成员“MainTest._Process(double)”的 XML 注释 [E:\Godot\Games\MyGames\复刻土豆兄弟\brotato-my\Brotato_my.csproj]
E:\Godot\Games\MyGames\复刻土豆兄弟\brotato-my\Src\Test\SingleTest\ECS\Data\DataTestScene.cs(24,26): warning CS1591: 缺少对公共可见类型或成员“DataTestScene._Ready()”的 XML 注释 [E:\Godot\Games\MyGames\复刻土豆兄弟\brotato-my\Brotato_my.csproj]
E:\Godot\Games\MyGames\复刻土豆兄弟\brotato-my\Src\Test\SingleTest\ECS\Data\TestDataRegister.cs(13,24): warning CS1591: 缺少对公共可见类型或成员“TestDataRegister.Initialize()”的 XML 注释 [E:\Godot\Games\MyGames\复刻土豆兄弟\brotato-my\Brotato_my.csproj]
E:\Godot\Games\MyGames\复刻土豆兄弟\brotato-my\Src\Test\SingleTest\ECS\ECSTest\ECSTest.cs(7,22): warning CS1591: 缺少对公共可见类型或成员“ECSTest”的 XML 注释 [E:\Godot\Games\MyGames\复刻土豆兄弟\brotato-my\Brotato_my.csproj]
E:\Godot\Games\MyGames\复刻土豆兄弟\brotato-my\Src\Test\SingleTest\ECS\ECSTest\ECSTest.cs(23,26): warning CS1591: 缺少对公共可见类型或成员“ECSTest._Ready()”的 XML 注释 [E:\Godot\Games\MyGames\复刻土豆兄弟\brotato-my\Brotato_my.csproj]
E:\Godot\Games\MyGames\复刻土豆兄弟\brotato-my\Src\Test\SingleTest\ECS\ECSTest\ECSTest.cs(42,17): warning CS1591: 缺少对公共可见类型或成员“ECSTest.RunAllTests()”的 XML 注释 [E:\Godot\Games\MyGames\复刻土豆兄弟\brotato-my\Brotato_my.csproj]
E:\Godot\Games\MyGames\复刻土豆兄弟\brotato-my\Src\Test\SingleTest\Test\ExportTest\ExportTest.cs(5,22): warning CS1591: 缺少对公共可见类型或成员“ExportTest”的 XML 注释 [E:\Godot\Games\MyGames\复刻土豆兄弟\brotato-my\Brotato_my.csproj]
E:\Godot\Games\MyGames\复刻土豆兄弟\brotato-my\Src\Test\SingleTest\Test\ExportTest\ExportTest.cs(11,16): warning CS1591: 缺少对公共可见类型或成员“ExportTest.Health”的 XML 注释 [E:\Godot\Games\MyGames\复刻土豆兄弟\brotato-my\Brotato_my.csproj]
E:\Godot\Games\MyGames\复刻土豆兄弟\brotato-my\Src\Test\SingleTest\Test\ExportTest\ExportTest.cs(14,18): warning CS1591: 缺少对公共可见类型或成员“ExportTest.SpeedMultiplier”的 XML 注释 [E:\Godot\Games\MyGames\复刻土豆兄弟\brotato-my\Brotato_my.csproj]
E:\Godot\Games\MyGames\复刻土豆兄弟\brotato-my\Src\Test\SingleTest\Test\ExportTest\ExportTest.cs(17,19): warning CS1591: 缺少对公共可见类型或成员“ExportTest.Description”的 XML 注释 [E:\Godot\Games\MyGames\复刻土豆兄弟\brotato-my\Brotato_my.csproj]
E:\Godot\Games\MyGames\复刻土豆兄弟\brotato-my\Src\Test\SingleTest\Test\ExportTest\ExportTest.cs(20,19): warning CS1591: 缺少对公共可见类型或成员“ExportTest.PlayerName”的 XML 注释 [E:\Godot\Games\MyGames\复刻土豆兄弟\brotato-my\Brotato_my.csproj]
E:\Godot\Games\MyGames\复刻土豆兄弟\brotato-my\Src\Test\SingleTest\Test\ExportTest\ExportTest.cs(26,19): warning CS1591: 缺少对公共可见类型或成员“ExportTest.CharacterImagePath”的 XML 注释 [E:\Godot\Games\MyGames\复刻土豆兄弟\brotato-my\Brotato_my.csproj]
E:\Godot\Games\MyGames\复刻土豆兄弟\brotato-my\Src\Test\SingleTest\Test\ExportTest\ExportTest.cs(29,19): warning CS1591: 缺少对公共可见类型或成员“ExportTest.ScenePath”的 XML 注释 [E:\Godot\Games\MyGames\复刻土豆兄弟\brotato-my\Brotato_my.csproj]
E:\Godot\Games\MyGames\复刻土豆兄弟\brotato-my\Src\Test\SingleTest\Test\ExportTest\ExportTest.cs(32,19): warning CS1591: 缺少对公共可见类型或成员“ExportTest.DataDirectory”的 XML 注释 [E:\Godot\Games\MyGames\复刻土豆兄弟\brotato-my\Brotato_my.csproj]
E:\Godot\Games\MyGames\复刻土豆兄弟\brotato-my\Src\Test\SingleTest\Test\ExportTest\ExportTest.cs(38,22): warning CS1591: 缺少对公共可见类型或成员“ExportTest.CharacterTexture”的 XML 注释 [E:\Godot\Games\MyGames\复刻土豆兄弟\brotato-my\Brotato_my.csproj]
E:\Godot\Games\MyGames\复刻土豆兄弟\brotato-my\Src\Test\SingleTest\Test\ExportTest\ExportTest.cs(41,24): warning CS1591: 缺少对公共可见类型或成员“ExportTest.EnemyScene”的 XML 注释 [E:\Godot\Games\MyGames\复刻土豆兄弟\brotato-my\Brotato_my.csproj]
E:\Godot\Games\MyGames\复刻土豆兄弟\brotato-my\Src\Test\SingleTest\Test\ExportTest\ExportTest.cs(44,24): warning CS1591: 缺少对公共可见类型或成员“ExportTest.BackgroundMusic”的 XML 注释 [E:\Godot\Games\MyGames\复刻土豆兄弟\brotato-my\Brotato_my.csproj]
E:\Godot\Games\MyGames\复刻土豆兄弟\brotato-my\Src\Test\SingleTest\Test\ExportTest\ExportTest.cs(47,21): warning CS1591: 缺少对公共可见类型或成员“ExportTest.PlayerNodePath”的 XML 注释 [E:\Godot\Games\MyGames\复刻土豆兄弟\brotato-my\Brotato_my.csproj]
E:\Godot\Games\MyGames\复刻土豆兄弟\brotato-my\Src\Test\SingleTest\Test\ExportTest\ExportTest.cs(53,26): warning CS1591: 缺少对公共可见类型或成员“ExportTest.Type”的 XML 注释 [E:\Godot\Games\MyGames\复刻土豆兄弟\brotato-my\Brotato_my.csproj]
E:\Godot\Games\MyGames\复刻土豆兄弟\brotato-my\Src\Test\SingleTest\Test\ExportTest\ExportTest.cs(56,22): warning CS1591: 缺少对公共可见类型或成员“ExportTest.PlayerAbilities”的 XML 注释 [E:\Godot\Games\MyGames\复刻土豆兄弟\brotato-my\Brotato_my.csproj]
E:\Godot\Games\MyGames\复刻土豆兄弟\brotato-my\Src\Test\SingleTest\Test\ExportTest\ExportTest.cs(62,18): warning CS1591: 缺少对公共可见类型或成员“ExportTest.PrimaryColor”的 XML 注释 [E:\Godot\Games\MyGames\复刻土豆兄弟\brotato-my\Brotato_my.csproj]
E:\Godot\Games\MyGames\复刻土豆兄弟\brotato-my\Src\Test\SingleTest\Test\ExportTest\ExportTest.cs(65,18): warning CS1591: 缺少对公共可见类型或成员“ExportTest.SecondaryColor”的 XML 注释 [E:\Godot\Games\MyGames\复刻土豆兄弟\brotato-my\Brotato_my.csproj]
E:\Godot\Games\MyGames\复刻土豆兄弟\brotato-my\Src\Test\SingleTest\Test\ExportTest\ExportTest.cs(68,21): warning CS1591: 缺少对公共可见类型或成员“ExportTest.HealthGradient”的 XML 注释 [E:\Godot\Games\MyGames\复刻土豆兄弟\brotato-my\Brotato_my.csproj]
E:\Godot\Games\MyGames\复刻土豆兄弟\brotato-my\Src\Test\SingleTest\Test\ExportTest\ExportTest.cs(74,21): warning CS1591: 缺少对公共可见类型或成员“ExportTest.ItemNames”的 XML 注释 [E:\Godot\Games\MyGames\复刻土豆兄弟\brotato-my\Brotato_my.csproj]
E:\Godot\Games\MyGames\复刻土豆兄弟\brotato-my\Src\Test\SingleTest\Test\ExportTest\ExportTest.cs(77,18): warning CS1591: 缺少对公共可见类型或成员“ExportTest.LevelRequirements”的 XML 注释 [E:\Godot\Games\MyGames\复刻土豆兄弟\brotato-my\Brotato_my.csproj]
E:\Godot\Games\MyGames\复刻土豆兄弟\brotato-my\Src\Test\SingleTest\Test\ExportTest\ExportTest.cs(80,24): warning CS1591: 缺少对公共可见类型或成员“ExportTest.ItemIcons”的 XML 注释 [E:\Godot\Games\MyGames\复刻土豆兄弟\brotato-my\Brotato_my.csproj]
E:\Godot\Games\MyGames\复刻土豆兄弟\brotato-my\Src\Test\SingleTest\Test\ExportTest\ExportTest.cs(86,18): warning CS1591: 缺少对公共可见类型或成员“ExportTest.DamageFalloff”的 XML 注释 [E:\Godot\Games\MyGames\复刻土豆兄弟\brotato-my\Brotato_my.csproj]
E:\Godot\Games\MyGames\复刻土豆兄弟\brotato-my\Src\Test\SingleTest\Test\ExportTest\ExportTest.cs(89,17): warning CS1591: 缺少对公共可见类型或成员“ExportTest.IsBoss”的 XML 注释 [E:\Godot\Games\MyGames\复刻土豆兄弟\brotato-my\Brotato_my.csproj]
E:\Godot\Games\MyGames\复刻土豆兄弟\brotato-my\Src\Test\SingleTest\Test\ExportTest\ExportTest.cs(92,17): warning CS1591: 缺少对公共可见类型或成员“ExportTest.CollisionLayer”的 XML 注释 [E:\Godot\Games\MyGames\复刻土豆兄弟\brotato-my\Brotato_my.csproj]
E:\Godot\Games\MyGames\复刻土豆兄弟\brotato-my\Src\Test\SingleTest\Test\ExportTest\ExportTest.cs(99,16): warning CS1591: 缺少对公共可见类型或成员“ExportTest.AttackPower”的 XML 注释 [E:\Godot\Games\MyGames\复刻土豆兄弟\brotato-my\Brotato_my.csproj]
E:\Godot\Games\MyGames\复刻土豆兄弟\brotato-my\Src\Test\SingleTest\Test\ExportTest\ExportTest.cs(102,18): warning CS1591: 缺少对公共可见类型或成员“ExportTest.AttackSpeed”的 XML 注释 [E:\Godot\Games\MyGames\复刻土豆兄弟\brotato-my\Brotato_my.csproj]
E:\Godot\Games\MyGames\复刻土豆兄弟\brotato-my\Src\Test\SingleTest\Test\ExportTest\ExportTest.cs(105,16): warning CS1591: 缺少对公共可见类型或成员“ExportTest.Defense”的 XML 注释 [E:\Godot\Games\MyGames\复刻土豆兄弟\brotato-my\Brotato_my.csproj]
E:\Godot\Games\MyGames\复刻土豆兄弟\brotato-my\Src\Test\SingleTest\Test\ExportTest\ExportTest.cs(110,17): warning CS1591: 缺少对公共可见类型或成员“ExportTest.CanCriticalHit”的 XML 注释 [E:\Godot\Games\MyGames\复刻土豆兄弟\brotato-my\Brotato_my.csproj]
E:\Godot\Games\MyGames\复刻土豆兄弟\brotato-my\Src\Test\SingleTest\Test\ExportTest\ExportTest.cs(113,18): warning CS1591: 缺少对公共可见类型或成员“ExportTest.CriticalChance”的 XML 注释 [E:\Godot\Games\MyGames\复刻土豆兄弟\brotato-my\Brotato_my.csproj]
E:\Godot\Games\MyGames\复刻土豆兄弟\brotato-my\Src\Test\SingleTest\Test\ExportTest\ExportTest.cs(116,18): warning CS1591: 缺少对公共可见类型或成员“ExportTest.CriticalMultiplier”的 XML 注释 [E:\Godot\Games\MyGames\复刻土豆兄弟\brotato-my\Brotato_my.csproj]
E:\Godot\Games\MyGames\复刻土豆兄弟\brotato-my\Src\Test\SingleTest\Test\ExportTest\ExportTest.cs(124,24): warning CS1591: 缺少对公共可见类型或成员“ExportTest.HitEffectScene”的 XML 注释 [E:\Godot\Games\MyGames\复刻土豆兄弟\brotato-my\Brotato_my.csproj]
E:\Godot\Games\MyGames\复刻土豆兄弟\brotato-my\Src\Test\SingleTest\Test\ExportTest\ExportTest.cs(127,24): warning CS1591: 缺少对公共可见类型或成员“ExportTest.DeathEffectScene”的 XML 注释 [E:\Godot\Games\MyGames\复刻土豆兄弟\brotato-my\Brotato_my.csproj]
E:\Godot\Games\MyGames\复刻土豆兄弟\brotato-my\Src\Test\SingleTest\Test\ExportTest\ExportTest.cs(132,18): warning CS1591: 缺少对公共可见类型或成员“ExportTest.AnimationSpeed”的 XML 注释 [E:\Godot\Games\MyGames\复刻土豆兄弟\brotato-my\Brotato_my.csproj]
E:\Godot\Games\MyGames\复刻土豆兄弟\brotato-my\Src\Test\SingleTest\Test\ExportTest\ExportTest.cs(135,17): warning CS1591: 缺少对公共可见类型或成员“ExportTest.LoopAnimation”的 XML 注释 [E:\Godot\Games\MyGames\复刻土豆兄弟\brotato-my\Brotato_my.csproj]
E:\Godot\Games\MyGames\复刻土豆兄弟\brotato-my\Src\Test\SingleTest\Test\ExportTest\ExportTest.cs(138,26): warning CS1591: 缺少对公共可见类型或成员“ExportTest._Ready()”的 XML 注释 [E:\Godot\Games\MyGames\复刻土豆兄弟\brotato-my\Brotato_my.csproj]
E:\Godot\Games\MyGames\复刻土豆兄弟\brotato-my\Src\Test\SingleTest\Test\ExportTest\ExportTest.cs(159,19): warning CS1591: 缺少对公共可见类型或成员“ExportTest.GetCharacterTypeDescription()”的 XML 注释 [E:\Godot\Games\MyGames\复刻土豆兄弟\brotato-my\Brotato_my.csproj]
E:\Godot\Games\MyGames\复刻土豆兄弟\brotato-my\Src\Test\SingleTest\Test\ExportTest\ExportTest.cs(172,17): warning CS1591: 缺少对公共可见类型或成员“ExportTest.HasAbility(Abilities)”的 XML 注释 [E:\Godot\Games\MyGames\复刻土豆兄弟\brotato-my\Brotato_my.csproj]
E:\Godot\Games\MyGames\复刻土豆兄弟\brotato-my\Src\Test\SingleTest\Test\ExportTest\ExportTest.cs(178,19): warning CS1591: 缺少对公共可见类型或成员“ExportTest.CreateHitEffect()”的 XML 注释 [E:\Godot\Games\MyGames\复刻土豆兄弟\brotato-my\Brotato_my.csproj]
E:\Godot\Games\MyGames\复刻土豆兄弟\brotato-my\Src\Test\SingleTest\Test\ExportTest\ExportTest.cs(185,19): warning CS1591: 缺少对公共可见类型或成员“ExportTest.CreateDeathEffect()”的 XML 注释 [E:\Godot\Games\MyGames\复刻土豆兄弟\brotato-my\Brotato_my.csproj]
E:\Godot\Games\MyGames\复刻土豆兄弟\brotato-my\Src\Test\SingleTest\Test\ExportTest\ExportTest.cs(193,13): warning CS1591: 缺少对公共可见类型或成员“CharacterType”的 XML 注释 [E:\Godot\Games\MyGames\复刻土豆兄弟\brotato-my\Brotato_my.csproj]
E:\Godot\Games\MyGames\复刻土豆兄弟\brotato-my\Src\Test\SingleTest\Test\ExportTest\ExportTest.cs(195,5): warning CS1591: 缺少对公共可见类型或成员“CharacterType.Warrior”的 XML 注释 [E:\Godot\Games\MyGames\复刻土豆兄弟\brotato-my\Brotato_my.csproj]
E:\Godot\Games\MyGames\复刻土豆兄弟\brotato-my\Src\Test\SingleTest\Test\ExportTest\ExportTest.cs(196,5): warning CS1591: 缺少对公共可见类型或成员“CharacterType.Mage”的 XML 注释 [E:\Godot\Games\MyGames\复刻土豆兄弟\brotato-my\Brotato_my.csproj]
E:\Godot\Games\MyGames\复刻土豆兄弟\brotato-my\Src\Test\SingleTest\Test\ExportTest\ExportTest.cs(197,5): warning CS1591: 缺少对公共可见类型或成员“CharacterType.Archer”的 XML 注释 [E:\Godot\Games\MyGames\复刻土豆兄弟\brotato-my\Brotato_my.csproj]
E:\Godot\Games\MyGames\复刻土豆兄弟\brotato-my\Src\Test\SingleTest\Test\ExportTest\ExportTest.cs(198,5): warning CS1591: 缺少对公共可见类型或成员“CharacterType.Healer”的 XML 注释 [E:\Godot\Games\MyGames\复刻土豆兄弟\brotato-my\Brotato_my.csproj]
E:\Godot\Games\MyGames\复刻土豆兄弟\brotato-my\Src\Test\SingleTest\Test\ExportTest\ExportTest.cs(203,13): warning CS1591: 缺少对公共可见类型或成员“Abilities”的 XML 注释 [E:\Godot\Games\MyGames\复刻土豆兄弟\brotato-my\Brotato_my.csproj]
E:\Godot\Games\MyGames\复刻土豆兄弟\brotato-my\Src\Test\SingleTest\Test\ExportTest\ExportTest.cs(205,5): warning CS1591: 缺少对公共可见类型或成员“Abilities.None”的 XML 注释 [E:\Godot\Games\MyGames\复刻土豆兄弟\brotato-my\Brotato_my.csproj]
E:\Godot\Games\MyGames\复刻土豆兄弟\brotato-my\Src\Test\SingleTest\Test\ExportTest\ExportTest.cs(206,5): warning CS1591: 缺少对公共可见类型或成员“Abilities.Jump”的 XML 注释 [E:\Godot\Games\MyGames\复刻土豆兄弟\brotato-my\Brotato_my.csproj]
E:\Godot\Games\MyGames\复刻土豆兄弟\brotato-my\Src\Test\SingleTest\Test\ExportTest\ExportTest.cs(207,5): warning CS1591: 缺少对公共可见类型或成员“Abilities.Dash”的 XML 注释 [E:\Godot\Games\MyGames\复刻土豆兄弟\brotato-my\Brotato_my.csproj]
E:\Godot\Games\MyGames\复刻土豆兄弟\brotato-my\Src\Test\SingleTest\Test\ExportTest\ExportTest.cs(208,5): warning CS1591: 缺少对公共可见类型或成员“Abilities.DoubleJump”的 XML 注释 [E:\Godot\Games\MyGames\复刻土豆兄弟\brotato-my\Brotato_my.csproj]
E:\Godot\Games\MyGames\复刻土豆兄弟\brotato-my\Src\Test\SingleTest\Test\ExportTest\ExportTest.cs(209,5): warning CS1591: 缺少对公共可见类型或成员“Abilities.Glide”的 XML 注释 [E:\Godot\Games\MyGames\复刻土豆兄弟\brotato-my\Brotato_my.csproj]
E:\Godot\Games\MyGames\复刻土豆兄弟\brotato-my\Src\Test\SingleTest\Test\ExportTest\ExportTest.cs(210,5): warning CS1591: 缺少对公共可见类型或成员“Abilities.WallClimb”的 XML 注释 [E:\Godot\Games\MyGames\复刻土豆兄弟\brotato-my\Brotato_my.csproj]
E:\Godot\Games\MyGames\复刻土豆兄弟\brotato-my\Src\Test\SingleTest\Tools\Math\MyMathTest.cs(4,22): warning CS1591: 缺少对公共可见类型或成员“MyMathTest”的 XML 注释 [E:\Godot\Games\MyGames\复刻土豆兄弟\brotato-my\Brotato_my.csproj]
E:\Godot\Games\MyGames\复刻土豆兄弟\brotato-my\Src\Test\SingleTest\Tools\Math\MyMathTest.cs(8,26): warning CS1591: 缺少对公共可见类型或成员“MyMathTest._Ready()”的 XML 注释 [E:\Godot\Games\MyGames\复刻土豆兄弟\brotato-my\Brotato_my.csproj]
E:\Godot\Games\MyGames\复刻土豆兄弟\brotato-my\Src\Test\SingleTest\Tools\Math\MyMathTest.cs(14,17): warning CS1591: 缺少对公共可见类型或成员“MyMathTest.Run()”的 XML 注释 [E:\Godot\Games\MyGames\复刻土豆兄弟\brotato-my\Brotato_my.csproj]
E:\Godot\Games\MyGames\复刻土豆兄弟\brotato-my\Src\Test\SingleTest\Tools\TargetSelector\TargetSelectorTest.cs(5,22): warning CS1591: 缺少对公共可见类型或成员“TargetSelectorTest”的 XML 注释 [E:\Godot\Games\MyGames\复刻土豆兄弟\brotato-my\Brotato_my.csproj]
E:\Godot\Games\MyGames\复刻土豆兄弟\brotato-my\Src\Test\SingleTest\Tools\TargetSelector\TargetSelectorTest.cs(16,21): warning CS1591: 缺少对公共可见类型或成员“TargetSelectorTest.MockEntity.Data”的 XML 注释 [E:\Godot\Games\MyGames\复刻土豆兄弟\brotato-my\Brotato_my.csproj]
E:\Godot\Games\MyGames\复刻土豆兄弟\brotato-my\Src\Test\SingleTest\Tools\TargetSelector\TargetSelectorTest.cs(17,25): warning CS1591: 缺少对公共可见类型或成员“TargetSelectorTest.MockEntity.Events”的 XML 注释 [E:\Godot\Games\MyGames\复刻土豆兄弟\brotato-my\Brotato_my.csproj]
E:\Godot\Games\MyGames\复刻土豆兄弟\brotato-my\Src\Test\SingleTest\Tools\TargetSelector\TargetSelectorTest.cs(19,16): warning CS1591: 缺少对公共可见类型或成员“TargetSelectorTest.MockEntity.MockEntity(string, Vector2, Team, EntityType)”的 XML 注释 [E:\Godot\Games\MyGames\复刻土豆兄弟\brotato-my\Brotato_my.csproj]
E:\Godot\Games\MyGames\复刻土豆兄弟\brotato-my\Src\Test\SingleTest\Tools\TargetSelector\TargetSelectorTest.cs(29,26): warning CS1591: 缺少对公共可见类型或成员“TargetSelectorTest._Ready()”的 XML 注释 [E:\Godot\Games\MyGames\复刻土豆兄弟\brotato-my\Brotato_my.csproj]
E:\Godot\Games\MyGames\复刻土豆兄弟\brotato-my\Src\Test\SingleTest\Tools\TargetSelector\TargetSelectorTest.cs(35,17): warning CS1591: 缺少对公共可见类型或成员“TargetSelectorTest.Run()”的 XML 注释 [E:\Godot\Games\MyGames\复刻土豆兄弟\brotato-my\Brotato_my.csproj]
E:\Godot\Games\MyGames\复刻土豆兄弟\brotato-my\Src\Tools\Math\Geometry\Geometry2D.cs(28,46): warning CS1573: 参数“point”在“Geometry2D.IsPointInRing(Vector2, Vector2, float, float)”的 XML 注释中没有匹配的 param 标记(但其他参数有) [E:\Godot\Games\MyGames\复刻土豆兄弟\brotato-my\Brotato_my.csproj]
E:\Godot\Games\MyGames\复刻土豆兄弟\brotato-my\Src\Tools\Math\Geometry\Geometry2D.cs(28,61): warning CS1573: 参数“origin”在“Geometry2D.IsPointInRing(Vector2, Vector2, float, float)”的 XML 注释中没有匹配的 param 标记(但其他参数有) [E:\Godot\Games\MyGames\复刻土豆兄弟\brotato-my\Brotato_my.csproj]
E:\Godot\Games\MyGames\复刻土豆兄弟\brotato-my\Src\Tools\Math\Geometry\Geometry2D.cs(41,45): warning CS1573: 参数“point”在“Geometry2D.IsPointInBox(Vector2, Vector2, Vector2, float, float)”的 XML 注释中没有匹配的 param 标记(但其他参数有) [E:\Godot\Games\MyGames\复刻土豆兄弟\brotato-my\Brotato_my.csproj]
E:\Godot\Games\MyGames\复刻土豆兄弟\brotato-my\Src\Tools\Math\Geometry\Geometry2D.cs(63,49): warning CS1573: 参数“point”在“Geometry2D.IsPointInCapsule(Vector2, Vector2, Vector2, float, float)”的 XML 注释中没有匹配的 param 标记(但其他参数有) [E:\Godot\Games\MyGames\复刻土豆兄弟\brotato-my\Brotato_my.csproj]
E:\Godot\Games\MyGames\复刻土豆兄弟\brotato-my\Src\Tools\Math\Geometry\Geometry2D.cs(95,46): warning CS1573: 参数“point”在“Geometry2D.IsPointInCone(Vector2, Vector2, Vector2, float, float)”的 XML 注释中没有匹配的 param 标记(但其他参数有) [E:\Godot\Games\MyGames\复刻土豆兄弟\brotato-my\Brotato_my.csproj]
E:\Godot\Games\MyGames\复刻土豆兄弟\brotato-my\Src\Tools\Math\Geometry\Geometry2D.cs(146,71): warning CS1573: 参数“forward”在“Geometry2D.GetRandomPointInBox(Vector2, Vector2, float, float, RandomNumberGenerator?)”的 XML 注释中没有匹配的 param 标记(但其他参数有) [E:\Godot\Games\MyGames\复刻土豆兄弟\brotato-my\Brotato_my.csproj]
E:\Godot\Games\MyGames\复刻土豆兄弟\brotato-my\Src\Tools\Math\Geometry\Geometry2D.cs(146,86): warning CS1573: 参数“width”在“Geometry2D.GetRandomPointInBox(Vector2, Vector2, float, float, RandomNumberGenerator?)”的 XML 注释中没有匹配的 param 标记(但其他参数有) [E:\Godot\Games\MyGames\复刻土豆兄弟\brotato-my\Brotato_my.csproj]
E:\Godot\Games\MyGames\复刻土豆兄弟\brotato-my\Src\Tools\Math\Geometry\Geometry2D.cs(146,99): warning CS1573: 参数“length”在“Geometry2D.GetRandomPointInBox(Vector2, Vector2, float, float, RandomNumberGenerator?)”的 XML 注释中没有匹配的 param 标记(但其他参数有) [E:\Godot\Games\MyGames\复刻土豆兄弟\brotato-my\Brotato_my.csproj]
E:\Godot\Games\MyGames\复刻土豆兄弟\brotato-my\Src\Tools\Math\Geometry\Geometry2D.cs(146,130): warning CS1573: 参数“rng”在“Geometry2D.GetRandomPointInBox(Vector2, Vector2, float, float, RandomNumberGenerator?)”的 XML 注释中没有匹配的 param 标记(但其他参数有) [E:\Godot\Games\MyGames\复刻土豆兄弟\brotato-my\Brotato_my.csproj]
E:\Godot\Games\MyGames\复刻土豆兄弟\brotato-my\Src\Tools\Math\MyMath.cs(6,21): warning CS1591: 缺少对公共可见类型或成员“MyMath”的 XML 注释 [E:\Godot\Games\MyGames\复刻土豆兄弟\brotato-my\Brotato_my.csproj]
E:\Godot\Games\MyGames\复刻土豆兄弟\brotato-my\Src\UI\Core\GameTheme.cs(14,34): warning CS1591: 缺少对公共可见类型或成员“GameTheme.Player”的 XML 注释 [E:\Godot\Games\MyGames\复刻土豆兄弟\brotato-my\Brotato_my.csproj]
E:\Godot\Games\MyGames\复刻土豆兄弟\brotato-my\Src\UI\Core\GameTheme.cs(15,34): warning CS1591: 缺少对公共可见类型或成员“GameTheme.EnemyNormal”的 XML 注释 [E:\Godot\Games\MyGames\复刻土豆兄弟\brotato-my\Brotato_my.csproj]
E:\Godot\Games\MyGames\复刻土豆兄弟\brotato-my\Src\UI\Core\GameTheme.cs(16,34): warning CS1591: 缺少对公共可见类型或成员“GameTheme.EnemyElite”的 XML 注释 [E:\Godot\Games\MyGames\复刻土豆兄弟\brotato-my\Brotato_my.csproj]
E:\Godot\Games\MyGames\复刻土豆兄弟\brotato-my\Src\UI\Core\GameTheme.cs(17,34): warning CS1591: 缺少对公共可见类型或成员“GameTheme.EnemyBoss”的 XML 注释 [E:\Godot\Games\MyGames\复刻土豆兄弟\brotato-my\Brotato_my.csproj]
E:\Godot\Games\MyGames\复刻土豆兄弟\brotato-my\Src\UI\Core\GameTheme.cs(18,34): warning CS1591: 缺少对公共可见类型或成员“GameTheme.Summon”的 XML 注释 [E:\Godot\Games\MyGames\复刻土豆兄弟\brotato-my\Brotato_my.csproj]
E:\Godot\Games\MyGames\复刻土豆兄弟\brotato-my\Src\UI\Core\GameTheme.cs(21,34): warning CS1591: 缺少对公共可见类型或成员“GameTheme.TextNormal”的 XML 注释 [E:\Godot\Games\MyGames\复刻土豆兄弟\brotato-my\Brotato_my.csproj]
E:\Godot\Games\MyGames\复刻土豆兄弟\brotato-my\Src\UI\Core\GameTheme.cs(22,34): warning CS1591: 缺少对公共可见类型或成员“GameTheme.TextHighlight”的 XML 注释 [E:\Godot\Games\MyGames\复刻土豆兄弟\brotato-my\Brotato_my.csproj]
E:\Godot\Games\MyGames\复刻土豆兄弟\brotato-my\Src\UI\Core\GameTheme.cs(23,34): warning CS1591: 缺少对公共可见类型或成员“GameTheme.TextDanger”的 XML 注释 [E:\Godot\Games\MyGames\复刻土豆兄弟\brotato-my\Brotato_my.csproj]
E:\Godot\Games\MyGames\复刻土豆兄弟\brotato-my\Src\UI\Core\GameTheme.cs(24,34): warning CS1591: 缺少对公共可见类型或成员“GameTheme.TextDisable”的 XML 注释 [E:\Godot\Games\MyGames\复刻土豆兄弟\brotato-my\Brotato_my.csproj]
E:\Godot\Games\MyGames\复刻土豆兄弟\brotato-my\Src\UI\Core\GameTheme.cs(27,34): warning CS1591: 缺少对公共可见类型或成员“GameTheme.DamagePhysical”的 XML 注释 [E:\Godot\Games\MyGames\复刻土豆兄弟\brotato-my\Brotato_my.csproj]
E:\Godot\Games\MyGames\复刻土豆兄弟\brotato-my\Src\UI\Core\GameTheme.cs(28,34): warning CS1591: 缺少对公共可见类型或成员“GameTheme.DamageCritical”的 XML 注释 [E:\Godot\Games\MyGames\复刻土豆兄弟\brotato-my\Brotato_my.csproj]
E:\Godot\Games\MyGames\复刻土豆兄弟\brotato-my\Src\UI\Core\GameTheme.cs(29,34): warning CS1591: 缺少对公共可见类型或成员“GameTheme.DamageMagical”的 XML 注释 [E:\Godot\Games\MyGames\复刻土豆兄弟\brotato-my\Brotato_my.csproj]
E:\Godot\Games\MyGames\复刻土豆兄弟\brotato-my\Src\UI\Core\GameTheme.cs(30,34): warning CS1591: 缺少对公共可见类型或成员“GameTheme.DamageTrue”的 XML 注释 [E:\Godot\Games\MyGames\复刻土豆兄弟\brotato-my\Brotato_my.csproj]
E:\Godot\Games\MyGames\复刻土豆兄弟\brotato-my\Src\UI\Core\GameTheme.cs(31,34): warning CS1591: 缺少对公共可见类型或成员“GameTheme.Heal”的 XML 注释 [E:\Godot\Games\MyGames\复刻土豆兄弟\brotato-my\Brotato_my.csproj]
E:\Godot\Games\MyGames\复刻土豆兄弟\brotato-my\Src\UI\Core\GameTheme.cs(32,34): warning CS1591: 缺少对公共可见类型或成员“GameTheme.Miss”的 XML 注释 [E:\Godot\Games\MyGames\复刻土豆兄弟\brotato-my\Brotato_my.csproj]
E:\Godot\Games\MyGames\复刻土豆兄弟\brotato-my\Src\UI\Core\UIManager.cs(43,26): warning CS1591: 缺少对公共可见类型或成员“UIManager._EnterTree()”的 XML 注释 [E:\Godot\Games\MyGames\复刻土豆兄弟\brotato-my\Brotato_my.csproj]
E:\Godot\Games\MyGames\复刻土豆兄弟\brotato-my\Src\UI\Core\UIManager.cs(48,26): warning CS1591: 缺少对公共可见类型或成员“UIManager._ExitTree()”的 XML 注释 [E:\Godot\Games\MyGames\复刻土豆兄弟\brotato-my\Brotato_my.csproj]
E:\Godot\Games\MyGames\复刻土豆兄弟\brotato-my\Src\UI\UI\DamageNumberUI\DamageNumberUI.cs(29,26): warning CS1591: 缺少对公共可见类型或成员“DamageNumberUI._Ready()”的 XML 注释 [E:\Godot\Games\MyGames\复刻土豆兄弟\brotato-my\Brotato_my.csproj]
E:\Godot\Games\MyGames\复刻土豆兄弟\brotato-my\Src\UI\UI\DamageNumberUI\DamageNumberUI.cs(101,17): warning CS1591: 缺少对公共可见类型或成员“DamageNumberUI.OnPoolAcquire()”的 XML 注释 [E:\Godot\Games\MyGames\复刻土豆兄弟\brotato-my\Brotato_my.csproj]
E:\Godot\Games\MyGames\复刻土豆兄弟\brotato-my\Src\UI\UI\DamageNumberUI\DamageNumberUI.cs(106,17): warning CS1591: 缺少对公共可见类型或成员“DamageNumberUI.OnPoolRelease()”的 XML 注释 [E:\Godot\Games\MyGames\复刻土豆兄弟\brotato-my\Brotato_my.csproj]
E:\Godot\Games\MyGames\复刻土豆兄弟\brotato-my\Src\UI\UI\DamageNumberUI\DamageNumberUI.cs(112,17): warning CS1591: 缺少对公共可见类型或成员“DamageNumberUI.OnPoolReset()”的 XML 注释 [E:\Godot\Games\MyGames\复刻土豆兄弟\brotato-my\Brotato_my.csproj]
E:\Godot\Games\MyGames\复刻土豆兄弟\brotato-my\Src\UI\UI\DamageNumberUI\DamageNumberUI.cs(139,26): warning CS1591: 缺少对公共可见类型或成员“DamageNumberUI._ExitTree()”的 XML 注释 [E:\Godot\Games\MyGames\复刻土豆兄弟\brotato-my\Brotato_my.csproj]
E:\Godot\Games\MyGames\复刻土豆兄弟\brotato-my\Src\UI\UI\HealthBarUI\HealthBarUI.cs(26,24): warning CS1591: 缺少对公共可见类型或成员“HealthBarUI.Initialize()”的 XML 注释 [E:\Godot\Games\MyGames\复刻土豆兄弟\brotato-my\Brotato_my.csproj]
E:\Godot\Games\MyGames\复刻土豆兄弟\brotato-my\Src\UI\UI\HealthBarUI\HealthBarUI.cs(49,26): warning CS1591: 缺少对公共可见类型或成员“HealthBarUI._Ready()”的 XML 注释 [E:\Godot\Games\MyGames\复刻土豆兄弟\brotato-my\Brotato_my.csproj]
E:\Godot\Games\MyGames\复刻土豆兄弟\brotato-my\Src\UI\UI\HealthBarUI\HealthBarUI.cs(81,26): warning CS1591: 缺少对公共可见类型或成员“HealthBarUI._Process(double)”的 XML 注释 [E:\Godot\Games\MyGames\复刻土豆兄弟\brotato-my\Brotato_my.csproj]
E:\Godot\Games\MyGames\复刻土豆兄弟\brotato-my\Src\UI\UI\HealthBarUI\HealthBarUI.cs(154,29): warning CS1591: 缺少对公共可见类型或成员“HealthBarUI.OnBind()”的 XML 注释 [E:\Godot\Games\MyGames\复刻土豆兄弟\brotato-my\Brotato_my.csproj]
E:\Godot\Games\MyGames\复刻土豆兄弟\brotato-my\Src\UI\UI\HealthBarUI\HealthBarUI.cs(170,29): warning CS1591: 缺少对公共可见类型或成员“HealthBarUI.OnUnbind()”的 XML 注释 [E:\Godot\Games\MyGames\复刻土豆兄弟\brotato-my\Brotato_my.csproj]
E:\Godot\Games\MyGames\复刻土豆兄弟\brotato-my\Src\UI\UI\SkillUI\ActiveSkillBarUI.cs(18,26): warning CS1591: 缺少对公共可见类型或成员“ActiveSkillBarUI._Ready()”的 XML 注释 [E:\Godot\Games\MyGames\复刻土豆兄弟\brotato-my\Brotato_my.csproj]
E:\Godot\Games\MyGames\复刻土豆兄弟\brotato-my\Src\UI\UI\SkillUI\ActiveSkillSlotUI.cs(44,26): warning CS1591: 缺少对公共可见类型或成员“ActiveSkillSlotUI._Ready()”的 XML 注释 [E:\Godot\Games\MyGames\复刻土豆兄弟\brotato-my\Brotato_my.csproj]
E:\Godot\Games\MyGames\复刻土豆兄弟\brotato-my\Src\UI\UI\SkillUI\ActiveSkillSlotUI.cs(68,26): warning CS1591: 缺少对公共可见类型或成员“ActiveSkillSlotUI._Process(double)”的 XML 注释 [E:\Godot\Games\MyGames\复刻土豆兄弟\brotato-my\Brotato_my.csproj]
E:\Godot\Games\MyGames\复刻土豆兄弟\brotato-my\Src\UI\UI\SkillUI\ActiveSkillSlotUI.cs(80,29): warning CS1591: 缺少对公共可见类型或成员“ActiveSkillSlotUI.OnBind()”的 XML 注释 [E:\Godot\Games\MyGames\复刻土豆兄弟\brotato-my\Brotato_my.csproj]
E:\Godot\Games\MyGames\复刻土豆兄弟\brotato-my\Src\UI\UI\SkillUI\ActiveSkillSlotUI.cs(93,29): warning CS1591: 缺少对公共可见类型或成员“ActiveSkillSlotUI.OnUnbind()”的 XML 注释 [E:\Godot\Games\MyGames\复刻土豆兄弟\brotato-my\Brotato_my.csproj]
E:\Godot\Games\MyGames\复刻土豆兄弟\brotato-my\Data\Data\Ability\Ability\Slam\Slam.cs(19,6): warning CA2255: “ModuleInitializer” 属性仅用于应用程序代码或高级源生成器方案 (https://learn.microsoft.com/dotnet/fundamentals/code-analysis/quality-rules/ca2255) [E:\Godot\Games\MyGames\复刻土豆兄弟\brotato-my\Brotato_my.csproj]
E:\Godot\Games\MyGames\复刻土豆兄弟\brotato-my\Data\Data\Ability\Ability\CircleDamage\CircleDamage.cs(16,6): warning CA2255: “ModuleInitializer” 属性仅用于应用程序代码或高级源生成器方案 (https://learn.microsoft.com/dotnet/fundamentals/code-analysis/quality-rules/ca2255) [E:\Godot\Games\MyGames\复刻土豆兄弟\brotato-my\Brotato_my.csproj]
E:\Godot\Games\MyGames\复刻土豆兄弟\brotato-my\Data\Data\Ability\Ability\Movement\OrbitSkill\OrbitSkill.cs(12,6): warning CA2255: “ModuleInitializer” 属性仅用于应用程序代码或高级源生成器方案 (https://learn.microsoft.com/dotnet/fundamentals/code-analysis/quality-rules/ca2255) [E:\Godot\Games\MyGames\复刻土豆兄弟\brotato-my\Brotato_my.csproj]
E:\Godot\Games\MyGames\复刻土豆兄弟\brotato-my\Data\Data\Ability\Ability\Movement\ParabolaShot\ParabolaShot.cs(12,6): warning CA2255: “ModuleInitializer” 属性仅用于应用程序代码或高级源生成器方案 (https://learn.microsoft.com/dotnet/fundamentals/code-analysis/quality-rules/ca2255) [E:\Godot\Games\MyGames\复刻土豆兄弟\brotato-my\Brotato_my.csproj]
E:\Godot\Games\MyGames\复刻土豆兄弟\brotato-my\Data\Data\Ability\Ability\Movement\ArcShot\ArcShot.cs(12,6): warning CA2255: “ModuleInitializer” 属性仅用于应用程序代码或高级源生成器方案 (https://learn.microsoft.com/dotnet/fundamentals/code-analysis/quality-rules/ca2255) [E:\Godot\Games\MyGames\复刻土豆兄弟\brotato-my\Brotato_my.csproj]
E:\Godot\Games\MyGames\复刻土豆兄弟\brotato-my\Data\Data\Ability\Ability\Movement\SineWaveShot\SineWaveShot.cs(12,6): warning CA2255: “ModuleInitializer” 属性仅用于应用程序代码或高级源生成器方案 (https://learn.microsoft.com/dotnet/fundamentals/code-analysis/quality-rules/ca2255) [E:\Godot\Games\MyGames\复刻土豆兄弟\brotato-my\Brotato_my.csproj]
E:\Godot\Games\MyGames\复刻土豆兄弟\brotato-my\Data\Data\Ability\Ability\Movement\BezierShot\BezierShot.cs(12,6): warning CA2255: “ModuleInitializer” 属性仅用于应用程序代码或高级源生成器方案 (https://learn.microsoft.com/dotnet/fundamentals/code-analysis/quality-rules/ca2255) [E:\Godot\Games\MyGames\复刻土豆兄弟\brotato-my\Brotato_my.csproj]
E:\Godot\Games\MyGames\复刻土豆兄弟\brotato-my\Data\Data\Ability\Ability\Movement\BoomerangThrow\BoomerangThrow.cs(12,6): warning CA2255: “ModuleInitializer” 属性仅用于应用程序代码或高级源生成器方案 (https://learn.microsoft.com/dotnet/fundamentals/code-analysis/quality-rules/ca2255) [E:\Godot\Games\MyGames\复刻土豆兄弟\brotato-my\Brotato_my.csproj]
E:\Godot\Games\MyGames\复刻土豆兄弟\brotato-my\Data\Data\Ability\Ability\Movement\AuraShield\AuraShield.cs(12,6): warning CA2255: “ModuleInitializer” 属性仅用于应用程序代码或高级源生成器方案 (https://learn.microsoft.com/dotnet/fundamentals/code-analysis/quality-rules/ca2255) [E:\Godot\Games\MyGames\复刻土豆兄弟\brotato-my\Brotato_my.csproj]
E:\Godot\Games\MyGames\复刻土豆兄弟\brotato-my\Data\Data\Ability\Ability\ChainLightning\ChainLightning.cs(32,6): warning CA2255: “ModuleInitializer” 属性仅用于应用程序代码或高级源生成器方案 (https://learn.microsoft.com/dotnet/fundamentals/code-analysis/quality-rules/ca2255) [E:\Godot\Games\MyGames\复刻土豆兄弟\brotato-my\Brotato_my.csproj]
E:\Godot\Games\MyGames\复刻土豆兄弟\brotato-my\Data\Data\Ability\Ability\Movement\Dash\Dash.cs(21,6): warning CA2255: “ModuleInitializer” 属性仅用于应用程序代码或高级源生成器方案 (https://learn.microsoft.com/dotnet/fundamentals/code-analysis/quality-rules/ca2255) [E:\Godot\Games\MyGames\复刻土豆兄弟\brotato-my\Brotato_my.csproj]
E:\Godot\Games\MyGames\复刻土豆兄弟\brotato-my\Data\DataKey\Base\DataKey_Base.cs(8,6): warning CA2255: “ModuleInitializer” 属性仅用于应用程序代码或高级源生成器方案 (https://learn.microsoft.com/dotnet/fundamentals/code-analysis/quality-rules/ca2255) [E:\Godot\Games\MyGames\复刻土豆兄弟\brotato-my\Brotato_my.csproj]
E:\Godot\Games\MyGames\复刻土豆兄弟\brotato-my\Src\ECS\System\DamageSystem\DamageService.cs(20,6): warning CA2255: “ModuleInitializer” 属性仅用于应用程序代码或高级源生成器方案 (https://learn.microsoft.com/dotnet/fundamentals/code-analysis/quality-rules/ca2255) [E:\Godot\Games\MyGames\复刻土豆兄弟\brotato-my\Brotato_my.csproj]
E:\Godot\Games\MyGames\复刻土豆兄弟\brotato-my\Src\ECS\System\DamageSystem\DamageStatisticsSystem.cs(18,6): warning CA2255: “ModuleInitializer” 属性仅用于应用程序代码或高级源生成器方案 (https://learn.microsoft.com/dotnet/fundamentals/code-analysis/quality-rules/ca2255) [E:\Godot\Games\MyGames\复刻土豆兄弟\brotato-my\Brotato_my.csproj]
E:\Godot\Games\MyGames\复刻土豆兄弟\brotato-my\Src\ECS\System\Movement\Strategies\Base\AIControlledStrategy.cs(22,6): warning CA2255: “ModuleInitializer” 属性仅用于应用程序代码或高级源生成器方案 (https://learn.microsoft.com/dotnet/fundamentals/code-analysis/quality-rules/ca2255) [E:\Godot\Games\MyGames\复刻土豆兄弟\brotato-my\Brotato_my.csproj]
E:\Godot\Games\MyGames\复刻土豆兄弟\brotato-my\Src\ECS\System\Movement\Strategies\Base\AttachToHostStrategy.cs(35,6): warning CA2255: “ModuleInitializer” 属性仅用于应用程序代码或高级源生成器方案 (https://learn.microsoft.com/dotnet/fundamentals/code-analysis/quality-rules/ca2255) [E:\Godot\Games\MyGames\复刻土豆兄弟\brotato-my\Brotato_my.csproj]
E:\Godot\Games\MyGames\复刻土豆兄弟\brotato-my\Src\ECS\System\Movement\Strategies\Base\PlayerInputStrategy.cs(15,6): warning CA2255: “ModuleInitializer” 属性仅用于应用程序代码或高级源生成器方案 (https://learn.microsoft.com/dotnet/fundamentals/code-analysis/quality-rules/ca2255) [E:\Godot\Games\MyGames\复刻土豆兄弟\brotato-my\Brotato_my.csproj]
E:\Godot\Games\MyGames\复刻土豆兄弟\brotato-my\Src\ECS\System\Movement\Strategies\Curve\BezierCurveStrategy.cs(53,6): warning CA2255: “ModuleInitializer” 属性仅用于应用程序代码或高级源生成器方案 (https://learn.microsoft.com/dotnet/fundamentals/code-analysis/quality-rules/ca2255) [E:\Godot\Games\MyGames\复刻土豆兄弟\brotato-my\Brotato_my.csproj]
E:\Godot\Games\MyGames\复刻土豆兄弟\brotato-my\Src\ECS\System\Movement\Strategies\Charge\ChargeStrategy.cs(68,6): warning CA2255: “ModuleInitializer” 属性仅用于应用程序代码或高级源生成器方案 (https://learn.microsoft.com/dotnet/fundamentals/code-analysis/quality-rules/ca2255) [E:\Godot\Games\MyGames\复刻土豆兄弟\brotato-my\Brotato_my.csproj]
E:\Godot\Games\MyGames\复刻土豆兄弟\brotato-my\Src\ECS\System\Movement\Strategies\Curve\CircularArcStrategy.cs(54,6): warning CA2255: “ModuleInitializer” 属性仅用于应用程序代码或高级源生成器方案 (https://learn.microsoft.com/dotnet/fundamentals/code-analysis/quality-rules/ca2255) [E:\Godot\Games\MyGames\复刻土豆兄弟\brotato-my\Brotato_my.csproj]
E:\Godot\Games\MyGames\复刻土豆兄弟\brotato-my\Src\ECS\System\Movement\Strategies\Orbit\OrbitStrategy.cs(83,6): warning CA2255: “ModuleInitializer” 属性仅用于应用程序代码或高级源生成器方案 (https://learn.microsoft.com/dotnet/fundamentals/code-analysis/quality-rules/ca2255) [E:\Godot\Games\MyGames\复刻土豆兄弟\brotato-my\Brotato_my.csproj]
E:\Godot\Games\MyGames\复刻土豆兄弟\brotato-my\Src\ECS\System\Movement\Strategies\Curve\ParabolaStrategy.cs(52,6): warning CA2255: “ModuleInitializer” 属性仅用于应用程序代码或高级源生成器方案 (https://learn.microsoft.com/dotnet/fundamentals/code-analysis/quality-rules/ca2255) [E:\Godot\Games\MyGames\复刻土豆兄弟\brotato-my\Brotato_my.csproj]
E:\Godot\Games\MyGames\复刻土豆兄弟\brotato-my\Src\ECS\System\Movement\Strategies\Wave\SineWaveStrategy.cs(68,6): warning CA2255: “ModuleInitializer” 属性仅用于应用程序代码或高级源生成器方案 (https://learn.microsoft.com/dotnet/fundamentals/code-analysis/quality-rules/ca2255) [E:\Godot\Games\MyGames\复刻土豆兄弟\brotato-my\Brotato_my.csproj]
E:\Godot\Games\MyGames\复刻土豆兄弟\brotato-my\Src\ECS\System\Movement\Strategies\Projectile\BoomerangStrategy.cs(83,6): warning CA2255: “ModuleInitializer” 属性仅用于应用程序代码或高级源生成器方案 (https://learn.microsoft.com/dotnet/fundamentals/code-analysis/quality-rules/ca2255) [E:\Godot\Games\MyGames\复刻土豆兄弟\brotato-my\Brotato_my.csproj]
E:\Godot\Games\MyGames\复刻土豆兄弟\brotato-my\Src\ECS\System\RecoverySystem\RecoverySystem.cs(29,6): warning CA2255: “ModuleInitializer” 属性仅用于应用程序代码或高级源生成器方案 (https://learn.microsoft.com/dotnet/fundamentals/code-analysis/quality-rules/ca2255) [E:\Godot\Games\MyGames\复刻土豆兄弟\brotato-my\Brotato_my.csproj]
E:\Godot\Games\MyGames\复刻土豆兄弟\brotato-my\Src\ECS\System\Spawn\SpawnSystem.cs(18,6): warning CA2255: “ModuleInitializer” 属性仅用于应用程序代码或高级源生成器方案 (https://learn.microsoft.com/dotnet/fundamentals/code-analysis/quality-rules/ca2255) [E:\Godot\Games\MyGames\复刻土豆兄弟\brotato-my\Brotato_my.csproj]
E:\Godot\Games\MyGames\复刻土豆兄弟\brotato-my\Src\ECS\System\TargetingSystem\TargetingManager.cs(18,6): warning CA2255: “ModuleInitializer” 属性仅用于应用程序代码或高级源生成器方案 (https://learn.microsoft.com/dotnet/fundamentals/code-analysis/quality-rules/ca2255) [E:\Godot\Games\MyGames\复刻土豆兄弟\brotato-my\Brotato_my.csproj]
E:\Godot\Games\MyGames\复刻土豆兄弟\brotato-my\Src\ECS\System\TestSystem\TestSystem.cs(65,6): warning CA2255: “ModuleInitializer” 属性仅用于应用程序代码或高级源生成器方案 (https://learn.microsoft.com/dotnet/fundamentals/code-analysis/quality-rules/ca2255) [E:\Godot\Games\MyGames\复刻土豆兄弟\brotato-my\Brotato_my.csproj]
E:\Godot\Games\MyGames\复刻土豆兄弟\brotato-my\Src\Test\SingleTest\ECS\Data\TestDataRegister.cs(12,6): warning CA2255: “ModuleInitializer” 属性仅用于应用程序代码或高级源生成器方案 (https://learn.microsoft.com/dotnet/fundamentals/code-analysis/quality-rules/ca2255) [E:\Godot\Games\MyGames\复刻土豆兄弟\brotato-my\Brotato_my.csproj]
E:\Godot\Games\MyGames\复刻土豆兄弟\brotato-my\Src\ECS\Entity\Core\EntityManager_Component_Init.cs(14,10): warning CA2255: “ModuleInitializer” 属性仅用于应用程序代码或高级源生成器方案 (https://learn.microsoft.com/dotnet/fundamentals/code-analysis/quality-rules/ca2255) [E:\Godot\Games\MyGames\复刻土豆兄弟\brotato-my\Brotato_my.csproj]
E:\Godot\Games\MyGames\复刻土豆兄弟\brotato-my\Src\Tools\ObjectPool\ObjectPoolInit.cs(52,6): warning CA2255: “ModuleInitializer” 属性仅用于应用程序代码或高级源生成器方案 (https://learn.microsoft.com/dotnet/fundamentals/code-analysis/quality-rules/ca2255) [E:\Godot\Games\MyGames\复刻土豆兄弟\brotato-my\Brotato_my.csproj]
E:\Godot\Games\MyGames\复刻土豆兄弟\brotato-my\Src\Tools\Timer\TimerManager.cs(34,6): warning CA2255: “ModuleInitializer” 属性仅用于应用程序代码或高级源生成器方案 (https://learn.microsoft.com/dotnet/fundamentals/code-analysis/quality-rules/ca2255) [E:\Godot\Games\MyGames\复刻土豆兄弟\brotato-my\Brotato_my.csproj]
E:\Godot\Games\MyGames\复刻土豆兄弟\brotato-my\Src\UI\Core\UIManager.cs(28,6): warning CA2255: “ModuleInitializer” 属性仅用于应用程序代码或高级源生成器方案 (https://learn.microsoft.com/dotnet/fundamentals/code-analysis/quality-rules/ca2255) [E:\Godot\Games\MyGames\复刻土豆兄弟\brotato-my\Brotato_my.csproj]
E:\Godot\Games\MyGames\复刻土豆兄弟\brotato-my\Src\UI\UI\DamageNumberUI\DamageNumberSystem.cs(24,6): warning CA2255: “ModuleInitializer” 属性仅用于应用程序代码或高级源生成器方案 (https://learn.microsoft.com/dotnet/fundamentals/code-analysis/quality-rules/ca2255) [E:\Godot\Games\MyGames\复刻土豆兄弟\brotato-my\Brotato_my.csproj]
E:\Godot\Games\MyGames\复刻土豆兄弟\brotato-my\Src\UI\UI\HealthBarUI\HealthBarUI.cs(25,6): warning CA2255: “ModuleInitializer” 属性仅用于应用程序代码或高级源生成器方案 (https://learn.microsoft.com/dotnet/fundamentals/code-analysis/quality-rules/ca2255) [E:\Godot\Games\MyGames\复刻土豆兄弟\brotato-my\Brotato_my.csproj]
  Brotato_my -> E:\Godot\Games\MyGames\复刻土豆兄弟\brotato-my\.godot\mono\temp\bin\Debug\Brotato_my.dll

已成功生成。

E:\Godot\Games\MyGames\复刻土豆兄弟\brotato-my\Data\EventType\Unit\GameEventType_Unit_Health.cs(42,42): warning CS1570: XML 注释出现 XML 格式错误 --“应为标识符。” [E:\Godot\Games\MyGames\复刻土豆兄弟\brotato-my\Brotato_my.csproj]
E:\Godot\Games\MyGames\复刻土豆兄弟\brotato-my\Data\EventType\Unit\GameEventType_Unit_Health.cs(42,42): warning CS1570: XML 注释出现 XML 格式错误 --“此位置无法使用字符“=”。” [E:\Godot\Games\MyGames\复刻土豆兄弟\brotato-my\Brotato_my.csproj]
E:\Godot\Games\MyGames\复刻土豆兄弟\brotato-my\Data\EventType\Unit\GameEventType_Unit_Movement.cs(35,15): warning CS1570: XML 注释出现 XML 格式错误 --“结束标记“code”与开始标记“GameEventType.Unit.MovementCollisionEventData”不匹配。” [E:\Godot\Games\MyGames\复刻土豆兄弟\brotato-my\Brotato_my.csproj]
E:\Godot\Games\MyGames\复刻土豆兄弟\brotato-my\Data\EventType\Unit\GameEventType_Unit_Movement.cs(36,15): warning CS1570: XML 注释出现 XML 格式错误 --“结束标记“para”与开始标记“code”不匹配。” [E:\Godot\Games\MyGames\复刻土豆兄弟\brotato-my\Brotato_my.csproj]
E:\Godot\Games\MyGames\复刻土豆兄弟\brotato-my\Data\EventType\Unit\GameEventType_Unit_Movement.cs(37,15): warning CS1570: XML 注释出现 XML 格式错误 --“结束标记“summary”与开始标记“para”不匹配。” [E:\Godot\Games\MyGames\复刻土豆兄弟\brotato-my\Brotato_my.csproj]
E:\Godot\Games\MyGames\复刻土豆兄弟\brotato-my\Data\EventType\Unit\GameEventType_Unit_Movement.cs(38,1): warning CS1570: XML 注释出现 XML 格式错误 --“元素“summary”需要结束标记。” [E:\Godot\Games\MyGames\复刻土豆兄弟\brotato-my\Brotato_my.csproj]
E:\Godot\Games\MyGames\复刻土豆兄弟\brotato-my\Src\ECS\Component\Unit\Common\LifecycleComponent\LifecycleComponent.cs(197,33): warning CS1570: XML 注释出现 XML 格式错误 --“应为标识符。” [E:\Godot\Games\MyGames\复刻土豆兄弟\brotato-my\Brotato_my.csproj]
E:\Godot\Games\MyGames\复刻土豆兄弟\brotato-my\Src\ECS\Component\Unit\Common\LifecycleComponent\LifecycleComponent.cs(197,33): warning CS1570: XML 注释出现 XML 格式错误 --“此位置无法使用字符“=”。” [E:\Godot\Games\MyGames\复刻土豆兄弟\brotato-my\Brotato_my.csproj]
E:\Godot\Games\MyGames\复刻土豆兄弟\brotato-my\Src\ECS\Entity\Core\EntityManager.cs(95,7): warning CS1570: XML 注释出现 XML 格式错误 --“结束标记“code”与开始标记“HealthComponent”不匹配。” [E:\Godot\Games\MyGames\复刻土豆兄弟\brotato-my\Brotato_my.csproj]
E:\Godot\Games\MyGames\复刻土豆兄弟\brotato-my\Src\ECS\Entity\Core\EntityManager.cs(96,7): warning CS1570: XML 注释出现 XML 格式错误 --“结束标记“summary”与开始标记“Player”不匹配。” [E:\Godot\Games\MyGames\复刻土豆兄弟\brotato-my\Brotato_my.csproj]
E:\Godot\Games\MyGames\复刻土豆兄弟\brotato-my\Src\Autoload\AutoLoad.cs(41,7): warning CS1570: XML 注释出现 XML 格式错误 --“结束标记“code”与开始标记“PackedScene”不匹配。” [E:\Godot\Games\MyGames\复刻土豆兄弟\brotato-my\Brotato_my.csproj]
E:\Godot\Games\MyGames\复刻土豆兄弟\brotato-my\Src\ECS\Entity\Core\EntityManager.cs(97,1): warning CS1570: XML 注释出现 XML 格式错误 --“元素“Enemy”需要结束标记。” [E:\Godot\Games\MyGames\复刻土豆兄弟\brotato-my\Brotato_my.csproj]
E:\Godot\Games\MyGames\复刻土豆兄弟\brotato-my\Src\Autoload\AutoLoad.cs(42,7): warning CS1570: XML 注释出现 XML 格式错误 --“结束标记“example”与开始标记“code”不匹配。” [E:\Godot\Games\MyGames\复刻土豆兄弟\brotato-my\Brotato_my.csproj]
E:\Godot\Games\MyGames\复刻土豆兄弟\brotato-my\Src\ECS\Entity\Core\EntityManager.cs(97,1): warning CS1570: XML 注释出现 XML 格式错误 --“元素“code”需要结束标记。” [E:\Godot\Games\MyGames\复刻土豆兄弟\brotato-my\Brotato_my.csproj]
E:\Godot\Games\MyGames\复刻土豆兄弟\brotato-my\Src\ECS\Entity\Core\EntityManager.cs(97,1): warning CS1570: XML 注释出现 XML 格式错误 --“元素“summary”需要结束标记。” [E:\Godot\Games\MyGames\复刻土豆兄弟\brotato-my\Brotato_my.csproj]
E:\Godot\Games\MyGames\复刻土豆兄弟\brotato-my\Src\Autoload\AutoLoad.cs(43,1): warning CS1570: XML 注释出现 XML 格式错误 --“元素“example”需要结束标记。” [E:\Godot\Games\MyGames\复刻土豆兄弟\brotato-my\Brotato_my.csproj]
E:\Godot\Games\MyGames\复刻土豆兄弟\brotato-my\Src\ECS\Entity\IEntity.cs(28,29): warning CS1570: XML 注释出现 XML 格式错误 --“应为标识符。” [E:\Godot\Games\MyGames\复刻土豆兄弟\brotato-my\Brotato_my.csproj]
E:\Godot\Games\MyGames\复刻土豆兄弟\brotato-my\Src\ECS\Entity\IEntity.cs(28,29): warning CS1570: XML 注释出现 XML 格式错误 --“此位置无法使用字符“-”。” [E:\Godot\Games\MyGames\复刻土豆兄弟\brotato-my\Brotato_my.csproj]
E:\Godot\Games\MyGames\复刻土豆兄弟\brotato-my\Src\ECS\Entity\Core\EntityManager.cs(126,11): warning CS1570: XML 注释出现 XML 格式错误 --“结束标记“code”与开始标记“Player”不匹配。” [E:\Godot\Games\MyGames\复刻土豆兄弟\brotato-my\Brotato_my.csproj]
E:\Godot\Games\MyGames\复刻土豆兄弟\brotato-my\Src\ECS\Entity\Core\EntityManager.cs(127,11): warning CS1570: XML 注释出现 XML 格式错误 --“结束标记“summary”与开始标记“Enemy”不匹配。” [E:\Godot\Games\MyGames\复刻土豆兄弟\brotato-my\Brotato_my.csproj]
E:\Godot\Games\MyGames\复刻土豆兄弟\brotato-my\Src\ECS\Component\Ability\TriggerComponent\TriggerComponent.cs(14,1): warning CS1570: XML 注释出现 XML 格式错误 --“元素“summary”需要结束标记。” [E:\Godot\Games\MyGames\复刻土豆兄弟\brotato-my\Brotato_my.csproj]
E:\Godot\Games\MyGames\复刻土豆兄弟\brotato-my\Src\ECS\Entity\Core\EntityManager.cs(131,1): warning CS1570: XML 注释出现 XML 格式错误 --“元素“code”需要结束标记。” [E:\Godot\Games\MyGames\复刻土豆兄弟\brotato-my\Brotato_my.csproj]
E:\Godot\Games\MyGames\复刻土豆兄弟\brotato-my\Src\ECS\Entity\IEntity.cs(28,57): warning CS1570: XML 注释出现 XML 格式错误 --“应为标识符。” [E:\Godot\Games\MyGames\复刻土豆兄弟\brotato-my\Brotato_my.csproj]
E:\Godot\Games\MyGames\复刻土豆兄弟\brotato-my\Src\ECS\Entity\Core\EntityManager.cs(131,1): warning CS1570: XML 注释出现 XML 格式错误 --“元素“summary”需要结束标记。” [E:\Godot\Games\MyGames\复刻土豆兄弟\brotato-my\Brotato_my.csproj]
E:\Godot\Games\MyGames\复刻土豆兄弟\brotato-my\Src\ECS\Component\Ability\TriggerComponent\TriggerComponent.cs(15,5): warning CS1570: XML 注释出现 XML 格式错误 --“在此位置不应为结束标记。” [E:\Godot\Games\MyGames\复刻土豆兄弟\brotato-my\Brotato_my.csproj]
E:\Godot\Games\MyGames\复刻土豆兄弟\brotato-my\Src\ECS\Entity\IEntity.cs(28,57): warning CS1570: XML 注释出现 XML 格式错误 --“此位置无法使用字符“-”。” [E:\Godot\Games\MyGames\复刻土豆兄弟\brotato-my\Brotato_my.csproj]
E:\Godot\Games\MyGames\复刻土豆兄弟\brotato-my\Src\ECS\Entity\IEntity.cs(29,11): warning CS1570: XML 注释出现 XML 格式错误 --“结束标记“summary”与开始标记“”不匹配。” [E:\Godot\Games\MyGames\复刻土豆兄弟\brotato-my\Brotato_my.csproj]
E:\Godot\Games\MyGames\复刻土豆兄弟\brotato-my\Src\ECS\Entity\IEntity.cs(30,1): warning CS1570: XML 注释出现 XML 格式错误 --“元素“”需要结束标记。” [E:\Godot\Games\MyGames\复刻土豆兄弟\brotato-my\Brotato_my.csproj]
E:\Godot\Games\MyGames\复刻土豆兄弟\brotato-my\Src\ECS\Entity\IEntity.cs(30,1): warning CS1570: XML 注释出现 XML 格式错误 --“元素“summary”需要结束标记。” [E:\Godot\Games\MyGames\复刻土豆兄弟\brotato-my\Brotato_my.csproj]
E:\Godot\Games\MyGames\复刻土豆兄弟\brotato-my\Src\ECS\System\Movement\Strategies\Base\AIControlledStrategy.cs(13,7): warning CS1570: XML 注释出现 XML 格式错误 --“结束标记“list”与开始标记“item”不匹配。” [E:\Godot\Games\MyGames\复刻土豆兄弟\brotato-my\Brotato_my.csproj]
E:\Godot\Games\MyGames\复刻土豆兄弟\brotato-my\Src\Tools\NodeLifecycle\NodeLifecycleManager.cs(26,7): warning CS1570: XML 注释出现 XML 格式错误 --“结束标记“code”与开始标记“Enemy”不匹配。” [E:\Godot\Games\MyGames\复刻土豆兄弟\brotato-my\Brotato_my.csproj]
E:\Godot\Games\MyGames\复刻土豆兄弟\brotato-my\Src\ECS\System\Movement\Strategies\Orbit\OrbitStrategy.cs(48,24): warning CS1570: XML 注释出现 XML 格式错误 --“应为标识符。” [E:\Godot\Games\MyGames\复刻土豆兄弟\brotato-my\Brotato_my.csproj]
E:\Godot\Games\MyGames\复刻土豆兄弟\brotato-my\Src\ECS\System\Movement\Strategies\Base\AIControlledStrategy.cs(14,7): warning CS1570: XML 注释出现 XML 格式错误 --“结束标记“para”与开始标记“list”不匹配。” [E:\Godot\Games\MyGames\复刻土豆兄弟\brotato-my\Brotato_my.csproj]
E:\Godot\Games\MyGames\复刻土豆兄弟\brotato-my\Src\ECS\System\Movement\Strategies\Orbit\OrbitStrategy.cs(48,24): warning CS1570: XML 注释出现 XML 格式错误 --“3” [E:\Godot\Games\MyGames\复刻土豆兄弟\brotato-my\Brotato_my.csproj]
E:\Godot\Games\MyGames\复刻土豆兄弟\brotato-my\Src\Tools\NodeLifecycle\NodeLifecycleManager.cs(27,7): warning CS1570: XML 注释出现 XML 格式错误 --“结束标记“summary”与开始标记“code”不匹配。” [E:\Godot\Games\MyGames\复刻土豆兄弟\brotato-my\Brotato_my.csproj]
E:\Godot\Games\MyGames\复刻土豆兄弟\brotato-my\Src\ECS\System\Movement\Strategies\Base\AIControlledStrategy.cs(16,7): warning CS1570: XML 注释出现 XML 格式错误 --“结束标记“summary”与开始标记“para”不匹配。” [E:\Godot\Games\MyGames\复刻土豆兄弟\brotato-my\Brotato_my.csproj]
E:\Godot\Games\MyGames\复刻土豆兄弟\brotato-my\Src\Tools\NodeLifecycle\NodeLifecycleManager.cs(28,1): warning CS1570: XML 注释出现 XML 格式错误 --“元素“summary”需要结束标记。” [E:\Godot\Games\MyGames\复刻土豆兄弟\brotato-my\Brotato_my.csproj]
E:\Godot\Games\MyGames\复刻土豆兄弟\brotato-my\Src\ECS\System\Movement\Strategies\Base\AIControlledStrategy.cs(17,1): warning CS1570: XML 注释出现 XML 格式错误 --“元素“summary”需要结束标记。” [E:\Godot\Games\MyGames\复刻土豆兄弟\brotato-my\Brotato_my.csproj]
E:\Godot\Games\MyGames\复刻土豆兄弟\brotato-my\Src\Tools\NodeLifecycle\NodeLifecycleManager.cs(41,11): warning CS1570: XML 注释出现 XML 格式错误 --“结束标记“summary”与开始标记“Node”不匹配。” [E:\Godot\Games\MyGames\复刻土豆兄弟\brotato-my\Brotato_my.csproj]
E:\Godot\Games\MyGames\复刻土豆兄弟\brotato-my\Src\Tools\NodeLifecycle\NodeLifecycleManager.cs(42,1): warning CS1570: XML 注释出现 XML 格式错误 --“元素“summary”需要结束标记。” [E:\Godot\Games\MyGames\复刻土豆兄弟\brotato-my\Brotato_my.csproj]
E:\Godot\Games\MyGames\复刻土豆兄弟\brotato-my\Src\UI\Core\UIBase.cs(27,7): warning CS1570: XML 注释出现 XML 格式错误 --“结束标记“code”与开始标记“float”不匹配。” [E:\Godot\Games\MyGames\复刻土豆兄弟\brotato-my\Brotato_my.csproj]
E:\Godot\Games\MyGames\复刻土豆兄弟\brotato-my\Src\UI\Core\UIBase.cs(28,7): warning CS1570: XML 注释出现 XML 格式错误 --“结束标记“summary”与开始标记“code”不匹配。” [E:\Godot\Games\MyGames\复刻土豆兄弟\brotato-my\Brotato_my.csproj]
E:\Godot\Games\MyGames\复刻土豆兄弟\brotato-my\Src\UI\Core\UIBase.cs(29,1): warning CS1570: XML 注释出现 XML 格式错误 --“元素“summary”需要结束标记。” [E:\Godot\Games\MyGames\复刻土豆兄弟\brotato-my\Brotato_my.csproj]
E:\Godot\Games\MyGames\复刻土豆兄弟\brotato-my\Src\Tools\ObjectPool\ObjectPool.cs(113,11): warning CS1570: XML 注释出现 XML 格式错误 --“结束标记“param”与开始标记“T”不匹配。” [E:\Godot\Games\MyGames\复刻土豆兄弟\brotato-my\Brotato_my.csproj]
E:\Godot\Games\MyGames\复刻土豆兄弟\brotato-my\Src\Tools\ObjectPool\ObjectPool.cs(119,1): warning CS1570: XML 注释出现 XML 格式错误 --“元素“param”需要结束标记。” [E:\Godot\Games\MyGames\复刻土豆兄弟\brotato-my\Brotato_my.csproj]
E:\Godot\Games\MyGames\复刻土豆兄弟\brotato-my\Data\Data\Ability\Ability\Movement\AuraShield\AuraShield.cs(74,28): warning CS8601: 可能的 null 引用赋值。 [E:\Godot\Games\MyGames\复刻土豆兄弟\brotato-my\Brotato_my.csproj]
E:\Godot\Games\MyGames\复刻土豆兄弟\brotato-my\Data\Data\Ability\Ability\Movement\OrbitSkill\OrbitSkill.cs(81,28): warning CS8601: 可能的 null 引用赋值。 [E:\Godot\Games\MyGames\复刻土豆兄弟\brotato-my\Brotato_my.csproj]
E:\Godot\Games\MyGames\复刻土豆兄弟\brotato-my\Data\Data\Ability\Ability\Movement\ParabolaShot\ParabolaShot.cs(92,28): warning CS8601: 可能的 null 引用赋值。 [E:\Godot\Games\MyGames\复刻土豆兄弟\brotato-my\Brotato_my.csproj]
E:\Godot\Games\MyGames\复刻土豆兄弟\brotato-my\Data\Data\Ability\Ability\Movement\SineWaveShot\SineWaveShot.cs(94,28): warning CS8601: 可能的 null 引用赋值。 [E:\Godot\Games\MyGames\复刻土豆兄弟\brotato-my\Brotato_my.csproj]
E:\Godot\Games\MyGames\复刻土豆兄弟\brotato-my\Src\AI\Core\AIContext.cs(15,20): warning CS8618: 在退出构造函数时，不可为 null 的 属性 "Entity" 必须包含非 null 值。请考虑添加 "required" 修饰符或将该 属性 声明为可为 null。 [E:\Godot\Games\MyGames\复刻土豆兄弟\brotato-my\Brotato_my.csproj]
E:\Godot\Games\MyGames\复刻土豆兄弟\brotato-my\Src\ECS\Component\Ability\ChargeComponent\ChargeComponent.cs(29,40): warning CS8602: 解引用可能出现空引用。 [E:\Godot\Games\MyGames\复刻土豆兄弟\brotato-my\Brotato_my.csproj]
E:\Godot\Games\MyGames\复刻土豆兄弟\brotato-my\Src\ECS\Component\Ability\CooldownComponent\CooldownComponent.cs(26,35): warning CS8602: 解引用可能出现空引用。 [E:\Godot\Games\MyGames\复刻土豆兄弟\brotato-my\Brotato_my.csproj]
E:\Godot\Games\MyGames\复刻土豆兄弟\brotato-my\Src\ECS\Component\Ability\ChargeComponent\ChargeComponent.cs(30,35): warning CS8602: 解引用可能出现空引用。 [E:\Godot\Games\MyGames\复刻土豆兄弟\brotato-my\Brotato_my.csproj]
E:\Godot\Games\MyGames\复刻土豆兄弟\brotato-my\Src\ECS\Component\Ability\CooldownComponent\CooldownComponent.cs(27,35): warning CS8602: 解引用可能出现空引用。 [E:\Godot\Games\MyGames\复刻土豆兄弟\brotato-my\Brotato_my.csproj]
E:\Godot\Games\MyGames\复刻土豆兄弟\brotato-my\Src\ECS\Component\Ability\ChargeComponent\ChargeComponent.cs(31,35): warning CS8602: 解引用可能出现空引用。 [E:\Godot\Games\MyGames\复刻土豆兄弟\brotato-my\Brotato_my.csproj]
E:\Godot\Games\MyGames\复刻土豆兄弟\brotato-my\Src\ECS\Component\Ability\CooldownComponent\CooldownComponent.cs(28,40): warning CS8602: 解引用可能出现空引用。 [E:\Godot\Games\MyGames\复刻土豆兄弟\brotato-my\Brotato_my.csproj]
E:\Godot\Games\MyGames\复刻土豆兄弟\brotato-my\Src\ECS\Component\Ability\ChargeComponent\ChargeComponent.cs(32,31): warning CS8602: 解引用可能出现空引用。 [E:\Godot\Games\MyGames\复刻土豆兄弟\brotato-my\Brotato_my.csproj]
E:\Godot\Games\MyGames\复刻土豆兄弟\brotato-my\Data\Data\Ability\Ability\Movement\ArcShot\ArcShot.cs(93,28): warning CS8601: 可能的 null 引用赋值。 [E:\Godot\Games\MyGames\复刻土豆兄弟\brotato-my\Brotato_my.csproj]
E:\Godot\Games\MyGames\复刻土豆兄弟\brotato-my\Data\Data\Ability\Ability\Movement\BoomerangThrow\BoomerangThrow.cs(96,28): warning CS8601: 可能的 null 引用赋值。 [E:\Godot\Games\MyGames\复刻土豆兄弟\brotato-my\Brotato_my.csproj]
E:\Godot\Games\MyGames\复刻土豆兄弟\brotato-my\Src\ECS\Component\Ability\CostComponent\CostComponent.cs(29,35): warning CS8602: 解引用可能出现空引用。 [E:\Godot\Games\MyGames\复刻土豆兄弟\brotato-my\Brotato_my.csproj]
E:\Godot\Games\MyGames\复刻土豆兄弟\brotato-my\Src\ECS\Component\Ability\CostComponent\CostComponent.cs(30,41): warning CS8602: 解引用可能出现空引用。 [E:\Godot\Games\MyGames\复刻土豆兄弟\brotato-my\Brotato_my.csproj]
E:\Godot\Games\MyGames\复刻土豆兄弟\brotato-my\Data\Data\Ability\Ability\Movement\BezierShot\BezierShot.cs(94,28): warning CS8601: 可能的 null 引用赋值。 [E:\Godot\Games\MyGames\复刻土豆兄弟\brotato-my\Brotato_my.csproj]
E:\Godot\Games\MyGames\复刻土豆兄弟\brotato-my\Src\ECS\Component\Ability\TriggerComponent\TriggerComponent.cs(35,67): warning CS8602: 解引用可能出现空引用。 [E:\Godot\Games\MyGames\复刻土豆兄弟\brotato-my\Brotato_my.csproj]
E:\Godot\Games\MyGames\复刻土豆兄弟\brotato-my\Src\ECS\Component\Ability\CostComponent\CostComponent.cs(31,33): warning CS8602: 解引用可能出现空引用。 [E:\Godot\Games\MyGames\复刻土豆兄弟\brotato-my\Brotato_my.csproj]
E:\Godot\Games\MyGames\复刻土豆兄弟\brotato-my\Src\ECS\Component\Effect\EffectComponent\EffectComponent.cs(31,31): warning CS8602: 解引用可能出现空引用。 [E:\Godot\Games\MyGames\复刻土豆兄弟\brotato-my\Brotato_my.csproj]
E:\Godot\Games\MyGames\复刻土豆兄弟\brotato-my\Src\ECS\Component\Ability\TriggerComponent\TriggerComponent.cs(36,35): warning CS8602: 解引用可能出现空引用。 [E:\Godot\Games\MyGames\复刻土豆兄弟\brotato-my\Brotato_my.csproj]
E:\Godot\Games\MyGames\复刻土豆兄弟\brotato-my\Src\ECS\Component\Effect\EffectComponent\EffectComponent.cs(34,30): warning CS8602: 解引用可能出现空引用。 [E:\Godot\Games\MyGames\复刻土豆兄弟\brotato-my\Brotato_my.csproj]
E:\Godot\Games\MyGames\复刻土豆兄弟\brotato-my\Src\ECS\Component\Effect\EffectComponent\EffectComponent.cs(37,30): warning CS8602: 解引用可能出现空引用。 [E:\Godot\Games\MyGames\复刻土豆兄弟\brotato-my\Brotato_my.csproj]
E:\Godot\Games\MyGames\复刻土豆兄弟\brotato-my\Src\ECS\Component\Effect\EffectComponent\EffectComponent.cs(40,30): warning CS8602: 解引用可能出现空引用。 [E:\Godot\Games\MyGames\复刻土豆兄弟\brotato-my\Brotato_my.csproj]
E:\Godot\Games\MyGames\复刻土豆兄弟\brotato-my\Data\Data\Ability\Ability\Movement\Dash\Dash.cs(59,28): warning CS8602: 解引用可能出现空引用。 [E:\Godot\Games\MyGames\复刻土豆兄弟\brotato-my\Brotato_my.csproj]
E:\Godot\Games\MyGames\复刻土豆兄弟\brotato-my\Data\Data\Ability\Ability\Movement\Dash\Dash.cs(69,23): warning CS8602: 解引用可能出现空引用。 [E:\Godot\Games\MyGames\复刻土豆兄弟\brotato-my\Brotato_my.csproj]
E:\Godot\Games\MyGames\复刻土豆兄弟\brotato-my\Src\ECS\Component\Effect\EffectComponent\EffectComponent.cs(43,33): warning CS8602: 解引用可能出现空引用。 [E:\Godot\Games\MyGames\复刻土豆兄弟\brotato-my\Brotato_my.csproj]
E:\Godot\Games\MyGames\复刻土豆兄弟\brotato-my\Src\ECS\Component\Ability\AbilityTargetSelectionComponent\AbilityTargetSelectionComponent.cs(79,25): warning CS8602: 解引用可能出现空引用。 [E:\Godot\Games\MyGames\复刻土豆兄弟\brotato-my\Brotato_my.csproj]
E:\Godot\Games\MyGames\复刻土豆兄弟\brotato-my\Src\ECS\Component\Unit\Common\HealthComponent\HealthComponent.cs(30,31): warning CS8602: 解引用可能出现空引用。 [E:\Godot\Games\MyGames\复刻土豆兄弟\brotato-my\Brotato_my.csproj]
E:\Godot\Games\MyGames\复刻土豆兄弟\brotato-my\Src\ECS\Component\Unit\Common\HealthComponent\HealthComponent.cs(33,27): warning CS8602: 解引用可能出现空引用。 [E:\Godot\Games\MyGames\复刻土豆兄弟\brotato-my\Brotato_my.csproj]
E:\Godot\Games\MyGames\复刻土豆兄弟\brotato-my\Src\ECS\Component\Unit\Common\LifecycleComponent\LifecycleComponent.cs(50,36): warning CS8602: 解引用可能出现空引用。 [E:\Godot\Games\MyGames\复刻土豆兄弟\brotato-my\Brotato_my.csproj]
E:\Godot\Games\MyGames\复刻土豆兄弟\brotato-my\Src\ECS\Component\Unit\Common\AttackComponent\AttackComponent.cs(162,32): warning CS8602: 解引用可能出现空引用。 [E:\Godot\Games\MyGames\复刻土豆兄弟\brotato-my\Brotato_my.csproj]
E:\Godot\Games\MyGames\复刻土豆兄弟\brotato-my\Src\ECS\Component\Unit\Common\LifecycleComponent\LifecycleComponent.cs(53,35): warning CS8602: 解引用可能出现空引用。 [E:\Godot\Games\MyGames\复刻土豆兄弟\brotato-my\Brotato_my.csproj]
E:\Godot\Games\MyGames\复刻土豆兄弟\brotato-my\Src\ECS\Component\Unit\Common\LifecycleComponent\LifecycleComponent.cs(56,30): warning CS8602: 解引用可能出现空引用。 [E:\Godot\Games\MyGames\复刻土豆兄弟\brotato-my\Brotato_my.csproj]
E:\Godot\Games\MyGames\复刻土豆兄弟\brotato-my\Src\ECS\Component\Unit\Common\LifecycleComponent\LifecycleComponent.cs(59,30): warning CS8602: 解引用可能出现空引用。 [E:\Godot\Games\MyGames\复刻土豆兄弟\brotato-my\Brotato_my.csproj]
E:\Godot\Games\MyGames\复刻土豆兄弟\brotato-my\Src\ECS\Component\Unit\Common\LifecycleComponent\LifecycleComponent.cs(62,33): warning CS8602: 解引用可能出现空引用。 [E:\Godot\Games\MyGames\复刻土豆兄弟\brotato-my\Brotato_my.csproj]
E:\Godot\Games\MyGames\复刻土豆兄弟\brotato-my\Src\Test\SingleTest\Tools\ObjectPool\VisualTestBullet.cs(12,19): warning CS8618: 在退出构造函数时，不可为 null 的 字段 "_label" 必须包含非 null 值。请考虑添加 "required" 修饰符或将该 字段 声明为可为 null。 [E:\Godot\Games\MyGames\复刻土豆兄弟\brotato-my\Brotato_my.csproj]
E:\Godot\Games\MyGames\复刻土豆兄弟\brotato-my\Src\Test\SingleTest\Tools\ObjectPool\VisualTestBullet.cs(13,23): warning CS8618: 在退出构造函数时，不可为 null 的 字段 "_visual" 必须包含非 null 值。请考虑添加 "required" 修饰符或将该 字段 声明为可为 null。 [E:\Godot\Games\MyGames\复刻土豆兄弟\brotato-my\Brotato_my.csproj]
E:\Godot\Games\MyGames\复刻土豆兄弟\brotato-my\Src\ECS\Component\Unit\Enemy\AI\AIComponent.cs(105,27): warning CS8601: 可能的 null 引用赋值。 [E:\Godot\Games\MyGames\复刻土豆兄弟\brotato-my\Brotato_my.csproj]
E:\Godot\Games\MyGames\复刻土豆兄弟\brotato-my\Src\ECS\Component\Unit\Common\AttackComponent\AttackComponent.cs(457,33): warning CS8602: 解引用可能出现空引用。 [E:\Godot\Games\MyGames\复刻土豆兄弟\brotato-my\Brotato_my.csproj]
E:\Godot\Games\MyGames\复刻土豆兄弟\brotato-my\Src\ECS\Component\Unit\Enemy\AI\AIComponent.cs(29,31): warning CS8618: 在退出构造函数时，不可为 null 的 属性 "Runner" 必须包含非 null 值。请考虑添加 "required" 修饰符或将该 属性 声明为可为 null。 [E:\Godot\Games\MyGames\复刻土豆兄弟\brotato-my\Brotato_my.csproj]
E:\Godot\Games\MyGames\复刻土豆兄弟\brotato-my\Data\Data\Ability\Ability\ChainLightning\ChainLightning.cs(117,28): warning CS8601: 可能的 null 引用赋值。 [E:\Godot\Games\MyGames\复刻土豆兄弟\brotato-my\Brotato_my.csproj]
E:\Godot\Games\MyGames\复刻土豆兄弟\brotato-my\Data\Data\Ability\Ability\ChainLightning\ChainLightning.cs(157,24): warning CS8604: “bool HashSet<IEntity>.Add(IEntity item)”中的形参“item”可能传入 null 引用实参。 [E:\Godot\Games\MyGames\复刻土豆兄弟\brotato-my\Brotato_my.csproj]
E:\Godot\Games\MyGames\复刻土豆兄弟\brotato-my\Src\ECS\Component\Unit\Common\LifecycleComponent\LifecycleComponent.cs(225,9): warning CS8602: 解引用可能出现空引用。 [E:\Godot\Games\MyGames\复刻土豆兄弟\brotato-my\Brotato_my.csproj]
E:\Godot\Games\MyGames\复刻土豆兄弟\brotato-my\Src\ECS\Component\Unit\Common\UnitAnimationComponent\UnitAnimationComponent.cs(202,30): warning CS8602: 解引用可能出现空引用。 [E:\Godot\Games\MyGames\复刻土豆兄弟\brotato-my\Brotato_my.csproj]
E:\Godot\Games\MyGames\复刻土豆兄弟\brotato-my\Src\ECS\Component\Unit\Common\UnitAnimationComponent\UnitAnimationComponent.cs(274,13): warning CS8602: 解引用可能出现空引用。 [E:\Godot\Games\MyGames\复刻土豆兄弟\brotato-my\Brotato_my.csproj]
E:\Godot\Games\MyGames\复刻土豆兄弟\brotato-my\Src\Test\SingleTest\Tools\ObjectPool\TestProjectile.cs(12,19): warning CS8618: 在退出构造函数时，不可为 null 的 字段 "_label" 必须包含非 null 值。请考虑添加 "required" 修饰符或将该 字段 声明为可为 null。 [E:\Godot\Games\MyGames\复刻土豆兄弟\brotato-my\Brotato_my.csproj]
E:\Godot\Games\MyGames\复刻土豆兄弟\brotato-my\Src\Test\SingleTest\Tools\ObjectPool\TestProjectile.cs(13,23): warning CS8618: 在退出构造函数时，不可为 null 的 字段 "_visual" 必须包含非 null 值。请考虑添加 "required" 修饰符或将该 字段 声明为可为 null。 [E:\Godot\Games\MyGames\复刻土豆兄弟\brotato-my\Brotato_my.csproj]
E:\Godot\Games\MyGames\复刻土豆兄弟\brotato-my\Src\ECS\Component\Unit\Common\LifecycleComponent\LifecycleComponent.cs(351,31): warning CS8602: 解引用可能出现空引用。 [E:\Godot\Games\MyGames\复刻土豆兄弟\brotato-my\Brotato_my.csproj]
E:\Godot\Games\MyGames\复刻土豆兄弟\brotato-my\Src\ECS\Component\Unit\Common\LifecycleComponent\LifecycleComponent.cs(368,23): warning CS8602: 解引用可能出现空引用。 [E:\Godot\Games\MyGames\复刻土豆兄弟\brotato-my\Brotato_my.csproj]
E:\Godot\Games\MyGames\复刻土豆兄弟\brotato-my\Src\ECS\System\DamageSystem\DamageInfo.cs(51,17): warning CS8618: 在退出构造函数时，不可为 null 的 属性 "Attacker" 必须包含非 null 值。请考虑添加 "required" 修饰符或将该 属性 声明为可为 null。 [E:\Godot\Games\MyGames\复刻土豆兄弟\brotato-my\Brotato_my.csproj]
E:\Godot\Games\MyGames\复刻土豆兄弟\brotato-my\Src\ECS\System\DamageSystem\DamageInfo.cs(56,18): warning CS8618: 在退出构造函数时，不可为 null 的 属性 "Victim" 必须包含非 null 值。请考虑添加 "required" 修饰符或将该 属性 声明为可为 null。 [E:\Godot\Games\MyGames\复刻土豆兄弟\brotato-my\Brotato_my.csproj]
E:\Godot\Games\MyGames\复刻土豆兄弟\brotato-my\Src\ECS\System\DamageSystem\DamageService.cs(57,24): warning CS8625: 无法将 null 字面量转换为非 null 的引用类型。 [E:\Godot\Games\MyGames\复刻土豆兄弟\brotato-my\Brotato_my.csproj]
E:\Godot\Games\MyGames\复刻土豆兄弟\brotato-my\Src\ECS\System\DamageSystem\DamageTool.cs(68,28): warning CS8601: 可能的 null 引用赋值。 [E:\Godot\Games\MyGames\复刻土豆兄弟\brotato-my\Brotato_my.csproj]
E:\Godot\Games\MyGames\复刻土豆兄弟\brotato-my\Src\Test\SingleTest\Tools\ObjectPool\TestEffect.cs(12,23): warning CS8618: 在退出构造函数时，不可为 null 的 字段 "_visual" 必须包含非 null 值。请考虑添加 "required" 修饰符或将该 字段 声明为可为 null。 [E:\Godot\Games\MyGames\复刻土豆兄弟\brotato-my\Brotato_my.csproj]
E:\Godot\Games\MyGames\复刻土豆兄弟\brotato-my\Src\ECS\System\DamageSystem\DamageService.cs(32,33): warning CS8618: 在退出构造函数时，不可为 null 的 字段 "Instance" 必须包含非 null 值。请考虑添加 "required" 修饰符或将该 字段 声明为可为 null。 [E:\Godot\Games\MyGames\复刻土豆兄弟\brotato-my\Brotato_my.csproj]
E:\Godot\Games\MyGames\复刻土豆兄弟\brotato-my\Src\ECS\System\Spawn\SpawnSystem.cs(85,24): warning CS8625: 无法将 null 字面量转换为非 null 的引用类型。 [E:\Godot\Games\MyGames\复刻土豆兄弟\brotato-my\Brotato_my.csproj]
E:\Godot\Games\MyGames\复刻土豆兄弟\brotato-my\Src\Test\GlobalTest\MainTest\MainTest.cs(31,22): warning CS8601: 可能的 null 引用赋值。 [E:\Godot\Games\MyGames\复刻土豆兄弟\brotato-my\Brotato_my.csproj]
E:\Godot\Games\MyGames\复刻土豆兄弟\brotato-my\Src\Test\GlobalTest\MainTest\MainTest.cs(36,30): warning CS8602: 解引用可能出现空引用。 [E:\Godot\Games\MyGames\复刻土豆兄弟\brotato-my\Brotato_my.csproj]
E:\Godot\Games\MyGames\复刻土豆兄弟\brotato-my\Src\Test\GlobalTest\MainTest\MainTest.cs(44,22): warning CS8601: 可能的 null 引用赋值。 [E:\Godot\Games\MyGames\复刻土豆兄弟\brotato-my\Brotato_my.csproj]
E:\Godot\Games\MyGames\复刻土豆兄弟\brotato-my\Src\Test\SingleTest\ECS\ECSTest\ECSTest.cs(159,17): warning CS8602: 解引用可能出现空引用。 [E:\Godot\Games\MyGames\复刻土豆兄弟\brotato-my\Brotato_my.csproj]
E:\Godot\Games\MyGames\复刻土豆兄弟\brotato-my\Src\Test\SingleTest\ECS\ECSTest\ECSTest.cs(183,9): warning CS8602: 解引用可能出现空引用。 [E:\Godot\Games\MyGames\复刻土豆兄弟\brotato-my\Brotato_my.csproj]
E:\Godot\Games\MyGames\复刻土豆兄弟\brotato-my\Src\Test\SingleTest\ECS\ECSTest\ECSTest.cs(193,16): warning CS8602: 解引用可能出现空引用。 [E:\Godot\Games\MyGames\复刻土豆兄弟\brotato-my\Brotato_my.csproj]
E:\Godot\Games\MyGames\复刻土豆兄弟\brotato-my\Src\ECS\Data\Data.cs(537,22): warning CS8602: 解引用可能出现空引用。 [E:\Godot\Games\MyGames\复刻土豆兄弟\brotato-my\Brotato_my.csproj]
E:\Godot\Games\MyGames\复刻土豆兄弟\brotato-my\Src\Test\SingleTest\Test\ExportTest\ExportTest.cs(180,44): warning CS8603: 可能返回 null 引用。 [E:\Godot\Games\MyGames\复刻土豆兄弟\brotato-my\Brotato_my.csproj]
E:\Godot\Games\MyGames\复刻土豆兄弟\brotato-my\Src\Test\SingleTest\Test\ExportTest\ExportTest.cs(187,46): warning CS8603: 可能返回 null 引用。 [E:\Godot\Games\MyGames\复刻土豆兄弟\brotato-my\Brotato_my.csproj]
E:\Godot\Games\MyGames\复刻土豆兄弟\brotato-my\Src\ECS\System\Spawn\SpawnSystem.cs(36,31): warning CS8618: 在退出构造函数时，不可为 null 的 属性 "Instance" 必须包含非 null 值。请考虑添加 "required" 修饰符或将该 属性 声明为可为 null。 [E:\Godot\Games\MyGames\复刻土豆兄弟\brotato-my\Brotato_my.csproj]
E:\Godot\Games\MyGames\复刻土豆兄弟\brotato-my\Src\Tools\ObjectPool\ObjectPoolInit.cs(81,32): warning CS8602: 解引用可能出现空引用。 [E:\Godot\Games\MyGames\复刻土豆兄弟\brotato-my\Brotato_my.csproj]
E:\Godot\Games\MyGames\复刻土豆兄弟\brotato-my\Src\Tools\ObjectPool\ObjectPoolInit.cs(94,34): warning CS8602: 解引用可能出现空引用。 [E:\Godot\Games\MyGames\复刻土豆兄弟\brotato-my\Brotato_my.csproj]
E:\Godot\Games\MyGames\复刻土豆兄弟\brotato-my\Src\Tools\ObjectPool\ObjectPoolInit.cs(106,33): warning CS8602: 解引用可能出现空引用。 [E:\Godot\Games\MyGames\复刻土豆兄弟\brotato-my\Brotato_my.csproj]
E:\Godot\Games\MyGames\复刻土豆兄弟\brotato-my\Src\Tools\ObjectPool\ObjectPoolInit.cs(118,32): warning CS8602: 解引用可能出现空引用。 [E:\Godot\Games\MyGames\复刻土豆兄弟\brotato-my\Brotato_my.csproj]
E:\Godot\Games\MyGames\复刻土豆兄弟\brotato-my\Src\Tools\ObjectPool\ObjectPoolInit.cs(130,35): warning CS8602: 解引用可能出现空引用。 [E:\Godot\Games\MyGames\复刻土豆兄弟\brotato-my\Brotato_my.csproj]
E:\Godot\Games\MyGames\复刻土豆兄弟\brotato-my\Src\Tools\ObjectPool\ObjectPoolInit.cs(142,37): warning CS8602: 解引用可能出现空引用。 [E:\Godot\Games\MyGames\复刻土豆兄弟\brotato-my\Brotato_my.csproj]
E:\Godot\Games\MyGames\复刻土豆兄弟\brotato-my\Src\Tools\ObjectPool\ObjectPoolInit.cs(154,40): warning CS8602: 解引用可能出现空引用。 [E:\Godot\Games\MyGames\复刻土豆兄弟\brotato-my\Brotato_my.csproj]
E:\Godot\Games\MyGames\复刻土豆兄弟\brotato-my\Src\Tools\ObjectPool\ObjectPool.cs(183,44): warning CS8604: “Variant.implicit operator Variant(string from)”中的形参“from”可能传入 null 引用实参。 [E:\Godot\Games\MyGames\复刻土豆兄弟\brotato-my\Brotato_my.csproj]
E:\Godot\Games\MyGames\复刻土豆兄弟\brotato-my\Src\Tools\Timer\TimerManager.cs(75,22): warning CS8601: 可能的 null 引用赋值。 [E:\Godot\Games\MyGames\复刻土豆兄弟\brotato-my\Brotato_my.csproj]
E:\Godot\Games\MyGames\复刻土豆兄弟\brotato-my\Src\Tools\Timer\TimerManager.cs(95,20): warning CS8625: 无法将 null 字面量转换为非 null 的引用类型。 [E:\Godot\Games\MyGames\复刻土豆兄弟\brotato-my\Brotato_my.csproj]
E:\Godot\Games\MyGames\复刻土豆兄弟\brotato-my\Src\Test\SingleTest\Tools\ObjectPool\ObjectPoolVisualTest.cs(12,42): warning CS8618: 在退出构造函数时，不可为 null 的 字段 "_pool" 必须包含非 null 值。请考虑添加 "required" 修饰符或将该 字段 声明为可为 null。 [E:\Godot\Games\MyGames\复刻土豆兄弟\brotato-my\Brotato_my.csproj]
E:\Godot\Games\MyGames\复刻土豆兄弟\brotato-my\Src\Test\SingleTest\Tools\ObjectPool\ObjectPoolVisualTest.cs(16,19): warning CS8618: 在退出构造函数时，不可为 null 的 字段 "_statsLabel" 必须包含非 null 值。请考虑添加 "required" 修饰符或将该 字段 声明为可为 null。 [E:\Godot\Games\MyGames\复刻土豆兄弟\brotato-my\Brotato_my.csproj]
E:\Godot\Games\MyGames\复刻土豆兄弟\brotato-my\Src\Test\SingleTest\Tools\ObjectPool\ObjectPoolVisualTest.cs(17,25): warning CS8618: 在退出构造函数时，不可为 null 的 字段 "_autoSpawnToggle" 必须包含非 null 值。请考虑添加 "required" 修饰符或将该 字段 声明为可为 null。 [E:\Godot\Games\MyGames\复刻土豆兄弟\brotato-my\Brotato_my.csproj]
E:\Godot\Games\MyGames\复刻土豆兄弟\brotato-my\Src\Test\SingleTest\Tools\ObjectPool\ObjectPoolVisualTest.cs(18,21): warning CS8618: 在退出构造函数时，不可为 null 的 字段 "_spawnRateSlider" 必须包含非 null 值。请考虑添加 "required" 修饰符或将该 字段 声明为可为 null。 [E:\Godot\Games\MyGames\复刻土豆兄弟\brotato-my\Brotato_my.csproj]
E:\Godot\Games\MyGames\复刻土豆兄弟\brotato-my\Src\Test\SingleTest\Tools\ObjectPool\ObjectPoolVisualTest.cs(19,25): warning CS8618: 在退出构造函数时，不可为 null 的 字段 "_poolLoadBar" 必须包含非 null 值。请考虑添加 "required" 修饰符或将该 字段 声明为可为 null。 [E:\Godot\Games\MyGames\复刻土豆兄弟\brotato-my\Brotato_my.csproj]
E:\Godot\Games\MyGames\复刻土豆兄弟\brotato-my\Src\Test\SingleTest\Tools\ObjectPool\ObjectPoolVisualTest.cs(20,21): warning CS8618: 在退出构造函数时，不可为 null 的 字段 "_poolVisualizerContainer" 必须包含非 null 值。请考虑添加 "required" 修饰符或将该 字段 声明为可为 null。 [E:\Godot\Games\MyGames\复刻土豆兄弟\brotato-my\Brotato_my.csproj]
E:\Godot\Games\MyGames\复刻土豆兄弟\brotato-my\Src\Tools\Timer\TimerManager.cs(55,35): warning CS8618: 在退出构造函数时，不可为 null 的 字段 "_timerPool" 必须包含非 null 值。请考虑添加 "required" 修饰符或将该 字段 声明为可为 null。 [E:\Godot\Games\MyGames\复刻土豆兄弟\brotato-my\Brotato_my.csproj]
E:\Godot\Games\MyGames\复刻土豆兄弟\brotato-my\Src\Tools\Timer\TimerManager.cs(47,32): warning CS8618: 在退出构造函数时，不可为 null 的 字段 "Instance" 必须包含非 null 值。请考虑添加 "required" 修饰符或将该 字段 声明为可为 null。 [E:\Godot\Games\MyGames\复刻土豆兄弟\brotato-my\Brotato_my.csproj]
E:\Godot\Games\MyGames\复刻土豆兄弟\brotato-my\Src\Test\SingleTest\Tools\ObjectPool\ObjectPoolManagerTest.cs(14,40): warning CS8618: 在退出构造函数时，不可为 null 的 字段 "_projectilePool" 必须包含非 null 值。请考虑添加 "required" 修饰符或将该 字段 声明为可为 null。 [E:\Godot\Games\MyGames\复刻土豆兄弟\brotato-my\Brotato_my.csproj]
E:\Godot\Games\MyGames\复刻土豆兄弟\brotato-my\Src\Test\SingleTest\Tools\ObjectPool\ObjectPoolManagerTest.cs(15,36): warning CS8618: 在退出构造函数时，不可为 null 的 字段 "_effectPool" 必须包含非 null 值。请考虑添加 "required" 修饰符或将该 字段 声明为可为 null。 [E:\Godot\Games\MyGames\复刻土豆兄弟\brotato-my\Brotato_my.csproj]
E:\Godot\Games\MyGames\复刻土豆兄弟\brotato-my\Src\Test\SingleTest\Tools\ObjectPool\ObjectPoolManagerTest.cs(17,20): warning CS8618: 在退出构造函数时，不可为 null 的 字段 "_gameContainer" 必须包含非 null 值。请考虑添加 "required" 修饰符或将该 字段 声明为可为 null。 [E:\Godot\Games\MyGames\复刻土豆兄弟\brotato-my\Brotato_my.csproj]
E:\Godot\Games\MyGames\复刻土豆兄弟\brotato-my\Src\Test\SingleTest\Tools\ObjectPool\ObjectPoolManagerTest.cs(21,27): warning CS8618: 在退出构造函数时，不可为 null 的 字段 "_statsContainer" 必须包含非 null 值。请考虑添加 "required" 修饰符或将该 字段 声明为可为 null。 [E:\Godot\Games\MyGames\复刻土豆兄弟\brotato-my\Brotato_my.csproj]
E:\Godot\Games\MyGames\复刻土豆兄弟\brotato-my\Data\Data\Unit\UnitConfig.cs(17,32): warning CS8618: 在退出构造函数时，不可为 null 的 属性 "Name" 必须包含非 null 值。请考虑添加 "required" 修饰符或将该 属性 声明为可为 null。 [E:\Godot\Games\MyGames\复刻土豆兄弟\brotato-my\Brotato_my.csproj]
E:\Godot\Games\MyGames\复刻土豆兄弟\brotato-my\Src\Test\SingleTest\Test\ExportTest\ExportTest.cs(38,22): warning CS8618: 在退出构造函数时，不可为 null 的 属性 "CharacterTexture" 必须包含非 null 值。请考虑添加 "required" 修饰符或将该 属性 声明为可为 null。 [E:\Godot\Games\MyGames\复刻土豆兄弟\brotato-my\Brotato_my.csproj]
E:\Godot\Games\MyGames\复刻土豆兄弟\brotato-my\Src\Test\SingleTest\Test\ExportTest\ExportTest.cs(41,24): warning CS8618: 在退出构造函数时，不可为 null 的 属性 "EnemyScene" 必须包含非 null 值。请考虑添加 "required" 修饰符或将该 属性 声明为可为 null。 [E:\Godot\Games\MyGames\复刻土豆兄弟\brotato-my\Brotato_my.csproj]
E:\Godot\Games\MyGames\复刻土豆兄弟\brotato-my\Src\Test\SingleTest\Test\ExportTest\ExportTest.cs(44,24): warning CS8618: 在退出构造函数时，不可为 null 的 属性 "BackgroundMusic" 必须包含非 null 值。请考虑添加 "required" 修饰符或将该 属性 声明为可为 null。 [E:\Godot\Games\MyGames\复刻土豆兄弟\brotato-my\Brotato_my.csproj]
E:\Godot\Games\MyGames\复刻土豆兄弟\brotato-my\Src\Test\SingleTest\Test\ExportTest\ExportTest.cs(47,21): warning CS8618: 在退出构造函数时，不可为 null 的 属性 "PlayerNodePath" 必须包含非 null 值。请考虑添加 "required" 修饰符或将该 属性 声明为可为 null。 [E:\Godot\Games\MyGames\复刻土豆兄弟\brotato-my\Brotato_my.csproj]
E:\Godot\Games\MyGames\复刻土豆兄弟\brotato-my\Src\Test\SingleTest\Test\ExportTest\ExportTest.cs(68,21): warning CS8618: 在退出构造函数时，不可为 null 的 属性 "HealthGradient" 必须包含非 null 值。请考虑添加 "required" 修饰符或将该 属性 声明为可为 null。 [E:\Godot\Games\MyGames\复刻土豆兄弟\brotato-my\Brotato_my.csproj]
E:\Godot\Games\MyGames\复刻土豆兄弟\brotato-my\Src\Test\SingleTest\Test\ExportTest\ExportTest.cs(80,24): warning CS8618: 在退出构造函数时，不可为 null 的 属性 "ItemIcons" 必须包含非 null 值。请考虑添加 "required" 修饰符或将该 属性 声明为可为 null。 [E:\Godot\Games\MyGames\复刻土豆兄弟\brotato-my\Brotato_my.csproj]
E:\Godot\Games\MyGames\复刻土豆兄弟\brotato-my\Src\Test\SingleTest\Test\ExportTest\ExportTest.cs(124,24): warning CS8618: 在退出构造函数时，不可为 null 的 属性 "HitEffectScene" 必须包含非 null 值。请考虑添加 "required" 修饰符或将该 属性 声明为可为 null。 [E:\Godot\Games\MyGames\复刻土豆兄弟\brotato-my\Brotato_my.csproj]
E:\Godot\Games\MyGames\复刻土豆兄弟\brotato-my\Src\Test\SingleTest\Test\ExportTest\ExportTest.cs(127,24): warning CS8618: 在退出构造函数时，不可为 null 的 属性 "DeathEffectScene" 必须包含非 null 值。请考虑添加 "required" 修饰符或将该 属性 声明为可为 null。 [E:\Godot\Games\MyGames\复刻土豆兄弟\brotato-my\Brotato_my.csproj]
E:\Godot\Games\MyGames\复刻土豆兄弟\brotato-my\Src\Test\SingleTest\ECS\System\Spawn\SpawnTestScene.cs(17,30): warning CS8618: 在退出构造函数时，不可为 null 的 字段 "_strategyOption" 必须包含非 null 值。请考虑添加 "required" 修饰符或将该 字段 声明为可为 null。 [E:\Godot\Games\MyGames\复刻土豆兄弟\brotato-my\Brotato_my.csproj]
E:\Godot\Games\MyGames\复刻土豆兄弟\brotato-my\Src\Test\SingleTest\ECS\System\Spawn\SpawnTestScene.cs(18,23): warning CS8618: 在退出构造函数时，不可为 null 的 字段 "_fpsLabel" 必须包含非 null 值。请考虑添加 "required" 修饰符或将该 字段 声明为可为 null。 [E:\Godot\Games\MyGames\复刻土豆兄弟\brotato-my\Brotato_my.csproj]
E:\Godot\Games\MyGames\复刻土豆兄弟\brotato-my\Src\Test\SingleTest\ECS\System\Spawn\SpawnTestScene.cs(19,23): warning CS8618: 在退出构造函数时，不可为 null 的 字段 "_countLabel" 必须包含非 null 值。请考虑添加 "required" 修饰符或将该 字段 声明为可为 null。 [E:\Godot\Games\MyGames\复刻土豆兄弟\brotato-my\Brotato_my.csproj]
E:\Godot\Games\MyGames\复刻土豆兄弟\brotato-my\Src\Test\SingleTest\ECS\System\Spawn\SpawnTestScene.cs(20,29): warning CS8618: 在退出构造函数时，不可为 null 的 字段 "_debugDrawCheck" 必须包含非 null 值。请考虑添加 "required" 修饰符或将该 字段 声明为可为 null。 [E:\Godot\Games\MyGames\复刻土豆兄弟\brotato-my\Brotato_my.csproj]
E:\Godot\Games\MyGames\复刻土豆兄弟\brotato-my\Src\Test\SingleTest\ECS\System\Spawn\SpawnTestScene.cs(21,26): warning CS8618: 在退出构造函数时，不可为 null 的 字段 "_camera" 必须包含非 null 值。请考虑添加 "required" 修饰符或将该 字段 声明为可为 null。 [E:\Godot\Games\MyGames\复刻土豆兄弟\brotato-my\Brotato_my.csproj]
E:\Godot\Games\MyGames\复刻土豆兄弟\brotato-my\Src\AI\Conditions\IsInRangeCondition.cs(13,28): warning CS0169: 从不使用字段“IsInRangeCondition._defaultRange” [E:\Godot\Games\MyGames\复刻土豆兄弟\brotato-my\Brotato_my.csproj]
E:\Godot\Games\MyGames\复刻土豆兄弟\brotato-my\addons\SpriteFramesGenerator_CSharp\SpriteFramesConfig.cs(12,41): warning CS1591: 缺少对公共可见类型或成员“SpriteFramesConfig.BatchPaths”的 XML 注释 [E:\Godot\Games\MyGames\复刻土豆兄弟\brotato-my\Brotato_my.csproj]
E:\Godot\Games\MyGames\复刻土豆兄弟\brotato-my\addons\SpriteFramesGenerator_CSharp\SpriteFramesConfig.cs(18,28): warning CS1591: 缺少对公共可见类型或成员“SpriteFramesConfig.DefaultFps”的 XML 注释 [E:\Godot\Games\MyGames\复刻土豆兄弟\brotato-my\Brotato_my.csproj]
E:\Godot\Games\MyGames\复刻土豆兄弟\brotato-my\addons\SpriteFramesGenerator_CSharp\SpriteFramesConfig.cs(22,27): warning CS1591: 缺少对公共可见类型或成员“SpriteFramesConfig.DefaultLoop”的 XML 注释 [E:\Godot\Games\MyGames\复刻土豆兄弟\brotato-my\Brotato_my.csproj]
E:\Godot\Games\MyGames\复刻土豆兄弟\brotato-my\addons\SpriteFramesGenerator_CSharp\SpriteFramesConfig.cs(26,86): warning CS1591: 缺少对公共可见类型或成员“SpriteFramesConfig.NameMap”的 XML 注释 [E:\Godot\Games\MyGames\复刻土豆兄弟\brotato-my\Brotato_my.csproj]
E:\Godot\Games\MyGames\复刻土豆兄弟\brotato-my\addons\SpriteFramesGenerator_CSharp\SpriteFramesConfig.cs(36,75): warning CS1591: 缺少对公共可见类型或成员“SpriteFramesConfig.LoopAnimations”的 XML 注释 [E:\Godot\Games\MyGames\复刻土豆兄弟\brotato-my\Brotato_my.csproj]
E:\Godot\Games\MyGames\复刻土豆兄弟\brotato-my\Data\Data\Ability\AbilityConfig.cs(7,26): warning CS1591: 缺少对公共可见类型或成员“AbilityConfig”的 XML 注释 [E:\Godot\Games\MyGames\复刻土豆兄弟\brotato-my\Brotato_my.csproj]
E:\Godot\Games\MyGames\复刻土豆兄弟\brotato-my\Data\Data\Unit\Enemy\EnemyConfig.cs(6,26): warning CS1591: 缺少对公共可见类型或成员“EnemyConfig”的 XML 注释 [E:\Godot\Games\MyGames\复刻土豆兄弟\brotato-my\Brotato_my.csproj]
E:\Godot\Games\MyGames\复刻土豆兄弟\brotato-my\Data\Data\Unit\Player\PlayerConfig.cs(6,26): warning CS1591: 缺少对公共可见类型或成员“PlayerConfig”的 XML 注释 [E:\Godot\Games\MyGames\复刻土豆兄弟\brotato-my\Brotato_my.csproj]
E:\Godot\Games\MyGames\复刻土豆兄弟\brotato-my\Src\Test\SingleTest\ECS\ECSTest\Entity\TestEntity.cs(6,26): warning CS1591: 缺少对公共可见类型或成员“TestEntity”的 XML 注释 [E:\Godot\Games\MyGames\复刻土豆兄弟\brotato-my\Brotato_my.csproj]
E:\Godot\Games\MyGames\复刻土豆兄弟\brotato-my\Src\Test\SingleTest\ECS\ECSTest\Entity\TestEntity.cs(14,21): warning CS1591: 缺少对公共可见类型或成员“TestEntity.Data”的 XML 注释 [E:\Godot\Games\MyGames\复刻土豆兄弟\brotato-my\Brotato_my.csproj]
E:\Godot\Games\MyGames\复刻土豆兄弟\brotato-my\Src\Test\SingleTest\ECS\ECSTest\Entity\TestEntity.cs(17,30): warning CS1591: 缺少对公共可见类型或成员“TestEntity._Ready()”的 XML 注释 [E:\Godot\Games\MyGames\复刻土豆兄弟\brotato-my\Brotato_my.csproj]
E:\Godot\Games\MyGames\复刻土豆兄弟\brotato-my\Src\Test\SingleTest\ECS\ECSTest\Entity\TestEntity.cs(22,30): warning CS1591: 缺少对公共可见类型或成员“TestEntity._ExitTree()”的 XML 注释 [E:\Godot\Games\MyGames\复刻土豆兄弟\brotato-my\Brotato_my.csproj]
E:\Godot\Games\MyGames\复刻土豆兄弟\brotato-my\Src\Test\SingleTest\ECS\ECSTest\Entity\TestEntity.cs(38,21): warning CS1591: 缺少对公共可见类型或成员“TestEntity.OnPoolAcquire()”的 XML 注释 [E:\Godot\Games\MyGames\复刻土豆兄弟\brotato-my\Brotato_my.csproj]
E:\Godot\Games\MyGames\复刻土豆兄弟\brotato-my\Src\Test\SingleTest\ECS\ECSTest\Entity\TestEntity.cs(43,21): warning CS1591: 缺少对公共可见类型或成员“TestEntity.OnPoolRelease()”的 XML 注释 [E:\Godot\Games\MyGames\复刻土豆兄弟\brotato-my\Brotato_my.csproj]
E:\Godot\Games\MyGames\复刻土豆兄弟\brotato-my\Src\Test\SingleTest\ECS\ECSTest\Entity\TestEntity.cs(49,21): warning CS1591: 缺少对公共可见类型或成员“TestEntity.OnPoolReset()”的 XML 注释 [E:\Godot\Games\MyGames\复刻土豆兄弟\brotato-my\Brotato_my.csproj]
E:\Godot\Games\MyGames\复刻土豆兄弟\brotato-my\Src\Test\SingleTest\ECS\ECSTest\System\TestComponent.cs(6,26): warning CS1591: 缺少对公共可见类型或成员“TestComponent”的 XML 注释 [E:\Godot\Games\MyGames\复刻土豆兄弟\brotato-my\Brotato_my.csproj]
E:\Godot\Games\MyGames\复刻土豆兄弟\brotato-my\Src\Test\SingleTest\ECS\ECSTest\System\TestComponent.cs(13,21): warning CS1591: 缺少对公共可见类型或成员“TestComponent.IsRegistered”的 XML 注释 [E:\Godot\Games\MyGames\复刻土豆兄弟\brotato-my\Brotato_my.csproj]
E:\Godot\Games\MyGames\复刻土豆兄弟\brotato-my\Src\Test\SingleTest\ECS\ECSTest\System\TestComponent.cs(15,22): warning CS1591: 缺少对公共可见类型或成员“TestComponent.GetData()”的 XML 注释 [E:\Godot\Games\MyGames\复刻土豆兄弟\brotato-my\Brotato_my.csproj]
E:\Godot\Games\MyGames\复刻土豆兄弟\brotato-my\Src\Test\SingleTest\ECS\ECSTest\System\TestComponent.cs(16,25): warning CS1591: 缺少对公共可见类型或成员“TestComponent.GetEntity()”的 XML 注释 [E:\Godot\Games\MyGames\复刻土豆兄弟\brotato-my\Brotato_my.csproj]
E:\Godot\Games\MyGames\复刻土豆兄弟\brotato-my\Src\Test\SingleTest\ECS\ECSTest\System\TestComponent.cs(18,21): warning CS1591: 缺少对公共可见类型或成员“TestComponent.OnComponentRegistered(Node)”的 XML 注释 [E:\Godot\Games\MyGames\复刻土豆兄弟\brotato-my\Brotato_my.csproj]
E:\Godot\Games\MyGames\复刻土豆兄弟\brotato-my\Src\Test\SingleTest\ECS\ECSTest\System\TestComponent.cs(29,21): warning CS1591: 缺少对公共可见类型或成员“TestComponent.OnComponentUnregistered()”的 XML 注释 [E:\Godot\Games\MyGames\复刻土豆兄弟\brotato-my\Brotato_my.csproj]
E:\Godot\Games\MyGames\复刻土豆兄弟\brotato-my\Src\Test\SingleTest\ECS\ECSTest\System\TestComponent.cs(37,30): warning CS1591: 缺少对公共可见类型或成员“TestComponent._Ready()”的 XML 注释 [E:\Godot\Games\MyGames\复刻土豆兄弟\brotato-my\Brotato_my.csproj]
E:\Godot\Games\MyGames\复刻土豆兄弟\brotato-my\Src\Test\SingleTest\ECS\System\ActiveSkillInputTest\ActiveSkillInputTest.cs(20,30): warning CS1591: 缺少对公共可见类型或成员“ActiveSkillInputTest._Ready()”的 XML 注释 [E:\Godot\Games\MyGames\复刻土豆兄弟\brotato-my\Brotato_my.csproj]
E:\Godot\Games\MyGames\复刻土豆兄弟\brotato-my\Src\Test\SingleTest\ECS\System\ActiveSkillInputTest\ActiveSkillInputTest.cs(206,30): warning CS1591: 缺少对公共可见类型或成员“ActiveSkillInputTest._Process(double)”的 XML 注释 [E:\Godot\Games\MyGames\复刻土豆兄弟\brotato-my\Brotato_my.csproj]
E:\Godot\Games\MyGames\复刻土豆兄弟\brotato-my\Src\Test\SingleTest\ECS\System\DamageSystemTest\DamageSystemTest.cs(5,26): warning CS1591: 缺少对公共可见类型或成员“DamageSystemTest”的 XML 注释 [E:\Godot\Games\MyGames\复刻土豆兄弟\brotato-my\Brotato_my.csproj]
E:\Godot\Games\MyGames\复刻土豆兄弟\brotato-my\Src\Test\SingleTest\ECS\System\DamageSystemTest\DamageSystemTest.cs(9,30): warning CS1591: 缺少对公共可见类型或成员“DamageSystemTest._Ready()”的 XML 注释 [E:\Godot\Games\MyGames\复刻土豆兄弟\brotato-my\Brotato_my.csproj]
E:\Godot\Games\MyGames\复刻土豆兄弟\brotato-my\Src\Test\SingleTest\ECS\System\DamageSystemTest\DamageSystemTest.cs(24,21): warning CS1591: 缺少对公共可见类型或成员“DamageSystemTest.RunTests()”的 XML 注释 [E:\Godot\Games\MyGames\复刻土豆兄弟\brotato-my\Brotato_my.csproj]
E:\Godot\Games\MyGames\复刻土豆兄弟\brotato-my\Src\Test\SingleTest\ECS\System\Spawn\SpawnTestScene.cs(29,30): warning CS1591: 缺少对公共可见类型或成员“SpawnTestScene._Ready()”的 XML 注释 [E:\Godot\Games\MyGames\复刻土豆兄弟\brotato-my\Brotato_my.csproj]
E:\Godot\Games\MyGames\复刻土豆兄弟\brotato-my\Src\Test\SingleTest\ECS\System\Spawn\SpawnTestScene.cs(155,30): warning CS1591: 缺少对公共可见类型或成员“SpawnTestScene._Process(double)”的 XML 注释 [E:\Godot\Games\MyGames\复刻土豆兄弟\brotato-my\Brotato_my.csproj]
E:\Godot\Games\MyGames\复刻土豆兄弟\brotato-my\Src\Test\SingleTest\ECS\System\Spawn\SpawnTestScene.cs(185,30): warning CS1591: 缺少对公共可见类型或成员“SpawnTestScene._UnhandledInput(InputEvent)”的 XML 注释 [E:\Godot\Games\MyGames\复刻土豆兄弟\brotato-my\Brotato_my.csproj]
E:\Godot\Games\MyGames\复刻土豆兄弟\brotato-my\Src\Test\SingleTest\ECS\System\Spawn\SpawnTestScene.cs(201,30): warning CS1591: 缺少对公共可见类型或成员“SpawnTestScene._Draw()”的 XML 注释 [E:\Godot\Games\MyGames\复刻土豆兄弟\brotato-my\Brotato_my.csproj]
E:\Godot\Games\MyGames\复刻土豆兄弟\brotato-my\Src\Test\SingleTest\Tools\Input\InputTest.cs(29,26): warning CS1591: 缺少对公共可见类型或成员“InputTest._Ready()”的 XML 注释 [E:\Godot\Games\MyGames\复刻土豆兄弟\brotato-my\Brotato_my.csproj]
E:\Godot\Games\MyGames\复刻土豆兄弟\brotato-my\Src\Test\SingleTest\Tools\Input\InputTest.cs(42,26): warning CS1591: 缺少对公共可见类型或成员“InputTest._ExitTree()”的 XML 注释 [E:\Godot\Games\MyGames\复刻土豆兄弟\brotato-my\Brotato_my.csproj]
E:\Godot\Games\MyGames\复刻土豆兄弟\brotato-my\Src\Test\SingleTest\Tools\Input\InputTest.cs(48,26): warning CS1591: 缺少对公共可见类型或成员“InputTest._Process(double)”的 XML 注释 [E:\Godot\Games\MyGames\复刻土豆兄弟\brotato-my\Brotato_my.csproj]
E:\Godot\Games\MyGames\复刻土豆兄弟\brotato-my\Src\Test\SingleTest\Tools\Input\InputTest.cs(53,26): warning CS1591: 缺少对公共可见类型或成员“InputTest._Input(InputEvent)”的 XML 注释 [E:\Godot\Games\MyGames\复刻土豆兄弟\brotato-my\Brotato_my.csproj]
E:\Godot\Games\MyGames\复刻土豆兄弟\brotato-my\Src\Test\SingleTest\Tools\Log\LogTest.cs(6,26): warning CS1591: 缺少对公共可见类型或成员“LogTest”的 XML 注释 [E:\Godot\Games\MyGames\复刻土豆兄弟\brotato-my\Brotato_my.csproj]
E:\Godot\Games\MyGames\复刻土豆兄弟\brotato-my\Src\Test\SingleTest\Tools\Log\LogTest.cs(17,30): warning CS1591: 缺少对公共可见类型或成员“LogTest._Ready()”的 XML 注释 [E:\Godot\Games\MyGames\复刻土豆兄弟\brotato-my\Brotato_my.csproj]
E:\Godot\Games\MyGames\复刻土豆兄弟\brotato-my\Src\Test\SingleTest\Tools\Log\LogTestChild.cs(6,26): warning CS1591: 缺少对公共可见类型或成员“LogTestChild”的 XML 注释 [E:\Godot\Games\MyGames\复刻土豆兄弟\brotato-my\Brotato_my.csproj]
E:\Godot\Games\MyGames\复刻土豆兄弟\brotato-my\Src\Test\SingleTest\Tools\Log\LogTestChild.cs(10,21): warning CS1591: 缺少对公共可见类型或成员“LogTestChild.DoSomething()”的 XML 注释 [E:\Godot\Games\MyGames\复刻土豆兄弟\brotato-my\Brotato_my.csproj]
E:\Godot\Games\MyGames\复刻土豆兄弟\brotato-my\Src\Test\SingleTest\Tools\ObjectPool\ObjectPoolManagerTest.cs(28,26): warning CS1591: 缺少对公共可见类型或成员“ObjectPoolManagerTest._Ready()”的 XML 注释 [E:\Godot\Games\MyGames\复刻土豆兄弟\brotato-my\Brotato_my.csproj]
E:\Godot\Games\MyGames\复刻土豆兄弟\brotato-my\Src\Test\SingleTest\Tools\ObjectPool\ObjectPoolManagerTest.cs(96,26): warning CS1591: 缺少对公共可见类型或成员“ObjectPoolManagerTest._Process(double)”的 XML 注释 [E:\Godot\Games\MyGames\复刻土豆兄弟\brotato-my\Brotato_my.csproj]
E:\Godot\Games\MyGames\复刻土豆兄弟\brotato-my\Src\Test\SingleTest\Tools\ObjectPool\ObjectPoolManagerTest.cs(112,26): warning CS1591: 缺少对公共可见类型或成员“ObjectPoolManagerTest._Input(InputEvent)”的 XML 注释 [E:\Godot\Games\MyGames\复刻土豆兄弟\brotato-my\Brotato_my.csproj]
E:\Godot\Games\MyGames\复刻土豆兄弟\brotato-my\Src\Test\SingleTest\Tools\ObjectPool\ObjectPoolManagerTest.cs(251,26): warning CS1591: 缺少对公共可见类型或成员“ObjectPoolManagerTest._ExitTree()”的 XML 注释 [E:\Godot\Games\MyGames\复刻土豆兄弟\brotato-my\Brotato_my.csproj]
E:\Godot\Games\MyGames\复刻土豆兄弟\brotato-my\Src\Test\SingleTest\Tools\ObjectPool\ObjectPoolVisualTest.cs(28,26): warning CS1591: 缺少对公共可见类型或成员“ObjectPoolVisualTest._Ready()”的 XML 注释 [E:\Godot\Games\MyGames\复刻土豆兄弟\brotato-my\Brotato_my.csproj]
E:\Godot\Games\MyGames\复刻土豆兄弟\brotato-my\Src\Test\SingleTest\Tools\ObjectPool\ObjectPoolVisualTest.cs(80,26): warning CS1591: 缺少对公共可见类型或成员“ObjectPoolVisualTest._Process(double)”的 XML 注释 [E:\Godot\Games\MyGames\复刻土豆兄弟\brotato-my\Brotato_my.csproj]
E:\Godot\Games\MyGames\复刻土豆兄弟\brotato-my\Src\Test\SingleTest\Tools\ObjectPool\ObjectPoolVisualTest.cs(97,26): warning CS1591: 缺少对公共可见类型或成员“ObjectPoolVisualTest._Input(InputEvent)”的 XML 注释 [E:\Godot\Games\MyGames\复刻土豆兄弟\brotato-my\Brotato_my.csproj]
E:\Godot\Games\MyGames\复刻土豆兄弟\brotato-my\Src\Test\SingleTest\Tools\ObjectPool\ObjectPoolVisualTest.cs(270,26): warning CS1591: 缺少对公共可见类型或成员“ObjectPoolVisualTest._ExitTree()”的 XML 注释 [E:\Godot\Games\MyGames\复刻土豆兄弟\brotato-my\Brotato_my.csproj]
E:\Godot\Games\MyGames\复刻土豆兄弟\brotato-my\Src\Test\SingleTest\Tools\ObjectPool\TestEffect.cs(16,26): warning CS1591: 缺少对公共可见类型或成员“TestEffect._Ready()”的 XML 注释 [E:\Godot\Games\MyGames\复刻土豆兄弟\brotato-my\Brotato_my.csproj]
E:\Godot\Games\MyGames\复刻土豆兄弟\brotato-my\Src\Test\SingleTest\Tools\ObjectPool\TestEffect.cs(27,17): warning CS1591: 缺少对公共可见类型或成员“TestEffect.Init(Vector2)”的 XML 注释 [E:\Godot\Games\MyGames\复刻土豆兄弟\brotato-my\Brotato_my.csproj]
E:\Godot\Games\MyGames\复刻土豆兄弟\brotato-my\Src\Test\SingleTest\Tools\ObjectPool\TestEffect.cs(35,26): warning CS1591: 缺少对公共可见类型或成员“TestEffect._Process(double)”的 XML 注释 [E:\Godot\Games\MyGames\复刻土豆兄弟\brotato-my\Brotato_my.csproj]
E:\Godot\Games\MyGames\复刻土豆兄弟\brotato-my\Src\Test\SingleTest\Tools\ObjectPool\TestEffect.cs(54,17): warning CS1591: 缺少对公共可见类型或成员“TestEffect.OnPoolAcquire()”的 XML 注释 [E:\Godot\Games\MyGames\复刻土豆兄弟\brotato-my\Brotato_my.csproj]
E:\Godot\Games\MyGames\复刻土豆兄弟\brotato-my\Src\Test\SingleTest\Tools\ObjectPool\TestEffect.cs(60,17): warning CS1591: 缺少对公共可见类型或成员“TestEffect.OnPoolRelease()”的 XML 注释 [E:\Godot\Games\MyGames\复刻土豆兄弟\brotato-my\Brotato_my.csproj]
E:\Godot\Games\MyGames\复刻土豆兄弟\brotato-my\Src\Test\SingleTest\Tools\ObjectPool\TestEffect.cs(65,17): warning CS1591: 缺少对公共可见类型或成员“TestEffect.OnPoolReset()”的 XML 注释 [E:\Godot\Games\MyGames\复刻土豆兄弟\brotato-my\Brotato_my.csproj]
E:\Godot\Games\MyGames\复刻土豆兄弟\brotato-my\Src\Test\SingleTest\Tools\ObjectPool\TestProjectile.cs(20,26): warning CS1591: 缺少对公共可见类型或成员“TestProjectile._Ready()”的 XML 注释 [E:\Godot\Games\MyGames\复刻土豆兄弟\brotato-my\Brotato_my.csproj]
E:\Godot\Games\MyGames\复刻土豆兄弟\brotato-my\Src\Test\SingleTest\Tools\ObjectPool\TestProjectile.cs(43,17): warning CS1591: 缺少对公共可见类型或成员“TestProjectile.Init(Vector2, Vector2, Rect2)”的 XML 注释 [E:\Godot\Games\MyGames\复刻土豆兄弟\brotato-my\Brotato_my.csproj]
E:\Godot\Games\MyGames\复刻土豆兄弟\brotato-my\Src\Test\SingleTest\Tools\ObjectPool\TestProjectile.cs(55,26): warning CS1591: 缺少对公共可见类型或成员“TestProjectile._Process(double)”的 XML 注释 [E:\Godot\Games\MyGames\复刻土豆兄弟\brotato-my\Brotato_my.csproj]
E:\Godot\Games\MyGames\复刻土豆兄弟\brotato-my\Src\Test\SingleTest\Tools\ObjectPool\TestProjectile.cs(85,17): warning CS1591: 缺少对公共可见类型或成员“TestProjectile.OnPoolAcquire()”的 XML 注释 [E:\Godot\Games\MyGames\复刻土豆兄弟\brotato-my\Brotato_my.csproj]
E:\Godot\Games\MyGames\复刻土豆兄弟\brotato-my\Src\Test\SingleTest\Tools\ObjectPool\TestProjectile.cs(93,17): warning CS1591: 缺少对公共可见类型或成员“TestProjectile.OnPoolRelease()”的 XML 注释 [E:\Godot\Games\MyGames\复刻土豆兄弟\brotato-my\Brotato_my.csproj]
E:\Godot\Games\MyGames\复刻土豆兄弟\brotato-my\Src\Test\SingleTest\Tools\ObjectPool\TestProjectile.cs(98,17): warning CS1591: 缺少对公共可见类型或成员“TestProjectile.OnPoolReset()”的 XML 注释 [E:\Godot\Games\MyGames\复刻土豆兄弟\brotato-my\Brotato_my.csproj]
E:\Godot\Games\MyGames\复刻土豆兄弟\brotato-my\Src\Test\SingleTest\Tools\ObjectPool\VisualTestBullet.cs(20,26): warning CS1591: 缺少对公共可见类型或成员“VisualTestBullet._Ready()”的 XML 注释 [E:\Godot\Games\MyGames\复刻土豆兄弟\brotato-my\Brotato_my.csproj]
E:\Godot\Games\MyGames\复刻土豆兄弟\brotato-my\Src\Test\SingleTest\Tools\ObjectPool\VisualTestBullet.cs(43,17): warning CS1591: 缺少对公共可见类型或成员“VisualTestBullet.Init(Vector2, Vector2, Rect2)”的 XML 注释 [E:\Godot\Games\MyGames\复刻土豆兄弟\brotato-my\Brotato_my.csproj]
E:\Godot\Games\MyGames\复刻土豆兄弟\brotato-my\Src\Test\SingleTest\Tools\ObjectPool\VisualTestBullet.cs(55,26): warning CS1591: 缺少对公共可见类型或成员“VisualTestBullet._Process(double)”的 XML 注释 [E:\Godot\Games\MyGames\复刻土豆兄弟\brotato-my\Brotato_my.csproj]
E:\Godot\Games\MyGames\复刻土豆兄弟\brotato-my\Src\Test\SingleTest\Tools\ObjectPool\VisualTestBullet.cs(89,17): warning CS1591: 缺少对公共可见类型或成员“VisualTestBullet.OnPoolAcquire()”的 XML 注释 [E:\Godot\Games\MyGames\复刻土豆兄弟\brotato-my\Brotato_my.csproj]
E:\Godot\Games\MyGames\复刻土豆兄弟\brotato-my\Src\Test\SingleTest\Tools\ObjectPool\VisualTestBullet.cs(97,17): warning CS1591: 缺少对公共可见类型或成员“VisualTestBullet.OnPoolRelease()”的 XML 注释 [E:\Godot\Games\MyGames\复刻土豆兄弟\brotato-my\Brotato_my.csproj]
E:\Godot\Games\MyGames\复刻土豆兄弟\brotato-my\Src\Test\SingleTest\Tools\ObjectPool\VisualTestBullet.cs(102,17): warning CS1591: 缺少对公共可见类型或成员“VisualTestBullet.OnPoolReset()”的 XML 注释 [E:\Godot\Games\MyGames\复刻土豆兄弟\brotato-my\Brotato_my.csproj]
E:\Godot\Games\MyGames\复刻土豆兄弟\brotato-my\Data\Config\GlobalConfig.cs(2,29): warning CS1591: 缺少对公共可见类型或成员“GlobalConfig”的 XML 注释 [E:\Godot\Games\MyGames\复刻土豆兄弟\brotato-my\Brotato_my.csproj]
E:\Godot\Games\MyGames\复刻土豆兄弟\brotato-my\Data\DataKey\Ability\AbilityEnums.cs(22,5): warning CS1591: 缺少对公共可见类型或成员“AbilityTriggerMode.None”的 XML 注释 [E:\Godot\Games\MyGames\复刻土豆兄弟\brotato-my\Brotato_my.csproj]
E:\Godot\Games\MyGames\复刻土豆兄弟\brotato-my\Data\DataKey\Ability\AbilityEnums.cs(81,5): warning CS1591: 缺少对公共可见类型或成员“AbilityTargetTeamFilter.None”的 XML 注释 [E:\Godot\Games\MyGames\复刻土豆兄弟\brotato-my\Brotato_my.csproj]
E:\Godot\Games\MyGames\复刻土豆兄弟\brotato-my\Data\DataKey\Ability\AbilityEnums.cs(93,5): warning CS1591: 缺少对公共可见类型或成员“AbilityTargetTeamFilter.FriendlyAndSelf”的 XML 注释 [E:\Godot\Games\MyGames\复刻土豆兄弟\brotato-my\Brotato_my.csproj]
E:\Godot\Games\MyGames\复刻土豆兄弟\brotato-my\Data\DataKey\Ability\AbilityEnums.cs(95,5): warning CS1591: 缺少对公共可见类型或成员“AbilityTargetTeamFilter.All”的 XML 注释 [E:\Godot\Games\MyGames\复刻土豆兄弟\brotato-my\Brotato_my.csproj]
E:\Godot\Games\MyGames\复刻土豆兄弟\brotato-my\Data\DataKey\Ability\DataKey_Ability.cs(13,37): warning CS1591: 缺少对公共可见类型或成员“DataKey.AbilityFeatureGroup”的 XML 注释 [E:\Godot\Games\MyGames\复刻土豆兄弟\brotato-my\Brotato_my.csproj]
E:\Godot\Games\MyGames\复刻土豆兄弟\brotato-my\Data\DataKey\Ability\DataKey_Ability.cs(17,37): warning CS1591: 缺少对公共可见类型或成员“DataKey.AbilityIcon”的 XML 注释 [E:\Godot\Games\MyGames\复刻土豆兄弟\brotato-my\Brotato_my.csproj]
E:\Godot\Games\MyGames\复刻土豆兄弟\brotato-my\Data\DataKey\Ability\DataKey_Ability.cs(27,37): warning CS1591: 缺少对公共可见类型或成员“DataKey.AbilityLevel”的 XML 注释 [E:\Godot\Games\MyGames\复刻土豆兄弟\brotato-my\Brotato_my.csproj]
E:\Godot\Games\MyGames\复刻土豆兄弟\brotato-my\Data\DataKey\Ability\DataKey_Ability.cs(31,37): warning CS1591: 缺少对公共可见类型或成员“DataKey.AbilityMaxLevel”的 XML 注释 [E:\Godot\Games\MyGames\复刻土豆兄弟\brotato-my\Brotato_my.csproj]
E:\Godot\Games\MyGames\复刻土豆兄弟\brotato-my\Data\DataKey\Ability\DataKey_Ability.cs(38,37): warning CS1591: 缺少对公共可见类型或成员“DataKey.AbilityDamage”的 XML 注释 [E:\Godot\Games\MyGames\复刻土豆兄弟\brotato-my\Brotato_my.csproj]
E:\Godot\Games\MyGames\复刻土豆兄弟\brotato-my\Data\DataKey\Ability\DataKey_Ability.cs(42,37): warning CS1591: 缺少对公共可见类型或成员“DataKey.AbilityDamageBonus”的 XML 注释 [E:\Godot\Games\MyGames\复刻土豆兄弟\brotato-my\Brotato_my.csproj]
E:\Godot\Games\MyGames\复刻土豆兄弟\brotato-my\Data\DataKey\Ability\DataKey_Ability.cs(46,37): warning CS1591: 缺少对公共可见类型或成员“DataKey.FinalAbilityDamage”的 XML 注释 [E:\Godot\Games\MyGames\复刻土豆兄弟\brotato-my\Brotato_my.csproj]
E:\Godot\Games\MyGames\复刻土豆兄弟\brotato-my\Data\DataKey\Ability\DataKey_Ability.cs(67,37): warning CS1591: 缺少对公共可见类型或成员“DataKey.CooldownReduction”的 XML 注释 [E:\Godot\Games\MyGames\复刻土豆兄弟\brotato-my\Brotato_my.csproj]
E:\Godot\Games\MyGames\复刻土豆兄弟\brotato-my\Data\DataKey\Ability\DataKey_Ability.cs(71,37): warning CS1591: 缺少对公共可见类型或成员“DataKey.AbilityDamageInterval”的 XML 注释 [E:\Godot\Games\MyGames\复刻土豆兄弟\brotato-my\Brotato_my.csproj]
E:\Godot\Games\MyGames\复刻土豆兄弟\brotato-my\Data\DataKey\Ability\DataKey_Ability.cs(74,37): warning CS1591: 缺少对公共可见类型或成员“DataKey.AbilityDamageDuration”的 XML 注释 [E:\Godot\Games\MyGames\复刻土豆兄弟\brotato-my\Brotato_my.csproj]
E:\Godot\Games\MyGames\复刻土豆兄弟\brotato-my\Data\DataKey\Ability\DataKey_Ability.cs(77,37): warning CS1591: 缺少对公共可见类型或成员“DataKey.AbilityRepeatHitSameTarget”的 XML 注释 [E:\Godot\Games\MyGames\复刻土豆兄弟\brotato-my\Brotato_my.csproj]
E:\Godot\Games\MyGames\复刻土豆兄弟\brotato-my\Data\DataKey\Ability\DataKey_Ability.cs(80,37): warning CS1591: 缺少对公共可见类型或成员“DataKey.AbilityApplyImmediateDamage”的 XML 注释 [E:\Godot\Games\MyGames\复刻土豆兄弟\brotato-my\Brotato_my.csproj]
E:\Godot\Games\MyGames\复刻土豆兄弟\brotato-my\Data\DataKey\Ability\DataKey_Ability.cs(85,37): warning CS1591: 缺少对公共可见类型或成员“DataKey.AbilityCooldown”的 XML 注释 [E:\Godot\Games\MyGames\复刻土豆兄弟\brotato-my\Brotato_my.csproj]
E:\Godot\Games\MyGames\复刻土豆兄弟\brotato-my\Data\DataKey\Ability\DataKey_Ability.cs(90,37): warning CS1591: 缺少对公共可见类型或成员“DataKey.IsAbilityUsesCharges”的 XML 注释 [E:\Godot\Games\MyGames\复刻土豆兄弟\brotato-my\Brotato_my.csproj]
E:\Godot\Games\MyGames\复刻土豆兄弟\brotato-my\Data\DataKey\Ability\DataKey_Ability.cs(94,37): warning CS1591: 缺少对公共可见类型或成员“DataKey.AbilityMaxCharges”的 XML 注释 [E:\Godot\Games\MyGames\复刻土豆兄弟\brotato-my\Brotato_my.csproj]
E:\Godot\Games\MyGames\复刻土豆兄弟\brotato-my\Data\DataKey\Ability\DataKey_Ability.cs(98,37): warning CS1591: 缺少对公共可见类型或成员“DataKey.AbilityCurrentCharges”的 XML 注释 [E:\Godot\Games\MyGames\复刻土豆兄弟\brotato-my\Brotato_my.csproj]
E:\Godot\Games\MyGames\复刻土豆兄弟\brotato-my\Data\DataKey\Ability\DataKey_Ability.cs(102,37): warning CS1591: 缺少对公共可见类型或成员“DataKey.AbilityChargeTime”的 XML 注释 [E:\Godot\Games\MyGames\复刻土豆兄弟\brotato-my\Brotato_my.csproj]
E:\Godot\Games\MyGames\复刻土豆兄弟\brotato-my\Data\DataKey\Ability\DataKey_Ability.cs(107,37): warning CS1591: 缺少对公共可见类型或成员“DataKey.AbilityCostType”的 XML 注释 [E:\Godot\Games\MyGames\复刻土豆兄弟\brotato-my\Brotato_my.csproj]
E:\Godot\Games\MyGames\复刻土豆兄弟\brotato-my\Data\DataKey\Ability\DataKey_Ability.cs(111,37): warning CS1591: 缺少对公共可见类型或成员“DataKey.AbilityCostAmount”的 XML 注释 [E:\Godot\Games\MyGames\复刻土豆兄弟\brotato-my\Brotato_my.csproj]
E:\Godot\Games\MyGames\复刻土豆兄弟\brotato-my\Data\DataKey\Ability\DataKey_Ability.cs(116,37): warning CS1591: 缺少对公共可见类型或成员“DataKey.AbilityTriggerMode”的 XML 注释 [E:\Godot\Games\MyGames\复刻土豆兄弟\brotato-my\Brotato_my.csproj]
E:\Godot\Games\MyGames\复刻土豆兄弟\brotato-my\Data\DataKey\Ability\DataKey_Ability.cs(120,37): warning CS1591: 缺少对公共可见类型或成员“DataKey.AbilityTriggerEvent”的 XML 注释 [E:\Godot\Games\MyGames\复刻土豆兄弟\brotato-my\Brotato_my.csproj]
E:\Godot\Games\MyGames\复刻土豆兄弟\brotato-my\Data\DataKey\Ability\DataKey_Ability.cs(124,37): warning CS1591: 缺少对公共可见类型或成员“DataKey.AbilityTriggerChance”的 XML 注释 [E:\Godot\Games\MyGames\复刻土豆兄弟\brotato-my\Brotato_my.csproj]
E:\Godot\Games\MyGames\复刻土豆兄弟\brotato-my\Data\DataKey\Ability\DataKey_Ability.cs(129,37): warning CS1591: 缺少对公共可见类型或成员“DataKey.AbilityExecutionMode”的 XML 注释 [E:\Godot\Games\MyGames\复刻土豆兄弟\brotato-my\Brotato_my.csproj]
E:\Godot\Games\MyGames\复刻土豆兄弟\brotato-my\Data\DataKey\Ability\DataKey_Ability.cs(134,37): warning CS1591: 缺少对公共可见类型或成员“DataKey.AbilityTargetSelection”的 XML 注释 [E:\Godot\Games\MyGames\复刻土豆兄弟\brotato-my\Brotato_my.csproj]
E:\Godot\Games\MyGames\复刻土豆兄弟\brotato-my\Data\DataKey\Ability\DataKey_Ability.cs(138,37): warning CS1591: 缺少对公共可见类型或成员“DataKey.AbilityTargetGeometry”的 XML 注释 [E:\Godot\Games\MyGames\复刻土豆兄弟\brotato-my\Brotato_my.csproj]
E:\Godot\Games\MyGames\复刻土豆兄弟\brotato-my\Data\DataKey\Ability\DataKey_Ability.cs(142,37): warning CS1591: 缺少对公共可见类型或成员“DataKey.AbilityTargetTeamFilter”的 XML 注释 [E:\Godot\Games\MyGames\复刻土豆兄弟\brotato-my\Brotato_my.csproj]
E:\Godot\Games\MyGames\复刻土豆兄弟\brotato-my\Data\DataKey\Ability\DataKey_Ability.cs(146,37): warning CS1591: 缺少对公共可见类型或成员“DataKey.TargetSorting”的 XML 注释 [E:\Godot\Games\MyGames\复刻土豆兄弟\brotato-my\Brotato_my.csproj]
E:\Godot\Games\MyGames\复刻土豆兄弟\brotato-my\Data\DataKey\Ability\DataKey_Ability.cs(150,37): warning CS1591: 缺少对公共可见类型或成员“DataKey.AbilityMaxTargets”的 XML 注释 [E:\Godot\Games\MyGames\复刻土豆兄弟\brotato-my\Brotato_my.csproj]
E:\Godot\Games\MyGames\复刻土豆兄弟\brotato-my\Data\DataKey\Ability\DataKey_Ability.cs(155,37): warning CS1591: 缺少对公共可见类型或成员“DataKey.AbilityCastRange”的 XML 注释 [E:\Godot\Games\MyGames\复刻土豆兄弟\brotato-my\Brotato_my.csproj]
E:\Godot\Games\MyGames\复刻土豆兄弟\brotato-my\Data\DataKey\Ability\DataKey_Ability.cs(159,37): warning CS1591: 缺少对公共可见类型或成员“DataKey.AbilityEffectRadius”的 XML 注释 [E:\Godot\Games\MyGames\复刻土豆兄弟\brotato-my\Brotato_my.csproj]
E:\Godot\Games\MyGames\复刻土豆兄弟\brotato-my\Data\DataKey\Ability\DataKey_Ability.cs(163,37): warning CS1591: 缺少对公共可见类型或成员“DataKey.AbilityEffectLength”的 XML 注释 [E:\Godot\Games\MyGames\复刻土豆兄弟\brotato-my\Brotato_my.csproj]
E:\Godot\Games\MyGames\复刻土豆兄弟\brotato-my\Data\DataKey\Ability\DataKey_Ability.cs(167,37): warning CS1591: 缺少对公共可见类型或成员“DataKey.AbilityEffectWidth”的 XML 注释 [E:\Godot\Games\MyGames\复刻土豆兄弟\brotato-my\Brotato_my.csproj]
E:\Godot\Games\MyGames\复刻土豆兄弟\brotato-my\Data\DataKey\Ability\DataKey_Ability.cs(171,37): warning CS1591: 缺少对公共可见类型或成员“DataKey.AbilityAngle”的 XML 注释 [E:\Godot\Games\MyGames\复刻土豆兄弟\brotato-my\Brotato_my.csproj]
E:\Godot\Games\MyGames\复刻土豆兄弟\brotato-my\Data\DataKey\Ability\DataKey_Ability.cs(175,25): warning CS1591: 缺少对公共可见类型或成员“DataKey.EffectScene”的 XML 注释 [E:\Godot\Games\MyGames\复刻土豆兄弟\brotato-my\Brotato_my.csproj]
E:\Godot\Games\MyGames\复刻土豆兄弟\brotato-my\Data\DataKey\Ability\DataKey_Ability.cs(184,37): warning CS1591: 缺少对公共可见类型或成员“DataKey.AbilityUnlocked”的 XML 注释 [E:\Godot\Games\MyGames\复刻土豆兄弟\brotato-my\Brotato_my.csproj]
E:\Godot\Games\MyGames\复刻土豆兄弟\brotato-my\Data\DataKey\Ability\DataKey_Ability.cs(189,37): warning CS1591: 缺少对公共可见类型或成员“DataKey.CurrentActiveAbilityIndex”的 XML 注释 [E:\Godot\Games\MyGames\复刻土豆兄弟\brotato-my\Brotato_my.csproj]
E:\Godot\Games\MyGames\复刻土豆兄弟\brotato-my\Data\DataKey\AI\DataKey_AI.cs(41,25): warning CS1591: 缺少对公共可见类型或成员“DataKey.TargetNode”的 XML 注释 [E:\Godot\Games\MyGames\复刻土豆兄弟\brotato-my\Brotato_my.csproj]
E:\Godot\Games\MyGames\复刻土豆兄弟\brotato-my\Data\DataKey\AI\DataKey_AI.cs(45,37): warning CS1591: 缺少对公共可见类型或成员“DataKey.AIState”的 XML 注释 [E:\Godot\Games\MyGames\复刻土豆兄弟\brotato-my\Brotato_my.csproj]
E:\Godot\Games\MyGames\复刻土豆兄弟\brotato-my\Data\DataKey\AI\DataKey_AI.cs(49,37): warning CS1591: 缺少对公共可见类型或成员“DataKey.Threat”的 XML 注释 [E:\Godot\Games\MyGames\复刻土豆兄弟\brotato-my\Brotato_my.csproj]
E:\Godot\Games\MyGames\复刻土豆兄弟\brotato-my\Data\DataKey\AI\DataKey_AI.cs(53,37): warning CS1591: 缺少对公共可见类型或成员“DataKey.AIEnabled”的 XML 注释 [E:\Godot\Games\MyGames\复刻土豆兄弟\brotato-my\Brotato_my.csproj]
E:\Godot\Games\MyGames\复刻土豆兄弟\brotato-my\Data\DataKey\AI\DataKey_AI.cs(58,37): warning CS1591: 缺少对公共可见类型或成员“DataKey.DetectionRange”的 XML 注释 [E:\Godot\Games\MyGames\复刻土豆兄弟\brotato-my\Brotato_my.csproj]
E:\Godot\Games\MyGames\复刻土豆兄弟\brotato-my\Data\DataKey\AI\DataKey_AI.cs(62,37): warning CS1591: 缺少对公共可见类型或成员“DataKey.LoseTargetRange”的 XML 注释 [E:\Godot\Games\MyGames\复刻土豆兄弟\brotato-my\Brotato_my.csproj]
E:\Godot\Games\MyGames\复刻土豆兄弟\brotato-my\Data\DataKey\AI\DataKey_AI.cs(67,37): warning CS1591: 缺少对公共可见类型或成员“DataKey.PatrolRadius”的 XML 注释 [E:\Godot\Games\MyGames\复刻土豆兄弟\brotato-my\Brotato_my.csproj]
E:\Godot\Games\MyGames\复刻土豆兄弟\brotato-my\Data\DataKey\AI\DataKey_AI.cs(71,37): warning CS1591: 缺少对公共可见类型或成员“DataKey.PatrolWaitTime”的 XML 注释 [E:\Godot\Games\MyGames\复刻土豆兄弟\brotato-my\Brotato_my.csproj]
E:\Godot\Games\MyGames\复刻土豆兄弟\brotato-my\Data\DataKey\AI\DataKey_AI.cs(76,37): warning CS1591: 缺少对公共可见类型或成员“DataKey.SpawnPosition”的 XML 注释 [E:\Godot\Games\MyGames\复刻土豆兄弟\brotato-my\Brotato_my.csproj]
E:\Godot\Games\MyGames\复刻土豆兄弟\brotato-my\Data\DataKey\AI\DataKey_AI.cs(80,37): warning CS1591: 缺少对公共可见类型或成员“DataKey.PatrolTargetPoint”的 XML 注释 [E:\Godot\Games\MyGames\复刻土豆兄弟\brotato-my\Brotato_my.csproj]
E:\Godot\Games\MyGames\复刻土豆兄弟\brotato-my\Data\DataKey\AI\DataKey_AI.cs(84,37): warning CS1591: 缺少对公共可见类型或成员“DataKey.PatrolWaitDone”的 XML 注释 [E:\Godot\Games\MyGames\复刻土豆兄弟\brotato-my\Brotato_my.csproj]
E:\Godot\Games\MyGames\复刻土豆兄弟\brotato-my\Data\DataKey\AI\DataKey_AI.cs(89,37): warning CS1591: 缺少对公共可见类型或成员“DataKey.AIMoveDirection”的 XML 注释 [E:\Godot\Games\MyGames\复刻土豆兄弟\brotato-my\Brotato_my.csproj]
E:\Godot\Games\MyGames\复刻土豆兄弟\brotato-my\Data\DataKey\AI\DataKey_AI.cs(93,37): warning CS1591: 缺少对公共可见类型或成员“DataKey.AIMoveSpeedMultiplier”的 XML 注释 [E:\Godot\Games\MyGames\复刻土豆兄弟\brotato-my\Brotato_my.csproj]
E:\Godot\Games\MyGames\复刻土豆兄弟\brotato-my\Data\DataKey\Attribute\DataKey_Attribute.cs(11,37): warning CS1591: 缺少对公共可见类型或成员“DataKey.BaseHp”的 XML 注释 [E:\Godot\Games\MyGames\复刻土豆兄弟\brotato-my\Brotato_my.csproj]
E:\Godot\Games\MyGames\复刻土豆兄弟\brotato-my\Data\DataKey\Attribute\DataKey_Attribute.cs(15,37): warning CS1591: 缺少对公共可见类型或成员“DataKey.HpBonus”的 XML 注释 [E:\Godot\Games\MyGames\复刻土豆兄弟\brotato-my\Brotato_my.csproj]
E:\Godot\Games\MyGames\复刻土豆兄弟\brotato-my\Data\DataKey\Attribute\DataKey_Attribute.cs(19,37): warning CS1591: 缺少对公共可见类型或成员“DataKey.FinalHp”的 XML 注释 [E:\Godot\Games\MyGames\复刻土豆兄弟\brotato-my\Brotato_my.csproj]
E:\Godot\Games\MyGames\复刻土豆兄弟\brotato-my\Data\DataKey\Attribute\DataKey_Attribute.cs(39,37): warning CS1591: 缺少对公共可见类型或成员“DataKey.HpPercent”的 XML 注释 [E:\Godot\Games\MyGames\复刻土豆兄弟\brotato-my\Brotato_my.csproj]
E:\Godot\Games\MyGames\复刻土豆兄弟\brotato-my\Data\DataKey\Attribute\DataKey_Attribute.cs(59,37): warning CS1591: 缺少对公共可见类型或成员“DataKey.CurrentHp”的 XML 注释 [E:\Godot\Games\MyGames\复刻土豆兄弟\brotato-my\Brotato_my.csproj]
E:\Godot\Games\MyGames\复刻土豆兄弟\brotato-my\Data\DataKey\Attribute\DataKey_Attribute.cs(63,37): warning CS1591: 缺少对公共可见类型或成员“DataKey.BaseHpRegen”的 XML 注释 [E:\Godot\Games\MyGames\复刻土豆兄弟\brotato-my\Brotato_my.csproj]
E:\Godot\Games\MyGames\复刻土豆兄弟\brotato-my\Data\DataKey\Attribute\DataKey_Attribute.cs(67,37): warning CS1591: 缺少对公共可见类型或成员“DataKey.HpRegenBonus”的 XML 注释 [E:\Godot\Games\MyGames\复刻土豆兄弟\brotato-my\Brotato_my.csproj]
E:\Godot\Games\MyGames\复刻土豆兄弟\brotato-my\Data\DataKey\Attribute\DataKey_Attribute.cs(71,37): warning CS1591: 缺少对公共可见类型或成员“DataKey.PercentHpRegen”的 XML 注释 [E:\Godot\Games\MyGames\复刻土豆兄弟\brotato-my\Brotato_my.csproj]
E:\Godot\Games\MyGames\复刻土豆兄弟\brotato-my\Data\DataKey\Attribute\DataKey_Attribute.cs(75,37): warning CS1591: 缺少对公共可见类型或成员“DataKey.FinalHpRegen”的 XML 注释 [E:\Godot\Games\MyGames\复刻土豆兄弟\brotato-my\Brotato_my.csproj]
E:\Godot\Games\MyGames\复刻土豆兄弟\brotato-my\Data\DataKey\Attribute\DataKey_Attribute.cs(95,37): warning CS1591: 缺少对公共可见类型或成员“DataKey.LifeSteal”的 XML 注释 [E:\Godot\Games\MyGames\复刻土豆兄弟\brotato-my\Brotato_my.csproj]
E:\Godot\Games\MyGames\复刻土豆兄弟\brotato-my\Data\DataKey\Attribute\DataKey_Attribute.cs(102,37): warning CS1591: 缺少对公共可见类型或成员“DataKey.BaseMana”的 XML 注释 [E:\Godot\Games\MyGames\复刻土豆兄弟\brotato-my\Brotato_my.csproj]
E:\Godot\Games\MyGames\复刻土豆兄弟\brotato-my\Data\DataKey\Attribute\DataKey_Attribute.cs(106,37): warning CS1591: 缺少对公共可见类型或成员“DataKey.ManaBonus”的 XML 注释 [E:\Godot\Games\MyGames\复刻土豆兄弟\brotato-my\Brotato_my.csproj]
E:\Godot\Games\MyGames\复刻土豆兄弟\brotato-my\Data\DataKey\Attribute\DataKey_Attribute.cs(110,37): warning CS1591: 缺少对公共可见类型或成员“DataKey.FinalMana”的 XML 注释 [E:\Godot\Games\MyGames\复刻土豆兄弟\brotato-my\Brotato_my.csproj]
E:\Godot\Games\MyGames\复刻土豆兄弟\brotato-my\Data\DataKey\Attribute\DataKey_Attribute.cs(130,37): warning CS1591: 缺少对公共可见类型或成员“DataKey.CurrentMana”的 XML 注释 [E:\Godot\Games\MyGames\复刻土豆兄弟\brotato-my\Brotato_my.csproj]
E:\Godot\Games\MyGames\复刻土豆兄弟\brotato-my\Data\DataKey\Attribute\DataKey_Attribute.cs(134,37): warning CS1591: 缺少对公共可见类型或成员“DataKey.ManaPercent”的 XML 注释 [E:\Godot\Games\MyGames\复刻土豆兄弟\brotato-my\Brotato_my.csproj]
E:\Godot\Games\MyGames\复刻土豆兄弟\brotato-my\Data\DataKey\Attribute\DataKey_Attribute.cs(154,37): warning CS1591: 缺少对公共可见类型或成员“DataKey.BaseManaRegen”的 XML 注释 [E:\Godot\Games\MyGames\复刻土豆兄弟\brotato-my\Brotato_my.csproj]
E:\Godot\Games\MyGames\复刻土豆兄弟\brotato-my\Data\DataKey\Attribute\DataKey_Attribute.cs(158,37): warning CS1591: 缺少对公共可见类型或成员“DataKey.ManaRegenBonus”的 XML 注释 [E:\Godot\Games\MyGames\复刻土豆兄弟\brotato-my\Brotato_my.csproj]
E:\Godot\Games\MyGames\复刻土豆兄弟\brotato-my\Data\DataKey\Attribute\DataKey_Attribute.cs(162,37): warning CS1591: 缺少对公共可见类型或成员“DataKey.PercentManaRegen”的 XML 注释 [E:\Godot\Games\MyGames\复刻土豆兄弟\brotato-my\Brotato_my.csproj]
E:\Godot\Games\MyGames\复刻土豆兄弟\brotato-my\Data\DataKey\Attribute\DataKey_Attribute.cs(166,37): warning CS1591: 缺少对公共可见类型或成员“DataKey.FinalManaRegen”的 XML 注释 [E:\Godot\Games\MyGames\复刻土豆兄弟\brotato-my\Brotato_my.csproj]
E:\Godot\Games\MyGames\复刻土豆兄弟\brotato-my\Data\DataKey\Attribute\DataKey_Attribute.cs(189,37): warning CS1591: 缺少对公共可见类型或成员“DataKey.BaseAttack”的 XML 注释 [E:\Godot\Games\MyGames\复刻土豆兄弟\brotato-my\Brotato_my.csproj]
E:\Godot\Games\MyGames\复刻土豆兄弟\brotato-my\Data\DataKey\Attribute\DataKey_Attribute.cs(193,37): warning CS1591: 缺少对公共可见类型或成员“DataKey.AttackBonus”的 XML 注释 [E:\Godot\Games\MyGames\复刻土豆兄弟\brotato-my\Brotato_my.csproj]
E:\Godot\Games\MyGames\复刻土豆兄弟\brotato-my\Data\DataKey\Attribute\DataKey_Attribute.cs(197,37): warning CS1591: 缺少对公共可见类型或成员“DataKey.FinalAttack”的 XML 注释 [E:\Godot\Games\MyGames\复刻土豆兄弟\brotato-my\Brotato_my.csproj]
E:\Godot\Games\MyGames\复刻土豆兄弟\brotato-my\Data\DataKey\Attribute\DataKey_Attribute.cs(217,37): warning CS1591: 缺少对公共可见类型或成员“DataKey.BaseAttackSpeed”的 XML 注释 [E:\Godot\Games\MyGames\复刻土豆兄弟\brotato-my\Brotato_my.csproj]
E:\Godot\Games\MyGames\复刻土豆兄弟\brotato-my\Data\DataKey\Attribute\DataKey_Attribute.cs(221,37): warning CS1591: 缺少对公共可见类型或成员“DataKey.AttackSpeedBonus”的 XML 注释 [E:\Godot\Games\MyGames\复刻土豆兄弟\brotato-my\Brotato_my.csproj]
E:\Godot\Games\MyGames\复刻土豆兄弟\brotato-my\Data\DataKey\Attribute\DataKey_Attribute.cs(225,37): warning CS1591: 缺少对公共可见类型或成员“DataKey.FinalAttackSpeed”的 XML 注释 [E:\Godot\Games\MyGames\复刻土豆兄弟\brotato-my\Brotato_my.csproj]
E:\Godot\Games\MyGames\复刻土豆兄弟\brotato-my\Data\DataKey\Attribute\DataKey_Attribute.cs(245,37): warning CS1591: 缺少对公共可见类型或成员“DataKey.AttackInterval”的 XML 注释 [E:\Godot\Games\MyGames\复刻土豆兄弟\brotato-my\Brotato_my.csproj]
E:\Godot\Games\MyGames\复刻土豆兄弟\brotato-my\Data\DataKey\Attribute\DataKey_Attribute.cs(264,37): warning CS1591: 缺少对公共可见类型或成员“DataKey.DamageAmplification”的 XML 注释 [E:\Godot\Games\MyGames\复刻土豆兄弟\brotato-my\Brotato_my.csproj]
E:\Godot\Games\MyGames\复刻土豆兄弟\brotato-my\Data\DataKey\Attribute\DataKey_Attribute.cs(268,37): warning CS1591: 缺少对公共可见类型或成员“DataKey.Penetration”的 XML 注释 [E:\Godot\Games\MyGames\复刻土豆兄弟\brotato-my\Brotato_my.csproj]
E:\Godot\Games\MyGames\复刻土豆兄弟\brotato-my\Data\DataKey\Attribute\DataKey_Attribute.cs(272,37): warning CS1591: 缺少对公共可见类型或成员“DataKey.AttackRange”的 XML 注释 [E:\Godot\Games\MyGames\复刻土豆兄弟\brotato-my\Brotato_my.csproj]
E:\Godot\Games\MyGames\复刻土豆兄弟\brotato-my\Data\DataKey\Attribute\DataKey_Attribute.cs(276,37): warning CS1591: 缺少对公共可见类型或成员“DataKey.AttackWindUpTime”的 XML 注释 [E:\Godot\Games\MyGames\复刻土豆兄弟\brotato-my\Brotato_my.csproj]
E:\Godot\Games\MyGames\复刻土豆兄弟\brotato-my\Data\DataKey\Attribute\DataKey_Attribute.cs(280,37): warning CS1591: 缺少对公共可见类型或成员“DataKey.AttackRecoveryTime”的 XML 注释 [E:\Godot\Games\MyGames\复刻土豆兄弟\brotato-my\Brotato_my.csproj]
E:\Godot\Games\MyGames\复刻土豆兄弟\brotato-my\Data\DataKey\Attribute\DataKey_Attribute.cs(284,37): warning CS1591: 缺少对公共可见类型或成员“DataKey.Knockback”的 XML 注释 [E:\Godot\Games\MyGames\复刻土豆兄弟\brotato-my\Brotato_my.csproj]
E:\Godot\Games\MyGames\复刻土豆兄弟\brotato-my\Data\DataKey\Attribute\DataKey_Attribute.cs(291,37): warning CS1591: 缺少对公共可见类型或成员“DataKey.BaseDefense”的 XML 注释 [E:\Godot\Games\MyGames\复刻土豆兄弟\brotato-my\Brotato_my.csproj]
E:\Godot\Games\MyGames\复刻土豆兄弟\brotato-my\Data\DataKey\Attribute\DataKey_Attribute.cs(295,37): warning CS1591: 缺少对公共可见类型或成员“DataKey.DefenseBonus”的 XML 注释 [E:\Godot\Games\MyGames\复刻土豆兄弟\brotato-my\Brotato_my.csproj]
E:\Godot\Games\MyGames\复刻土豆兄弟\brotato-my\Data\DataKey\Attribute\DataKey_Attribute.cs(299,37): warning CS1591: 缺少对公共可见类型或成员“DataKey.FinalDefense”的 XML 注释 [E:\Godot\Games\MyGames\复刻土豆兄弟\brotato-my\Brotato_my.csproj]
E:\Godot\Games\MyGames\复刻土豆兄弟\brotato-my\Data\DataKey\Attribute\DataKey_Attribute.cs(319,37): warning CS1591: 缺少对公共可见类型或成员“DataKey.DamageReduction”的 XML 注释 [E:\Godot\Games\MyGames\复刻土豆兄弟\brotato-my\Brotato_my.csproj]
E:\Godot\Games\MyGames\复刻土豆兄弟\brotato-my\Data\DataKey\Attribute\DataKey_Attribute.cs(323,37): warning CS1591: 缺少对公共可见类型或成员“DataKey.DamageTakenMultiplier”的 XML 注释 [E:\Godot\Games\MyGames\复刻土豆兄弟\brotato-my\Brotato_my.csproj]
E:\Godot\Games\MyGames\复刻土豆兄弟\brotato-my\Data\DataKey\Attribute\DataKey_Attribute.cs(327,37): warning CS1591: 缺少对公共可见类型或成员“DataKey.Shield”的 XML 注释 [E:\Godot\Games\MyGames\复刻土豆兄弟\brotato-my\Brotato_my.csproj]
E:\Godot\Games\MyGames\复刻土豆兄弟\brotato-my\Data\DataKey\Attribute\DataKey_Attribute.cs(331,37): warning CS1591: 缺少对公共可见类型或成员“DataKey.Thorns”的 XML 注释 [E:\Godot\Games\MyGames\复刻土豆兄弟\brotato-my\Brotato_my.csproj]
E:\Godot\Games\MyGames\复刻土豆兄弟\brotato-my\Data\DataKey\Attribute\DataKey_Attribute.cs(335,37): warning CS1591: 缺少对公共可见类型或成员“DataKey.Armor”的 XML 注释 [E:\Godot\Games\MyGames\复刻土豆兄弟\brotato-my\Brotato_my.csproj]
E:\Godot\Games\MyGames\复刻土豆兄弟\brotato-my\Data\DataKey\Attribute\DataKey_Attribute.cs(339,37): warning CS1591: 缺少对公共可见类型或成员“DataKey.InvincibilityTime”的 XML 注释 [E:\Godot\Games\MyGames\复刻土豆兄弟\brotato-my\Brotato_my.csproj]
E:\Godot\Games\MyGames\复刻土豆兄弟\brotato-my\Data\DataKey\Attribute\DataKey_Attribute.cs(347,37): warning CS1591: 缺少对公共可见类型或成员“DataKey.MoveSpeed”的 XML 注释 [E:\Godot\Games\MyGames\复刻土豆兄弟\brotato-my\Brotato_my.csproj]
E:\Godot\Games\MyGames\复刻土豆兄弟\brotato-my\Data\DataKey\Attribute\DataKey_Attribute.cs(351,37): warning CS1591: 缺少对公共可见类型或成员“DataKey.MoveSpeedBonus”的 XML 注释 [E:\Godot\Games\MyGames\复刻土豆兄弟\brotato-my\Brotato_my.csproj]
E:\Godot\Games\MyGames\复刻土豆兄弟\brotato-my\Data\DataKey\Attribute\DataKey_Attribute.cs(355,37): warning CS1591: 缺少对公共可见类型或成员“DataKey.FinalMoveSpeed”的 XML 注释 [E:\Godot\Games\MyGames\复刻土豆兄弟\brotato-my\Brotato_my.csproj]
E:\Godot\Games\MyGames\复刻土豆兄弟\brotato-my\Data\DataKey\Attribute\DataKey_Attribute.cs(378,37): warning CS1591: 缺少对公共可见类型或成员“DataKey.DodgeChance”的 XML 注释 [E:\Godot\Games\MyGames\复刻土豆兄弟\brotato-my\Brotato_my.csproj]
E:\Godot\Games\MyGames\复刻土豆兄弟\brotato-my\Data\DataKey\Attribute\DataKey_Attribute.cs(385,37): warning CS1591: 缺少对公共可见类型或成员“DataKey.CritRate”的 XML 注释 [E:\Godot\Games\MyGames\复刻土豆兄弟\brotato-my\Brotato_my.csproj]
E:\Godot\Games\MyGames\复刻土豆兄弟\brotato-my\Data\DataKey\Attribute\DataKey_Attribute.cs(389,37): warning CS1591: 缺少对公共可见类型或成员“DataKey.CritDamage”的 XML 注释 [E:\Godot\Games\MyGames\复刻土豆兄弟\brotato-my\Brotato_my.csproj]
E:\Godot\Games\MyGames\复刻土豆兄弟\brotato-my\Data\DataKey\Attribute\DataKey_Attribute.cs(396,37): warning CS1591: 缺少对公共可见类型或成员“DataKey.PickupRange”的 XML 注释 [E:\Godot\Games\MyGames\复刻土豆兄弟\brotato-my\Brotato_my.csproj]
E:\Godot\Games\MyGames\复刻土豆兄弟\brotato-my\Data\DataKey\Attribute\DataKey_Attribute.cs(400,37): warning CS1591: 缺少对公共可见类型或成员“DataKey.ExpGain”的 XML 注释 [E:\Godot\Games\MyGames\复刻土豆兄弟\brotato-my\Brotato_my.csproj]
E:\Godot\Games\MyGames\复刻土豆兄弟\brotato-my\Data\DataKey\Attribute\DataKey_Attribute.cs(404,37): warning CS1591: 缺少对公共可见类型或成员“DataKey.LuckBonus”的 XML 注释 [E:\Godot\Games\MyGames\复刻土豆兄弟\brotato-my\Brotato_my.csproj]
E:\Godot\Games\MyGames\复刻土豆兄弟\brotato-my\Data\DataKey\Attribute\DataKey_Attribute.cs(408,37): warning CS1591: 缺少对公共可见类型或成员“DataKey.MagnetSpeed”的 XML 注释 [E:\Godot\Games\MyGames\复刻土豆兄弟\brotato-my\Brotato_my.csproj]
E:\Godot\Games\MyGames\复刻土豆兄弟\brotato-my\Data\DataKey\Attribute\DataKey_Attribute.cs(412,37): warning CS1591: 缺少对公共可见类型或成员“DataKey.MagnetEnabled”的 XML 注释 [E:\Godot\Games\MyGames\复刻土豆兄弟\brotato-my\Brotato_my.csproj]
E:\Godot\Games\MyGames\复刻土豆兄弟\brotato-my\Data\DataKey\Attribute\DataKey_Attribute.cs(419,37): warning CS1591: 缺少对公共可见类型或成员“DataKey.EffectiveHp”的 XML 注释 [E:\Godot\Games\MyGames\复刻土豆兄弟\brotato-my\Brotato_my.csproj]
E:\Godot\Games\MyGames\复刻土豆兄弟\brotato-my\Data\DataKey\Attribute\DataKey_Attribute.cs(439,37): warning CS1591: 缺少对公共可见类型或成员“DataKey.DPS”的 XML 注释 [E:\Godot\Games\MyGames\复刻土豆兄弟\brotato-my\Brotato_my.csproj]
E:\Godot\Games\MyGames\复刻土豆兄弟\brotato-my\Data\DataKey\Base\DataKey_Base.cs(15,37): warning CS1591: 缺少对公共可见类型或成员“DataKey.Name”的 XML 注释 [E:\Godot\Games\MyGames\复刻土豆兄弟\brotato-my\Brotato_my.csproj]
E:\Godot\Games\MyGames\复刻土豆兄弟\brotato-my\Data\DataKey\Base\DataKey_Base.cs(19,37): warning CS1591: 缺少对公共可见类型或成员“DataKey.Description”的 XML 注释 [E:\Godot\Games\MyGames\复刻土豆兄弟\brotato-my\Brotato_my.csproj]
E:\Godot\Games\MyGames\复刻土豆兄弟\brotato-my\Data\DataKey\Base\DataKey_Base.cs(23,37): warning CS1591: 缺少对公共可见类型或成员“DataKey.Id”的 XML 注释 [E:\Godot\Games\MyGames\复刻土豆兄弟\brotato-my\Brotato_my.csproj]
E:\Godot\Games\MyGames\复刻土豆兄弟\brotato-my\Data\DataKey\Base\DataKey_Base.cs(27,37): warning CS1591: 缺少对公共可见类型或成员“DataKey.Team”的 XML 注释 [E:\Godot\Games\MyGames\复刻土豆兄弟\brotato-my\Brotato_my.csproj]
E:\Godot\Games\MyGames\复刻土豆兄弟\brotato-my\Data\DataKey\Base\DataKey_Base.cs(31,37): warning CS1591: 缺少对公共可见类型或成员“DataKey.EntityType”的 XML 注释 [E:\Godot\Games\MyGames\复刻土豆兄弟\brotato-my\Brotato_my.csproj]
E:\Godot\Games\MyGames\复刻土豆兄弟\brotato-my\Data\DataKey\Feature\DataKey_Feature.cs(9,37): warning CS1591: 缺少对公共可见类型或成员“DataKey.FeatureCategory”的 XML 注释 [E:\Godot\Games\MyGames\复刻土豆兄弟\brotato-my\Brotato_my.csproj]
E:\Godot\Games\MyGames\复刻土豆兄弟\brotato-my\Data\DataKey\Feature\DataKey_Feature.cs(13,37): warning CS1591: 缺少对公共可见类型或成员“DataKey.FeatureHandlerId”的 XML 注释 [E:\Godot\Games\MyGames\复刻土豆兄弟\brotato-my\Brotato_my.csproj]
E:\Godot\Games\MyGames\复刻土豆兄弟\brotato-my\Data\DataKey\Feature\DataKey_Feature.cs(24,37): warning CS1591: 缺少对公共可见类型或成员“DataKey.FeatureEnabled”的 XML 注释 [E:\Godot\Games\MyGames\复刻土豆兄弟\brotato-my\Brotato_my.csproj]
E:\Godot\Games\MyGames\复刻土豆兄弟\brotato-my\Data\DataKey\Feature\DataKey_Feature.cs(28,37): warning CS1591: 缺少对公共可见类型或成员“DataKey.FeatureIsActive”的 XML 注释 [E:\Godot\Games\MyGames\复刻土豆兄弟\brotato-my\Brotato_my.csproj]
E:\Godot\Games\MyGames\复刻土豆兄弟\brotato-my\Data\DataKey\Feature\DataKey_Feature.cs(32,37): warning CS1591: 缺少对公共可见类型或成员“DataKey.FeatureActivationCount”的 XML 注释 [E:\Godot\Games\MyGames\复刻土豆兄弟\brotato-my\Brotato_my.csproj]
E:\Godot\Games\MyGames\复刻土豆兄弟\brotato-my\Data\DataKey\Unit\DataKey_Unit.cs(8,37): warning CS1591: 缺少对公共可见类型或成员“DataKey.Level”的 XML 注释 [E:\Godot\Games\MyGames\复刻土豆兄弟\brotato-my\Brotato_my.csproj]
E:\Godot\Games\MyGames\复刻土豆兄弟\brotato-my\Data\DataKey\Unit\DataKey_Unit.cs(12,25): warning CS1591: 缺少对公共可见类型或成员“DataKey.VisualScenePath”的 XML 注释 [E:\Godot\Games\MyGames\复刻土豆兄弟\brotato-my\Brotato_my.csproj]
E:\Godot\Games\MyGames\复刻土豆兄弟\brotato-my\Data\DataKey\Unit\DataKey_Unit.cs(15,37): warning CS1591: 缺少对公共可见类型或成员“DataKey.UnitRank”的 XML 注释 [E:\Godot\Games\MyGames\复刻土豆兄弟\brotato-my\Brotato_my.csproj]
E:\Godot\Games\MyGames\复刻土豆兄弟\brotato-my\Data\DataKey\Unit\DataKey_Unit.cs(19,37): warning CS1591: 缺少对公共可见类型或成员“DataKey.IsShowHealthBar”的 XML 注释 [E:\Godot\Games\MyGames\复刻土豆兄弟\brotato-my\Brotato_my.csproj]
E:\Godot\Games\MyGames\复刻土豆兄弟\brotato-my\Data\DataKey\Unit\DataKey_Unit.cs(24,37): warning CS1591: 缺少对公共可见类型或成员“DataKey.IsDisableHealthRecovery”的 XML 注释 [E:\Godot\Games\MyGames\复刻土豆兄弟\brotato-my\Brotato_my.csproj]
E:\Godot\Games\MyGames\复刻土豆兄弟\brotato-my\Data\DataKey\Unit\DataKey_Unit.cs(28,37): warning CS1591: 缺少对公共可见类型或成员“DataKey.IsDisableManaRecovery”的 XML 注释 [E:\Godot\Games\MyGames\复刻土豆兄弟\brotato-my\Brotato_my.csproj]
E:\Godot\Games\MyGames\复刻土豆兄弟\brotato-my\Data\DataKey\Unit\DataKey_Unit.cs(33,37): warning CS1591: 缺少对公共可见类型或成员“DataKey.IsEnableSpawnRule”的 XML 注释 [E:\Godot\Games\MyGames\复刻土豆兄弟\brotato-my\Brotato_my.csproj]
E:\Godot\Games\MyGames\复刻土豆兄弟\brotato-my\Data\DataKey\Unit\DataKey_Unit.cs(37,37): warning CS1591: 缺少对公共可见类型或成员“DataKey.SpawnStrategy”的 XML 注释 [E:\Godot\Games\MyGames\复刻土豆兄弟\brotato-my\Brotato_my.csproj]
E:\Godot\Games\MyGames\复刻土豆兄弟\brotato-my\Data\DataKey\Unit\DataKey_Unit.cs(41,37): warning CS1591: 缺少对公共可见类型或成员“DataKey.SpawnMinWave”的 XML 注释 [E:\Godot\Games\MyGames\复刻土豆兄弟\brotato-my\Brotato_my.csproj]
E:\Godot\Games\MyGames\复刻土豆兄弟\brotato-my\Data\DataKey\Unit\DataKey_Unit.cs(45,37): warning CS1591: 缺少对公共可见类型或成员“DataKey.SpawnMaxWave”的 XML 注释 [E:\Godot\Games\MyGames\复刻土豆兄弟\brotato-my\Brotato_my.csproj]
E:\Godot\Games\MyGames\复刻土豆兄弟\brotato-my\Data\DataKey\Unit\DataKey_Unit.cs(49,37): warning CS1591: 缺少对公共可见类型或成员“DataKey.SpawnInterval”的 XML 注释 [E:\Godot\Games\MyGames\复刻土豆兄弟\brotato-my\Brotato_my.csproj]
E:\Godot\Games\MyGames\复刻土豆兄弟\brotato-my\Data\DataKey\Unit\DataKey_Unit.cs(53,37): warning CS1591: 缺少对公共可见类型或成员“DataKey.SpawnMaxCountPerWave”的 XML 注释 [E:\Godot\Games\MyGames\复刻土豆兄弟\brotato-my\Brotato_my.csproj]
E:\Godot\Games\MyGames\复刻土豆兄弟\brotato-my\Data\DataKey\Unit\DataKey_Unit.cs(57,37): warning CS1591: 缺少对公共可见类型或成员“DataKey.SingleSpawnCount”的 XML 注释 [E:\Godot\Games\MyGames\复刻土豆兄弟\brotato-my\Brotato_my.csproj]
E:\Godot\Games\MyGames\复刻土豆兄弟\brotato-my\Data\DataKey\Unit\DataKey_Unit.cs(61,37): warning CS1591: 缺少对公共可见类型或成员“DataKey.SingleSpawnVariance”的 XML 注释 [E:\Godot\Games\MyGames\复刻土豆兄弟\brotato-my\Brotato_my.csproj]
E:\Godot\Games\MyGames\复刻土豆兄弟\brotato-my\Data\DataKey\Unit\DataKey_Unit.cs(65,37): warning CS1591: 缺少对公共可见类型或成员“DataKey.SpawnStartDelay”的 XML 注释 [E:\Godot\Games\MyGames\复刻土豆兄弟\brotato-my\Brotato_my.csproj]
E:\Godot\Games\MyGames\复刻土豆兄弟\brotato-my\Data\DataKey\Unit\DataKey_Unit.cs(69,37): warning CS1591: 缺少对公共可见类型或成员“DataKey.SpawnWeight”的 XML 注释 [E:\Godot\Games\MyGames\复刻土豆兄弟\brotato-my\Brotato_my.csproj]
E:\Godot\Games\MyGames\复刻土豆兄弟\brotato-my\Data\DataKey\Unit\DataKey_Unit.cs(73,37): warning CS1591: 缺少对公共可见类型或成员“DataKey.HealthBarHeight”的 XML 注释 [E:\Godot\Games\MyGames\复刻土豆兄弟\brotato-my\Brotato_my.csproj]
E:\Godot\Games\MyGames\复刻土豆兄弟\brotato-my\Data\DataKey\Unit\DataKey_Unit.cs(78,37): warning CS1591: 缺少对公共可见类型或成员“DataKey.ExpReward”的 XML 注释 [E:\Godot\Games\MyGames\复刻土豆兄弟\brotato-my\Brotato_my.csproj]
E:\Godot\Games\MyGames\复刻土豆兄弟\brotato-my\Data\DataKey\Unit\DataKey_Unit.cs(83,37): warning CS1591: 缺少对公共可见类型或成员“DataKey.IsDead”的 XML 注释 [E:\Godot\Games\MyGames\复刻土豆兄弟\brotato-my\Brotato_my.csproj]
E:\Godot\Games\MyGames\复刻土豆兄弟\brotato-my\Data\DataKey\Unit\DataKey_Unit.cs(87,37): warning CS1591: 缺少对公共可见类型或成员“DataKey.IsInvulnerable”的 XML 注释 [E:\Godot\Games\MyGames\复刻土豆兄弟\brotato-my\Brotato_my.csproj]
E:\Godot\Games\MyGames\复刻土豆兄弟\brotato-my\Data\DataKey\Unit\DataKey_Unit.cs(91,37): warning CS1591: 缺少对公共可见类型或成员“DataKey.IsImmune”的 XML 注释 [E:\Godot\Games\MyGames\复刻土豆兄弟\brotato-my\Brotato_my.csproj]
E:\Godot\Games\MyGames\复刻土豆兄弟\brotato-my\Data\DataKey\Unit\DataKey_Unit.cs(95,37): warning CS1591: 缺少对公共可见类型或成员“DataKey.IsStunned”的 XML 注释 [E:\Godot\Games\MyGames\复刻土豆兄弟\brotato-my\Brotato_my.csproj]
E:\Godot\Games\MyGames\复刻土豆兄弟\brotato-my\Data\DataKey\Unit\DataKey_Unit.cs(99,37): warning CS1591: 缺少对公共可见类型或成员“DataKey.IsInvisible”的 XML 注释 [E:\Godot\Games\MyGames\复刻土豆兄弟\brotato-my\Brotato_my.csproj]
E:\Godot\Games\MyGames\复刻土豆兄弟\brotato-my\Data\DataKey\Unit\DataKey_Unit.cs(103,37): warning CS1591: 缺少对公共可见类型或成员“DataKey.AttackState”的 XML 注释 [E:\Godot\Games\MyGames\复刻土豆兄弟\brotato-my\Brotato_my.csproj]
E:\Godot\Games\MyGames\复刻土豆兄弟\brotato-my\Data\DataKey\Unit\DataKey_Unit.cs(108,37): warning CS1591: 缺少对公共可见类型或成员“DataKey.LifecycleState”的 XML 注释 [E:\Godot\Games\MyGames\复刻土豆兄弟\brotato-my\Brotato_my.csproj]
E:\Godot\Games\MyGames\复刻土豆兄弟\brotato-my\Data\DataKey\Unit\DataKey_Unit.cs(112,37): warning CS1591: 缺少对公共可见类型或成员“DataKey.DeathType”的 XML 注释 [E:\Godot\Games\MyGames\复刻土豆兄弟\brotato-my\Brotato_my.csproj]
E:\Godot\Games\MyGames\复刻土豆兄弟\brotato-my\Data\DataKey\Unit\DataKey_Unit.cs(116,37): warning CS1591: 缺少对公共可见类型或成员“DataKey.CanRevive”的 XML 注释 [E:\Godot\Games\MyGames\复刻土豆兄弟\brotato-my\Brotato_my.csproj]
E:\Godot\Games\MyGames\复刻土豆兄弟\brotato-my\Data\DataKey\Unit\DataKey_Unit.cs(120,37): warning CS1591: 缺少对公共可见类型或成员“DataKey.DeathCount”的 XML 注释 [E:\Godot\Games\MyGames\复刻土豆兄弟\brotato-my\Brotato_my.csproj]
E:\Godot\Games\MyGames\复刻土豆兄弟\brotato-my\Data\DataKey\Unit\DataKey_Unit.cs(124,37): warning CS1591: 缺少对公共可见类型或成员“DataKey.MaxLifeTime”的 XML 注释 [E:\Godot\Games\MyGames\复刻土豆兄弟\brotato-my\Brotato_my.csproj]
E:\Godot\Games\MyGames\复刻土豆兄弟\brotato-my\Data\DataKey\Unit\DataKey_Unit.cs(129,37): warning CS1591: 缺少对公共可见类型或成员“DataKey.FollowSpeed”的 XML 注释 [E:\Godot\Games\MyGames\复刻土豆兄弟\brotato-my\Brotato_my.csproj]
E:\Godot\Games\MyGames\复刻土豆兄弟\brotato-my\Data\DataKey\Unit\DataKey_Unit.cs(133,37): warning CS1591: 缺少对公共可见类型或成员“DataKey.StopDistance”的 XML 注释 [E:\Godot\Games\MyGames\复刻土豆兄弟\brotato-my\Brotato_my.csproj]
E:\Godot\Games\MyGames\复刻土豆兄弟\brotato-my\Data\DataKey\Unit\DataKey_Unit.cs(138,37): warning CS1591: 缺少对公共可见类型或成员“DataKey.InvincibilityTimer”的 XML 注释 [E:\Godot\Games\MyGames\复刻土豆兄弟\brotato-my\Brotato_my.csproj]
E:\Godot\Games\MyGames\复刻土豆兄弟\brotato-my\Data\DataKey\Unit\DataKey_Unit.cs(142,25): warning CS1591: 缺少对公共可见类型或成员“DataKey.TotalDamageTaken”的 XML 注释 [E:\Godot\Games\MyGames\复刻土豆兄弟\brotato-my\Brotato_my.csproj]
E:\Godot\Games\MyGames\复刻土豆兄弟\brotato-my\Data\DataKey\Unit\DataKey_Unit.cs(143,25): warning CS1591: 缺少对公共可见类型或成员“DataKey.WaveDamageTaken”的 XML 注释 [E:\Godot\Games\MyGames\复刻土豆兄弟\brotato-my\Brotato_my.csproj]
E:\Godot\Games\MyGames\复刻土豆兄弟\brotato-my\Data\DataKey\Unit\DataKey_Unit.cs(144,25): warning CS1591: 缺少对公共可见类型或成员“DataKey.TotalDamageDealt”的 XML 注释 [E:\Godot\Games\MyGames\复刻土豆兄弟\brotato-my\Brotato_my.csproj]
E:\Godot\Games\MyGames\复刻土豆兄弟\brotato-my\Data\DataKey\Unit\DataKey_Unit.cs(145,25): warning CS1591: 缺少对公共可见类型或成员“DataKey.WaveDamageDealt”的 XML 注释 [E:\Godot\Games\MyGames\复刻土豆兄弟\brotato-my\Brotato_my.csproj]
E:\Godot\Games\MyGames\复刻土豆兄弟\brotato-my\Data\DataKey\Unit\DataKey_Unit.cs(146,25): warning CS1591: 缺少对公共可见类型或成员“DataKey.HighestSingleDamage”的 XML 注释 [E:\Godot\Games\MyGames\复刻土豆兄弟\brotato-my\Brotato_my.csproj]
E:\Godot\Games\MyGames\复刻土豆兄弟\brotato-my\Data\DataKey\Unit\DataKey_Unit.cs(147,25): warning CS1591: 缺少对公共可见类型或成员“DataKey.TotalKills”的 XML 注释 [E:\Godot\Games\MyGames\复刻土豆兄弟\brotato-my\Brotato_my.csproj]
E:\Godot\Games\MyGames\复刻土豆兄弟\brotato-my\Data\DataKey\Unit\DataKey_Unit.cs(148,25): warning CS1591: 缺少对公共可见类型或成员“DataKey.WaveKills”的 XML 注释 [E:\Godot\Games\MyGames\复刻土豆兄弟\brotato-my\Brotato_my.csproj]
E:\Godot\Games\MyGames\复刻土豆兄弟\brotato-my\Data\DataKey\Unit\DataKey_Unit.cs(149,25): warning CS1591: 缺少对公共可见类型或成员“DataKey.TotalHits”的 XML 注释 [E:\Godot\Games\MyGames\复刻土豆兄弟\brotato-my\Brotato_my.csproj]
E:\Godot\Games\MyGames\复刻土豆兄弟\brotato-my\Data\DataKey\Unit\DataKey_Unit.cs(150,25): warning CS1591: 缺少对公共可见类型或成员“DataKey.WaveHits”的 XML 注释 [E:\Godot\Games\MyGames\复刻土豆兄弟\brotato-my\Brotato_my.csproj]
E:\Godot\Games\MyGames\复刻土豆兄弟\brotato-my\Data\DataKey\Unit\DataKey_Unit.cs(151,25): warning CS1591: 缺少对公共可见类型或成员“DataKey.TotalCriticalHits”的 XML 注释 [E:\Godot\Games\MyGames\复刻土豆兄弟\brotato-my\Brotato_my.csproj]
E:\Godot\Games\MyGames\复刻土豆兄弟\brotato-my\Data\DataKey\Unit\DataKey_Unit.cs(152,25): warning CS1591: 缺少对公共可见类型或成员“DataKey.WaveCriticalHits”的 XML 注释 [E:\Godot\Games\MyGames\复刻土豆兄弟\brotato-my\Brotato_my.csproj]
E:\Godot\Games\MyGames\复刻土豆兄弟\brotato-my\Data\DataKey\Unit\DataKey_Unit.cs(155,25): warning CS1591: 缺少对公共可见类型或成员“DataKey.IsRecoverySystemRegistered”的 XML 注释 [E:\Godot\Games\MyGames\复刻土豆兄弟\brotato-my\Brotato_my.csproj]
E:\Godot\Games\MyGames\复刻土豆兄弟\brotato-my\Data\DataKey\Unit\DataKey_Unit.cs(156,25): warning CS1591: 缺少对公共可见类型或成员“DataKey.AvailableAnimations”的 XML 注释 [E:\Godot\Games\MyGames\复刻土豆兄弟\brotato-my\Brotato_my.csproj]
E:\Godot\Games\MyGames\复刻土豆兄弟\brotato-my\Data\Data\Ability\Ability\ChainLightning\Data\DataKey_Chain.cs(9,37): warning CS1591: 缺少对公共可见类型或成员“DataKey.AbilityChainCount”的 XML 注释 [E:\Godot\Games\MyGames\复刻土豆兄弟\brotato-my\Brotato_my.csproj]
E:\Godot\Games\MyGames\复刻土豆兄弟\brotato-my\Data\Data\Ability\Ability\ChainLightning\Data\DataKey_Chain.cs(13,37): warning CS1591: 缺少对公共可见类型或成员“DataKey.AbilityChainRange”的 XML 注释 [E:\Godot\Games\MyGames\复刻土豆兄弟\brotato-my\Brotato_my.csproj]
E:\Godot\Games\MyGames\复刻土豆兄弟\brotato-my\Data\Data\Ability\Ability\ChainLightning\Data\DataKey_Chain.cs(17,37): warning CS1591: 缺少对公共可见类型或成员“DataKey.AbilityChainDelay”的 XML 注释 [E:\Godot\Games\MyGames\复刻土豆兄弟\brotato-my\Brotato_my.csproj]
E:\Godot\Games\MyGames\复刻土豆兄弟\brotato-my\Data\Data\Ability\Ability\ChainLightning\Data\DataKey_Chain.cs(21,37): warning CS1591: 缺少对公共可见类型或成员“DataKey.AbilityChainDamageDecay”的 XML 注释 [E:\Godot\Games\MyGames\复刻土豆兄弟\brotato-my\Brotato_my.csproj]
E:\Godot\Games\MyGames\复刻土豆兄弟\brotato-my\Data\Data\Ability\Ability\ChainLightning\Data\DataKey_Chain.cs(25,25): warning CS1591: 缺少对公共可见类型或成员“DataKey.AbilityChainLineEffect”的 XML 注释 [E:\Godot\Games\MyGames\复刻土豆兄弟\brotato-my\Brotato_my.csproj]
E:\Godot\Games\MyGames\复刻土豆兄弟\brotato-my\Data\DataKey\Base\BaseEnums.cs(51,5): warning CS1591: 缺少对公共可见类型或成员“UnitRank.Normal”的 XML 注释 [E:\Godot\Games\MyGames\复刻土豆兄弟\brotato-my\Brotato_my.csproj]
E:\Godot\Games\MyGames\复刻土豆兄弟\brotato-my\Data\DataKey\Base\BaseEnums.cs(52,5): warning CS1591: 缺少对公共可见类型或成员“UnitRank.Elite”的 XML 注释 [E:\Godot\Games\MyGames\复刻土豆兄弟\brotato-my\Brotato_my.csproj]
E:\Godot\Games\MyGames\复刻土豆兄弟\brotato-my\Data\DataKey\Base\BaseEnums.cs(53,5): warning CS1591: 缺少对公共可见类型或成员“UnitRank.Boss”的 XML 注释 [E:\Godot\Games\MyGames\复刻土豆兄弟\brotato-my\Brotato_my.csproj]
E:\Godot\Games\MyGames\复刻土豆兄弟\brotato-my\Data\DataKey\Base\BaseEnums.cs(54,5): warning CS1591: 缺少对公共可见类型或成员“UnitRank.Summon”的 XML 注释 [E:\Godot\Games\MyGames\复刻土豆兄弟\brotato-my\Brotato_my.csproj]
E:\Godot\Games\MyGames\复刻土豆兄弟\brotato-my\Data\DataKey\Feature\FeatureId\FeatureId_Ability.cs(14,25): warning CS1591: 缺少对公共可见类型或成员“FeatureId.Ability”的 XML 注释 [E:\Godot\Games\MyGames\复刻土豆兄弟\brotato-my\Brotato_my.csproj]
E:\Godot\Games\MyGames\复刻土豆兄弟\brotato-my\Data\DataKey\Feature\FeatureId\FeatureId_Ability.cs(18,29): warning CS1591: 缺少对公共可见类型或成员“FeatureId.Ability.Groups”的 XML 注释 [E:\Godot\Games\MyGames\复刻土豆兄弟\brotato-my\Brotato_my.csproj]
E:\Godot\Games\MyGames\复刻土豆兄弟\brotato-my\Data\DataKey\Feature\FeatureId\FeatureId_Ability.cs(20,33): warning CS1591: 缺少对公共可见类型或成员“FeatureId.Ability.Groups.Root”的 XML 注释 [E:\Godot\Games\MyGames\复刻土豆兄弟\brotato-my\Brotato_my.csproj]
E:\Godot\Games\MyGames\复刻土豆兄弟\brotato-my\Data\DataKey\Feature\FeatureId\FeatureId_Ability.cs(21,33): warning CS1591: 缺少对公共可见类型或成员“FeatureId.Ability.Groups.Active”的 XML 注释 [E:\Godot\Games\MyGames\复刻土豆兄弟\brotato-my\Brotato_my.csproj]
E:\Godot\Games\MyGames\复刻土豆兄弟\brotato-my\Data\DataKey\Feature\FeatureId\FeatureId_Ability.cs(22,33): warning CS1591: 缺少对公共可见类型或成员“FeatureId.Ability.Groups.Movement”的 XML 注释 [E:\Godot\Games\MyGames\复刻土豆兄弟\brotato-my\Brotato_my.csproj]
E:\Godot\Games\MyGames\复刻土豆兄弟\brotato-my\Data\DataKey\Feature\FeatureId\FeatureId_Ability.cs(23,33): warning CS1591: 缺少对公共可见类型或成员“FeatureId.Ability.Groups.Passive”的 XML 注释 [E:\Godot\Games\MyGames\复刻土豆兄弟\brotato-my\Brotato_my.csproj]
E:\Godot\Games\MyGames\复刻土豆兄弟\brotato-my\Data\DataKey\Feature\FeatureId\FeatureId_Ability.cs(24,33): warning CS1591: 缺少对公共可见类型或成员“FeatureId.Ability.Groups.Projectile”的 XML 注释 [E:\Godot\Games\MyGames\复刻土豆兄弟\brotato-my\Brotato_my.csproj]
E:\Godot\Games\MyGames\复刻土豆兄弟\brotato-my\Data\DataKey\Feature\FeatureId\FeatureId_Ability.cs(29,29): warning CS1591: 缺少对公共可见类型或成员“FeatureId.Ability.Active”的 XML 注释 [E:\Godot\Games\MyGames\复刻土豆兄弟\brotato-my\Brotato_my.csproj]
E:\Godot\Games\MyGames\复刻土豆兄弟\brotato-my\Data\DataKey\Feature\FeatureId\FeatureId_Ability.cs(31,33): warning CS1591: 缺少对公共可见类型或成员“FeatureId.Ability.Active.Slam”的 XML 注释 [E:\Godot\Games\MyGames\复刻土豆兄弟\brotato-my\Brotato_my.csproj]
E:\Godot\Games\MyGames\复刻土豆兄弟\brotato-my\Data\DataKey\Feature\FeatureId\FeatureId_Ability.cs(32,33): warning CS1591: 缺少对公共可见类型或成员“FeatureId.Ability.Active.ChainLightning”的 XML 注释 [E:\Godot\Games\MyGames\复刻土豆兄弟\brotato-my\Brotato_my.csproj]
E:\Godot\Games\MyGames\复刻土豆兄弟\brotato-my\Data\DataKey\Feature\FeatureId\FeatureId_Ability.cs(33,33): warning CS1591: 缺少对公共可见类型或成员“FeatureId.Ability.Active.CircleDamage”的 XML 注释 [E:\Godot\Games\MyGames\复刻土豆兄弟\brotato-my\Brotato_my.csproj]
E:\Godot\Games\MyGames\复刻土豆兄弟\brotato-my\Data\DataKey\Feature\FeatureId\FeatureId_Ability.cs(38,29): warning CS1591: 缺少对公共可见类型或成员“FeatureId.Ability.Movement”的 XML 注释 [E:\Godot\Games\MyGames\复刻土豆兄弟\brotato-my\Brotato_my.csproj]
E:\Godot\Games\MyGames\复刻土豆兄弟\brotato-my\Data\DataKey\Feature\FeatureId\FeatureId_Ability.cs(40,33): warning CS1591: 缺少对公共可见类型或成员“FeatureId.Ability.Movement.Dash”的 XML 注释 [E:\Godot\Games\MyGames\复刻土豆兄弟\brotato-my\Brotato_my.csproj]
E:\Godot\Games\MyGames\复刻土豆兄弟\brotato-my\Data\DataKey\Feature\FeatureId\FeatureId_Ability.cs(45,29): warning CS1591: 缺少对公共可见类型或成员“FeatureId.Ability.Passive”的 XML 注释 [E:\Godot\Games\MyGames\复刻土豆兄弟\brotato-my\Brotato_my.csproj]
E:\Godot\Games\MyGames\复刻土豆兄弟\brotato-my\Data\DataKey\Feature\FeatureId\FeatureId_Ability.cs(47,33): warning CS1591: 缺少对公共可见类型或成员“FeatureId.Ability.Passive.AuraShield”的 XML 注释 [E:\Godot\Games\MyGames\复刻土豆兄弟\brotato-my\Brotato_my.csproj]
E:\Godot\Games\MyGames\复刻土豆兄弟\brotato-my\Data\DataKey\Feature\FeatureId\FeatureId_Ability.cs(48,33): warning CS1591: 缺少对公共可见类型或成员“FeatureId.Ability.Passive.OrbitSkill”的 XML 注释 [E:\Godot\Games\MyGames\复刻土豆兄弟\brotato-my\Brotato_my.csproj]
E:\Godot\Games\MyGames\复刻土豆兄弟\brotato-my\Data\DataKey\Feature\FeatureId\FeatureId_Ability.cs(53,29): warning CS1591: 缺少对公共可见类型或成员“FeatureId.Ability.Projectile”的 XML 注释 [E:\Godot\Games\MyGames\复刻土豆兄弟\brotato-my\Brotato_my.csproj]
E:\Godot\Games\MyGames\复刻土豆兄弟\brotato-my\Data\DataKey\Feature\FeatureId\FeatureId_Ability.cs(55,33): warning CS1591: 缺少对公共可见类型或成员“FeatureId.Ability.Projectile.ParabolaShot”的 XML 注释 [E:\Godot\Games\MyGames\复刻土豆兄弟\brotato-my\Brotato_my.csproj]
E:\Godot\Games\MyGames\复刻土豆兄弟\brotato-my\Data\DataKey\Feature\FeatureId\FeatureId_Ability.cs(56,33): warning CS1591: 缺少对公共可见类型或成员“FeatureId.Ability.Projectile.SineWaveShot”的 XML 注释 [E:\Godot\Games\MyGames\复刻土豆兄弟\brotato-my\Brotato_my.csproj]
E:\Godot\Games\MyGames\复刻土豆兄弟\brotato-my\Data\DataKey\Feature\FeatureId\FeatureId_Ability.cs(57,33): warning CS1591: 缺少对公共可见类型或成员“FeatureId.Ability.Projectile.ArcShot”的 XML 注释 [E:\Godot\Games\MyGames\复刻土豆兄弟\brotato-my\Brotato_my.csproj]
E:\Godot\Games\MyGames\复刻土豆兄弟\brotato-my\Data\DataKey\Feature\FeatureId\FeatureId_Ability.cs(58,33): warning CS1591: 缺少对公共可见类型或成员“FeatureId.Ability.Projectile.BezierShot”的 XML 注释 [E:\Godot\Games\MyGames\复刻土豆兄弟\brotato-my\Brotato_my.csproj]
E:\Godot\Games\MyGames\复刻土豆兄弟\brotato-my\Data\DataKey\Feature\FeatureId\FeatureId_Ability.cs(59,33): warning CS1591: 缺少对公共可见类型或成员“FeatureId.Ability.Projectile.BoomerangThrow”的 XML 注释 [E:\Godot\Games\MyGames\复刻土豆兄弟\brotato-my\Brotato_my.csproj]
E:\Godot\Games\MyGames\复刻土豆兄弟\brotato-my\Data\Data\Ability\Ability\ChainLightning\ChainLightning.cs(41,22): warning CS1572: XML 注释中有“context”的 param 标记，但是没有该名称的参数 [E:\Godot\Games\MyGames\复刻土豆兄弟\brotato-my\Brotato_my.csproj]
E:\Godot\Games\MyGames\复刻土豆兄弟\brotato-my\Data\EventType\Ability\Context_AbilityExecutedResult.cs(1,1): warning CS1587: XML 注释没有放在有效语言元素上 [E:\Godot\Games\MyGames\复刻土豆兄弟\brotato-my\Brotato_my.csproj]
E:\Godot\Games\MyGames\复刻土豆兄弟\brotato-my\Data\EventType\Ability\GameEventType_Ability.cs(6,33): warning CS1591: 缺少对公共可见类型或成员“GameEventType.Ability”的 XML 注释 [E:\Godot\Games\MyGames\复刻土豆兄弟\brotato-my\Brotato_my.csproj]
E:\Godot\Games\MyGames\复刻土豆兄弟\brotato-my\Data\EventType\Base\Collision\GameEventType_Collision.cs(9,25): warning CS1591: 缺少对公共可见类型或成员“GameEventType.Collision”的 XML 注释 [E:\Godot\Games\MyGames\复刻土豆兄弟\brotato-my\Brotato_my.csproj]
E:\Godot\Games\MyGames\复刻土豆兄弟\brotato-my\Data\EventType\Data\GameEventType_Data.cs(6,25): warning CS1591: 缺少对公共可见类型或成员“GameEventType.Data”的 XML 注释 [E:\Godot\Games\MyGames\复刻土豆兄弟\brotato-my\Brotato_my.csproj]
E:\Godot\Games\MyGames\复刻土豆兄弟\brotato-my\Data\EventType\Feature\GameEventType_Feature.cs(9,25): warning CS1591: 缺少对公共可见类型或成员“GameEventType.Feature”的 XML 注释 [E:\Godot\Games\MyGames\复刻土豆兄弟\brotato-my\Brotato_my.csproj]
E:\Godot\Games\MyGames\复刻土豆兄弟\brotato-my\Data\EventType\Feature\GameEventType_Feature.cs(17,39): warning CS1591: 缺少对公共可见类型或成员“GameEventType.Feature.GrantedEventData”的 XML 注释 [E:\Godot\Games\MyGames\复刻土豆兄弟\brotato-my\Brotato_my.csproj]
E:\Godot\Games\MyGames\复刻土豆兄弟\brotato-my\Data\EventType\Feature\GameEventType_Feature.cs(17,39): warning CS1591: 缺少对公共可见类型或成员“GameEventType.Feature.GrantedEventData.GrantedEventData(IEntity, IEntity)”的 XML 注释 [E:\Godot\Games\MyGames\复刻土豆兄弟\brotato-my\Brotato_my.csproj]
E:\Godot\Games\MyGames\复刻土豆兄弟\brotato-my\Data\EventType\Feature\GameEventType_Feature.cs(17,64): warning CS1591: 缺少对公共可见类型或成员“GameEventType.Feature.GrantedEventData.Feature”的 XML 注释 [E:\Godot\Games\MyGames\复刻土豆兄弟\brotato-my\Brotato_my.csproj]
E:\Godot\Games\MyGames\复刻土豆兄弟\brotato-my\Data\EventType\Feature\GameEventType_Feature.cs(17,81): warning CS1591: 缺少对公共可见类型或成员“GameEventType.Feature.GrantedEventData.Owner”的 XML 注释 [E:\Godot\Games\MyGames\复刻土豆兄弟\brotato-my\Brotato_my.csproj]
E:\Godot\Games\MyGames\复刻土豆兄弟\brotato-my\Data\EventType\Feature\GameEventType_Feature.cs(24,39): warning CS1591: 缺少对公共可见类型或成员“GameEventType.Feature.EnabledEventData”的 XML 注释 [E:\Godot\Games\MyGames\复刻土豆兄弟\brotato-my\Brotato_my.csproj]
E:\Godot\Games\MyGames\复刻土豆兄弟\brotato-my\Data\EventType\Feature\GameEventType_Feature.cs(24,39): warning CS1591: 缺少对公共可见类型或成员“GameEventType.Feature.EnabledEventData.EnabledEventData(IEntity, IEntity)”的 XML 注释 [E:\Godot\Games\MyGames\复刻土豆兄弟\brotato-my\Brotato_my.csproj]
E:\Godot\Games\MyGames\复刻土豆兄弟\brotato-my\Data\EventType\Feature\GameEventType_Feature.cs(24,64): warning CS1591: 缺少对公共可见类型或成员“GameEventType.Feature.EnabledEventData.Feature”的 XML 注释 [E:\Godot\Games\MyGames\复刻土豆兄弟\brotato-my\Brotato_my.csproj]
E:\Godot\Games\MyGames\复刻土豆兄弟\brotato-my\Data\EventType\Feature\GameEventType_Feature.cs(24,81): warning CS1591: 缺少对公共可见类型或成员“GameEventType.Feature.EnabledEventData.Owner”的 XML 注释 [E:\Godot\Games\MyGames\复刻土豆兄弟\brotato-my\Brotato_my.csproj]
E:\Godot\Games\MyGames\复刻土豆兄弟\brotato-my\Data\EventType\Feature\GameEventType_Feature.cs(31,39): warning CS1591: 缺少对公共可见类型或成员“GameEventType.Feature.DisabledEventData”的 XML 注释 [E:\Godot\Games\MyGames\复刻土豆兄弟\brotato-my\Brotato_my.csproj]
E:\Godot\Games\MyGames\复刻土豆兄弟\brotato-my\Data\EventType\Feature\GameEventType_Feature.cs(31,39): warning CS1591: 缺少对公共可见类型或成员“GameEventType.Feature.DisabledEventData.DisabledEventData(IEntity, IEntity)”的 XML 注释 [E:\Godot\Games\MyGames\复刻土豆兄弟\brotato-my\Brotato_my.csproj]
E:\Godot\Games\MyGames\复刻土豆兄弟\brotato-my\Data\EventType\Feature\GameEventType_Feature.cs(31,65): warning CS1591: 缺少对公共可见类型或成员“GameEventType.Feature.DisabledEventData.Feature”的 XML 注释 [E:\Godot\Games\MyGames\复刻土豆兄弟\brotato-my\Brotato_my.csproj]
E:\Godot\Games\MyGames\复刻土豆兄弟\brotato-my\Data\EventType\Feature\GameEventType_Feature.cs(31,82): warning CS1591: 缺少对公共可见类型或成员“GameEventType.Feature.DisabledEventData.Owner”的 XML 注释 [E:\Godot\Games\MyGames\复刻土豆兄弟\brotato-my\Brotato_my.csproj]
E:\Godot\Games\MyGames\复刻土豆兄弟\brotato-my\Data\EventType\Feature\GameEventType_Feature.cs(38,39): warning CS1591: 缺少对公共可见类型或成员“GameEventType.Feature.ActivatedEventData”的 XML 注释 [E:\Godot\Games\MyGames\复刻土豆兄弟\brotato-my\Brotato_my.csproj]
E:\Godot\Games\MyGames\复刻土豆兄弟\brotato-my\Data\EventType\Feature\GameEventType_Feature.cs(38,39): warning CS1591: 缺少对公共可见类型或成员“GameEventType.Feature.ActivatedEventData.ActivatedEventData(FeatureContext)”的 XML 注释 [E:\Godot\Games\MyGames\复刻土豆兄弟\brotato-my\Brotato_my.csproj]
E:\Godot\Games\MyGames\复刻土豆兄弟\brotato-my\Data\EventType\Feature\GameEventType_Feature.cs(38,73): warning CS1591: 缺少对公共可见类型或成员“GameEventType.Feature.ActivatedEventData.Context”的 XML 注释 [E:\Godot\Games\MyGames\复刻土豆兄弟\brotato-my\Brotato_my.csproj]
E:\Godot\Games\MyGames\复刻土豆兄弟\brotato-my\Data\EventType\Feature\GameEventType_Feature.cs(45,39): warning CS1591: 缺少对公共可见类型或成员“GameEventType.Feature.EndedEventData”的 XML 注释 [E:\Godot\Games\MyGames\复刻土豆兄弟\brotato-my\Brotato_my.csproj]
E:\Godot\Games\MyGames\复刻土豆兄弟\brotato-my\Data\EventType\Feature\GameEventType_Feature.cs(45,39): warning CS1591: 缺少对公共可见类型或成员“GameEventType.Feature.EndedEventData.EndedEventData(FeatureContext)”的 XML 注释 [E:\Godot\Games\MyGames\复刻土豆兄弟\brotato-my\Brotato_my.csproj]
E:\Godot\Games\MyGames\复刻土豆兄弟\brotato-my\Data\EventType\Feature\GameEventType_Feature.cs(45,69): warning CS1591: 缺少对公共可见类型或成员“GameEventType.Feature.EndedEventData.Context”的 XML 注释 [E:\Godot\Games\MyGames\复刻土豆兄弟\brotato-my\Brotato_my.csproj]
E:\Godot\Games\MyGames\复刻土豆兄弟\brotato-my\Data\EventType\Feature\GameEventType_Feature.cs(53,39): warning CS1591: 缺少对公共可见类型或成员“GameEventType.Feature.RemovedEventData”的 XML 注释 [E:\Godot\Games\MyGames\复刻土豆兄弟\brotato-my\Brotato_my.csproj]
E:\Godot\Games\MyGames\复刻土豆兄弟\brotato-my\Data\EventType\Feature\GameEventType_Feature.cs(53,39): warning CS1591: 缺少对公共可见类型或成员“GameEventType.Feature.RemovedEventData.RemovedEventData(string, IEntity)”的 XML 注释 [E:\Godot\Games\MyGames\复刻土豆兄弟\brotato-my\Brotato_my.csproj]
E:\Godot\Games\MyGames\复刻土豆兄弟\brotato-my\Data\EventType\Feature\GameEventType_Feature.cs(53,63): warning CS1591: 缺少对公共可见类型或成员“GameEventType.Feature.RemovedEventData.FeatureName”的 XML 注释 [E:\Godot\Games\MyGames\复刻土豆兄弟\brotato-my\Brotato_my.csproj]
E:\Godot\Games\MyGames\复刻土豆兄弟\brotato-my\Data\EventType\Feature\GameEventType_Feature.cs(53,84): warning CS1591: 缺少对公共可见类型或成员“GameEventType.Feature.RemovedEventData.Owner”的 XML 注释 [E:\Godot\Games\MyGames\复刻土豆兄弟\brotato-my\Brotato_my.csproj]
E:\Godot\Games\MyGames\复刻土豆兄弟\brotato-my\Data\EventType\Global\GameEventType_Global.cs(6,33): warning CS1591: 缺少对公共可见类型或成员“GameEventType.Global”的 XML 注释 [E:\Godot\Games\MyGames\复刻土豆兄弟\brotato-my\Brotato_my.csproj]
E:\Godot\Games\MyGames\复刻土豆兄弟\brotato-my\Data\EventType\Player\GameEventType_Player.cs(6,25): warning CS1591: 缺少对公共可见类型或成员“GameEventType.Player”的 XML 注释 [E:\Godot\Games\MyGames\复刻土豆兄弟\brotato-my\Brotato_my.csproj]
E:\Godot\Games\MyGames\复刻土豆兄弟\brotato-my\Data\EventType\UI\GameEventType_UI.cs(8,25): warning CS1591: 缺少对公共可见类型或成员“GameEventType.UI”的 XML 注释 [E:\Godot\Games\MyGames\复刻土豆兄弟\brotato-my\Brotato_my.csproj]
E:\Godot\Games\MyGames\复刻土豆兄弟\brotato-my\Data\EventType\Unit\Attack\GameEventType_Attack.cs(6,25): warning CS1591: 缺少对公共可见类型或成员“GameEventType.Attack”的 XML 注释 [E:\Godot\Games\MyGames\复刻土豆兄弟\brotato-my\Brotato_my.csproj]
E:\Godot\Games\MyGames\复刻土豆兄弟\brotato-my\Data\EventType\Unit\GameEventType_Unit.cs(6,33): warning CS1591: 缺少对公共可见类型或成员“GameEventType.Unit”的 XML 注释 [E:\Godot\Games\MyGames\复刻土豆兄弟\brotato-my\Brotato_my.csproj]
E:\Godot\Games\MyGames\复刻土豆兄弟\brotato-my\Data\EventType\Unit\Targeting\GameEventType_Targeting.cs(9,25): warning CS1591: 缺少对公共可见类型或成员“GameEventType.Targeting”的 XML 注释 [E:\Godot\Games\MyGames\复刻土豆兄弟\brotato-my\Brotato_my.csproj]
E:\Godot\Games\MyGames\复刻土豆兄弟\brotato-my\Data\ResourceManagement\ResourcePaths.cs(11,15): warning CS1591: 缺少对公共可见类型或成员“ResourceData”的 XML 注释 [E:\Godot\Games\MyGames\复刻土豆兄弟\brotato-my\Brotato_my.csproj]
E:\Godot\Games\MyGames\复刻土豆兄弟\brotato-my\Data\ResourceManagement\ResourcePaths.cs(13,19): warning CS1591: 缺少对公共可见类型或成员“ResourceData.Path”的 XML 注释 [E:\Godot\Games\MyGames\复刻土豆兄弟\brotato-my\Brotato_my.csproj]
E:\Godot\Games\MyGames\复刻土豆兄弟\brotato-my\Data\ResourceManagement\ResourcePaths.cs(14,29): warning CS1591: 缺少对公共可见类型或成员“ResourceData.Category”的 XML 注释 [E:\Godot\Games\MyGames\复刻土豆兄弟\brotato-my\Brotato_my.csproj]
E:\Godot\Games\MyGames\复刻土豆兄弟\brotato-my\Data\ResourceManagement\ResourcePaths.cs(15,12): warning CS1591: 缺少对公共可见类型或成员“ResourceData.ResourceData(ResourceCategory, string)”的 XML 注释 [E:\Godot\Games\MyGames\复刻土豆兄弟\brotato-my\Brotato_my.csproj]
E:\Godot\Games\MyGames\复刻土豆兄弟\brotato-my\Data\ResourceManagement\ResourcePaths.cs(22,21): warning CS1591: 缺少对公共可见类型或成员“ResourcePaths”的 XML 注释 [E:\Godot\Games\MyGames\复刻土豆兄弟\brotato-my\Brotato_my.csproj]
E:\Godot\Games\MyGames\复刻土豆兄弟\brotato-my\Data\ResourceManagement\ResourcePaths.cs(25,25): warning CS1591: 缺少对公共可见类型或成员“ResourcePaths.Entity_AbilityEntity”的 XML 注释 [E:\Godot\Games\MyGames\复刻土豆兄弟\brotato-my\Brotato_my.csproj]
E:\Godot\Games\MyGames\复刻土豆兄弟\brotato-my\Data\ResourceManagement\ResourcePaths.cs(26,25): warning CS1591: 缺少对公共可见类型或成员“ResourcePaths.Entity_EffectEntity”的 XML 注释 [E:\Godot\Games\MyGames\复刻土豆兄弟\brotato-my\Brotato_my.csproj]
E:\Godot\Games\MyGames\复刻土豆兄弟\brotato-my\Data\ResourceManagement\ResourcePaths.cs(27,25): warning CS1591: 缺少对公共可见类型或成员“ResourcePaths.Entity_EnemyEntity”的 XML 注释 [E:\Godot\Games\MyGames\复刻土豆兄弟\brotato-my\Brotato_my.csproj]
E:\Godot\Games\MyGames\复刻土豆兄弟\brotato-my\Data\ResourceManagement\ResourcePaths.cs(28,25): warning CS1591: 缺少对公共可见类型或成员“ResourcePaths.Entity_LightningLineEffect”的 XML 注释 [E:\Godot\Games\MyGames\复刻土豆兄弟\brotato-my\Brotato_my.csproj]
E:\Godot\Games\MyGames\复刻土豆兄弟\brotato-my\Data\ResourceManagement\ResourcePaths.cs(29,25): warning CS1591: 缺少对公共可见类型或成员“ResourcePaths.Entity_MovementAbilityEntity”的 XML 注释 [E:\Godot\Games\MyGames\复刻土豆兄弟\brotato-my\Brotato_my.csproj]
E:\Godot\Games\MyGames\复刻土豆兄弟\brotato-my\Data\ResourceManagement\ResourcePaths.cs(30,25): warning CS1591: 缺少对公共可见类型或成员“ResourcePaths.Entity_PlayerEntity”的 XML 注释 [E:\Godot\Games\MyGames\复刻土豆兄弟\brotato-my\Brotato_my.csproj]
E:\Godot\Games\MyGames\复刻土豆兄弟\brotato-my\Data\ResourceManagement\ResourcePaths.cs(31,25): warning CS1591: 缺少对公共可见类型或成员“ResourcePaths.Entity_ProjectileEntity”的 XML 注释 [E:\Godot\Games\MyGames\复刻土豆兄弟\brotato-my\Brotato_my.csproj]
E:\Godot\Games\MyGames\复刻土豆兄弟\brotato-my\Data\ResourceManagement\ResourcePaths.cs(32,25): warning CS1591: 缺少对公共可见类型或成员“ResourcePaths.Entity_TargetingIndicatorEntity”的 XML 注释 [E:\Godot\Games\MyGames\复刻土豆兄弟\brotato-my\Brotato_my.csproj]
E:\Godot\Games\MyGames\复刻土豆兄弟\brotato-my\Data\ResourceManagement\ResourcePaths.cs(35,25): warning CS1591: 缺少对公共可见类型或成员“ResourcePaths.Component_AbilityPreset”的 XML 注释 [E:\Godot\Games\MyGames\复刻土豆兄弟\brotato-my\Brotato_my.csproj]
E:\Godot\Games\MyGames\复刻土豆兄弟\brotato-my\Data\ResourceManagement\ResourcePaths.cs(36,25): warning CS1591: 缺少对公共可见类型或成员“ResourcePaths.Component_AbilityTargetSelectionComponent”的 XML 注释 [E:\Godot\Games\MyGames\复刻土豆兄弟\brotato-my\Brotato_my.csproj]
E:\Godot\Games\MyGames\复刻土豆兄弟\brotato-my\Data\ResourceManagement\ResourcePaths.cs(37,25): warning CS1591: 缺少对公共可见类型或成员“ResourcePaths.Component_ActiveSkillInputComponent”的 XML 注释 [E:\Godot\Games\MyGames\复刻土豆兄弟\brotato-my\Brotato_my.csproj]
E:\Godot\Games\MyGames\复刻土豆兄弟\brotato-my\Data\ResourceManagement\ResourcePaths.cs(38,25): warning CS1591: 缺少对公共可见类型或成员“ResourcePaths.Component_AIComponent”的 XML 注释 [E:\Godot\Games\MyGames\复刻土豆兄弟\brotato-my\Brotato_my.csproj]
E:\Godot\Games\MyGames\复刻土豆兄弟\brotato-my\Data\ResourceManagement\ResourcePaths.cs(39,25): warning CS1591: 缺少对公共可见类型或成员“ResourcePaths.Component_AttackComponent”的 XML 注释 [E:\Godot\Games\MyGames\复刻土豆兄弟\brotato-my\Brotato_my.csproj]
E:\Godot\Games\MyGames\复刻土豆兄弟\brotato-my\Data\ResourceManagement\ResourcePaths.cs(40,25): warning CS1591: 缺少对公共可见类型或成员“ResourcePaths.Component_ChargeComponent”的 XML 注释 [E:\Godot\Games\MyGames\复刻土豆兄弟\brotato-my\Brotato_my.csproj]
E:\Godot\Games\MyGames\复刻土豆兄弟\brotato-my\Data\ResourceManagement\ResourcePaths.cs(41,25): warning CS1591: 缺少对公共可见类型或成员“ResourcePaths.Component_CollisionComponent”的 XML 注释 [E:\Godot\Games\MyGames\复刻土豆兄弟\brotato-my\Brotato_my.csproj]
E:\Godot\Games\MyGames\复刻土豆兄弟\brotato-my\Data\ResourceManagement\ResourcePaths.cs(42,25): warning CS1591: 缺少对公共可见类型或成员“ResourcePaths.Component_ContactDamageComponent”的 XML 注释 [E:\Godot\Games\MyGames\复刻土豆兄弟\brotato-my\Brotato_my.csproj]
E:\Godot\Games\MyGames\复刻土豆兄弟\brotato-my\Data\ResourceManagement\ResourcePaths.cs(43,25): warning CS1591: 缺少对公共可见类型或成员“ResourcePaths.Component_CooldownComponent”的 XML 注释 [E:\Godot\Games\MyGames\复刻土豆兄弟\brotato-my\Brotato_my.csproj]
E:\Godot\Games\MyGames\复刻土豆兄弟\brotato-my\Data\ResourceManagement\ResourcePaths.cs(44,25): warning CS1591: 缺少对公共可见类型或成员“ResourcePaths.Component_CostComponent”的 XML 注释 [E:\Godot\Games\MyGames\复刻土豆兄弟\brotato-my\Brotato_my.csproj]
E:\Godot\Games\MyGames\复刻土豆兄弟\brotato-my\Data\ResourceManagement\ResourcePaths.cs(45,25): warning CS1591: 缺少对公共可见类型或成员“ResourcePaths.Component_DataInitComponent”的 XML 注释 [E:\Godot\Games\MyGames\复刻土豆兄弟\brotato-my\Brotato_my.csproj]
E:\Godot\Games\MyGames\复刻土豆兄弟\brotato-my\Data\ResourceManagement\ResourcePaths.cs(46,25): warning CS1591: 缺少对公共可见类型或成员“ResourcePaths.Component_EffectComponent”的 XML 注释 [E:\Godot\Games\MyGames\复刻土豆兄弟\brotato-my\Brotato_my.csproj]
E:\Godot\Games\MyGames\复刻土豆兄弟\brotato-my\Data\ResourceManagement\ResourcePaths.cs(47,25): warning CS1591: 缺少对公共可见类型或成员“ResourcePaths.Component_EnemyPreset”的 XML 注释 [E:\Godot\Games\MyGames\复刻土豆兄弟\brotato-my\Brotato_my.csproj]
E:\Godot\Games\MyGames\复刻土豆兄弟\brotato-my\Data\ResourceManagement\ResourcePaths.cs(48,25): warning CS1591: 缺少对公共可见类型或成员“ResourcePaths.Component_EntityMovementComponent”的 XML 注释 [E:\Godot\Games\MyGames\复刻土豆兄弟\brotato-my\Brotato_my.csproj]
E:\Godot\Games\MyGames\复刻土豆兄弟\brotato-my\Data\ResourceManagement\ResourcePaths.cs(49,25): warning CS1591: 缺少对公共可见类型或成员“ResourcePaths.Component_HealthComponent”的 XML 注释 [E:\Godot\Games\MyGames\复刻土豆兄弟\brotato-my\Brotato_my.csproj]
E:\Godot\Games\MyGames\复刻土豆兄弟\brotato-my\Data\ResourceManagement\ResourcePaths.cs(50,25): warning CS1591: 缺少对公共可见类型或成员“ResourcePaths.Component_HurtboxComponent”的 XML 注释 [E:\Godot\Games\MyGames\复刻土豆兄弟\brotato-my\Brotato_my.csproj]
E:\Godot\Games\MyGames\复刻土豆兄弟\brotato-my\Data\ResourceManagement\ResourcePaths.cs(51,25): warning CS1591: 缺少对公共可见类型或成员“ResourcePaths.Component_LifecycleComponent”的 XML 注释 [E:\Godot\Games\MyGames\复刻土豆兄弟\brotato-my\Brotato_my.csproj]
E:\Godot\Games\MyGames\复刻土豆兄弟\brotato-my\Data\ResourceManagement\ResourcePaths.cs(52,25): warning CS1591: 缺少对公共可见类型或成员“ResourcePaths.Component_PickupComponent”的 XML 注释 [E:\Godot\Games\MyGames\复刻土豆兄弟\brotato-my\Brotato_my.csproj]
E:\Godot\Games\MyGames\复刻土豆兄弟\brotato-my\Data\ResourceManagement\ResourcePaths.cs(53,25): warning CS1591: 缺少对公共可见类型或成员“ResourcePaths.Component_PlayerPreset”的 XML 注释 [E:\Godot\Games\MyGames\复刻土豆兄弟\brotato-my\Brotato_my.csproj]
E:\Godot\Games\MyGames\复刻土豆兄弟\brotato-my\Data\ResourceManagement\ResourcePaths.cs(54,25): warning CS1591: 缺少对公共可见类型或成员“ResourcePaths.Component_RecoveryComponent”的 XML 注释 [E:\Godot\Games\MyGames\复刻土豆兄弟\brotato-my\Brotato_my.csproj]
E:\Godot\Games\MyGames\复刻土豆兄弟\brotato-my\Data\ResourceManagement\ResourcePaths.cs(55,25): warning CS1591: 缺少对公共可见类型或成员“ResourcePaths.Component_TargetingIndicatorControlComponent”的 XML 注释 [E:\Godot\Games\MyGames\复刻土豆兄弟\brotato-my\Brotato_my.csproj]
E:\Godot\Games\MyGames\复刻土豆兄弟\brotato-my\Data\ResourceManagement\ResourcePaths.cs(56,25): warning CS1591: 缺少对公共可见类型或成员“ResourcePaths.Component_TriggerComponent”的 XML 注释 [E:\Godot\Games\MyGames\复刻土豆兄弟\brotato-my\Brotato_my.csproj]
E:\Godot\Games\MyGames\复刻土豆兄弟\brotato-my\Data\ResourceManagement\ResourcePaths.cs(57,25): warning CS1591: 缺少对公共可见类型或成员“ResourcePaths.Component_UnitAnimationComponent”的 XML 注释 [E:\Godot\Games\MyGames\复刻土豆兄弟\brotato-my\Brotato_my.csproj]
E:\Godot\Games\MyGames\复刻土豆兄弟\brotato-my\Data\ResourceManagement\ResourcePaths.cs(58,25): warning CS1591: 缺少对公共可见类型或成员“ResourcePaths.Component_UnitCorePreset”的 XML 注释 [E:\Godot\Games\MyGames\复刻土豆兄弟\brotato-my\Brotato_my.csproj]
E:\Godot\Games\MyGames\复刻土豆兄弟\brotato-my\Data\ResourceManagement\ResourcePaths.cs(59,25): warning CS1591: 缺少对公共可见类型或成员“ResourcePaths.Component_UnitStateComponent”的 XML 注释 [E:\Godot\Games\MyGames\复刻土豆兄弟\brotato-my\Brotato_my.csproj]
E:\Godot\Games\MyGames\复刻土豆兄弟\brotato-my\Data\ResourceManagement\ResourcePaths.cs(62,25): warning CS1591: 缺少对公共可见类型或成员“ResourcePaths.UI_ActiveSkillBarUI”的 XML 注释 [E:\Godot\Games\MyGames\复刻土豆兄弟\brotato-my\Brotato_my.csproj]
E:\Godot\Games\MyGames\复刻土豆兄弟\brotato-my\Data\ResourceManagement\ResourcePaths.cs(63,25): warning CS1591: 缺少对公共可见类型或成员“ResourcePaths.UI_ActiveSkillSlotUI”的 XML 注释 [E:\Godot\Games\MyGames\复刻土豆兄弟\brotato-my\Brotato_my.csproj]
E:\Godot\Games\MyGames\复刻土豆兄弟\brotato-my\Data\ResourceManagement\ResourcePaths.cs(64,25): warning CS1591: 缺少对公共可见类型或成员“ResourcePaths.UI_DamageNumberUI”的 XML 注释 [E:\Godot\Games\MyGames\复刻土豆兄弟\brotato-my\Brotato_my.csproj]
E:\Godot\Games\MyGames\复刻土豆兄弟\brotato-my\Data\ResourceManagement\ResourcePaths.cs(65,25): warning CS1591: 缺少对公共可见类型或成员“ResourcePaths.UI_HealthBarUI”的 XML 注释 [E:\Godot\Games\MyGames\复刻土豆兄弟\brotato-my\Brotato_my.csproj]
E:\Godot\Games\MyGames\复刻土豆兄弟\brotato-my\Data\ResourceManagement\ResourcePaths.cs(66,25): warning CS1591: 缺少对公共可见类型或成员“ResourcePaths.UI_UIManager”的 XML 注释 [E:\Godot\Games\MyGames\复刻土豆兄弟\brotato-my\Brotato_my.csproj]
E:\Godot\Games\MyGames\复刻土豆兄弟\brotato-my\Data\ResourceManagement\ResourcePaths.cs(71,25): warning CS1591: 缺少对公共可见类型或成员“ResourcePaths.AssetEffect_003”的 XML 注释 [E:\Godot\Games\MyGames\复刻土豆兄弟\brotato-my\Brotato_my.csproj]
E:\Godot\Games\MyGames\复刻土豆兄弟\brotato-my\Data\ResourceManagement\ResourcePaths.cs(72,25): warning CS1591: 缺少对公共可见类型或成员“ResourcePaths.AssetEffect_004龙卷风”的 XML 注释 [E:\Godot\Games\MyGames\复刻土豆兄弟\brotato-my\Brotato_my.csproj]
E:\Godot\Games\MyGames\复刻土豆兄弟\brotato-my\Data\ResourceManagement\ResourcePaths.cs(73,25): warning CS1591: 缺少对公共可见类型或成员“ResourcePaths.AssetEffect_020”的 XML 注释 [E:\Godot\Games\MyGames\复刻土豆兄弟\brotato-my\Brotato_my.csproj]
E:\Godot\Games\MyGames\复刻土豆兄弟\brotato-my\Data\ResourceManagement\ResourcePaths.cs(74,25): warning CS1591: 缺少对公共可见类型或成员“ResourcePaths.AssetEffect_lrsc3”的 XML 注释 [E:\Godot\Games\MyGames\复刻土豆兄弟\brotato-my\Brotato_my.csproj]
E:\Godot\Games\MyGames\复刻土豆兄弟\brotato-my\Data\ResourceManagement\ResourcePaths.cs(79,25): warning CS1591: 缺少对公共可见类型或成员“ResourcePaths.AssetUnitEnemy_chailangren”的 XML 注释 [E:\Godot\Games\MyGames\复刻土豆兄弟\brotato-my\Brotato_my.csproj]
E:\Godot\Games\MyGames\复刻土豆兄弟\brotato-my\Data\ResourceManagement\ResourcePaths.cs(80,25): warning CS1591: 缺少对公共可见类型或成员“ResourcePaths.AssetUnitEnemy_yuren”的 XML 注释 [E:\Godot\Games\MyGames\复刻土豆兄弟\brotato-my\Brotato_my.csproj]
E:\Godot\Games\MyGames\复刻土豆兄弟\brotato-my\Data\ResourceManagement\ResourcePaths.cs(83,25): warning CS1591: 缺少对公共可见类型或成员“ResourcePaths.AssetUnitPlayer_bubing”的 XML 注释 [E:\Godot\Games\MyGames\复刻土豆兄弟\brotato-my\Brotato_my.csproj]
E:\Godot\Games\MyGames\复刻土豆兄弟\brotato-my\Data\ResourceManagement\ResourcePaths.cs(84,25): warning CS1591: 缺少对公共可见类型或成员“ResourcePaths.AssetUnitPlayer_deluyi”的 XML 注释 [E:\Godot\Games\MyGames\复刻土豆兄弟\brotato-my\Brotato_my.csproj]
E:\Godot\Games\MyGames\复刻土豆兄弟\brotato-my\Data\ResourceManagement\ResourcePaths.cs(85,25): warning CS1591: 缺少对公共可见类型或成员“ResourcePaths.AssetUnitPlayer_guangfa”的 XML 注释 [E:\Godot\Games\MyGames\复刻土豆兄弟\brotato-my\Brotato_my.csproj]
E:\Godot\Games\MyGames\复刻土豆兄弟\brotato-my\Data\ResourceManagement\ResourcePaths.cs(88,25): warning CS1591: 缺少对公共可见类型或成员“ResourcePaths.AssetProjectile_ArrowNeedle”的 XML 注释 [E:\Godot\Games\MyGames\复刻土豆兄弟\brotato-my\Brotato_my.csproj]
E:\Godot\Games\MyGames\复刻土豆兄弟\brotato-my\Data\ResourceManagement\ResourcePaths.cs(89,25): warning CS1591: 缺少对公共可见类型或成员“ResourcePaths.AssetProjectile_BoomerangChevron”的 XML 注释 [E:\Godot\Games\MyGames\复刻土豆兄弟\brotato-my\Brotato_my.csproj]
E:\Godot\Games\MyGames\复刻土豆兄弟\brotato-my\Data\ResourceManagement\ResourcePaths.cs(90,25): warning CS1591: 缺少对公共可见类型或成员“ResourcePaths.AssetProjectile_BulletDiamond”的 XML 注释 [E:\Godot\Games\MyGames\复刻土豆兄弟\brotato-my\Brotato_my.csproj]
E:\Godot\Games\MyGames\复刻土豆兄弟\brotato-my\Data\ResourceManagement\ResourcePaths.cs(91,25): warning CS1591: 缺少对公共可见类型或成员“ResourcePaths.AssetProjectile_LaserBolt”的 XML 注释 [E:\Godot\Games\MyGames\复刻土豆兄弟\brotato-my\Brotato_my.csproj]
E:\Godot\Games\MyGames\复刻土豆兄弟\brotato-my\Data\ResourceManagement\ResourcePaths.cs(94,25): warning CS1591: 缺少对公共可见类型或成员“ResourcePaths.System_DamageService”的 XML 注释 [E:\Godot\Games\MyGames\复刻土豆兄弟\brotato-my\Brotato_my.csproj]
E:\Godot\Games\MyGames\复刻土豆兄弟\brotato-my\Data\ResourceManagement\ResourcePaths.cs(95,25): warning CS1591: 缺少对公共可见类型或成员“ResourcePaths.System_DamageStatisticsSystem”的 XML 注释 [E:\Godot\Games\MyGames\复刻土豆兄弟\brotato-my\Brotato_my.csproj]
E:\Godot\Games\MyGames\复刻土豆兄弟\brotato-my\Data\ResourceManagement\ResourcePaths.cs(96,25): warning CS1591: 缺少对公共可见类型或成员“ResourcePaths.System_RecoverySystem”的 XML 注释 [E:\Godot\Games\MyGames\复刻土豆兄弟\brotato-my\Brotato_my.csproj]
E:\Godot\Games\MyGames\复刻土豆兄弟\brotato-my\Data\ResourceManagement\ResourcePaths.cs(97,25): warning CS1591: 缺少对公共可见类型或成员“ResourcePaths.System_SpawnSystem”的 XML 注释 [E:\Godot\Games\MyGames\复刻土豆兄弟\brotato-my\Brotato_my.csproj]
E:\Godot\Games\MyGames\复刻土豆兄弟\brotato-my\Data\ResourceManagement\ResourcePaths.cs(100,25): warning CS1591: 缺少对公共可见类型或成员“ResourcePaths.Tools_ObjectPoolInit”的 XML 注释 [E:\Godot\Games\MyGames\复刻土豆兄弟\brotato-my\Brotato_my.csproj]
E:\Godot\Games\MyGames\复刻土豆兄弟\brotato-my\Data\ResourceManagement\ResourcePaths.cs(101,25): warning CS1591: 缺少对公共可见类型或成员“ResourcePaths.Tools_TimerManager”的 XML 注释 [E:\Godot\Games\MyGames\复刻土豆兄弟\brotato-my\Brotato_my.csproj]
E:\Godot\Games\MyGames\复刻土豆兄弟\brotato-my\Data\ResourceManagement\ResourcePaths.cs(106,25): warning CS1591: 缺少对公共可见类型或成员“ResourcePaths.DataAbility_ArcShotConfig”的 XML 注释 [E:\Godot\Games\MyGames\复刻土豆兄弟\brotato-my\Brotato_my.csproj]
E:\Godot\Games\MyGames\复刻土豆兄弟\brotato-my\Data\ResourceManagement\ResourcePaths.cs(107,25): warning CS1591: 缺少对公共可见类型或成员“ResourcePaths.DataAbility_AuraShieldConfig”的 XML 注释 [E:\Godot\Games\MyGames\复刻土豆兄弟\brotato-my\Brotato_my.csproj]
E:\Godot\Games\MyGames\复刻土豆兄弟\brotato-my\Data\ResourceManagement\ResourcePaths.cs(108,25): warning CS1591: 缺少对公共可见类型或成员“ResourcePaths.DataAbility_BezierShotConfig”的 XML 注释 [E:\Godot\Games\MyGames\复刻土豆兄弟\brotato-my\Brotato_my.csproj]
E:\Godot\Games\MyGames\复刻土豆兄弟\brotato-my\Data\ResourceManagement\ResourcePaths.cs(109,25): warning CS1591: 缺少对公共可见类型或成员“ResourcePaths.DataAbility_BoomerangThrowConfig”的 XML 注释 [E:\Godot\Games\MyGames\复刻土豆兄弟\brotato-my\Brotato_my.csproj]
E:\Godot\Games\MyGames\复刻土豆兄弟\brotato-my\Data\ResourceManagement\ResourcePaths.cs(110,25): warning CS1591: 缺少对公共可见类型或成员“ResourcePaths.DataAbility_ChainLightningConfig”的 XML 注释 [E:\Godot\Games\MyGames\复刻土豆兄弟\brotato-my\Brotato_my.csproj]
E:\Godot\Games\MyGames\复刻土豆兄弟\brotato-my\Data\ResourceManagement\ResourcePaths.cs(111,25): warning CS1591: 缺少对公共可见类型或成员“ResourcePaths.DataAbility_CircleDamageConfig”的 XML 注释 [E:\Godot\Games\MyGames\复刻土豆兄弟\brotato-my\Brotato_my.csproj]
E:\Godot\Games\MyGames\复刻土豆兄弟\brotato-my\Data\ResourceManagement\ResourcePaths.cs(112,25): warning CS1591: 缺少对公共可见类型或成员“ResourcePaths.DataAbility_DashConfig”的 XML 注释 [E:\Godot\Games\MyGames\复刻土豆兄弟\brotato-my\Brotato_my.csproj]
E:\Godot\Games\MyGames\复刻土豆兄弟\brotato-my\Data\ResourceManagement\ResourcePaths.cs(113,25): warning CS1591: 缺少对公共可见类型或成员“ResourcePaths.DataAbility_OrbitSkillConfig”的 XML 注释 [E:\Godot\Games\MyGames\复刻土豆兄弟\brotato-my\Brotato_my.csproj]
E:\Godot\Games\MyGames\复刻土豆兄弟\brotato-my\Data\ResourceManagement\ResourcePaths.cs(114,25): warning CS1591: 缺少对公共可见类型或成员“ResourcePaths.DataAbility_ParabolaShotConfig”的 XML 注释 [E:\Godot\Games\MyGames\复刻土豆兄弟\brotato-my\Brotato_my.csproj]
E:\Godot\Games\MyGames\复刻土豆兄弟\brotato-my\Data\ResourceManagement\ResourcePaths.cs(115,25): warning CS1591: 缺少对公共可见类型或成员“ResourcePaths.DataAbility_SineWaveShotConfig”的 XML 注释 [E:\Godot\Games\MyGames\复刻土豆兄弟\brotato-my\Brotato_my.csproj]
E:\Godot\Games\MyGames\复刻土豆兄弟\brotato-my\Data\ResourceManagement\ResourcePaths.cs(116,25): warning CS1591: 缺少对公共可见类型或成员“ResourcePaths.DataAbility_SlamConfig”的 XML 注释 [E:\Godot\Games\MyGames\复刻土豆兄弟\brotato-my\Brotato_my.csproj]
E:\Godot\Games\MyGames\复刻土豆兄弟\brotato-my\Data\ResourceManagement\ResourcePaths.cs(117,25): warning CS1591: 缺少对公共可见类型或成员“ResourcePaths.DataAbility_TargetPointSkillConfig”的 XML 注释 [E:\Godot\Games\MyGames\复刻土豆兄弟\brotato-my\Brotato_my.csproj]
E:\Godot\Games\MyGames\复刻土豆兄弟\brotato-my\Data\ResourceManagement\ResourcePaths.cs(120,25): warning CS1591: 缺少对公共可见类型或成员“ResourcePaths.DataUnit_chailangren”的 XML 注释 [E:\Godot\Games\MyGames\复刻土豆兄弟\brotato-my\Brotato_my.csproj]
E:\Godot\Games\MyGames\复刻土豆兄弟\brotato-my\Data\ResourceManagement\ResourcePaths.cs(121,25): warning CS1591: 缺少对公共可见类型或成员“ResourcePaths.DataUnit_deluyi”的 XML 注释 [E:\Godot\Games\MyGames\复刻土豆兄弟\brotato-my\Brotato_my.csproj]
E:\Godot\Games\MyGames\复刻土豆兄弟\brotato-my\Data\ResourceManagement\ResourcePaths.cs(122,25): warning CS1591: 缺少对公共可见类型或成员“ResourcePaths.DataUnit_TargetingIndicatorConfig”的 XML 注释 [E:\Godot\Games\MyGames\复刻土豆兄弟\brotato-my\Brotato_my.csproj]
E:\Godot\Games\MyGames\复刻土豆兄弟\brotato-my\Data\ResourceManagement\ResourcePaths.cs(123,25): warning CS1591: 缺少对公共可见类型或成员“ResourcePaths.DataUnit_yuren”的 XML 注释 [E:\Godot\Games\MyGames\复刻土豆兄弟\brotato-my\Brotato_my.csproj]
E:\Godot\Games\MyGames\复刻土豆兄弟\brotato-my\Data\ResourceManagement\ResourcePaths.cs(128,25): warning CS1591: 缺少对公共可见类型或成员“ResourcePaths.Test_ActiveSkillInputTest”的 XML 注释 [E:\Godot\Games\MyGames\复刻土豆兄弟\brotato-my\Brotato_my.csproj]
E:\Godot\Games\MyGames\复刻土豆兄弟\brotato-my\Data\ResourceManagement\ResourcePaths.cs(129,25): warning CS1591: 缺少对公共可见类型或成员“ResourcePaths.Test_DamageSystemTest”的 XML 注释 [E:\Godot\Games\MyGames\复刻土豆兄弟\brotato-my\Brotato_my.csproj]
E:\Godot\Games\MyGames\复刻土豆兄弟\brotato-my\Data\ResourceManagement\ResourcePaths.cs(130,25): warning CS1591: 缺少对公共可见类型或成员“ResourcePaths.Test_DataTestScene”的 XML 注释 [E:\Godot\Games\MyGames\复刻土豆兄弟\brotato-my\Brotato_my.csproj]
E:\Godot\Games\MyGames\复刻土豆兄弟\brotato-my\Data\ResourceManagement\ResourcePaths.cs(131,25): warning CS1591: 缺少对公共可见类型或成员“ResourcePaths.Test_ECSTestScene”的 XML 注释 [E:\Godot\Games\MyGames\复刻土豆兄弟\brotato-my\Brotato_my.csproj]
E:\Godot\Games\MyGames\复刻土豆兄弟\brotato-my\Data\ResourceManagement\ResourcePaths.cs(132,25): warning CS1591: 缺少对公共可见类型或成员“ResourcePaths.Test_ExportTest”的 XML 注释 [E:\Godot\Games\MyGames\复刻土豆兄弟\brotato-my\Brotato_my.csproj]
E:\Godot\Games\MyGames\复刻土豆兄弟\brotato-my\Data\ResourceManagement\ResourcePaths.cs(133,25): warning CS1591: 缺少对公共可见类型或成员“ResourcePaths.Test_InputTest”的 XML 注释 [E:\Godot\Games\MyGames\复刻土豆兄弟\brotato-my\Brotato_my.csproj]
E:\Godot\Games\MyGames\复刻土豆兄弟\brotato-my\Data\ResourceManagement\ResourcePaths.cs(134,25): warning CS1591: 缺少对公共可见类型或成员“ResourcePaths.Test_LogTest”的 XML 注释 [E:\Godot\Games\MyGames\复刻土豆兄弟\brotato-my\Brotato_my.csproj]
E:\Godot\Games\MyGames\复刻土豆兄弟\brotato-my\Data\ResourceManagement\ResourcePaths.cs(135,25): warning CS1591: 缺少对公共可见类型或成员“ResourcePaths.Test_MainTest”的 XML 注释 [E:\Godot\Games\MyGames\复刻土豆兄弟\brotato-my\Brotato_my.csproj]
E:\Godot\Games\MyGames\复刻土豆兄弟\brotato-my\Data\ResourceManagement\ResourcePaths.cs(136,25): warning CS1591: 缺少对公共可见类型或成员“ResourcePaths.Test_MovementComponentTestScene”的 XML 注释 [E:\Godot\Games\MyGames\复刻土豆兄弟\brotato-my\Brotato_my.csproj]
E:\Godot\Games\MyGames\复刻土豆兄弟\brotato-my\Data\ResourceManagement\ResourcePaths.cs(137,25): warning CS1591: 缺少对公共可见类型或成员“ResourcePaths.Test_MovementTestEntity”的 XML 注释 [E:\Godot\Games\MyGames\复刻土豆兄弟\brotato-my\Brotato_my.csproj]
E:\Godot\Games\MyGames\复刻土豆兄弟\brotato-my\Data\ResourceManagement\ResourcePaths.cs(138,25): warning CS1591: 缺少对公共可见类型或成员“ResourcePaths.Test_MyMathTest”的 XML 注释 [E:\Godot\Games\MyGames\复刻土豆兄弟\brotato-my\Brotato_my.csproj]
E:\Godot\Games\MyGames\复刻土豆兄弟\brotato-my\Data\ResourceManagement\ResourcePaths.cs(139,25): warning CS1591: 缺少对公共可见类型或成员“ResourcePaths.Test_ObjectPoolManagerTest”的 XML 注释 [E:\Godot\Games\MyGames\复刻土豆兄弟\brotato-my\Brotato_my.csproj]
E:\Godot\Games\MyGames\复刻土豆兄弟\brotato-my\Data\ResourceManagement\ResourcePaths.cs(140,25): warning CS1591: 缺少对公共可见类型或成员“ResourcePaths.Test_ObjectPoolVisualTest”的 XML 注释 [E:\Godot\Games\MyGames\复刻土豆兄弟\brotato-my\Brotato_my.csproj]
E:\Godot\Games\MyGames\复刻土豆兄弟\brotato-my\Data\ResourceManagement\ResourcePaths.cs(141,25): warning CS1591: 缺少对公共可见类型或成员“ResourcePaths.Test_SpawnTestScene”的 XML 注释 [E:\Godot\Games\MyGames\复刻土豆兄弟\brotato-my\Brotato_my.csproj]
E:\Godot\Games\MyGames\复刻土豆兄弟\brotato-my\Data\ResourceManagement\ResourcePaths.cs(142,25): warning CS1591: 缺少对公共可见类型或成员“ResourcePaths.Test_TargetSelectorTest”的 XML 注释 [E:\Godot\Games\MyGames\复刻土豆兄弟\brotato-my\Brotato_my.csproj]
E:\Godot\Games\MyGames\复刻土豆兄弟\brotato-my\Data\ResourceManagement\ResourcePaths.cs(143,25): warning CS1591: 缺少对公共可见类型或成员“ResourcePaths.Test_TestDataKeyMapping”的 XML 注释 [E:\Godot\Games\MyGames\复刻土豆兄弟\brotato-my\Brotato_my.csproj]
E:\Godot\Games\MyGames\复刻土豆兄弟\brotato-my\Data\ResourceManagement\ResourcePaths.cs(144,25): warning CS1591: 缺少对公共可见类型或成员“ResourcePaths.Test_TestEntity”的 XML 注释 [E:\Godot\Games\MyGames\复刻土豆兄弟\brotato-my\Brotato_my.csproj]
E:\Godot\Games\MyGames\复刻土豆兄弟\brotato-my\Data\ResourceManagement\ResourcePaths.cs(148,91): warning CS1591: 缺少对公共可见类型或成员“ResourcePaths.Resources”的 XML 注释 [E:\Godot\Games\MyGames\复刻土豆兄弟\brotato-my\Brotato_my.csproj]
E:\Godot\Games\MyGames\复刻土豆兄弟\brotato-my\Src\AI\Core\BehaviorNode.cs(28,15): warning CS1591: 缺少对公共可见类型或成员“BehaviorNode.BehaviorNode(string)”的 XML 注释 [E:\Godot\Games\MyGames\复刻土豆兄弟\brotato-my\Brotato_my.csproj]
E:\Godot\Games\MyGames\复刻土豆兄弟\brotato-my\Src\AI\Core\BehaviorTreeRunner.cs(23,12): warning CS1591: 缺少对公共可见类型或成员“BehaviorTreeRunner.BehaviorTreeRunner(BehaviorNode)”的 XML 注释 [E:\Godot\Games\MyGames\复刻土豆兄弟\brotato-my\Brotato_my.csproj]
E:\Godot\Games\MyGames\复刻土豆兄弟\brotato-my\Src\AI\Core\CompositeNode.cs(19,15): warning CS1591: 缺少对公共可见类型或成员“CompositeNode.CompositeNode(string)”的 XML 注释 [E:\Godot\Games\MyGames\复刻土豆兄弟\brotato-my\Brotato_my.csproj]
E:\Godot\Games\MyGames\复刻土豆兄弟\brotato-my\Src\AI\Core\CompositeNode.cs(82,12): warning CS1591: 缺少对公共可见类型或成员“SequenceNode.SequenceNode(string)”的 XML 注释 [E:\Godot\Games\MyGames\复刻土豆兄弟\brotato-my\Brotato_my.csproj]
E:\Godot\Games\MyGames\复刻土豆兄弟\brotato-my\Src\AI\Core\CompositeNode.cs(84,31): warning CS1591: 缺少对公共可见类型或成员“SequenceNode.Evaluate(AIContext)”的 XML 注释 [E:\Godot\Games\MyGames\复刻土豆兄弟\brotato-my\Brotato_my.csproj]
E:\Godot\Games\MyGames\复刻土豆兄弟\brotato-my\Src\AI\Core\CompositeNode.cs(141,12): warning CS1591: 缺少对公共可见类型或成员“SelectorNode.SelectorNode(string)”的 XML 注释 [E:\Godot\Games\MyGames\复刻土豆兄弟\brotato-my\Brotato_my.csproj]
E:\Godot\Games\MyGames\复刻土豆兄弟\brotato-my\Src\AI\Core\CompositeNode.cs(143,31): warning CS1591: 缺少对公共可见类型或成员“SelectorNode.Evaluate(AIContext)”的 XML 注释 [E:\Godot\Games\MyGames\复刻土豆兄弟\brotato-my\Brotato_my.csproj]
E:\Godot\Games\MyGames\复刻土豆兄弟\brotato-my\Src\AI\Core\DecoratorNode.cs(15,15): warning CS1591: 缺少对公共可见类型或成员“DecoratorNode.DecoratorNode(BehaviorNode, string)”的 XML 注释 [E:\Godot\Games\MyGames\复刻土豆兄弟\brotato-my\Brotato_my.csproj]
E:\Godot\Games\MyGames\复刻土豆兄弟\brotato-my\Src\AI\Core\DecoratorNode.cs(43,12): warning CS1591: 缺少对公共可见类型或成员“InverterNode.InverterNode(BehaviorNode)”的 XML 注释 [E:\Godot\Games\MyGames\复刻土豆兄弟\brotato-my\Brotato_my.csproj]
E:\Godot\Games\MyGames\复刻土豆兄弟\brotato-my\Src\AI\Core\DecoratorNode.cs(45,31): warning CS1591: 缺少对公共可见类型或成员“InverterNode.Evaluate(AIContext)”的 XML 注释 [E:\Godot\Games\MyGames\复刻土豆兄弟\brotato-my\Brotato_my.csproj]
E:\Godot\Games\MyGames\复刻土豆兄弟\brotato-my\Src\AI\Core\DecoratorNode.cs(71,12): warning CS1591: 缺少对公共可见类型或成员“AlwaysSucceedNode.AlwaysSucceedNode(BehaviorNode)”的 XML 注释 [E:\Godot\Games\MyGames\复刻土豆兄弟\brotato-my\Brotato_my.csproj]
E:\Godot\Games\MyGames\复刻土豆兄弟\brotato-my\Src\AI\Core\DecoratorNode.cs(73,31): warning CS1591: 缺少对公共可见类型或成员“AlwaysSucceedNode.Evaluate(AIContext)”的 XML 注释 [E:\Godot\Games\MyGames\复刻土豆兄弟\brotato-my\Brotato_my.csproj]
E:\Godot\Games\MyGames\复刻土豆兄弟\brotato-my\Src\AI\Core\DecoratorNode.cs(100,12): warning CS1591: 缺少对公共可见类型或成员“CooldownNode.CooldownNode(BehaviorNode, float)”的 XML 注释 [E:\Godot\Games\MyGames\复刻土豆兄弟\brotato-my\Brotato_my.csproj]
E:\Godot\Games\MyGames\复刻土豆兄弟\brotato-my\Src\AI\Core\DecoratorNode.cs(106,31): warning CS1591: 缺少对公共可见类型或成员“CooldownNode.Evaluate(AIContext)”的 XML 注释 [E:\Godot\Games\MyGames\复刻土豆兄弟\brotato-my\Brotato_my.csproj]
E:\Godot\Games\MyGames\复刻土豆兄弟\brotato-my\Src\AI\Core\LeafNode.cs(11,63): warning CS1574: XML 注释中有未能解析的 cref 特性“Data” [E:\Godot\Games\MyGames\复刻土豆兄弟\brotato-my\Brotato_my.csproj]
E:\Godot\Games\MyGames\复刻土豆兄弟\brotato-my\Src\Autoload\AutoLoad.cs(95,26): warning CS1591: 缺少对公共可见类型或成员“AutoLoad.Priority.Core”的 XML 注释 [E:\Godot\Games\MyGames\复刻土豆兄弟\brotato-my\Brotato_my.csproj]
E:\Godot\Games\MyGames\复刻土豆兄弟\brotato-my\Src\Autoload\AutoLoad.cs(96,26): warning CS1591: 缺少对公共可见类型或成员“AutoLoad.Priority.Tool”的 XML 注释 [E:\Godot\Games\MyGames\复刻土豆兄弟\brotato-my\Brotato_my.csproj]
E:\Godot\Games\MyGames\复刻土豆兄弟\brotato-my\Src\Autoload\AutoLoad.cs(97,26): warning CS1591: 缺少对公共可见类型或成员“AutoLoad.Priority.System”的 XML 注释 [E:\Godot\Games\MyGames\复刻土豆兄弟\brotato-my\Brotato_my.csproj]
E:\Godot\Games\MyGames\复刻土豆兄弟\brotato-my\Src\Autoload\AutoLoad.cs(98,26): warning CS1591: 缺少对公共可见类型或成员“AutoLoad.Priority.Game”的 XML 注释 [E:\Godot\Games\MyGames\复刻土豆兄弟\brotato-my\Brotato_my.csproj]
E:\Godot\Games\MyGames\复刻土豆兄弟\brotato-my\Src\Autoload\AutoLoad.cs(99,26): warning CS1591: 缺少对公共可见类型或成员“AutoLoad.Priority.Debug”的 XML 注释 [E:\Godot\Games\MyGames\复刻土豆兄弟\brotato-my\Brotato_my.csproj]
E:\Godot\Games\MyGames\复刻土豆兄弟\brotato-my\Src\ECS\Component\Ability\ChargeComponent\ChargeComponent.cs(133,26): warning CS1591: 缺少对公共可见类型或成员“ChargeComponent._ExitTree()”的 XML 注释 [E:\Godot\Games\MyGames\复刻土豆兄弟\brotato-my\Brotato_my.csproj]
E:\Godot\Games\MyGames\复刻土豆兄弟\brotato-my\Src\ECS\Component\Ability\CooldownComponent\CooldownComponent.cs(32,17): warning CS1591: 缺少对公共可见类型或成员“CooldownComponent.OnComponentRegistered(Node)”的 XML 注释 [E:\Godot\Games\MyGames\复刻土豆兄弟\brotato-my\Brotato_my.csproj]
E:\Godot\Games\MyGames\复刻土豆兄弟\brotato-my\Src\ECS\Component\Ability\CooldownComponent\CooldownComponent.cs(46,17): warning CS1591: 缺少对公共可见类型或成员“CooldownComponent.OnComponentUnregistered()”的 XML 注释 [E:\Godot\Games\MyGames\复刻土豆兄弟\brotato-my\Brotato_my.csproj]
E:\Godot\Games\MyGames\复刻土豆兄弟\brotato-my\Src\ECS\Component\Ability\CooldownComponent\CooldownComponent.cs(86,26): warning CS1591: 缺少对公共可见类型或成员“CooldownComponent._ExitTree()”的 XML 注释 [E:\Godot\Games\MyGames\复刻土豆兄弟\brotato-my\Brotato_my.csproj]
E:\Godot\Games\MyGames\复刻土豆兄弟\brotato-my\Src\ECS\Component\Ability\CostComponent\CostComponent.cs(35,17): warning CS1591: 缺少对公共可见类型或成员“CostComponent.OnComponentRegistered(Node)”的 XML 注释 [E:\Godot\Games\MyGames\复刻土豆兄弟\brotato-my\Brotato_my.csproj]
E:\Godot\Games\MyGames\复刻土豆兄弟\brotato-my\Src\ECS\Component\Ability\CostComponent\CostComponent.cs(47,17): warning CS1591: 缺少对公共可见类型或成员“CostComponent.OnComponentUnregistered()”的 XML 注释 [E:\Godot\Games\MyGames\复刻土豆兄弟\brotato-my\Brotato_my.csproj]
E:\Godot\Games\MyGames\复刻土豆兄弟\brotato-my\Src\ECS\Component\TemplateComponent.cs(44,17): warning CS1591: 缺少对公共可见类型或成员“TemplateComponent.OnComponentRegistered(Node)”的 XML 注释 [E:\Godot\Games\MyGames\复刻土豆兄弟\brotato-my\Brotato_my.csproj]
E:\Godot\Games\MyGames\复刻土豆兄弟\brotato-my\Src\ECS\Component\TemplateComponent.cs(65,17): warning CS1591: 缺少对公共可见类型或成员“TemplateComponent.OnComponentUnregistered()”的 XML 注释 [E:\Godot\Games\MyGames\复刻土豆兄弟\brotato-my\Brotato_my.csproj]
E:\Godot\Games\MyGames\复刻土豆兄弟\brotato-my\Src\ECS\Component\TemplateComponent.cs(76,26): warning CS1591: 缺少对公共可见类型或成员“TemplateComponent._Ready()”的 XML 注释 [E:\Godot\Games\MyGames\复刻土豆兄弟\brotato-my\Brotato_my.csproj]
E:\Godot\Games\MyGames\复刻土豆兄弟\brotato-my\Src\ECS\Component\TemplateComponent.cs(81,26): warning CS1591: 缺少对公共可见类型或成员“TemplateComponent._Process(double)”的 XML 注释 [E:\Godot\Games\MyGames\复刻土豆兄弟\brotato-my\Brotato_my.csproj]
E:\Godot\Games\MyGames\复刻土豆兄弟\brotato-my\Src\ECS\Component\Unit\Common\DataInitComponent\DataInitComponent.cs(20,17): warning CS1591: 缺少对公共可见类型或成员“DataInitComponent.OnComponentRegistered(Node)”的 XML 注释 [E:\Godot\Games\MyGames\复刻土豆兄弟\brotato-my\Brotato_my.csproj]
E:\Godot\Games\MyGames\复刻土豆兄弟\brotato-my\Src\ECS\Component\Unit\Common\DataInitComponent\DataInitComponent.cs(31,17): warning CS1591: 缺少对公共可见类型或成员“DataInitComponent.OnComponentUnregistered()”的 XML 注释 [E:\Godot\Games\MyGames\复刻土豆兄弟\brotato-my\Brotato_my.csproj]
E:\Godot\Games\MyGames\复刻土豆兄弟\brotato-my\Src\ECS\Component\Unit\Common\HealthComponent\HealthComponent.cs(44,17): warning CS1591: 缺少对公共可见类型或成员“HealthComponent.OnComponentRegistered(Node)”的 XML 注释 [E:\Godot\Games\MyGames\复刻土豆兄弟\brotato-my\Brotato_my.csproj]
E:\Godot\Games\MyGames\复刻土豆兄弟\brotato-my\Src\ECS\Component\Unit\Common\HealthComponent\HealthComponent.cs(58,17): warning CS1591: 缺少对公共可见类型或成员“HealthComponent.OnComponentUnregistered()”的 XML 注释 [E:\Godot\Games\MyGames\复刻土豆兄弟\brotato-my\Brotato_my.csproj]
E:\Godot\Games\MyGames\复刻土豆兄弟\brotato-my\Src\ECS\Component\Unit\Common\LifecycleComponent\LifecycleComponent.cs(11,5): warning CS1591: 缺少对公共可见类型或成员“LifecycleState.Alive”的 XML 注释 [E:\Godot\Games\MyGames\复刻土豆兄弟\brotato-my\Brotato_my.csproj]
E:\Godot\Games\MyGames\复刻土豆兄弟\brotato-my\Src\ECS\Component\Unit\Common\LifecycleComponent\LifecycleComponent.cs(12,5): warning CS1591: 缺少对公共可见类型或成员“LifecycleState.Dead”的 XML 注释 [E:\Godot\Games\MyGames\复刻土豆兄弟\brotato-my\Brotato_my.csproj]
E:\Godot\Games\MyGames\复刻土豆兄弟\brotato-my\Src\ECS\Component\Unit\Common\LifecycleComponent\LifecycleComponent.cs(13,5): warning CS1591: 缺少对公共可见类型或成员“LifecycleState.Reviving”的 XML 注释 [E:\Godot\Games\MyGames\复刻土豆兄弟\brotato-my\Brotato_my.csproj]
E:\Godot\Games\MyGames\复刻土豆兄弟\brotato-my\Src\ECS\Component\Unit\Common\LifecycleComponent\LifecycleComponent.cs(21,5): warning CS1591: 缺少对公共可见类型或成员“DeathType.Normal”的 XML 注释 [E:\Godot\Games\MyGames\复刻土豆兄弟\brotato-my\Brotato_my.csproj]
E:\Godot\Games\MyGames\复刻土豆兄弟\brotato-my\Src\ECS\Component\Unit\Common\LifecycleComponent\LifecycleComponent.cs(22,5): warning CS1591: 缺少对公共可见类型或成员“DeathType.Hero”的 XML 注释 [E:\Godot\Games\MyGames\复刻土豆兄弟\brotato-my\Brotato_my.csproj]
E:\Godot\Games\MyGames\复刻土豆兄弟\brotato-my\Src\ECS\Component\Unit\Common\LifecycleComponent\LifecycleComponent.cs(23,5): warning CS1591: 缺少对公共可见类型或成员“DeathType.Instant”的 XML 注释 [E:\Godot\Games\MyGames\复刻土豆兄弟\brotato-my\Brotato_my.csproj]
E:\Godot\Games\MyGames\复刻土豆兄弟\brotato-my\Src\ECS\Component\Unit\Common\LifecycleComponent\LifecycleComponent.cs(24,5): warning CS1591: 缺少对公共可见类型或成员“DeathType.Summon”的 XML 注释 [E:\Godot\Games\MyGames\复刻土豆兄弟\brotato-my\Brotato_my.csproj]
E:\Godot\Games\MyGames\复刻土豆兄弟\brotato-my\Src\ECS\Component\Unit\Common\RecoveryComponent\RecoveryComponent.cs(27,17): warning CS1591: 缺少对公共可见类型或成员“RecoveryComponent.OnComponentRegistered(Node)”的 XML 注释 [E:\Godot\Games\MyGames\复刻土豆兄弟\brotato-my\Brotato_my.csproj]
E:\Godot\Games\MyGames\复刻土豆兄弟\brotato-my\Src\ECS\Component\Unit\Common\RecoveryComponent\RecoveryComponent.cs(45,17): warning CS1591: 缺少对公共可见类型或成员“RecoveryComponent.OnComponentUnregistered()”的 XML 注释 [E:\Godot\Games\MyGames\复刻土豆兄弟\brotato-my\Brotato_my.csproj]
E:\Godot\Games\MyGames\复刻土豆兄弟\brotato-my\Src\ECS\Component\Unit\Common\UnitAnimationComponent\UnitAnimationComponent.cs(12,25): warning CS1591: 缺少对公共可见类型或成员“Anim.Idle”的 XML 注释 [E:\Godot\Games\MyGames\复刻土豆兄弟\brotato-my\Brotato_my.csproj]
E:\Godot\Games\MyGames\复刻土豆兄弟\brotato-my\Src\ECS\Component\Unit\Common\UnitAnimationComponent\UnitAnimationComponent.cs(13,25): warning CS1591: 缺少对公共可见类型或成员“Anim.Run”的 XML 注释 [E:\Godot\Games\MyGames\复刻土豆兄弟\brotato-my\Brotato_my.csproj]
E:\Godot\Games\MyGames\复刻土豆兄弟\brotato-my\Src\ECS\Component\Unit\Common\UnitAnimationComponent\UnitAnimationComponent.cs(14,25): warning CS1591: 缺少对公共可见类型或成员“Anim.Dead”的 XML 注释 [E:\Godot\Games\MyGames\复刻土豆兄弟\brotato-my\Brotato_my.csproj]
E:\Godot\Games\MyGames\复刻土豆兄弟\brotato-my\Src\ECS\Component\Unit\Common\UnitAnimationComponent\UnitAnimationComponent.cs(17,25): warning CS1591: 缺少对公共可见类型或成员“Anim.Attack1”的 XML 注释 [E:\Godot\Games\MyGames\复刻土豆兄弟\brotato-my\Brotato_my.csproj]
E:\Godot\Games\MyGames\复刻土豆兄弟\brotato-my\Src\ECS\Component\Unit\Common\UnitAnimationComponent\UnitAnimationComponent.cs(18,25): warning CS1591: 缺少对公共可见类型或成员“Anim.Attack2”的 XML 注释 [E:\Godot\Games\MyGames\复刻土豆兄弟\brotato-my\Brotato_my.csproj]
E:\Godot\Games\MyGames\复刻土豆兄弟\brotato-my\Src\ECS\Component\Unit\Common\UnitAnimationComponent\UnitAnimationComponent.cs(21,25): warning CS1591: 缺少对公共可见类型或成员“Anim.BeAttacked”的 XML 注释 [E:\Godot\Games\MyGames\复刻土豆兄弟\brotato-my\Brotato_my.csproj]
E:\Godot\Games\MyGames\复刻土豆兄弟\brotato-my\Src\ECS\Component\Unit\Common\UnitAnimationComponent\UnitAnimationComponent.cs(24,25): warning CS1591: 缺少对公共可见类型或成员“Anim.Skill”的 XML 注释 [E:\Godot\Games\MyGames\复刻土豆兄弟\brotato-my\Brotato_my.csproj]
E:\Godot\Games\MyGames\复刻土豆兄弟\brotato-my\Src\ECS\Component\Unit\Common\UnitAnimationComponent\UnitAnimationComponent.cs(25,25): warning CS1591: 缺少对公共可见类型或成员“Anim.CastingIdle”的 XML 注释 [E:\Godot\Games\MyGames\复刻土豆兄弟\brotato-my\Brotato_my.csproj]
E:\Godot\Games\MyGames\复刻土豆兄弟\brotato-my\Src\ECS\Component\Unit\Common\UnitAnimationComponent\UnitAnimationComponent.cs(28,25): warning CS1591: 缺少对公共可见类型或成员“Anim.Celebrate”的 XML 注释 [E:\Godot\Games\MyGames\复刻土豆兄弟\brotato-my\Brotato_my.csproj]
E:\Godot\Games\MyGames\复刻土豆兄弟\brotato-my\Src\ECS\Component\Unit\Common\UnitAnimationComponent\UnitAnimationComponent.cs(99,17): warning CS1591: 缺少对公共可见类型或成员“UnitAnimationComponent.OnComponentRegistered(Node)”的 XML 注释 [E:\Godot\Games\MyGames\复刻土豆兄弟\brotato-my\Brotato_my.csproj]
E:\Godot\Games\MyGames\复刻土豆兄弟\brotato-my\Src\ECS\Component\Unit\Common\UnitAnimationComponent\UnitAnimationComponent.cs(156,17): warning CS1591: 缺少对公共可见类型或成员“UnitAnimationComponent.OnComponentUnregistered()”的 XML 注释 [E:\Godot\Games\MyGames\复刻土豆兄弟\brotato-my\Brotato_my.csproj]
E:\Godot\Games\MyGames\复刻土豆兄弟\brotato-my\Src\ECS\Component\Unit\Common\UnitAnimationComponent\UnitAnimationComponent.cs(169,26): warning CS1591: 缺少对公共可见类型或成员“UnitAnimationComponent._Process(double)”的 XML 注释 [E:\Godot\Games\MyGames\复刻土豆兄弟\brotato-my\Brotato_my.csproj]
E:\Godot\Games\MyGames\复刻土豆兄弟\brotato-my\Src\ECS\Component\Unit\Common\UnitStateComponent\UnitStateComponent.cs(19,17): warning CS1591: 缺少对公共可见类型或成员“UnitStateComponent.OnComponentRegistered(Node)”的 XML 注释 [E:\Godot\Games\MyGames\复刻土豆兄弟\brotato-my\Brotato_my.csproj]
E:\Godot\Games\MyGames\复刻土豆兄弟\brotato-my\Src\ECS\Component\Unit\Common\UnitStateComponent\UnitStateComponent.cs(21,17): warning CS1591: 缺少对公共可见类型或成员“UnitStateComponent.OnComponentUnregistered()”的 XML 注释 [E:\Godot\Games\MyGames\复刻土豆兄弟\brotato-my\Brotato_my.csproj]
E:\Godot\Games\MyGames\复刻土豆兄弟\brotato-my\Src\ECS\Component\Unit\Enemy\AI\AIComponent.cs(37,17): warning CS1591: 缺少对公共可见类型或成员“AIComponent.OnComponentRegistered(Node)”的 XML 注释 [E:\Godot\Games\MyGames\复刻土豆兄弟\brotato-my\Brotato_my.csproj]
E:\Godot\Games\MyGames\复刻土豆兄弟\brotato-my\Src\ECS\Data\Data.cs(24,12): warning CS1591: 缺少对公共可见类型或成员“Data.Data(IEntity?)”的 XML 注释 [E:\Godot\Games\MyGames\复刻土豆兄弟\brotato-my\Brotato_my.csproj]
E:\Godot\Games\MyGames\复刻土豆兄弟\brotato-my\Src\ECS\Data\Data.cs(49,5): warning CS1587: XML 注释没有放在有效语言元素上 [E:\Godot\Games\MyGames\复刻土豆兄弟\brotato-my\Brotato_my.csproj]
E:\Godot\Games\MyGames\复刻土豆兄弟\brotato-my\Src\ECS\Entity\Ability\AbilityEntity.cs(18,17): warning CS1591: 缺少对公共可见类型或成员“AbilityEntity.Data”的 XML 注释 [E:\Godot\Games\MyGames\复刻土豆兄弟\brotato-my\Brotato_my.csproj]
E:\Godot\Games\MyGames\复刻土豆兄弟\brotato-my\Src\ECS\Entity\Ability\AbilityEntity.cs(19,21): warning CS1591: 缺少对公共可见类型或成员“AbilityEntity.Events”的 XML 注释 [E:\Godot\Games\MyGames\复刻土豆兄弟\brotato-my\Brotato_my.csproj]
E:\Godot\Games\MyGames\复刻土豆兄弟\brotato-my\Src\ECS\Entity\Ability\AbilityEntity.cs(24,12): warning CS1591: 缺少对公共可见类型或成员“AbilityEntity.AbilityEntity()”的 XML 注释 [E:\Godot\Games\MyGames\复刻土豆兄弟\brotato-my\Brotato_my.csproj]
E:\Godot\Games\MyGames\复刻土豆兄弟\brotato-my\Src\ECS\Entity\Ability\AbilityEntity.cs(31,26): warning CS1591: 缺少对公共可见类型或成员“AbilityEntity._Ready()”的 XML 注释 [E:\Godot\Games\MyGames\复刻土豆兄弟\brotato-my\Brotato_my.csproj]
E:\Godot\Games\MyGames\复刻土豆兄弟\brotato-my\Src\ECS\Entity\Ability\AbilityEntity.cs(35,26): warning CS1591: 缺少对公共可见类型或成员“AbilityEntity._ExitTree()”的 XML 注释 [E:\Godot\Games\MyGames\复刻土豆兄弟\brotato-my\Brotato_my.csproj]
E:\Godot\Games\MyGames\复刻土豆兄弟\brotato-my\Src\ECS\Entity\Ability\MovementAbilityEntity\MovementAbilityEntity.cs(11,17): warning CS1591: 缺少对公共可见类型或成员“MovementAbilityEntity.Data”的 XML 注释 [E:\Godot\Games\MyGames\复刻土豆兄弟\brotato-my\Brotato_my.csproj]
E:\Godot\Games\MyGames\复刻土豆兄弟\brotato-my\Src\ECS\Entity\Ability\MovementAbilityEntity\MovementAbilityEntity.cs(12,21): warning CS1591: 缺少对公共可见类型或成员“MovementAbilityEntity.Events”的 XML 注释 [E:\Godot\Games\MyGames\复刻土豆兄弟\brotato-my\Brotato_my.csproj]
E:\Godot\Games\MyGames\复刻土豆兄弟\brotato-my\Src\ECS\Entity\Ability\MovementAbilityEntity\MovementAbilityEntity.cs(14,12): warning CS1591: 缺少对公共可见类型或成员“MovementAbilityEntity.MovementAbilityEntity()”的 XML 注释 [E:\Godot\Games\MyGames\复刻土豆兄弟\brotato-my\Brotato_my.csproj]
E:\Godot\Games\MyGames\复刻土豆兄弟\brotato-my\Src\ECS\Entity\Ability\MovementAbilityEntity\MovementAbilityEntity.cs(20,26): warning CS1591: 缺少对公共可见类型或成员“MovementAbilityEntity._Ready()”的 XML 注释 [E:\Godot\Games\MyGames\复刻土豆兄弟\brotato-my\Brotato_my.csproj]
E:\Godot\Games\MyGames\复刻土豆兄弟\brotato-my\Src\ECS\Entity\Ability\MovementAbilityEntity\MovementAbilityEntity.cs(21,26): warning CS1591: 缺少对公共可见类型或成员“MovementAbilityEntity._ExitTree()”的 XML 注释 [E:\Godot\Games\MyGames\复刻土豆兄弟\brotato-my\Brotato_my.csproj]
E:\Godot\Games\MyGames\复刻土豆兄弟\brotato-my\Src\ECS\Entity\Ability\MovementAbilityEntity\MovementAbilityEntity.cs(23,17): warning CS1591: 缺少对公共可见类型或成员“MovementAbilityEntity.OnPoolAcquire()”的 XML 注释 [E:\Godot\Games\MyGames\复刻土豆兄弟\brotato-my\Brotato_my.csproj]
E:\Godot\Games\MyGames\复刻土豆兄弟\brotato-my\Src\ECS\Entity\Ability\MovementAbilityEntity\MovementAbilityEntity.cs(28,17): warning CS1591: 缺少对公共可见类型或成员“MovementAbilityEntity.OnPoolRelease()”的 XML 注释 [E:\Godot\Games\MyGames\复刻土豆兄弟\brotato-my\Brotato_my.csproj]
E:\Godot\Games\MyGames\复刻土豆兄弟\brotato-my\Src\ECS\Entity\Ability\MovementAbilityEntity\MovementAbilityEntity.cs(30,17): warning CS1591: 缺少对公共可见类型或成员“MovementAbilityEntity.OnPoolReset()”的 XML 注释 [E:\Godot\Games\MyGames\复刻土豆兄弟\brotato-my\Brotato_my.csproj]
E:\Godot\Games\MyGames\复刻土豆兄弟\brotato-my\Src\ECS\Entity\Core\EntityManager_Component.cs(27,24): warning CS1591: 缺少对公共可见类型或成员“EntityManager.TryGetCachedComponentPaths(Node, out List<NodePath>)”的 XML 注释 [E:\Godot\Games\MyGames\复刻土豆兄弟\brotato-my\Brotato_my.csproj]
E:\Godot\Games\MyGames\复刻土豆兄弟\brotato-my\Src\ECS\Entity\Core\EntityRelationshipManager.cs(71,23): warning CS1591: 缺少对公共可见类型或成员“EntityRelationshipManager.RelationshipRecord.ParentEntityId”的 XML 注释 [E:\Godot\Games\MyGames\复刻土豆兄弟\brotato-my\Brotato_my.csproj]
E:\Godot\Games\MyGames\复刻土豆兄弟\brotato-my\Src\ECS\Entity\Core\EntityRelationshipManager.cs(72,23): warning CS1591: 缺少对公共可见类型或成员“EntityRelationshipManager.RelationshipRecord.ChildEntityId”的 XML 注释 [E:\Godot\Games\MyGames\复刻土豆兄弟\brotato-my\Brotato_my.csproj]
E:\Godot\Games\MyGames\复刻土豆兄弟\brotato-my\Src\ECS\Entity\Core\EntityRelationshipManager.cs(73,23): warning CS1591: 缺少对公共可见类型或成员“EntityRelationshipManager.RelationshipRecord.RelationType”的 XML 注释 [E:\Godot\Games\MyGames\复刻土豆兄弟\brotato-my\Brotato_my.csproj]
E:\Godot\Games\MyGames\复刻土豆兄弟\brotato-my\Src\ECS\Entity\Core\EntityRelationshipManager.cs(74,43): warning CS1591: 缺少对公共可见类型或成员“EntityRelationshipManager.RelationshipRecord.Data”的 XML 注释 [E:\Godot\Games\MyGames\复刻土豆兄弟\brotato-my\Brotato_my.csproj]
E:\Godot\Games\MyGames\复刻土豆兄弟\brotato-my\Src\ECS\Entity\Effect\LightningLineEffect\LightningLineEffect.cs(16,17): warning CS1591: 缺少对公共可见类型或成员“LightningLineEffect.Data”的 XML 注释 [E:\Godot\Games\MyGames\复刻土豆兄弟\brotato-my\Brotato_my.csproj]
E:\Godot\Games\MyGames\复刻土豆兄弟\brotato-my\Src\ECS\Entity\Effect\LightningLineEffect\LightningLineEffect.cs(17,21): warning CS1591: 缺少对公共可见类型或成员“LightningLineEffect.Events”的 XML 注释 [E:\Godot\Games\MyGames\复刻土豆兄弟\brotato-my\Brotato_my.csproj]
E:\Godot\Games\MyGames\复刻土豆兄弟\brotato-my\Src\ECS\Entity\Effect\LightningLineEffect\LightningLineEffect.cs(19,12): warning CS1591: 缺少对公共可见类型或成员“LightningLineEffect.LightningLineEffect()”的 XML 注释 [E:\Godot\Games\MyGames\复刻土豆兄弟\brotato-my\Brotato_my.csproj]
E:\Godot\Games\MyGames\复刻土豆兄弟\brotato-my\Src\ECS\Entity\Effect\LightningLineEffect\LightningLineEffect.cs(26,26): warning CS1591: 缺少对公共可见类型或成员“LightningLineEffect._Ready()”的 XML 注释 [E:\Godot\Games\MyGames\复刻土豆兄弟\brotato-my\Brotato_my.csproj]
E:\Godot\Games\MyGames\复刻土豆兄弟\brotato-my\Src\ECS\Entity\Projectile\ProjectileEntity.cs(31,12): warning CS1591: 缺少对公共可见类型或成员“ProjectileEntity.ProjectileEntity()”的 XML 注释 [E:\Godot\Games\MyGames\复刻土豆兄弟\brotato-my\Brotato_my.csproj]
E:\Godot\Games\MyGames\复刻土豆兄弟\brotato-my\Src\ECS\Entity\Projectile\ProjectileEntity.cs(39,26): warning CS1591: 缺少对公共可见类型或成员“ProjectileEntity._Ready()”的 XML 注释 [E:\Godot\Games\MyGames\复刻土豆兄弟\brotato-my\Brotato_my.csproj]
E:\Godot\Games\MyGames\复刻土豆兄弟\brotato-my\Src\ECS\Entity\Projectile\ProjectileEntity.cs(43,26): warning CS1591: 缺少对公共可见类型或成员“ProjectileEntity._ExitTree()”的 XML 注释 [E:\Godot\Games\MyGames\复刻土豆兄弟\brotato-my\Brotato_my.csproj]
E:\Godot\Games\MyGames\复刻土豆兄弟\brotato-my\Src\ECS\Entity\TemplateEntity.cs(32,12): warning CS1591: 缺少对公共可见类型或成员“TemplateEntity.TemplateEntity()”的 XML 注释 [E:\Godot\Games\MyGames\复刻土豆兄弟\brotato-my\Brotato_my.csproj]
E:\Godot\Games\MyGames\复刻土豆兄弟\brotato-my\Src\ECS\Entity\TemplateEntity.cs(41,26): warning CS1591: 缺少对公共可见类型或成员“TemplateEntity._Ready()”的 XML 注释 [E:\Godot\Games\MyGames\复刻土豆兄弟\brotato-my\Brotato_my.csproj]
E:\Godot\Games\MyGames\复刻土豆兄弟\brotato-my\Src\ECS\Entity\TemplateEntity.cs(51,26): warning CS1591: 缺少对公共可见类型或成员“TemplateEntity._ExitTree()”的 XML 注释 [E:\Godot\Games\MyGames\复刻土豆兄弟\brotato-my\Brotato_my.csproj]
E:\Godot\Games\MyGames\复刻土豆兄弟\brotato-my\Src\ECS\Entity\Unit\Enemy\EnemyEntity.cs(21,12): warning CS1591: 缺少对公共可见类型或成员“EnemyEntity.EnemyEntity()”的 XML 注释 [E:\Godot\Games\MyGames\复刻土豆兄弟\brotato-my\Brotato_my.csproj]
E:\Godot\Games\MyGames\复刻土豆兄弟\brotato-my\Src\ECS\Entity\Unit\Enemy\EnemyEntity.cs(35,26): warning CS1591: 缺少对公共可见类型或成员“EnemyEntity._Ready()”的 XML 注释 [E:\Godot\Games\MyGames\复刻土豆兄弟\brotato-my\Brotato_my.csproj]
E:\Godot\Games\MyGames\复刻土豆兄弟\brotato-my\Src\ECS\Entity\Unit\Enemy\EnemyEntity.cs(41,26): warning CS1591: 缺少对公共可见类型或成员“EnemyEntity._ExitTree()”的 XML 注释 [E:\Godot\Games\MyGames\复刻土豆兄弟\brotato-my\Brotato_my.csproj]
E:\Godot\Games\MyGames\复刻土豆兄弟\brotato-my\Src\ECS\Entity\Unit\Player\PlayerEntity.cs(21,9): warning CS1591: 缺少对公共可见类型或成员“PlayerEntity.PlayerEntity()”的 XML 注释 [E:\Godot\Games\MyGames\复刻土豆兄弟\brotato-my\Brotato_my.csproj]
E:\Godot\Games\MyGames\复刻土豆兄弟\brotato-my\Src\ECS\Entity\Unit\Player\PlayerEntity.cs(32,23): warning CS1591: 缺少对公共可见类型或成员“PlayerEntity._Ready()”的 XML 注释 [E:\Godot\Games\MyGames\复刻土豆兄弟\brotato-my\Brotato_my.csproj]
E:\Godot\Games\MyGames\复刻土豆兄弟\brotato-my\Src\ECS\Entity\Unit\Player\PlayerEntity.cs(37,23): warning CS1591: 缺少对公共可见类型或成员“PlayerEntity._ExitTree()”的 XML 注释 [E:\Godot\Games\MyGames\复刻土豆兄弟\brotato-my\Brotato_my.csproj]
E:\Godot\Games\MyGames\复刻土豆兄弟\brotato-my\Src\ECS\Entity\Unit\TargetingIndicator\TargetingIndicatorEntity.cs(16,17): warning CS1591: 缺少对公共可见类型或成员“TargetingIndicatorEntity.Data”的 XML 注释 [E:\Godot\Games\MyGames\复刻土豆兄弟\brotato-my\Brotato_my.csproj]
E:\Godot\Games\MyGames\复刻土豆兄弟\brotato-my\Src\ECS\Entity\Unit\TargetingIndicator\TargetingIndicatorEntity.cs(17,21): warning CS1591: 缺少对公共可见类型或成员“TargetingIndicatorEntity.Events”的 XML 注释 [E:\Godot\Games\MyGames\复刻土豆兄弟\brotato-my\Brotato_my.csproj]
E:\Godot\Games\MyGames\复刻土豆兄弟\brotato-my\Src\ECS\Entity\Unit\TargetingIndicator\TargetingIndicatorEntity.cs(21,12): warning CS1591: 缺少对公共可见类型或成员“TargetingIndicatorEntity.TargetingIndicatorEntity()”的 XML 注释 [E:\Godot\Games\MyGames\复刻土豆兄弟\brotato-my\Brotato_my.csproj]
E:\Godot\Games\MyGames\复刻土豆兄弟\brotato-my\Src\ECS\Entity\Unit\TargetingIndicator\TargetingIndicatorEntity.cs(28,26): warning CS1591: 缺少对公共可见类型或成员“TargetingIndicatorEntity._Ready()”的 XML 注释 [E:\Godot\Games\MyGames\复刻土豆兄弟\brotato-my\Brotato_my.csproj]
E:\Godot\Games\MyGames\复刻土豆兄弟\brotato-my\Src\ECS\Entity\Unit\TargetingIndicator\TargetingIndicatorEntity.cs(36,26): warning CS1591: 缺少对公共可见类型或成员“TargetingIndicatorEntity._ExitTree()”的 XML 注释 [E:\Godot\Games\MyGames\复刻土豆兄弟\brotato-my\Brotato_my.csproj]
E:\Godot\Games\MyGames\复刻土豆兄弟\brotato-my\Src\ECS\Event\EventBus.cs(12,5): warning CS1591: 缺少对公共可见类型或成员“EventPriority.Monitor”的 XML 注释 [E:\Godot\Games\MyGames\复刻土豆兄弟\brotato-my\Brotato_my.csproj]
E:\Godot\Games\MyGames\复刻土豆兄弟\brotato-my\Src\ECS\Event\EventBus.cs(13,5): warning CS1591: 缺少对公共可见类型或成员“EventPriority.Lowest”的 XML 注释 [E:\Godot\Games\MyGames\复刻土豆兄弟\brotato-my\Brotato_my.csproj]
E:\Godot\Games\MyGames\复刻土豆兄弟\brotato-my\Src\ECS\Event\EventBus.cs(14,5): warning CS1591: 缺少对公共可见类型或成员“EventPriority.Low”的 XML 注释 [E:\Godot\Games\MyGames\复刻土豆兄弟\brotato-my\Brotato_my.csproj]
E:\Godot\Games\MyGames\复刻土豆兄弟\brotato-my\Src\ECS\Event\EventBus.cs(15,5): warning CS1591: 缺少对公共可见类型或成员“EventPriority.Normal”的 XML 注释 [E:\Godot\Games\MyGames\复刻土豆兄弟\brotato-my\Brotato_my.csproj]
E:\Godot\Games\MyGames\复刻土豆兄弟\brotato-my\Src\ECS\Event\EventBus.cs(16,5): warning CS1591: 缺少对公共可见类型或成员“EventPriority.High”的 XML 注释 [E:\Godot\Games\MyGames\复刻土豆兄弟\brotato-my\Brotato_my.csproj]
E:\Godot\Games\MyGames\复刻土豆兄弟\brotato-my\Src\ECS\Event\EventBus.cs(17,5): warning CS1591: 缺少对公共可见类型或成员“EventPriority.Highest”的 XML 注释 [E:\Godot\Games\MyGames\复刻土豆兄弟\brotato-my\Brotato_my.csproj]
E:\Godot\Games\MyGames\复刻土豆兄弟\brotato-my\Src\ECS\Event\EventBus.cs(18,5): warning CS1591: 缺少对公共可见类型或成员“EventPriority.Critical”的 XML 注释 [E:\Godot\Games\MyGames\复刻土豆兄弟\brotato-my\Brotato_my.csproj]
E:\Godot\Games\MyGames\复刻土豆兄弟\brotato-my\Src\ECS\System\DamageSystem\DamageInfo.cs(10,5): warning CS1591: 缺少对公共可见类型或成员“DamageType.Physical”的 XML 注释 [E:\Godot\Games\MyGames\复刻土豆兄弟\brotato-my\Brotato_my.csproj]
E:\Godot\Games\MyGames\复刻土豆兄弟\brotato-my\Src\ECS\System\DamageSystem\DamageInfo.cs(11,5): warning CS1591: 缺少对公共可见类型或成员“DamageType.Magical”的 XML 注释 [E:\Godot\Games\MyGames\复刻土豆兄弟\brotato-my\Brotato_my.csproj]
E:\Godot\Games\MyGames\复刻土豆兄弟\brotato-my\Src\ECS\System\DamageSystem\DamageInfo.cs(12,5): warning CS1591: 缺少对公共可见类型或成员“DamageType.True”的 XML 注释 [E:\Godot\Games\MyGames\复刻土豆兄弟\brotato-my\Brotato_my.csproj]
E:\Godot\Games\MyGames\复刻土豆兄弟\brotato-my\Src\ECS\System\DamageSystem\DamageInfo.cs(22,5): warning CS1591: 缺少对公共可见类型或成员“DamageTags.None”的 XML 注释 [E:\Godot\Games\MyGames\复刻土豆兄弟\brotato-my\Brotato_my.csproj]
E:\Godot\Games\MyGames\复刻土豆兄弟\brotato-my\Src\ECS\System\DamageSystem\DamageInfo.cs(23,5): warning CS1591: 缺少对公共可见类型或成员“DamageTags.Attack”的 XML 注释 [E:\Godot\Games\MyGames\复刻土豆兄弟\brotato-my\Brotato_my.csproj]
E:\Godot\Games\MyGames\复刻土豆兄弟\brotato-my\Src\ECS\System\DamageSystem\DamageInfo.cs(24,5): warning CS1591: 缺少对公共可见类型或成员“DamageTags.Ability”的 XML 注释 [E:\Godot\Games\MyGames\复刻土豆兄弟\brotato-my\Brotato_my.csproj]
E:\Godot\Games\MyGames\复刻土豆兄弟\brotato-my\Src\ECS\System\DamageSystem\DamageInfo.cs(25,5): warning CS1591: 缺少对公共可见类型或成员“DamageTags.Melee”的 XML 注释 [E:\Godot\Games\MyGames\复刻土豆兄弟\brotato-my\Brotato_my.csproj]
E:\Godot\Games\MyGames\复刻土豆兄弟\brotato-my\Src\ECS\System\DamageSystem\DamageInfo.cs(26,5): warning CS1591: 缺少对公共可见类型或成员“DamageTags.Ranged”的 XML 注释 [E:\Godot\Games\MyGames\复刻土豆兄弟\brotato-my\Brotato_my.csproj]
E:\Godot\Games\MyGames\复刻土豆兄弟\brotato-my\Src\ECS\System\DamageSystem\DamageInfo.cs(27,5): warning CS1591: 缺少对公共可见类型或成员“DamageTags.Area”的 XML 注释 [E:\Godot\Games\MyGames\复刻土豆兄弟\brotato-my\Brotato_my.csproj]
E:\Godot\Games\MyGames\复刻土豆兄弟\brotato-my\Src\ECS\System\DamageSystem\DamageInfo.cs(28,5): warning CS1591: 缺少对公共可见类型或成员“DamageTags.Persistent”的 XML 注释 [E:\Godot\Games\MyGames\复刻土豆兄弟\brotato-my\Brotato_my.csproj]
E:\Godot\Games\MyGames\复刻土豆兄弟\brotato-my\Src\ECS\System\DamageSystem\DamageInfo.cs(29,5): warning CS1591: 缺少对公共可见类型或成员“DamageTags.Explosion”的 XML 注释 [E:\Godot\Games\MyGames\复刻土豆兄弟\brotato-my\Brotato_my.csproj]
E:\Godot\Games\MyGames\复刻土豆兄弟\brotato-my\Src\ECS\System\DamageSystem\DamageInfo.cs(30,5): warning CS1591: 缺少对公共可见类型或成员“DamageTags.Engineering”的 XML 注释 [E:\Godot\Games\MyGames\复刻土豆兄弟\brotato-my\Brotato_my.csproj]
E:\Godot\Games\MyGames\复刻土豆兄弟\brotato-my\Src\ECS\System\DamageSystem\DamageInfo.cs(70,23): warning CS1591: 缺少对公共可见类型或成员“DamageInfo.Type”的 XML 注释 [E:\Godot\Games\MyGames\复刻土豆兄弟\brotato-my\Brotato_my.csproj]
E:\Godot\Games\MyGames\复刻土豆兄弟\brotato-my\Src\ECS\System\DamageSystem\DamageInfo.cs(71,23): warning CS1591: 缺少对公共可见类型或成员“DamageInfo.Tags”的 XML 注释 [E:\Godot\Games\MyGames\复刻土豆兄弟\brotato-my\Brotato_my.csproj]
E:\Godot\Games\MyGames\复刻土豆兄弟\brotato-my\Src\ECS\System\DamageSystem\DamageInfo.cs(101,25): warning CS1591: 缺少对公共可见类型或成员“DamageInfo.Logs”的 XML 注释 [E:\Godot\Games\MyGames\复刻土豆兄弟\brotato-my\Brotato_my.csproj]
E:\Godot\Games\MyGames\复刻土豆兄弟\brotato-my\Src\ECS\System\DamageSystem\DamageInfo.cs(103,17): warning CS1591: 缺少对公共可见类型或成员“DamageInfo.AddLog(string)”的 XML 注释 [E:\Godot\Games\MyGames\复刻土豆兄弟\brotato-my\Brotato_my.csproj]
E:\Godot\Games\MyGames\复刻土豆兄弟\brotato-my\Src\ECS\System\DamageSystem\DamageService.cs(37,26): warning CS1591: 缺少对公共可见类型或成员“DamageService._EnterTree()”的 XML 注释 [E:\Godot\Games\MyGames\复刻土豆兄弟\brotato-my\Brotato_my.csproj]
E:\Godot\Games\MyGames\复刻土豆兄弟\brotato-my\Src\ECS\System\DamageSystem\DamageService.cs(53,26): warning CS1591: 缺少对公共可见类型或成员“DamageService._ExitTree()”的 XML 注释 [E:\Godot\Games\MyGames\复刻土豆兄弟\brotato-my\Brotato_my.csproj]
E:\Godot\Games\MyGames\复刻土豆兄弟\brotato-my\Src\ECS\System\DamageSystem\DamageStatisticsSystem.cs(29,26): warning CS1591: 缺少对公共可见类型或成员“DamageStatisticsSystem._EnterTree()”的 XML 注释 [E:\Godot\Games\MyGames\复刻土豆兄弟\brotato-my\Brotato_my.csproj]
E:\Godot\Games\MyGames\复刻土豆兄弟\brotato-my\Src\ECS\System\DamageSystem\DamageStatisticsSystem.cs(44,26): warning CS1591: 缺少对公共可见类型或成员“DamageStatisticsSystem._ExitTree()”的 XML 注释 [E:\Godot\Games\MyGames\复刻土豆兄弟\brotato-my\Brotato_my.csproj]
E:\Godot\Games\MyGames\复刻土豆兄弟\brotato-my\Src\ECS\System\DamageSystem\Processors\BaseDamageProcessor.cs(11,16): warning CS1591: 缺少对公共可见类型或成员“BaseDamageProcessor.Priority”的 XML 注释 [E:\Godot\Games\MyGames\复刻土豆兄弟\brotato-my\Brotato_my.csproj]
E:\Godot\Games\MyGames\复刻土豆兄弟\brotato-my\Src\ECS\System\DamageSystem\Processors\BaseDamageProcessor.cs(13,17): warning CS1591: 缺少对公共可见类型或成员“BaseDamageProcessor.Process(DamageInfo)”的 XML 注释 [E:\Godot\Games\MyGames\复刻土豆兄弟\brotato-my\Brotato_my.csproj]
E:\Godot\Games\MyGames\复刻土豆兄弟\brotato-my\Src\ECS\System\DamageSystem\Processors\CritProcessor.cs(10,16): warning CS1591: 缺少对公共可见类型或成员“CritProcessor.Priority”的 XML 注释 [E:\Godot\Games\MyGames\复刻土豆兄弟\brotato-my\Brotato_my.csproj]
E:\Godot\Games\MyGames\复刻土豆兄弟\brotato-my\Src\ECS\System\DamageSystem\Processors\DamageTakenAmplificationProcessor.cs(10,16): warning CS1591: 缺少对公共可见类型或成员“DamageTakenAmplificationProcessor.Priority”的 XML 注释 [E:\Godot\Games\MyGames\复刻土豆兄弟\brotato-my\Brotato_my.csproj]
E:\Godot\Games\MyGames\复刻土豆兄弟\brotato-my\Src\ECS\System\DamageSystem\Processors\DamageTakenAmplificationProcessor.cs(12,17): warning CS1591: 缺少对公共可见类型或成员“DamageTakenAmplificationProcessor.Process(DamageInfo)”的 XML 注释 [E:\Godot\Games\MyGames\复刻土豆兄弟\brotato-my\Brotato_my.csproj]
E:\Godot\Games\MyGames\复刻土豆兄弟\brotato-my\Src\ECS\System\DamageSystem\Processors\DefenseProcessor.cs(10,16): warning CS1591: 缺少对公共可见类型或成员“DefenseProcessor.Priority”的 XML 注释 [E:\Godot\Games\MyGames\复刻土豆兄弟\brotato-my\Brotato_my.csproj]
E:\Godot\Games\MyGames\复刻土豆兄弟\brotato-my\Src\ECS\System\DamageSystem\Processors\DefenseProcessor.cs(12,17): warning CS1591: 缺少对公共可见类型或成员“DefenseProcessor.Process(DamageInfo)”的 XML 注释 [E:\Godot\Games\MyGames\复刻土豆兄弟\brotato-my\Brotato_my.csproj]
E:\Godot\Games\MyGames\复刻土豆兄弟\brotato-my\Src\ECS\System\DamageSystem\Processors\DodgeProcessor.cs(10,16): warning CS1591: 缺少对公共可见类型或成员“DodgeProcessor.Priority”的 XML 注释 [E:\Godot\Games\MyGames\复刻土豆兄弟\brotato-my\Brotato_my.csproj]
E:\Godot\Games\MyGames\复刻土豆兄弟\brotato-my\Src\ECS\System\DamageSystem\Processors\DodgeProcessor.cs(12,17): warning CS1591: 缺少对公共可见类型或成员“DodgeProcessor.Process(DamageInfo)”的 XML 注释 [E:\Godot\Games\MyGames\复刻土豆兄弟\brotato-my\Brotato_my.csproj]
E:\Godot\Games\MyGames\复刻土豆兄弟\brotato-my\Src\ECS\System\DamageSystem\Processors\FlatReductionProcessor.cs(10,16): warning CS1591: 缺少对公共可见类型或成员“FlatReductionProcessor.Priority”的 XML 注释 [E:\Godot\Games\MyGames\复刻土豆兄弟\brotato-my\Brotato_my.csproj]
E:\Godot\Games\MyGames\复刻土豆兄弟\brotato-my\Src\ECS\System\DamageSystem\Processors\FlatReductionProcessor.cs(12,17): warning CS1591: 缺少对公共可见类型或成员“FlatReductionProcessor.Process(DamageInfo)”的 XML 注释 [E:\Godot\Games\MyGames\复刻土豆兄弟\brotato-my\Brotato_my.csproj]
E:\Godot\Games\MyGames\复刻土豆兄弟\brotato-my\Src\ECS\System\DamageSystem\Processors\HealthExecutionProcessor.cs(11,16): warning CS1591: 缺少对公共可见类型或成员“HealthExecutionProcessor.Priority”的 XML 注释 [E:\Godot\Games\MyGames\复刻土豆兄弟\brotato-my\Brotato_my.csproj]
E:\Godot\Games\MyGames\复刻土豆兄弟\brotato-my\Src\ECS\System\DamageSystem\Processors\HealthExecutionProcessor.cs(13,17): warning CS1591: 缺少对公共可见类型或成员“HealthExecutionProcessor.Process(DamageInfo)”的 XML 注释 [E:\Godot\Games\MyGames\复刻土豆兄弟\brotato-my\Brotato_my.csproj]
E:\Godot\Games\MyGames\复刻土豆兄弟\brotato-my\Src\ECS\System\DamageSystem\Processors\LifestealProcessor.cs(11,16): warning CS1591: 缺少对公共可见类型或成员“LifestealProcessor.Priority”的 XML 注释 [E:\Godot\Games\MyGames\复刻土豆兄弟\brotato-my\Brotato_my.csproj]
E:\Godot\Games\MyGames\复刻土豆兄弟\brotato-my\Src\ECS\System\DamageSystem\Processors\LifestealProcessor.cs(13,17): warning CS1591: 缺少对公共可见类型或成员“LifestealProcessor.Process(DamageInfo)”的 XML 注释 [E:\Godot\Games\MyGames\复刻土豆兄弟\brotato-my\Brotato_my.csproj]
E:\Godot\Games\MyGames\复刻土豆兄弟\brotato-my\Src\ECS\System\DamageSystem\Processors\ShieldProcessor.cs(10,16): warning CS1591: 缺少对公共可见类型或成员“ShieldProcessor.Priority”的 XML 注释 [E:\Godot\Games\MyGames\复刻土豆兄弟\brotato-my\Brotato_my.csproj]
E:\Godot\Games\MyGames\复刻土豆兄弟\brotato-my\Src\ECS\System\DamageSystem\Processors\ShieldProcessor.cs(12,17): warning CS1591: 缺少对公共可见类型或成员“ShieldProcessor.Process(DamageInfo)”的 XML 注释 [E:\Godot\Games\MyGames\复刻土豆兄弟\brotato-my\Brotato_my.csproj]
E:\Godot\Games\MyGames\复刻土豆兄弟\brotato-my\Src\ECS\System\FeatureSystem\Action\ApplyModifierAction.cs(24,17): warning CS1591: 缺少对公共可见类型或成员“ApplyModifierAction.Execute(FeatureContext)”的 XML 注释 [E:\Godot\Games\MyGames\复刻土豆兄弟\brotato-my\Brotato_my.csproj]
E:\Godot\Games\MyGames\复刻土豆兄弟\brotato-my\Src\ECS\System\FeatureSystem\Action\EmitEventAction.cs(17,17): warning CS1591: 缺少对公共可见类型或成员“EmitEventAction.Execute(FeatureContext)”的 XML 注释 [E:\Godot\Games\MyGames\复刻土豆兄弟\brotato-my\Brotato_my.csproj]
E:\Godot\Games\MyGames\复刻土豆兄弟\brotato-my\Src\ECS\System\FeatureSystem\Action\RemoveModifierAction.cs(12,17): warning CS1591: 缺少对公共可见类型或成员“RemoveModifierAction.Execute(FeatureContext)”的 XML 注释 [E:\Godot\Games\MyGames\复刻土豆兄弟\brotato-my\Brotato_my.csproj]
E:\Godot\Games\MyGames\复刻土豆兄弟\brotato-my\Src\ECS\System\FeatureSystem\FeatureInstance.cs(40,12): warning CS1591: 缺少对公共可见类型或成员“FeatureInstance.FeatureInstance(IEntity, IEntity, double)”的 XML 注释 [E:\Godot\Games\MyGames\复刻土豆兄弟\brotato-my\Brotato_my.csproj]
E:\Godot\Games\MyGames\复刻土豆兄弟\brotato-my\Src\ECS\System\FeatureSystem\FeatureInstance.cs(48,28): warning CS1591: 缺少对公共可见类型或成员“FeatureInstance.ToString()”的 XML 注释 [E:\Godot\Games\MyGames\复刻土豆兄弟\brotato-my\Brotato_my.csproj]
E:\Godot\Games\MyGames\复刻土豆兄弟\brotato-my\Src\ECS\System\Movement\ScalarDriver\ScalarMotion.cs(155,12): warning CS1591: 缺少对公共可见类型或成员“ScalarDriverStepResult.ScalarDriverStepResult(float, float, float, bool, bool, bool, bool)”的 XML 注释 [E:\Godot\Games\MyGames\复刻土豆兄弟\brotato-my\Brotato_my.csproj]
E:\Godot\Games\MyGames\复刻土豆兄弟\brotato-my\Src\ECS\System\Movement\Strategies\Charge\ChargeStrategy.cs(69,24): warning CS1591: 缺少对公共可见类型或成员“ChargeStrategy.Register()”的 XML 注释 [E:\Godot\Games\MyGames\复刻土豆兄弟\brotato-my\Brotato_my.csproj]
E:\Godot\Games\MyGames\复刻土豆兄弟\brotato-my\Src\ECS\System\Movement\Strategies\Curve\CircularArcStrategy.cs(55,24): warning CS1591: 缺少对公共可见类型或成员“CircularArcStrategy.Register()”的 XML 注释 [E:\Godot\Games\MyGames\复刻土豆兄弟\brotato-my\Brotato_my.csproj]
E:\Godot\Games\MyGames\复刻土豆兄弟\brotato-my\Src\ECS\System\Movement\Strategies\Curve\ParabolaStrategy.cs(53,24): warning CS1591: 缺少对公共可见类型或成员“ParabolaStrategy.Register()”的 XML 注释 [E:\Godot\Games\MyGames\复刻土豆兄弟\brotato-my\Brotato_my.csproj]
E:\Godot\Games\MyGames\复刻土豆兄弟\brotato-my\Src\ECS\System\Movement\Strategies\Orbit\OrbitStrategy.cs(84,24): warning CS1591: 缺少对公共可见类型或成员“OrbitStrategy.Register()”的 XML 注释 [E:\Godot\Games\MyGames\复刻土豆兄弟\brotato-my\Brotato_my.csproj]
E:\Godot\Games\MyGames\复刻土豆兄弟\brotato-my\Src\ECS\System\Movement\Strategies\Projectile\BoomerangStrategy.cs(81,17): warning CS1591: 缺少对公共可见类型或成员“BoomerangStrategy.CanBeInterrupted”的 XML 注释 [E:\Godot\Games\MyGames\复刻土豆兄弟\brotato-my\Brotato_my.csproj]
E:\Godot\Games\MyGames\复刻土豆兄弟\brotato-my\Src\ECS\System\Movement\Strategies\Projectile\BoomerangStrategy.cs(84,24): warning CS1591: 缺少对公共可见类型或成员“BoomerangStrategy.Register()”的 XML 注释 [E:\Godot\Games\MyGames\复刻土豆兄弟\brotato-my\Brotato_my.csproj]
E:\Godot\Games\MyGames\复刻土豆兄弟\brotato-my\Src\ECS\System\Movement\Strategies\Projectile\BoomerangStrategy.cs(89,17): warning CS1591: 缺少对公共可见类型或成员“BoomerangStrategy.OnEnter(IEntity, Data, MovementParams)”的 XML 注释 [E:\Godot\Games\MyGames\复刻土豆兄弟\brotato-my\Brotato_my.csproj]
E:\Godot\Games\MyGames\复刻土豆兄弟\brotato-my\Src\ECS\System\Movement\Strategies\Projectile\BoomerangStrategy.cs(121,33): warning CS1591: 缺少对公共可见类型或成员“BoomerangStrategy.Update(IEntity, Data, float, MovementParams)”的 XML 注释 [E:\Godot\Games\MyGames\复刻土豆兄弟\brotato-my\Brotato_my.csproj]
E:\Godot\Games\MyGames\复刻土豆兄弟\brotato-my\Src\ECS\System\RecoverySystem\RecoverySystem.cs(75,26): warning CS1591: 缺少对公共可见类型或成员“RecoverySystem._EnterTree()”的 XML 注释 [E:\Godot\Games\MyGames\复刻土豆兄弟\brotato-my\Brotato_my.csproj]
E:\Godot\Games\MyGames\复刻土豆兄弟\brotato-my\Src\ECS\System\RecoverySystem\RecoverySystem.cs(81,26): warning CS1591: 缺少对公共可见类型或成员“RecoverySystem._Ready()”的 XML 注释 [E:\Godot\Games\MyGames\复刻土豆兄弟\brotato-my\Brotato_my.csproj]
E:\Godot\Games\MyGames\复刻土豆兄弟\brotato-my\Src\ECS\System\RecoverySystem\RecoverySystem.cs(88,26): warning CS1591: 缺少对公共可见类型或成员“RecoverySystem._ExitTree()”的 XML 注释 [E:\Godot\Games\MyGames\复刻土豆兄弟\brotato-my\Brotato_my.csproj]
E:\Godot\Games\MyGames\复刻土豆兄弟\brotato-my\Src\ECS\System\Spawn\SpawnPositionCalculator.cs(38,18): warning CS1591: 缺少对公共可见类型或成员“SpawnPositionParams.MinX”的 XML 注释 [E:\Godot\Games\MyGames\复刻土豆兄弟\brotato-my\Brotato_my.csproj]
E:\Godot\Games\MyGames\复刻土豆兄弟\brotato-my\Src\ECS\System\Spawn\SpawnPositionCalculator.cs(39,18): warning CS1591: 缺少对公共可见类型或成员“SpawnPositionParams.MaxX”的 XML 注释 [E:\Godot\Games\MyGames\复刻土豆兄弟\brotato-my\Brotato_my.csproj]
E:\Godot\Games\MyGames\复刻土豆兄弟\brotato-my\Src\ECS\System\Spawn\SpawnPositionCalculator.cs(40,18): warning CS1591: 缺少对公共可见类型或成员“SpawnPositionParams.MinY”的 XML 注释 [E:\Godot\Games\MyGames\复刻土豆兄弟\brotato-my\Brotato_my.csproj]
E:\Godot\Games\MyGames\复刻土豆兄弟\brotato-my\Src\ECS\System\Spawn\SpawnPositionCalculator.cs(41,18): warning CS1591: 缺少对公共可见类型或成员“SpawnPositionParams.MaxY”的 XML 注释 [E:\Godot\Games\MyGames\复刻土豆兄弟\brotato-my\Brotato_my.csproj]
E:\Godot\Games\MyGames\复刻土豆兄弟\brotato-my\Src\ECS\System\TargetingSystem\TargetingManager.cs(19,24): warning CS1591: 缺少对公共可见类型或成员“TargetingManager.Initialize()”的 XML 注释 [E:\Godot\Games\MyGames\复刻土豆兄弟\brotato-my\Brotato_my.csproj]
E:\Godot\Games\MyGames\复刻土豆兄弟\brotato-my\Src\Main\Main.cs(4,22): warning CS1591: 缺少对公共可见类型或成员“Main”的 XML 注释 [E:\Godot\Games\MyGames\复刻土豆兄弟\brotato-my\Brotato_my.csproj]
E:\Godot\Games\MyGames\复刻土豆兄弟\brotato-my\Src\Main\Main.cs(7,26): warning CS1591: 缺少对公共可见类型或成员“Main._Ready()”的 XML 注释 [E:\Godot\Games\MyGames\复刻土豆兄弟\brotato-my\Brotato_my.csproj]
E:\Godot\Games\MyGames\复刻土豆兄弟\brotato-my\Src\Main\Main.cs(12,26): warning CS1591: 缺少对公共可见类型或成员“Main._Process(double)”的 XML 注释 [E:\Godot\Games\MyGames\复刻土豆兄弟\brotato-my\Brotato_my.csproj]
E:\Godot\Games\MyGames\复刻土豆兄弟\brotato-my\Src\Test\GlobalTest\MainTest\MainTest.cs(6,22): warning CS1591: 缺少对公共可见类型或成员“MainTest”的 XML 注释 [E:\Godot\Games\MyGames\复刻土豆兄弟\brotato-my\Brotato_my.csproj]
E:\Godot\Games\MyGames\复刻土豆兄弟\brotato-my\Src\Test\GlobalTest\MainTest\MainTest.cs(12,26): warning CS1591: 缺少对公共可见类型或成员“MainTest._Ready()”的 XML 注释 [E:\Godot\Games\MyGames\复刻土豆兄弟\brotato-my\Brotato_my.csproj]
E:\Godot\Games\MyGames\复刻土豆兄弟\brotato-my\Src\Test\GlobalTest\MainTest\MainTest.cs(176,26): warning CS1591: 缺少对公共可见类型或成员“MainTest._Process(double)”的 XML 注释 [E:\Godot\Games\MyGames\复刻土豆兄弟\brotato-my\Brotato_my.csproj]
E:\Godot\Games\MyGames\复刻土豆兄弟\brotato-my\Src\Test\SingleTest\ECS\Data\DataTestScene.cs(24,26): warning CS1591: 缺少对公共可见类型或成员“DataTestScene._Ready()”的 XML 注释 [E:\Godot\Games\MyGames\复刻土豆兄弟\brotato-my\Brotato_my.csproj]
E:\Godot\Games\MyGames\复刻土豆兄弟\brotato-my\Src\Test\SingleTest\ECS\Data\TestDataRegister.cs(13,24): warning CS1591: 缺少对公共可见类型或成员“TestDataRegister.Initialize()”的 XML 注释 [E:\Godot\Games\MyGames\复刻土豆兄弟\brotato-my\Brotato_my.csproj]
E:\Godot\Games\MyGames\复刻土豆兄弟\brotato-my\Src\Test\SingleTest\ECS\ECSTest\ECSTest.cs(7,22): warning CS1591: 缺少对公共可见类型或成员“ECSTest”的 XML 注释 [E:\Godot\Games\MyGames\复刻土豆兄弟\brotato-my\Brotato_my.csproj]
E:\Godot\Games\MyGames\复刻土豆兄弟\brotato-my\Src\Test\SingleTest\ECS\ECSTest\ECSTest.cs(23,26): warning CS1591: 缺少对公共可见类型或成员“ECSTest._Ready()”的 XML 注释 [E:\Godot\Games\MyGames\复刻土豆兄弟\brotato-my\Brotato_my.csproj]
E:\Godot\Games\MyGames\复刻土豆兄弟\brotato-my\Src\Test\SingleTest\ECS\ECSTest\ECSTest.cs(42,17): warning CS1591: 缺少对公共可见类型或成员“ECSTest.RunAllTests()”的 XML 注释 [E:\Godot\Games\MyGames\复刻土豆兄弟\brotato-my\Brotato_my.csproj]
E:\Godot\Games\MyGames\复刻土豆兄弟\brotato-my\Src\Test\SingleTest\Test\ExportTest\ExportTest.cs(5,22): warning CS1591: 缺少对公共可见类型或成员“ExportTest”的 XML 注释 [E:\Godot\Games\MyGames\复刻土豆兄弟\brotato-my\Brotato_my.csproj]
E:\Godot\Games\MyGames\复刻土豆兄弟\brotato-my\Src\Test\SingleTest\Test\ExportTest\ExportTest.cs(11,16): warning CS1591: 缺少对公共可见类型或成员“ExportTest.Health”的 XML 注释 [E:\Godot\Games\MyGames\复刻土豆兄弟\brotato-my\Brotato_my.csproj]
E:\Godot\Games\MyGames\复刻土豆兄弟\brotato-my\Src\Test\SingleTest\Test\ExportTest\ExportTest.cs(14,18): warning CS1591: 缺少对公共可见类型或成员“ExportTest.SpeedMultiplier”的 XML 注释 [E:\Godot\Games\MyGames\复刻土豆兄弟\brotato-my\Brotato_my.csproj]
E:\Godot\Games\MyGames\复刻土豆兄弟\brotato-my\Src\Test\SingleTest\Test\ExportTest\ExportTest.cs(17,19): warning CS1591: 缺少对公共可见类型或成员“ExportTest.Description”的 XML 注释 [E:\Godot\Games\MyGames\复刻土豆兄弟\brotato-my\Brotato_my.csproj]
E:\Godot\Games\MyGames\复刻土豆兄弟\brotato-my\Src\Test\SingleTest\Test\ExportTest\ExportTest.cs(20,19): warning CS1591: 缺少对公共可见类型或成员“ExportTest.PlayerName”的 XML 注释 [E:\Godot\Games\MyGames\复刻土豆兄弟\brotato-my\Brotato_my.csproj]
E:\Godot\Games\MyGames\复刻土豆兄弟\brotato-my\Src\Test\SingleTest\Test\ExportTest\ExportTest.cs(26,19): warning CS1591: 缺少对公共可见类型或成员“ExportTest.CharacterImagePath”的 XML 注释 [E:\Godot\Games\MyGames\复刻土豆兄弟\brotato-my\Brotato_my.csproj]
E:\Godot\Games\MyGames\复刻土豆兄弟\brotato-my\Src\Test\SingleTest\Test\ExportTest\ExportTest.cs(29,19): warning CS1591: 缺少对公共可见类型或成员“ExportTest.ScenePath”的 XML 注释 [E:\Godot\Games\MyGames\复刻土豆兄弟\brotato-my\Brotato_my.csproj]
E:\Godot\Games\MyGames\复刻土豆兄弟\brotato-my\Src\Test\SingleTest\Test\ExportTest\ExportTest.cs(32,19): warning CS1591: 缺少对公共可见类型或成员“ExportTest.DataDirectory”的 XML 注释 [E:\Godot\Games\MyGames\复刻土豆兄弟\brotato-my\Brotato_my.csproj]
E:\Godot\Games\MyGames\复刻土豆兄弟\brotato-my\Src\Test\SingleTest\Test\ExportTest\ExportTest.cs(38,22): warning CS1591: 缺少对公共可见类型或成员“ExportTest.CharacterTexture”的 XML 注释 [E:\Godot\Games\MyGames\复刻土豆兄弟\brotato-my\Brotato_my.csproj]
E:\Godot\Games\MyGames\复刻土豆兄弟\brotato-my\Src\Test\SingleTest\Test\ExportTest\ExportTest.cs(41,24): warning CS1591: 缺少对公共可见类型或成员“ExportTest.EnemyScene”的 XML 注释 [E:\Godot\Games\MyGames\复刻土豆兄弟\brotato-my\Brotato_my.csproj]
E:\Godot\Games\MyGames\复刻土豆兄弟\brotato-my\Src\Test\SingleTest\Test\ExportTest\ExportTest.cs(44,24): warning CS1591: 缺少对公共可见类型或成员“ExportTest.BackgroundMusic”的 XML 注释 [E:\Godot\Games\MyGames\复刻土豆兄弟\brotato-my\Brotato_my.csproj]
E:\Godot\Games\MyGames\复刻土豆兄弟\brotato-my\Src\Test\SingleTest\Test\ExportTest\ExportTest.cs(47,21): warning CS1591: 缺少对公共可见类型或成员“ExportTest.PlayerNodePath”的 XML 注释 [E:\Godot\Games\MyGames\复刻土豆兄弟\brotato-my\Brotato_my.csproj]
E:\Godot\Games\MyGames\复刻土豆兄弟\brotato-my\Src\Test\SingleTest\Test\ExportTest\ExportTest.cs(53,26): warning CS1591: 缺少对公共可见类型或成员“ExportTest.Type”的 XML 注释 [E:\Godot\Games\MyGames\复刻土豆兄弟\brotato-my\Brotato_my.csproj]
E:\Godot\Games\MyGames\复刻土豆兄弟\brotato-my\Src\Test\SingleTest\Test\ExportTest\ExportTest.cs(56,22): warning CS1591: 缺少对公共可见类型或成员“ExportTest.PlayerAbilities”的 XML 注释 [E:\Godot\Games\MyGames\复刻土豆兄弟\brotato-my\Brotato_my.csproj]
E:\Godot\Games\MyGames\复刻土豆兄弟\brotato-my\Src\Test\SingleTest\Test\ExportTest\ExportTest.cs(62,18): warning CS1591: 缺少对公共可见类型或成员“ExportTest.PrimaryColor”的 XML 注释 [E:\Godot\Games\MyGames\复刻土豆兄弟\brotato-my\Brotato_my.csproj]
E:\Godot\Games\MyGames\复刻土豆兄弟\brotato-my\Src\Test\SingleTest\Test\ExportTest\ExportTest.cs(65,18): warning CS1591: 缺少对公共可见类型或成员“ExportTest.SecondaryColor”的 XML 注释 [E:\Godot\Games\MyGames\复刻土豆兄弟\brotato-my\Brotato_my.csproj]
E:\Godot\Games\MyGames\复刻土豆兄弟\brotato-my\Src\Test\SingleTest\Test\ExportTest\ExportTest.cs(68,21): warning CS1591: 缺少对公共可见类型或成员“ExportTest.HealthGradient”的 XML 注释 [E:\Godot\Games\MyGames\复刻土豆兄弟\brotato-my\Brotato_my.csproj]
E:\Godot\Games\MyGames\复刻土豆兄弟\brotato-my\Src\Test\SingleTest\Test\ExportTest\ExportTest.cs(74,21): warning CS1591: 缺少对公共可见类型或成员“ExportTest.ItemNames”的 XML 注释 [E:\Godot\Games\MyGames\复刻土豆兄弟\brotato-my\Brotato_my.csproj]
E:\Godot\Games\MyGames\复刻土豆兄弟\brotato-my\Src\Test\SingleTest\Test\ExportTest\ExportTest.cs(77,18): warning CS1591: 缺少对公共可见类型或成员“ExportTest.LevelRequirements”的 XML 注释 [E:\Godot\Games\MyGames\复刻土豆兄弟\brotato-my\Brotato_my.csproj]
E:\Godot\Games\MyGames\复刻土豆兄弟\brotato-my\Src\Test\SingleTest\Test\ExportTest\ExportTest.cs(80,24): warning CS1591: 缺少对公共可见类型或成员“ExportTest.ItemIcons”的 XML 注释 [E:\Godot\Games\MyGames\复刻土豆兄弟\brotato-my\Brotato_my.csproj]
E:\Godot\Games\MyGames\复刻土豆兄弟\brotato-my\Src\Test\SingleTest\Test\ExportTest\ExportTest.cs(86,18): warning CS1591: 缺少对公共可见类型或成员“ExportTest.DamageFalloff”的 XML 注释 [E:\Godot\Games\MyGames\复刻土豆兄弟\brotato-my\Brotato_my.csproj]
E:\Godot\Games\MyGames\复刻土豆兄弟\brotato-my\Src\Test\SingleTest\Test\ExportTest\ExportTest.cs(89,17): warning CS1591: 缺少对公共可见类型或成员“ExportTest.IsBoss”的 XML 注释 [E:\Godot\Games\MyGames\复刻土豆兄弟\brotato-my\Brotato_my.csproj]
E:\Godot\Games\MyGames\复刻土豆兄弟\brotato-my\Src\Test\SingleTest\Test\ExportTest\ExportTest.cs(92,17): warning CS1591: 缺少对公共可见类型或成员“ExportTest.CollisionLayer”的 XML 注释 [E:\Godot\Games\MyGames\复刻土豆兄弟\brotato-my\Brotato_my.csproj]
E:\Godot\Games\MyGames\复刻土豆兄弟\brotato-my\Src\Test\SingleTest\Test\ExportTest\ExportTest.cs(99,16): warning CS1591: 缺少对公共可见类型或成员“ExportTest.AttackPower”的 XML 注释 [E:\Godot\Games\MyGames\复刻土豆兄弟\brotato-my\Brotato_my.csproj]
E:\Godot\Games\MyGames\复刻土豆兄弟\brotato-my\Src\Test\SingleTest\Test\ExportTest\ExportTest.cs(102,18): warning CS1591: 缺少对公共可见类型或成员“ExportTest.AttackSpeed”的 XML 注释 [E:\Godot\Games\MyGames\复刻土豆兄弟\brotato-my\Brotato_my.csproj]
E:\Godot\Games\MyGames\复刻土豆兄弟\brotato-my\Src\Test\SingleTest\Test\ExportTest\ExportTest.cs(105,16): warning CS1591: 缺少对公共可见类型或成员“ExportTest.Defense”的 XML 注释 [E:\Godot\Games\MyGames\复刻土豆兄弟\brotato-my\Brotato_my.csproj]
E:\Godot\Games\MyGames\复刻土豆兄弟\brotato-my\Src\Test\SingleTest\Test\ExportTest\ExportTest.cs(110,17): warning CS1591: 缺少对公共可见类型或成员“ExportTest.CanCriticalHit”的 XML 注释 [E:\Godot\Games\MyGames\复刻土豆兄弟\brotato-my\Brotato_my.csproj]
E:\Godot\Games\MyGames\复刻土豆兄弟\brotato-my\Src\Test\SingleTest\Test\ExportTest\ExportTest.cs(113,18): warning CS1591: 缺少对公共可见类型或成员“ExportTest.CriticalChance”的 XML 注释 [E:\Godot\Games\MyGames\复刻土豆兄弟\brotato-my\Brotato_my.csproj]
E:\Godot\Games\MyGames\复刻土豆兄弟\brotato-my\Src\Test\SingleTest\Test\ExportTest\ExportTest.cs(116,18): warning CS1591: 缺少对公共可见类型或成员“ExportTest.CriticalMultiplier”的 XML 注释 [E:\Godot\Games\MyGames\复刻土豆兄弟\brotato-my\Brotato_my.csproj]
E:\Godot\Games\MyGames\复刻土豆兄弟\brotato-my\Src\Test\SingleTest\Test\ExportTest\ExportTest.cs(124,24): warning CS1591: 缺少对公共可见类型或成员“ExportTest.HitEffectScene”的 XML 注释 [E:\Godot\Games\MyGames\复刻土豆兄弟\brotato-my\Brotato_my.csproj]
E:\Godot\Games\MyGames\复刻土豆兄弟\brotato-my\Src\Test\SingleTest\Test\ExportTest\ExportTest.cs(127,24): warning CS1591: 缺少对公共可见类型或成员“ExportTest.DeathEffectScene”的 XML 注释 [E:\Godot\Games\MyGames\复刻土豆兄弟\brotato-my\Brotato_my.csproj]
E:\Godot\Games\MyGames\复刻土豆兄弟\brotato-my\Src\Test\SingleTest\Test\ExportTest\ExportTest.cs(132,18): warning CS1591: 缺少对公共可见类型或成员“ExportTest.AnimationSpeed”的 XML 注释 [E:\Godot\Games\MyGames\复刻土豆兄弟\brotato-my\Brotato_my.csproj]
E:\Godot\Games\MyGames\复刻土豆兄弟\brotato-my\Src\Test\SingleTest\Test\ExportTest\ExportTest.cs(135,17): warning CS1591: 缺少对公共可见类型或成员“ExportTest.LoopAnimation”的 XML 注释 [E:\Godot\Games\MyGames\复刻土豆兄弟\brotato-my\Brotato_my.csproj]
E:\Godot\Games\MyGames\复刻土豆兄弟\brotato-my\Src\Test\SingleTest\Test\ExportTest\ExportTest.cs(138,26): warning CS1591: 缺少对公共可见类型或成员“ExportTest._Ready()”的 XML 注释 [E:\Godot\Games\MyGames\复刻土豆兄弟\brotato-my\Brotato_my.csproj]
E:\Godot\Games\MyGames\复刻土豆兄弟\brotato-my\Src\Test\SingleTest\Test\ExportTest\ExportTest.cs(159,19): warning CS1591: 缺少对公共可见类型或成员“ExportTest.GetCharacterTypeDescription()”的 XML 注释 [E:\Godot\Games\MyGames\复刻土豆兄弟\brotato-my\Brotato_my.csproj]
E:\Godot\Games\MyGames\复刻土豆兄弟\brotato-my\Src\Test\SingleTest\Test\ExportTest\ExportTest.cs(172,17): warning CS1591: 缺少对公共可见类型或成员“ExportTest.HasAbility(Abilities)”的 XML 注释 [E:\Godot\Games\MyGames\复刻土豆兄弟\brotato-my\Brotato_my.csproj]
E:\Godot\Games\MyGames\复刻土豆兄弟\brotato-my\Src\Test\SingleTest\Test\ExportTest\ExportTest.cs(178,19): warning CS1591: 缺少对公共可见类型或成员“ExportTest.CreateHitEffect()”的 XML 注释 [E:\Godot\Games\MyGames\复刻土豆兄弟\brotato-my\Brotato_my.csproj]
E:\Godot\Games\MyGames\复刻土豆兄弟\brotato-my\Src\Test\SingleTest\Test\ExportTest\ExportTest.cs(185,19): warning CS1591: 缺少对公共可见类型或成员“ExportTest.CreateDeathEffect()”的 XML 注释 [E:\Godot\Games\MyGames\复刻土豆兄弟\brotato-my\Brotato_my.csproj]
E:\Godot\Games\MyGames\复刻土豆兄弟\brotato-my\Src\Test\SingleTest\Test\ExportTest\ExportTest.cs(193,13): warning CS1591: 缺少对公共可见类型或成员“CharacterType”的 XML 注释 [E:\Godot\Games\MyGames\复刻土豆兄弟\brotato-my\Brotato_my.csproj]
E:\Godot\Games\MyGames\复刻土豆兄弟\brotato-my\Src\Test\SingleTest\Test\ExportTest\ExportTest.cs(195,5): warning CS1591: 缺少对公共可见类型或成员“CharacterType.Warrior”的 XML 注释 [E:\Godot\Games\MyGames\复刻土豆兄弟\brotato-my\Brotato_my.csproj]
E:\Godot\Games\MyGames\复刻土豆兄弟\brotato-my\Src\Test\SingleTest\Test\ExportTest\ExportTest.cs(196,5): warning CS1591: 缺少对公共可见类型或成员“CharacterType.Mage”的 XML 注释 [E:\Godot\Games\MyGames\复刻土豆兄弟\brotato-my\Brotato_my.csproj]
E:\Godot\Games\MyGames\复刻土豆兄弟\brotato-my\Src\Test\SingleTest\Test\ExportTest\ExportTest.cs(197,5): warning CS1591: 缺少对公共可见类型或成员“CharacterType.Archer”的 XML 注释 [E:\Godot\Games\MyGames\复刻土豆兄弟\brotato-my\Brotato_my.csproj]
E:\Godot\Games\MyGames\复刻土豆兄弟\brotato-my\Src\Test\SingleTest\Test\ExportTest\ExportTest.cs(198,5): warning CS1591: 缺少对公共可见类型或成员“CharacterType.Healer”的 XML 注释 [E:\Godot\Games\MyGames\复刻土豆兄弟\brotato-my\Brotato_my.csproj]
E:\Godot\Games\MyGames\复刻土豆兄弟\brotato-my\Src\Test\SingleTest\Test\ExportTest\ExportTest.cs(203,13): warning CS1591: 缺少对公共可见类型或成员“Abilities”的 XML 注释 [E:\Godot\Games\MyGames\复刻土豆兄弟\brotato-my\Brotato_my.csproj]
E:\Godot\Games\MyGames\复刻土豆兄弟\brotato-my\Src\Test\SingleTest\Test\ExportTest\ExportTest.cs(205,5): warning CS1591: 缺少对公共可见类型或成员“Abilities.None”的 XML 注释 [E:\Godot\Games\MyGames\复刻土豆兄弟\brotato-my\Brotato_my.csproj]
E:\Godot\Games\MyGames\复刻土豆兄弟\brotato-my\Src\Test\SingleTest\Test\ExportTest\ExportTest.cs(206,5): warning CS1591: 缺少对公共可见类型或成员“Abilities.Jump”的 XML 注释 [E:\Godot\Games\MyGames\复刻土豆兄弟\brotato-my\Brotato_my.csproj]
E:\Godot\Games\MyGames\复刻土豆兄弟\brotato-my\Src\Test\SingleTest\Test\ExportTest\ExportTest.cs(207,5): warning CS1591: 缺少对公共可见类型或成员“Abilities.Dash”的 XML 注释 [E:\Godot\Games\MyGames\复刻土豆兄弟\brotato-my\Brotato_my.csproj]
E:\Godot\Games\MyGames\复刻土豆兄弟\brotato-my\Src\Test\SingleTest\Test\ExportTest\ExportTest.cs(208,5): warning CS1591: 缺少对公共可见类型或成员“Abilities.DoubleJump”的 XML 注释 [E:\Godot\Games\MyGames\复刻土豆兄弟\brotato-my\Brotato_my.csproj]
E:\Godot\Games\MyGames\复刻土豆兄弟\brotato-my\Src\Test\SingleTest\Test\ExportTest\ExportTest.cs(209,5): warning CS1591: 缺少对公共可见类型或成员“Abilities.Glide”的 XML 注释 [E:\Godot\Games\MyGames\复刻土豆兄弟\brotato-my\Brotato_my.csproj]
E:\Godot\Games\MyGames\复刻土豆兄弟\brotato-my\Src\Test\SingleTest\Test\ExportTest\ExportTest.cs(210,5): warning CS1591: 缺少对公共可见类型或成员“Abilities.WallClimb”的 XML 注释 [E:\Godot\Games\MyGames\复刻土豆兄弟\brotato-my\Brotato_my.csproj]
E:\Godot\Games\MyGames\复刻土豆兄弟\brotato-my\Src\Test\SingleTest\Tools\Math\MyMathTest.cs(4,22): warning CS1591: 缺少对公共可见类型或成员“MyMathTest”的 XML 注释 [E:\Godot\Games\MyGames\复刻土豆兄弟\brotato-my\Brotato_my.csproj]
E:\Godot\Games\MyGames\复刻土豆兄弟\brotato-my\Src\Test\SingleTest\Tools\Math\MyMathTest.cs(8,26): warning CS1591: 缺少对公共可见类型或成员“MyMathTest._Ready()”的 XML 注释 [E:\Godot\Games\MyGames\复刻土豆兄弟\brotato-my\Brotato_my.csproj]
E:\Godot\Games\MyGames\复刻土豆兄弟\brotato-my\Src\Test\SingleTest\Tools\Math\MyMathTest.cs(14,17): warning CS1591: 缺少对公共可见类型或成员“MyMathTest.Run()”的 XML 注释 [E:\Godot\Games\MyGames\复刻土豆兄弟\brotato-my\Brotato_my.csproj]
E:\Godot\Games\MyGames\复刻土豆兄弟\brotato-my\Src\Test\SingleTest\Tools\TargetSelector\TargetSelectorTest.cs(5,22): warning CS1591: 缺少对公共可见类型或成员“TargetSelectorTest”的 XML 注释 [E:\Godot\Games\MyGames\复刻土豆兄弟\brotato-my\Brotato_my.csproj]
E:\Godot\Games\MyGames\复刻土豆兄弟\brotato-my\Src\Test\SingleTest\Tools\TargetSelector\TargetSelectorTest.cs(16,21): warning CS1591: 缺少对公共可见类型或成员“TargetSelectorTest.MockEntity.Data”的 XML 注释 [E:\Godot\Games\MyGames\复刻土豆兄弟\brotato-my\Brotato_my.csproj]
E:\Godot\Games\MyGames\复刻土豆兄弟\brotato-my\Src\Test\SingleTest\Tools\TargetSelector\TargetSelectorTest.cs(17,25): warning CS1591: 缺少对公共可见类型或成员“TargetSelectorTest.MockEntity.Events”的 XML 注释 [E:\Godot\Games\MyGames\复刻土豆兄弟\brotato-my\Brotato_my.csproj]
E:\Godot\Games\MyGames\复刻土豆兄弟\brotato-my\Src\Test\SingleTest\Tools\TargetSelector\TargetSelectorTest.cs(19,16): warning CS1591: 缺少对公共可见类型或成员“TargetSelectorTest.MockEntity.MockEntity(string, Vector2, Team, EntityType)”的 XML 注释 [E:\Godot\Games\MyGames\复刻土豆兄弟\brotato-my\Brotato_my.csproj]
E:\Godot\Games\MyGames\复刻土豆兄弟\brotato-my\Src\Test\SingleTest\Tools\TargetSelector\TargetSelectorTest.cs(29,26): warning CS1591: 缺少对公共可见类型或成员“TargetSelectorTest._Ready()”的 XML 注释 [E:\Godot\Games\MyGames\复刻土豆兄弟\brotato-my\Brotato_my.csproj]
E:\Godot\Games\MyGames\复刻土豆兄弟\brotato-my\Src\Test\SingleTest\Tools\TargetSelector\TargetSelectorTest.cs(35,17): warning CS1591: 缺少对公共可见类型或成员“TargetSelectorTest.Run()”的 XML 注释 [E:\Godot\Games\MyGames\复刻土豆兄弟\brotato-my\Brotato_my.csproj]
E:\Godot\Games\MyGames\复刻土豆兄弟\brotato-my\Src\Tools\Math\Geometry\Geometry2D.cs(28,46): warning CS1573: 参数“point”在“Geometry2D.IsPointInRing(Vector2, Vector2, float, float)”的 XML 注释中没有匹配的 param 标记(但其他参数有) [E:\Godot\Games\MyGames\复刻土豆兄弟\brotato-my\Brotato_my.csproj]
E:\Godot\Games\MyGames\复刻土豆兄弟\brotato-my\Src\Tools\Math\Geometry\Geometry2D.cs(28,61): warning CS1573: 参数“origin”在“Geometry2D.IsPointInRing(Vector2, Vector2, float, float)”的 XML 注释中没有匹配的 param 标记(但其他参数有) [E:\Godot\Games\MyGames\复刻土豆兄弟\brotato-my\Brotato_my.csproj]
E:\Godot\Games\MyGames\复刻土豆兄弟\brotato-my\Src\Tools\Math\Geometry\Geometry2D.cs(41,45): warning CS1573: 参数“point”在“Geometry2D.IsPointInBox(Vector2, Vector2, Vector2, float, float)”的 XML 注释中没有匹配的 param 标记(但其他参数有) [E:\Godot\Games\MyGames\复刻土豆兄弟\brotato-my\Brotato_my.csproj]
E:\Godot\Games\MyGames\复刻土豆兄弟\brotato-my\Src\Tools\Math\Geometry\Geometry2D.cs(63,49): warning CS1573: 参数“point”在“Geometry2D.IsPointInCapsule(Vector2, Vector2, Vector2, float, float)”的 XML 注释中没有匹配的 param 标记(但其他参数有) [E:\Godot\Games\MyGames\复刻土豆兄弟\brotato-my\Brotato_my.csproj]
E:\Godot\Games\MyGames\复刻土豆兄弟\brotato-my\Src\Tools\Math\Geometry\Geometry2D.cs(95,46): warning CS1573: 参数“point”在“Geometry2D.IsPointInCone(Vector2, Vector2, Vector2, float, float)”的 XML 注释中没有匹配的 param 标记(但其他参数有) [E:\Godot\Games\MyGames\复刻土豆兄弟\brotato-my\Brotato_my.csproj]
E:\Godot\Games\MyGames\复刻土豆兄弟\brotato-my\Src\Tools\Math\Geometry\Geometry2D.cs(146,71): warning CS1573: 参数“forward”在“Geometry2D.GetRandomPointInBox(Vector2, Vector2, float, float, RandomNumberGenerator?)”的 XML 注释中没有匹配的 param 标记(但其他参数有) [E:\Godot\Games\MyGames\复刻土豆兄弟\brotato-my\Brotato_my.csproj]
E:\Godot\Games\MyGames\复刻土豆兄弟\brotato-my\Src\Tools\Math\Geometry\Geometry2D.cs(146,86): warning CS1573: 参数“width”在“Geometry2D.GetRandomPointInBox(Vector2, Vector2, float, float, RandomNumberGenerator?)”的 XML 注释中没有匹配的 param 标记(但其他参数有) [E:\Godot\Games\MyGames\复刻土豆兄弟\brotato-my\Brotato_my.csproj]
E:\Godot\Games\MyGames\复刻土豆兄弟\brotato-my\Src\Tools\Math\Geometry\Geometry2D.cs(146,99): warning CS1573: 参数“length”在“Geometry2D.GetRandomPointInBox(Vector2, Vector2, float, float, RandomNumberGenerator?)”的 XML 注释中没有匹配的 param 标记(但其他参数有) [E:\Godot\Games\MyGames\复刻土豆兄弟\brotato-my\Brotato_my.csproj]
E:\Godot\Games\MyGames\复刻土豆兄弟\brotato-my\Src\Tools\Math\Geometry\Geometry2D.cs(146,130): warning CS1573: 参数“rng”在“Geometry2D.GetRandomPointInBox(Vector2, Vector2, float, float, RandomNumberGenerator?)”的 XML 注释中没有匹配的 param 标记(但其他参数有) [E:\Godot\Games\MyGames\复刻土豆兄弟\brotato-my\Brotato_my.csproj]
E:\Godot\Games\MyGames\复刻土豆兄弟\brotato-my\Src\Tools\Math\MyMath.cs(6,21): warning CS1591: 缺少对公共可见类型或成员“MyMath”的 XML 注释 [E:\Godot\Games\MyGames\复刻土豆兄弟\brotato-my\Brotato_my.csproj]
E:\Godot\Games\MyGames\复刻土豆兄弟\brotato-my\Src\UI\Core\GameTheme.cs(14,34): warning CS1591: 缺少对公共可见类型或成员“GameTheme.Player”的 XML 注释 [E:\Godot\Games\MyGames\复刻土豆兄弟\brotato-my\Brotato_my.csproj]
E:\Godot\Games\MyGames\复刻土豆兄弟\brotato-my\Src\UI\Core\GameTheme.cs(15,34): warning CS1591: 缺少对公共可见类型或成员“GameTheme.EnemyNormal”的 XML 注释 [E:\Godot\Games\MyGames\复刻土豆兄弟\brotato-my\Brotato_my.csproj]
E:\Godot\Games\MyGames\复刻土豆兄弟\brotato-my\Src\UI\Core\GameTheme.cs(16,34): warning CS1591: 缺少对公共可见类型或成员“GameTheme.EnemyElite”的 XML 注释 [E:\Godot\Games\MyGames\复刻土豆兄弟\brotato-my\Brotato_my.csproj]
E:\Godot\Games\MyGames\复刻土豆兄弟\brotato-my\Src\UI\Core\GameTheme.cs(17,34): warning CS1591: 缺少对公共可见类型或成员“GameTheme.EnemyBoss”的 XML 注释 [E:\Godot\Games\MyGames\复刻土豆兄弟\brotato-my\Brotato_my.csproj]
E:\Godot\Games\MyGames\复刻土豆兄弟\brotato-my\Src\UI\Core\GameTheme.cs(18,34): warning CS1591: 缺少对公共可见类型或成员“GameTheme.Summon”的 XML 注释 [E:\Godot\Games\MyGames\复刻土豆兄弟\brotato-my\Brotato_my.csproj]
E:\Godot\Games\MyGames\复刻土豆兄弟\brotato-my\Src\UI\Core\GameTheme.cs(21,34): warning CS1591: 缺少对公共可见类型或成员“GameTheme.TextNormal”的 XML 注释 [E:\Godot\Games\MyGames\复刻土豆兄弟\brotato-my\Brotato_my.csproj]
E:\Godot\Games\MyGames\复刻土豆兄弟\brotato-my\Src\UI\Core\GameTheme.cs(22,34): warning CS1591: 缺少对公共可见类型或成员“GameTheme.TextHighlight”的 XML 注释 [E:\Godot\Games\MyGames\复刻土豆兄弟\brotato-my\Brotato_my.csproj]
E:\Godot\Games\MyGames\复刻土豆兄弟\brotato-my\Src\UI\Core\GameTheme.cs(23,34): warning CS1591: 缺少对公共可见类型或成员“GameTheme.TextDanger”的 XML 注释 [E:\Godot\Games\MyGames\复刻土豆兄弟\brotato-my\Brotato_my.csproj]
E:\Godot\Games\MyGames\复刻土豆兄弟\brotato-my\Src\UI\Core\GameTheme.cs(24,34): warning CS1591: 缺少对公共可见类型或成员“GameTheme.TextDisable”的 XML 注释 [E:\Godot\Games\MyGames\复刻土豆兄弟\brotato-my\Brotato_my.csproj]
E:\Godot\Games\MyGames\复刻土豆兄弟\brotato-my\Src\UI\Core\GameTheme.cs(27,34): warning CS1591: 缺少对公共可见类型或成员“GameTheme.DamagePhysical”的 XML 注释 [E:\Godot\Games\MyGames\复刻土豆兄弟\brotato-my\Brotato_my.csproj]
E:\Godot\Games\MyGames\复刻土豆兄弟\brotato-my\Src\UI\Core\GameTheme.cs(28,34): warning CS1591: 缺少对公共可见类型或成员“GameTheme.DamageCritical”的 XML 注释 [E:\Godot\Games\MyGames\复刻土豆兄弟\brotato-my\Brotato_my.csproj]
E:\Godot\Games\MyGames\复刻土豆兄弟\brotato-my\Src\UI\Core\GameTheme.cs(29,34): warning CS1591: 缺少对公共可见类型或成员“GameTheme.DamageMagical”的 XML 注释 [E:\Godot\Games\MyGames\复刻土豆兄弟\brotato-my\Brotato_my.csproj]
E:\Godot\Games\MyGames\复刻土豆兄弟\brotato-my\Src\UI\Core\GameTheme.cs(30,34): warning CS1591: 缺少对公共可见类型或成员“GameTheme.DamageTrue”的 XML 注释 [E:\Godot\Games\MyGames\复刻土豆兄弟\brotato-my\Brotato_my.csproj]
E:\Godot\Games\MyGames\复刻土豆兄弟\brotato-my\Src\UI\Core\GameTheme.cs(31,34): warning CS1591: 缺少对公共可见类型或成员“GameTheme.Heal”的 XML 注释 [E:\Godot\Games\MyGames\复刻土豆兄弟\brotato-my\Brotato_my.csproj]
E:\Godot\Games\MyGames\复刻土豆兄弟\brotato-my\Src\UI\Core\GameTheme.cs(32,34): warning CS1591: 缺少对公共可见类型或成员“GameTheme.Miss”的 XML 注释 [E:\Godot\Games\MyGames\复刻土豆兄弟\brotato-my\Brotato_my.csproj]
E:\Godot\Games\MyGames\复刻土豆兄弟\brotato-my\Src\UI\Core\UIManager.cs(43,26): warning CS1591: 缺少对公共可见类型或成员“UIManager._EnterTree()”的 XML 注释 [E:\Godot\Games\MyGames\复刻土豆兄弟\brotato-my\Brotato_my.csproj]
E:\Godot\Games\MyGames\复刻土豆兄弟\brotato-my\Src\UI\Core\UIManager.cs(48,26): warning CS1591: 缺少对公共可见类型或成员“UIManager._ExitTree()”的 XML 注释 [E:\Godot\Games\MyGames\复刻土豆兄弟\brotato-my\Brotato_my.csproj]
E:\Godot\Games\MyGames\复刻土豆兄弟\brotato-my\Src\UI\UI\DamageNumberUI\DamageNumberUI.cs(29,26): warning CS1591: 缺少对公共可见类型或成员“DamageNumberUI._Ready()”的 XML 注释 [E:\Godot\Games\MyGames\复刻土豆兄弟\brotato-my\Brotato_my.csproj]
E:\Godot\Games\MyGames\复刻土豆兄弟\brotato-my\Src\UI\UI\DamageNumberUI\DamageNumberUI.cs(101,17): warning CS1591: 缺少对公共可见类型或成员“DamageNumberUI.OnPoolAcquire()”的 XML 注释 [E:\Godot\Games\MyGames\复刻土豆兄弟\brotato-my\Brotato_my.csproj]
E:\Godot\Games\MyGames\复刻土豆兄弟\brotato-my\Src\UI\UI\DamageNumberUI\DamageNumberUI.cs(106,17): warning CS1591: 缺少对公共可见类型或成员“DamageNumberUI.OnPoolRelease()”的 XML 注释 [E:\Godot\Games\MyGames\复刻土豆兄弟\brotato-my\Brotato_my.csproj]
E:\Godot\Games\MyGames\复刻土豆兄弟\brotato-my\Src\UI\UI\DamageNumberUI\DamageNumberUI.cs(112,17): warning CS1591: 缺少对公共可见类型或成员“DamageNumberUI.OnPoolReset()”的 XML 注释 [E:\Godot\Games\MyGames\复刻土豆兄弟\brotato-my\Brotato_my.csproj]
E:\Godot\Games\MyGames\复刻土豆兄弟\brotato-my\Src\UI\UI\DamageNumberUI\DamageNumberUI.cs(139,26): warning CS1591: 缺少对公共可见类型或成员“DamageNumberUI._ExitTree()”的 XML 注释 [E:\Godot\Games\MyGames\复刻土豆兄弟\brotato-my\Brotato_my.csproj]
E:\Godot\Games\MyGames\复刻土豆兄弟\brotato-my\Src\UI\UI\HealthBarUI\HealthBarUI.cs(26,24): warning CS1591: 缺少对公共可见类型或成员“HealthBarUI.Initialize()”的 XML 注释 [E:\Godot\Games\MyGames\复刻土豆兄弟\brotato-my\Brotato_my.csproj]
E:\Godot\Games\MyGames\复刻土豆兄弟\brotato-my\Src\UI\UI\HealthBarUI\HealthBarUI.cs(49,26): warning CS1591: 缺少对公共可见类型或成员“HealthBarUI._Ready()”的 XML 注释 [E:\Godot\Games\MyGames\复刻土豆兄弟\brotato-my\Brotato_my.csproj]
E:\Godot\Games\MyGames\复刻土豆兄弟\brotato-my\Src\UI\UI\HealthBarUI\HealthBarUI.cs(81,26): warning CS1591: 缺少对公共可见类型或成员“HealthBarUI._Process(double)”的 XML 注释 [E:\Godot\Games\MyGames\复刻土豆兄弟\brotato-my\Brotato_my.csproj]
E:\Godot\Games\MyGames\复刻土豆兄弟\brotato-my\Src\UI\UI\HealthBarUI\HealthBarUI.cs(154,29): warning CS1591: 缺少对公共可见类型或成员“HealthBarUI.OnBind()”的 XML 注释 [E:\Godot\Games\MyGames\复刻土豆兄弟\brotato-my\Brotato_my.csproj]
E:\Godot\Games\MyGames\复刻土豆兄弟\brotato-my\Src\UI\UI\HealthBarUI\HealthBarUI.cs(170,29): warning CS1591: 缺少对公共可见类型或成员“HealthBarUI.OnUnbind()”的 XML 注释 [E:\Godot\Games\MyGames\复刻土豆兄弟\brotato-my\Brotato_my.csproj]
E:\Godot\Games\MyGames\复刻土豆兄弟\brotato-my\Src\UI\UI\SkillUI\ActiveSkillBarUI.cs(18,26): warning CS1591: 缺少对公共可见类型或成员“ActiveSkillBarUI._Ready()”的 XML 注释 [E:\Godot\Games\MyGames\复刻土豆兄弟\brotato-my\Brotato_my.csproj]
E:\Godot\Games\MyGames\复刻土豆兄弟\brotato-my\Src\UI\UI\SkillUI\ActiveSkillSlotUI.cs(44,26): warning CS1591: 缺少对公共可见类型或成员“ActiveSkillSlotUI._Ready()”的 XML 注释 [E:\Godot\Games\MyGames\复刻土豆兄弟\brotato-my\Brotato_my.csproj]
E:\Godot\Games\MyGames\复刻土豆兄弟\brotato-my\Src\UI\UI\SkillUI\ActiveSkillSlotUI.cs(68,26): warning CS1591: 缺少对公共可见类型或成员“ActiveSkillSlotUI._Process(double)”的 XML 注释 [E:\Godot\Games\MyGames\复刻土豆兄弟\brotato-my\Brotato_my.csproj]
E:\Godot\Games\MyGames\复刻土豆兄弟\brotato-my\Src\UI\UI\SkillUI\ActiveSkillSlotUI.cs(80,29): warning CS1591: 缺少对公共可见类型或成员“ActiveSkillSlotUI.OnBind()”的 XML 注释 [E:\Godot\Games\MyGames\复刻土豆兄弟\brotato-my\Brotato_my.csproj]
E:\Godot\Games\MyGames\复刻土豆兄弟\brotato-my\Src\UI\UI\SkillUI\ActiveSkillSlotUI.cs(93,29): warning CS1591: 缺少对公共可见类型或成员“ActiveSkillSlotUI.OnUnbind()”的 XML 注释 [E:\Godot\Games\MyGames\复刻土豆兄弟\brotato-my\Brotato_my.csproj]
E:\Godot\Games\MyGames\复刻土豆兄弟\brotato-my\Data\Data\Ability\Ability\Slam\Slam.cs(19,6): warning CA2255: “ModuleInitializer” 属性仅用于应用程序代码或高级源生成器方案 (https://learn.microsoft.com/dotnet/fundamentals/code-analysis/quality-rules/ca2255) [E:\Godot\Games\MyGames\复刻土豆兄弟\brotato-my\Brotato_my.csproj]
E:\Godot\Games\MyGames\复刻土豆兄弟\brotato-my\Data\Data\Ability\Ability\CircleDamage\CircleDamage.cs(16,6): warning CA2255: “ModuleInitializer” 属性仅用于应用程序代码或高级源生成器方案 (https://learn.microsoft.com/dotnet/fundamentals/code-analysis/quality-rules/ca2255) [E:\Godot\Games\MyGames\复刻土豆兄弟\brotato-my\Brotato_my.csproj]
E:\Godot\Games\MyGames\复刻土豆兄弟\brotato-my\Data\Data\Ability\Ability\Movement\OrbitSkill\OrbitSkill.cs(12,6): warning CA2255: “ModuleInitializer” 属性仅用于应用程序代码或高级源生成器方案 (https://learn.microsoft.com/dotnet/fundamentals/code-analysis/quality-rules/ca2255) [E:\Godot\Games\MyGames\复刻土豆兄弟\brotato-my\Brotato_my.csproj]
E:\Godot\Games\MyGames\复刻土豆兄弟\brotato-my\Data\Data\Ability\Ability\Movement\ParabolaShot\ParabolaShot.cs(12,6): warning CA2255: “ModuleInitializer” 属性仅用于应用程序代码或高级源生成器方案 (https://learn.microsoft.com/dotnet/fundamentals/code-analysis/quality-rules/ca2255) [E:\Godot\Games\MyGames\复刻土豆兄弟\brotato-my\Brotato_my.csproj]
E:\Godot\Games\MyGames\复刻土豆兄弟\brotato-my\Data\Data\Ability\Ability\Movement\ArcShot\ArcShot.cs(12,6): warning CA2255: “ModuleInitializer” 属性仅用于应用程序代码或高级源生成器方案 (https://learn.microsoft.com/dotnet/fundamentals/code-analysis/quality-rules/ca2255) [E:\Godot\Games\MyGames\复刻土豆兄弟\brotato-my\Brotato_my.csproj]
E:\Godot\Games\MyGames\复刻土豆兄弟\brotato-my\Data\Data\Ability\Ability\Movement\SineWaveShot\SineWaveShot.cs(12,6): warning CA2255: “ModuleInitializer” 属性仅用于应用程序代码或高级源生成器方案 (https://learn.microsoft.com/dotnet/fundamentals/code-analysis/quality-rules/ca2255) [E:\Godot\Games\MyGames\复刻土豆兄弟\brotato-my\Brotato_my.csproj]
E:\Godot\Games\MyGames\复刻土豆兄弟\brotato-my\Data\Data\Ability\Ability\Movement\BezierShot\BezierShot.cs(12,6): warning CA2255: “ModuleInitializer” 属性仅用于应用程序代码或高级源生成器方案 (https://learn.microsoft.com/dotnet/fundamentals/code-analysis/quality-rules/ca2255) [E:\Godot\Games\MyGames\复刻土豆兄弟\brotato-my\Brotato_my.csproj]
E:\Godot\Games\MyGames\复刻土豆兄弟\brotato-my\Data\Data\Ability\Ability\Movement\BoomerangThrow\BoomerangThrow.cs(12,6): warning CA2255: “ModuleInitializer” 属性仅用于应用程序代码或高级源生成器方案 (https://learn.microsoft.com/dotnet/fundamentals/code-analysis/quality-rules/ca2255) [E:\Godot\Games\MyGames\复刻土豆兄弟\brotato-my\Brotato_my.csproj]
E:\Godot\Games\MyGames\复刻土豆兄弟\brotato-my\Data\Data\Ability\Ability\Movement\AuraShield\AuraShield.cs(12,6): warning CA2255: “ModuleInitializer” 属性仅用于应用程序代码或高级源生成器方案 (https://learn.microsoft.com/dotnet/fundamentals/code-analysis/quality-rules/ca2255) [E:\Godot\Games\MyGames\复刻土豆兄弟\brotato-my\Brotato_my.csproj]
E:\Godot\Games\MyGames\复刻土豆兄弟\brotato-my\Data\Data\Ability\Ability\ChainLightning\ChainLightning.cs(32,6): warning CA2255: “ModuleInitializer” 属性仅用于应用程序代码或高级源生成器方案 (https://learn.microsoft.com/dotnet/fundamentals/code-analysis/quality-rules/ca2255) [E:\Godot\Games\MyGames\复刻土豆兄弟\brotato-my\Brotato_my.csproj]
E:\Godot\Games\MyGames\复刻土豆兄弟\brotato-my\Data\Data\Ability\Ability\Movement\Dash\Dash.cs(21,6): warning CA2255: “ModuleInitializer” 属性仅用于应用程序代码或高级源生成器方案 (https://learn.microsoft.com/dotnet/fundamentals/code-analysis/quality-rules/ca2255) [E:\Godot\Games\MyGames\复刻土豆兄弟\brotato-my\Brotato_my.csproj]
E:\Godot\Games\MyGames\复刻土豆兄弟\brotato-my\Data\DataKey\Base\DataKey_Base.cs(8,6): warning CA2255: “ModuleInitializer” 属性仅用于应用程序代码或高级源生成器方案 (https://learn.microsoft.com/dotnet/fundamentals/code-analysis/quality-rules/ca2255) [E:\Godot\Games\MyGames\复刻土豆兄弟\brotato-my\Brotato_my.csproj]
E:\Godot\Games\MyGames\复刻土豆兄弟\brotato-my\Src\ECS\System\DamageSystem\DamageService.cs(20,6): warning CA2255: “ModuleInitializer” 属性仅用于应用程序代码或高级源生成器方案 (https://learn.microsoft.com/dotnet/fundamentals/code-analysis/quality-rules/ca2255) [E:\Godot\Games\MyGames\复刻土豆兄弟\brotato-my\Brotato_my.csproj]
E:\Godot\Games\MyGames\复刻土豆兄弟\brotato-my\Src\ECS\System\DamageSystem\DamageStatisticsSystem.cs(18,6): warning CA2255: “ModuleInitializer” 属性仅用于应用程序代码或高级源生成器方案 (https://learn.microsoft.com/dotnet/fundamentals/code-analysis/quality-rules/ca2255) [E:\Godot\Games\MyGames\复刻土豆兄弟\brotato-my\Brotato_my.csproj]
E:\Godot\Games\MyGames\复刻土豆兄弟\brotato-my\Src\ECS\System\Movement\Strategies\Base\AIControlledStrategy.cs(22,6): warning CA2255: “ModuleInitializer” 属性仅用于应用程序代码或高级源生成器方案 (https://learn.microsoft.com/dotnet/fundamentals/code-analysis/quality-rules/ca2255) [E:\Godot\Games\MyGames\复刻土豆兄弟\brotato-my\Brotato_my.csproj]
E:\Godot\Games\MyGames\复刻土豆兄弟\brotato-my\Src\ECS\System\Movement\Strategies\Base\AttachToHostStrategy.cs(35,6): warning CA2255: “ModuleInitializer” 属性仅用于应用程序代码或高级源生成器方案 (https://learn.microsoft.com/dotnet/fundamentals/code-analysis/quality-rules/ca2255) [E:\Godot\Games\MyGames\复刻土豆兄弟\brotato-my\Brotato_my.csproj]
E:\Godot\Games\MyGames\复刻土豆兄弟\brotato-my\Src\ECS\System\Movement\Strategies\Base\PlayerInputStrategy.cs(15,6): warning CA2255: “ModuleInitializer” 属性仅用于应用程序代码或高级源生成器方案 (https://learn.microsoft.com/dotnet/fundamentals/code-analysis/quality-rules/ca2255) [E:\Godot\Games\MyGames\复刻土豆兄弟\brotato-my\Brotato_my.csproj]
E:\Godot\Games\MyGames\复刻土豆兄弟\brotato-my\Src\ECS\System\Movement\Strategies\Curve\BezierCurveStrategy.cs(53,6): warning CA2255: “ModuleInitializer” 属性仅用于应用程序代码或高级源生成器方案 (https://learn.microsoft.com/dotnet/fundamentals/code-analysis/quality-rules/ca2255) [E:\Godot\Games\MyGames\复刻土豆兄弟\brotato-my\Brotato_my.csproj]
E:\Godot\Games\MyGames\复刻土豆兄弟\brotato-my\Src\ECS\System\Movement\Strategies\Charge\ChargeStrategy.cs(68,6): warning CA2255: “ModuleInitializer” 属性仅用于应用程序代码或高级源生成器方案 (https://learn.microsoft.com/dotnet/fundamentals/code-analysis/quality-rules/ca2255) [E:\Godot\Games\MyGames\复刻土豆兄弟\brotato-my\Brotato_my.csproj]
E:\Godot\Games\MyGames\复刻土豆兄弟\brotato-my\Src\ECS\System\Movement\Strategies\Curve\CircularArcStrategy.cs(54,6): warning CA2255: “ModuleInitializer” 属性仅用于应用程序代码或高级源生成器方案 (https://learn.microsoft.com/dotnet/fundamentals/code-analysis/quality-rules/ca2255) [E:\Godot\Games\MyGames\复刻土豆兄弟\brotato-my\Brotato_my.csproj]
E:\Godot\Games\MyGames\复刻土豆兄弟\brotato-my\Src\ECS\System\Movement\Strategies\Orbit\OrbitStrategy.cs(83,6): warning CA2255: “ModuleInitializer” 属性仅用于应用程序代码或高级源生成器方案 (https://learn.microsoft.com/dotnet/fundamentals/code-analysis/quality-rules/ca2255) [E:\Godot\Games\MyGames\复刻土豆兄弟\brotato-my\Brotato_my.csproj]
E:\Godot\Games\MyGames\复刻土豆兄弟\brotato-my\Src\ECS\System\Movement\Strategies\Curve\ParabolaStrategy.cs(52,6): warning CA2255: “ModuleInitializer” 属性仅用于应用程序代码或高级源生成器方案 (https://learn.microsoft.com/dotnet/fundamentals/code-analysis/quality-rules/ca2255) [E:\Godot\Games\MyGames\复刻土豆兄弟\brotato-my\Brotato_my.csproj]
E:\Godot\Games\MyGames\复刻土豆兄弟\brotato-my\Src\ECS\System\Movement\Strategies\Wave\SineWaveStrategy.cs(68,6): warning CA2255: “ModuleInitializer” 属性仅用于应用程序代码或高级源生成器方案 (https://learn.microsoft.com/dotnet/fundamentals/code-analysis/quality-rules/ca2255) [E:\Godot\Games\MyGames\复刻土豆兄弟\brotato-my\Brotato_my.csproj]
E:\Godot\Games\MyGames\复刻土豆兄弟\brotato-my\Src\ECS\System\Movement\Strategies\Projectile\BoomerangStrategy.cs(83,6): warning CA2255: “ModuleInitializer” 属性仅用于应用程序代码或高级源生成器方案 (https://learn.microsoft.com/dotnet/fundamentals/code-analysis/quality-rules/ca2255) [E:\Godot\Games\MyGames\复刻土豆兄弟\brotato-my\Brotato_my.csproj]
E:\Godot\Games\MyGames\复刻土豆兄弟\brotato-my\Src\ECS\System\RecoverySystem\RecoverySystem.cs(29,6): warning CA2255: “ModuleInitializer” 属性仅用于应用程序代码或高级源生成器方案 (https://learn.microsoft.com/dotnet/fundamentals/code-analysis/quality-rules/ca2255) [E:\Godot\Games\MyGames\复刻土豆兄弟\brotato-my\Brotato_my.csproj]
E:\Godot\Games\MyGames\复刻土豆兄弟\brotato-my\Src\ECS\System\Spawn\SpawnSystem.cs(18,6): warning CA2255: “ModuleInitializer” 属性仅用于应用程序代码或高级源生成器方案 (https://learn.microsoft.com/dotnet/fundamentals/code-analysis/quality-rules/ca2255) [E:\Godot\Games\MyGames\复刻土豆兄弟\brotato-my\Brotato_my.csproj]
E:\Godot\Games\MyGames\复刻土豆兄弟\brotato-my\Src\ECS\System\TargetingSystem\TargetingManager.cs(18,6): warning CA2255: “ModuleInitializer” 属性仅用于应用程序代码或高级源生成器方案 (https://learn.microsoft.com/dotnet/fundamentals/code-analysis/quality-rules/ca2255) [E:\Godot\Games\MyGames\复刻土豆兄弟\brotato-my\Brotato_my.csproj]
E:\Godot\Games\MyGames\复刻土豆兄弟\brotato-my\Src\ECS\System\TestSystem\TestSystem.cs(65,6): warning CA2255: “ModuleInitializer” 属性仅用于应用程序代码或高级源生成器方案 (https://learn.microsoft.com/dotnet/fundamentals/code-analysis/quality-rules/ca2255) [E:\Godot\Games\MyGames\复刻土豆兄弟\brotato-my\Brotato_my.csproj]
E:\Godot\Games\MyGames\复刻土豆兄弟\brotato-my\Src\Test\SingleTest\ECS\Data\TestDataRegister.cs(12,6): warning CA2255: “ModuleInitializer” 属性仅用于应用程序代码或高级源生成器方案 (https://learn.microsoft.com/dotnet/fundamentals/code-analysis/quality-rules/ca2255) [E:\Godot\Games\MyGames\复刻土豆兄弟\brotato-my\Brotato_my.csproj]
E:\Godot\Games\MyGames\复刻土豆兄弟\brotato-my\Src\ECS\Entity\Core\EntityManager_Component_Init.cs(14,10): warning CA2255: “ModuleInitializer” 属性仅用于应用程序代码或高级源生成器方案 (https://learn.microsoft.com/dotnet/fundamentals/code-analysis/quality-rules/ca2255) [E:\Godot\Games\MyGames\复刻土豆兄弟\brotato-my\Brotato_my.csproj]
E:\Godot\Games\MyGames\复刻土豆兄弟\brotato-my\Src\Tools\ObjectPool\ObjectPoolInit.cs(52,6): warning CA2255: “ModuleInitializer” 属性仅用于应用程序代码或高级源生成器方案 (https://learn.microsoft.com/dotnet/fundamentals/code-analysis/quality-rules/ca2255) [E:\Godot\Games\MyGames\复刻土豆兄弟\brotato-my\Brotato_my.csproj]
E:\Godot\Games\MyGames\复刻土豆兄弟\brotato-my\Src\Tools\Timer\TimerManager.cs(34,6): warning CA2255: “ModuleInitializer” 属性仅用于应用程序代码或高级源生成器方案 (https://learn.microsoft.com/dotnet/fundamentals/code-analysis/quality-rules/ca2255) [E:\Godot\Games\MyGames\复刻土豆兄弟\brotato-my\Brotato_my.csproj]
E:\Godot\Games\MyGames\复刻土豆兄弟\brotato-my\Src\UI\Core\UIManager.cs(28,6): warning CA2255: “ModuleInitializer” 属性仅用于应用程序代码或高级源生成器方案 (https://learn.microsoft.com/dotnet/fundamentals/code-analysis/quality-rules/ca2255) [E:\Godot\Games\MyGames\复刻土豆兄弟\brotato-my\Brotato_my.csproj]
E:\Godot\Games\MyGames\复刻土豆兄弟\brotato-my\Src\UI\UI\DamageNumberUI\DamageNumberSystem.cs(24,6): warning CA2255: “ModuleInitializer” 属性仅用于应用程序代码或高级源生成器方案 (https://learn.microsoft.com/dotnet/fundamentals/code-analysis/quality-rules/ca2255) [E:\Godot\Games\MyGames\复刻土豆兄弟\brotato-my\Brotato_my.csproj]
E:\Godot\Games\MyGames\复刻土豆兄弟\brotato-my\Src\UI\UI\HealthBarUI\HealthBarUI.cs(25,6): warning CA2255: “ModuleInitializer” 属性仅用于应用程序代码或高级源生成器方案 (https://learn.microsoft.com/dotnet/fundamentals/code-analysis/quality-rules/ca2255) [E:\Godot\Games\MyGames\复刻土豆兄弟\brotato-my\Brotato_my.csproj]
    850 个警告
    0 个错误

已用时间 00:00:01.77
