  姝ｅ湪纭畾瑕佽繕鍘熺殑椤圭洰鈥?
  鎵€鏈夐」鐩潎鏄渶鏂扮殑锛屾棤娉曡繕鍘熴€?
E:\Godot\Games\MyGames\澶嶅埢鍦熻眴鍏勫紵\brotato-my\Data\DataKeyRegister\Ability\DataKey_Ability.cs(33,27): warning CS1570: XML 娉ㄩ噴鍑虹幇 XML 鏍煎紡閿欒 --鈥滃簲涓烘爣璇嗙銆傗€?[E:\Godot\Games\MyGames\澶嶅埢鍦熻眴鍏勫紵\brotato-my\Brotato_my.csproj]
E:\Godot\Games\MyGames\澶嶅埢鍦熻眴鍏勫紵\brotato-my\Data\DataKeyRegister\Ability\DataKey_Ability.cs(33,27): warning CS1570: XML 娉ㄩ噴鍑虹幇 XML 鏍煎紡閿欒 --鈥滄浣嶇疆鏃犳硶浣跨敤瀛楃鈥?鈥濄€傗€?[E:\Godot\Games\MyGames\澶嶅埢鍦熻眴鍏勫紵\brotato-my\Brotato_my.csproj]
E:\Godot\Games\MyGames\澶嶅埢鍦熻眴鍏勫紵\brotato-my\Data\ResourceManagement\ResourceManagement.cs(15,7): warning CS1570: XML 娉ㄩ噴鍑虹幇 XML 鏍煎紡閿欒 --鈥滅粨鏉熸爣璁扳€渆xample鈥濅笌寮€濮嬫爣璁扳€淓nemyEntity鈥濅笉鍖归厤銆傗€?[E:\Godot\Games\MyGames\澶嶅埢鍦熻眴鍏勫紵\brotato-my\Brotato_my.csproj]
E:\Godot\Games\MyGames\澶嶅埢鍦熻眴鍏勫紵\brotato-my\Data\ResourceManagement\ResourceManagement.cs(17,7): warning CS1570: XML 娉ㄩ噴鍑虹幇 XML 鏍煎紡閿欒 --鈥滅粨鏉熸爣璁扳€渟ummary鈥濅笌寮€濮嬫爣璁扳€渆xample鈥濅笉鍖归厤銆傗€?[E:\Godot\Games\MyGames\澶嶅埢鍦熻眴鍏勫紵\brotato-my\Brotato_my.csproj]
E:\Godot\Games\MyGames\澶嶅埢鍦熻眴鍏勫紵\brotato-my\Data\ResourceManagement\ResourceManagement.cs(18,1): warning CS1570: XML 娉ㄩ噴鍑虹幇 XML 鏍煎紡閿欒 --鈥滃厓绱犫€渟ummary鈥濋渶瑕佺粨鏉熸爣璁般€傗€?[E:\Godot\Games\MyGames\澶嶅埢鍦熻眴鍏勫紵\brotato-my\Brotato_my.csproj]
E:\Godot\Games\MyGames\澶嶅埢鍦熻眴鍏勫紵\brotato-my\Data\Data\Ability\Ability\澶嶆椿鍗疯酱\澶嶆椿鍗疯酱.cs(11,33): warning CS1570: XML 娉ㄩ噴鍑虹幇 XML 鏍煎紡閿欒 --鈥滃簲涓烘爣璇嗙銆傗€?[E:\Godot\Games\MyGames\澶嶅埢鍦熻眴鍏勫紵\brotato-my\Brotato_my.csproj]
E:\Godot\Games\MyGames\澶嶅埢鍦熻眴鍏勫紵\brotato-my\Src\Autoload\AutoLoad.cs(40,7): warning CS1570: XML 娉ㄩ噴鍑虹幇 XML 鏍煎紡閿欒 --鈥滅粨鏉熸爣璁扳€渃ode鈥濅笌寮€濮嬫爣璁扳€淧ackedScene鈥濅笉鍖归厤銆傗€?[E:\Godot\Games\MyGames\澶嶅埢鍦熻眴鍏勫紵\brotato-my\Brotato_my.csproj]
E:\Godot\Games\MyGames\澶嶅埢鍦熻眴鍏勫紵\brotato-my\Data\Data\Ability\Ability\澶嶆椿鍗疯酱\澶嶆椿鍗疯酱.cs(11,33): warning CS1570: XML 娉ㄩ噴鍑虹幇 XML 鏍煎紡閿欒 --鈥?鈥?[E:\Godot\Games\MyGames\澶嶅埢鍦熻眴鍏勫紵\brotato-my\Brotato_my.csproj]
E:\Godot\Games\MyGames\澶嶅埢鍦熻眴鍏勫紵\brotato-my\Src\Autoload\AutoLoad.cs(41,7): warning CS1570: XML 娉ㄩ噴鍑虹幇 XML 鏍煎紡閿欒 --鈥滅粨鏉熸爣璁扳€渆xample鈥濅笌寮€濮嬫爣璁扳€渃ode鈥濅笉鍖归厤銆傗€?[E:\Godot\Games\MyGames\澶嶅埢鍦熻眴鍏勫紵\brotato-my\Brotato_my.csproj]
E:\Godot\Games\MyGames\澶嶅埢鍦熻眴鍏勫紵\brotato-my\Src\Autoload\AutoLoad.cs(42,1): warning CS1570: XML 娉ㄩ噴鍑虹幇 XML 鏍煎紡閿欒 --鈥滃厓绱犫€渆xample鈥濋渶瑕佺粨鏉熸爣璁般€傗€?[E:\Godot\Games\MyGames\澶嶅埢鍦熻眴鍏勫紵\brotato-my\Brotato_my.csproj]
E:\Godot\Games\MyGames\澶嶅埢鍦熻眴鍏勫紵\brotato-my\Src\ECS\Component\Ability\TriggerComponent\TriggerComponent.cs(13,1): warning CS1570: XML 娉ㄩ噴鍑虹幇 XML 鏍煎紡閿欒 --鈥滃厓绱犫€渟ummary鈥濋渶瑕佺粨鏉熸爣璁般€傗€?[E:\Godot\Games\MyGames\澶嶅埢鍦熻眴鍏勫紵\brotato-my\Brotato_my.csproj]
E:\Godot\Games\MyGames\澶嶅埢鍦熻眴鍏勫紵\brotato-my\Src\ECS\Component\Ability\TriggerComponent\TriggerComponent.cs(14,5): warning CS1570: XML 娉ㄩ噴鍑虹幇 XML 鏍煎紡閿欒 --鈥滃湪姝や綅缃笉搴斾负缁撴潫鏍囪銆傗€?[E:\Godot\Games\MyGames\澶嶅埢鍦熻眴鍏勫紵\brotato-my\Brotato_my.csproj]
E:\Godot\Games\MyGames\澶嶅埢鍦熻眴鍏勫紵\brotato-my\Src\ECS\Component\Unit\LifecycleComponent\LifecycleComponent.cs(196,33): warning CS1570: XML 娉ㄩ噴鍑虹幇 XML 鏍煎紡閿欒 --鈥滃簲涓烘爣璇嗙銆傗€?[E:\Godot\Games\MyGames\澶嶅埢鍦熻眴鍏勫紵\brotato-my\Brotato_my.csproj]
E:\Godot\Games\MyGames\澶嶅埢鍦熻眴鍏勫紵\brotato-my\Src\ECS\Component\Unit\LifecycleComponent\LifecycleComponent.cs(196,33): warning CS1570: XML 娉ㄩ噴鍑虹幇 XML 鏍煎紡閿欒 --鈥滄浣嶇疆鏃犳硶浣跨敤瀛楃鈥?鈥濄€傗€?[E:\Godot\Games\MyGames\澶嶅埢鍦熻眴鍏勫紵\brotato-my\Brotato_my.csproj]
E:\Godot\Games\MyGames\澶嶅埢鍦熻眴鍏勫紵\brotato-my\Src\ECS\Entity\IEntity.cs(28,29): warning CS1570: XML 娉ㄩ噴鍑虹幇 XML 鏍煎紡閿欒 --鈥滃簲涓烘爣璇嗙銆傗€?[E:\Godot\Games\MyGames\澶嶅埢鍦熻眴鍏勫紵\brotato-my\Brotato_my.csproj]
E:\Godot\Games\MyGames\澶嶅埢鍦熻眴鍏勫紵\brotato-my\Src\ECS\Entity\IEntity.cs(28,29): warning CS1570: XML 娉ㄩ噴鍑虹幇 XML 鏍煎紡閿欒 --鈥滄浣嶇疆鏃犳硶浣跨敤瀛楃鈥?鈥濄€傗€?[E:\Godot\Games\MyGames\澶嶅埢鍦熻眴鍏勫紵\brotato-my\Brotato_my.csproj]
E:\Godot\Games\MyGames\澶嶅埢鍦熻眴鍏勫紵\brotato-my\Src\ECS\Entity\IEntity.cs(28,57): warning CS1570: XML 娉ㄩ噴鍑虹幇 XML 鏍煎紡閿欒 --鈥滃簲涓烘爣璇嗙銆傗€?[E:\Godot\Games\MyGames\澶嶅埢鍦熻眴鍏勫紵\brotato-my\Brotato_my.csproj]
E:\Godot\Games\MyGames\澶嶅埢鍦熻眴鍏勫紵\brotato-my\Src\ECS\Entity\IEntity.cs(28,57): warning CS1570: XML 娉ㄩ噴鍑虹幇 XML 鏍煎紡閿欒 --鈥滄浣嶇疆鏃犳硶浣跨敤瀛楃鈥?鈥濄€傗€?[E:\Godot\Games\MyGames\澶嶅埢鍦熻眴鍏勫紵\brotato-my\Brotato_my.csproj]
E:\Godot\Games\MyGames\澶嶅埢鍦熻眴鍏勫紵\brotato-my\Src\ECS\Entity\IEntity.cs(29,11): warning CS1570: XML 娉ㄩ噴鍑虹幇 XML 鏍煎紡閿欒 --鈥滅粨鏉熸爣璁扳€渟ummary鈥濅笌寮€濮嬫爣璁扳€溾€濅笉鍖归厤銆傗€?[E:\Godot\Games\MyGames\澶嶅埢鍦熻眴鍏勫紵\brotato-my\Brotato_my.csproj]
E:\Godot\Games\MyGames\澶嶅埢鍦熻眴鍏勫紵\brotato-my\Src\ECS\Entity\IEntity.cs(30,1): warning CS1570: XML 娉ㄩ噴鍑虹幇 XML 鏍煎紡閿欒 --鈥滃厓绱犫€溾€濋渶瑕佺粨鏉熸爣璁般€傗€?[E:\Godot\Games\MyGames\澶嶅埢鍦熻眴鍏勫紵\brotato-my\Brotato_my.csproj]
E:\Godot\Games\MyGames\澶嶅埢鍦熻眴鍏勫紵\brotato-my\Src\ECS\Entity\IEntity.cs(30,1): warning CS1570: XML 娉ㄩ噴鍑虹幇 XML 鏍煎紡閿欒 --鈥滃厓绱犫€渟ummary鈥濋渶瑕佺粨鏉熸爣璁般€傗€?[E:\Godot\Games\MyGames\澶嶅埢鍦熻眴鍏勫紵\brotato-my\Brotato_my.csproj]
E:\Godot\Games\MyGames\澶嶅埢鍦熻眴鍏勫紵\brotato-my\Src\ECS\Entity\Core\EntityManager.cs(96,7): warning CS1570: XML 娉ㄩ噴鍑虹幇 XML 鏍煎紡閿欒 --鈥滅粨鏉熸爣璁扳€渃ode鈥濅笌寮€濮嬫爣璁扳€淗ealthComponent鈥濅笉鍖归厤銆傗€?[E:\Godot\Games\MyGames\澶嶅埢鍦熻眴鍏勫紵\brotato-my\Brotato_my.csproj]
E:\Godot\Games\MyGames\澶嶅埢鍦熻眴鍏勫紵\brotato-my\Src\ECS\Entity\Core\EntityManager.cs(97,7): warning CS1570: XML 娉ㄩ噴鍑虹幇 XML 鏍煎紡閿欒 --鈥滅粨鏉熸爣璁扳€渟ummary鈥濅笌寮€濮嬫爣璁扳€淧layer鈥濅笉鍖归厤銆傗€?[E:\Godot\Games\MyGames\澶嶅埢鍦熻眴鍏勫紵\brotato-my\Brotato_my.csproj]
E:\Godot\Games\MyGames\澶嶅埢鍦熻眴鍏勫紵\brotato-my\Src\ECS\Entity\Core\EntityManager.cs(98,1): warning CS1570: XML 娉ㄩ噴鍑虹幇 XML 鏍煎紡閿欒 --鈥滃厓绱犫€淓nemy鈥濋渶瑕佺粨鏉熸爣璁般€傗€?[E:\Godot\Games\MyGames\澶嶅埢鍦熻眴鍏勫紵\brotato-my\Brotato_my.csproj]
E:\Godot\Games\MyGames\澶嶅埢鍦熻眴鍏勫紵\brotato-my\Src\UI\Core\UIBase.cs(27,7): warning CS1570: XML 娉ㄩ噴鍑虹幇 XML 鏍煎紡閿欒 --鈥滅粨鏉熸爣璁扳€渃ode鈥濅笌寮€濮嬫爣璁扳€渇loat鈥濅笉鍖归厤銆傗€?[E:\Godot\Games\MyGames\澶嶅埢鍦熻眴鍏勫紵\brotato-my\Brotato_my.csproj]
E:\Godot\Games\MyGames\澶嶅埢鍦熻眴鍏勫紵\brotato-my\Src\ECS\Entity\Core\EntityManager.cs(98,1): warning CS1570: XML 娉ㄩ噴鍑虹幇 XML 鏍煎紡閿欒 --鈥滃厓绱犫€渃ode鈥濋渶瑕佺粨鏉熸爣璁般€傗€?[E:\Godot\Games\MyGames\澶嶅埢鍦熻眴鍏勫紵\brotato-my\Brotato_my.csproj]
E:\Godot\Games\MyGames\澶嶅埢鍦熻眴鍏勫紵\brotato-my\Src\UI\Core\UIBase.cs(28,7): warning CS1570: XML 娉ㄩ噴鍑虹幇 XML 鏍煎紡閿欒 --鈥滅粨鏉熸爣璁扳€渟ummary鈥濅笌寮€濮嬫爣璁扳€渃ode鈥濅笉鍖归厤銆傗€?[E:\Godot\Games\MyGames\澶嶅埢鍦熻眴鍏勫紵\brotato-my\Brotato_my.csproj]
E:\Godot\Games\MyGames\澶嶅埢鍦熻眴鍏勫紵\brotato-my\Src\UI\Core\UIBase.cs(29,1): warning CS1570: XML 娉ㄩ噴鍑虹幇 XML 鏍煎紡閿欒 --鈥滃厓绱犫€渟ummary鈥濋渶瑕佺粨鏉熸爣璁般€傗€?[E:\Godot\Games\MyGames\澶嶅埢鍦熻眴鍏勫紵\brotato-my\Brotato_my.csproj]
E:\Godot\Games\MyGames\澶嶅埢鍦熻眴鍏勫紵\brotato-my\Src\Tools\ObjectPool\ObjectPool.cs(111,11): warning CS1570: XML 娉ㄩ噴鍑虹幇 XML 鏍煎紡閿欒 --鈥滅粨鏉熸爣璁扳€減aram鈥濅笌寮€濮嬫爣璁扳€淭鈥濅笉鍖归厤銆傗€?[E:\Godot\Games\MyGames\澶嶅埢鍦熻眴鍏勫紵\brotato-my\Brotato_my.csproj]
E:\Godot\Games\MyGames\澶嶅埢鍦熻眴鍏勫紵\brotato-my\Src\Tools\ObjectPool\ObjectPool.cs(117,1): warning CS1570: XML 娉ㄩ噴鍑虹幇 XML 鏍煎紡閿欒 --鈥滃厓绱犫€減aram鈥濋渶瑕佺粨鏉熸爣璁般€傗€?[E:\Godot\Games\MyGames\澶嶅埢鍦熻眴鍏勫紵\brotato-my\Brotato_my.csproj]
E:\Godot\Games\MyGames\澶嶅埢鍦熻眴鍏勫紵\brotato-my\Src\ECS\Entity\Core\EntityManager.cs(98,1): warning CS1570: XML 娉ㄩ噴鍑虹幇 XML 鏍煎紡閿欒 --鈥滃厓绱犫€渟ummary鈥濋渶瑕佺粨鏉熸爣璁般€傗€?[E:\Godot\Games\MyGames\澶嶅埢鍦熻眴鍏勫紵\brotato-my\Brotato_my.csproj]
E:\Godot\Games\MyGames\澶嶅埢鍦熻眴鍏勫紵\brotato-my\Src\Tools\NodeLifecycle\NodeLifecycleManager.cs(26,7): warning CS1570: XML 娉ㄩ噴鍑虹幇 XML 鏍煎紡閿欒 --鈥滅粨鏉熸爣璁扳€渃ode鈥濅笌寮€濮嬫爣璁扳€淓nemy鈥濅笉鍖归厤銆傗€?[E:\Godot\Games\MyGames\澶嶅埢鍦熻眴鍏勫紵\brotato-my\Brotato_my.csproj]
E:\Godot\Games\MyGames\澶嶅埢鍦熻眴鍏勫紵\brotato-my\Src\Tools\NodeLifecycle\NodeLifecycleManager.cs(27,7): warning CS1570: XML 娉ㄩ噴鍑虹幇 XML 鏍煎紡閿欒 --鈥滅粨鏉熸爣璁扳€渟ummary鈥濅笌寮€濮嬫爣璁扳€渃ode鈥濅笉鍖归厤銆傗€?[E:\Godot\Games\MyGames\澶嶅埢鍦熻眴鍏勫紵\brotato-my\Brotato_my.csproj]
E:\Godot\Games\MyGames\澶嶅埢鍦熻眴鍏勫紵\brotato-my\Src\ECS\Entity\Core\EntityManager.cs(127,11): warning CS1570: XML 娉ㄩ噴鍑虹幇 XML 鏍煎紡閿欒 --鈥滅粨鏉熸爣璁扳€渃ode鈥濅笌寮€濮嬫爣璁扳€淧layer鈥濅笉鍖归厤銆傗€?[E:\Godot\Games\MyGames\澶嶅埢鍦熻眴鍏勫紵\brotato-my\Brotato_my.csproj]
E:\Godot\Games\MyGames\澶嶅埢鍦熻眴鍏勫紵\brotato-my\Src\ECS\Entity\Core\EntityManager.cs(128,11): warning CS1570: XML 娉ㄩ噴鍑虹幇 XML 鏍煎紡閿欒 --鈥滅粨鏉熸爣璁扳€渟ummary鈥濅笌寮€濮嬫爣璁扳€淓nemy鈥濅笉鍖归厤銆傗€?[E:\Godot\Games\MyGames\澶嶅埢鍦熻眴鍏勫紵\brotato-my\Brotato_my.csproj]
E:\Godot\Games\MyGames\澶嶅埢鍦熻眴鍏勫紵\brotato-my\Src\Tools\NodeLifecycle\NodeLifecycleManager.cs(28,1): warning CS1570: XML 娉ㄩ噴鍑虹幇 XML 鏍煎紡閿欒 --鈥滃厓绱犫€渟ummary鈥濋渶瑕佺粨鏉熸爣璁般€傗€?[E:\Godot\Games\MyGames\澶嶅埢鍦熻眴鍏勫紵\brotato-my\Brotato_my.csproj]
E:\Godot\Games\MyGames\澶嶅埢鍦熻眴鍏勫紵\brotato-my\Src\ECS\Entity\Core\EntityManager.cs(132,1): warning CS1570: XML 娉ㄩ噴鍑虹幇 XML 鏍煎紡閿欒 --鈥滃厓绱犫€渃ode鈥濋渶瑕佺粨鏉熸爣璁般€傗€?[E:\Godot\Games\MyGames\澶嶅埢鍦熻眴鍏勫紵\brotato-my\Brotato_my.csproj]
E:\Godot\Games\MyGames\澶嶅埢鍦熻眴鍏勫紵\brotato-my\Src\ECS\Entity\Core\EntityManager.cs(132,1): warning CS1570: XML 娉ㄩ噴鍑虹幇 XML 鏍煎紡閿欒 --鈥滃厓绱犫€渟ummary鈥濋渶瑕佺粨鏉熸爣璁般€傗€?[E:\Godot\Games\MyGames\澶嶅埢鍦熻眴鍏勫紵\brotato-my\Brotato_my.csproj]
E:\Godot\Games\MyGames\澶嶅埢鍦熻眴鍏勫紵\brotato-my\Src\Tools\NodeLifecycle\NodeLifecycleManager.cs(41,11): warning CS1570: XML 娉ㄩ噴鍑虹幇 XML 鏍煎紡閿欒 --鈥滅粨鏉熸爣璁扳€渟ummary鈥濅笌寮€濮嬫爣璁扳€淣ode鈥濅笉鍖归厤銆傗€?[E:\Godot\Games\MyGames\澶嶅埢鍦熻眴鍏勫紵\brotato-my\Brotato_my.csproj]
E:\Godot\Games\MyGames\澶嶅埢鍦熻眴鍏勫紵\brotato-my\Src\Tools\NodeLifecycle\NodeLifecycleManager.cs(42,1): warning CS1570: XML 娉ㄩ噴鍑虹幇 XML 鏍煎紡閿欒 --鈥滃厓绱犫€渟ummary鈥濋渶瑕佺粨鏉熸爣璁般€傗€?[E:\Godot\Games\MyGames\澶嶅埢鍦熻眴鍏勫紵\brotato-my\Brotato_my.csproj]
E:\Godot\Games\MyGames\澶嶅埢鍦熻眴鍏勫紵\brotato-my\Src\ECS\Data\Data.cs(17,14): error CS0101: 鍛藉悕绌洪棿鈥?global namespace>鈥濆凡缁忓寘鍚€淒ata鈥濈殑瀹氫箟 [E:\Godot\Games\MyGames\澶嶅埢鍦熻眴鍏勫紵\brotato-my\Brotato_my.csproj]
E:\Godot\Games\MyGames\澶嶅埢鍦熻眴鍏勫紵\brotato-my\Data\ResourceManagement\ResourceManagement.cs(37,48): error CS0246: 鏈兘鎵惧埌绫诲瀷鎴栧懡鍚嶇┖闂村悕鈥淩esourceCategory鈥?鏄惁缂哄皯 using 鎸囦护鎴栫▼搴忛泦寮曠敤?) [E:\Godot\Games\MyGames\澶嶅埢鍦熻眴鍏勫紵\brotato-my\Brotato_my.csproj]
E:\Godot\Games\MyGames\澶嶅埢鍦熻眴鍏勫紵\brotato-my\Data\ResourceManagement\ResourceManagement.cs(57,38): error CS0246: 鏈兘鎵惧埌绫诲瀷鎴栧懡鍚嶇┖闂村悕鈥淩esourceCategory鈥?鏄惁缂哄皯 using 鎸囦护鎴栫▼搴忛泦寮曠敤?) [E:\Godot\Games\MyGames\澶嶅埢鍦熻眴鍏勫紵\brotato-my\Brotato_my.csproj]
E:\Godot\Games\MyGames\澶嶅埢鍦熻眴鍏勫紵\brotato-my\Data\ResourceManagement\ResourceManagement.cs(77,41): error CS0246: 鏈兘鎵惧埌绫诲瀷鎴栧懡鍚嶇┖闂村悕鈥淩esourceCategory鈥?鏄惁缂哄皯 using 鎸囦护鎴栫▼搴忛泦寮曠敤?) [E:\Godot\Games\MyGames\澶嶅埢鍦熻眴鍏勫紵\brotato-my\Brotato_my.csproj]
E:\Godot\Games\MyGames\澶嶅埢鍦熻眴鍏勫紵\brotato-my\Data\ResourceManagement\ResourceManagement.cs(86,77): error CS0246: 鏈兘鎵惧埌绫诲瀷鎴栧懡鍚嶇┖闂村悕鈥淩esourceCategory鈥?鏄惁缂哄皯 using 鎸囦护鎴栫▼搴忛泦寮曠敤?) [E:\Godot\Games\MyGames\澶嶅埢鍦熻眴鍏勫紵\brotato-my\Brotato_my.csproj]
E:\Godot\Games\MyGames\澶嶅埢鍦熻眴鍏勫紵\brotato-my\Data\ResourceManagement\ResourcePaths.cs(25,39): error CS0246: 鏈兘鎵惧埌绫诲瀷鎴栧懡鍚嶇┖闂村悕鈥淩esourceCategory鈥?鏄惁缂哄皯 using 鎸囦护鎴栫▼搴忛泦寮曠敤?) [E:\Godot\Games\MyGames\澶嶅埢鍦熻眴鍏勫紵\brotato-my\Brotato_my.csproj]
E:\Godot\Games\MyGames\澶嶅埢鍦熻眴鍏勫紵\brotato-my\Data\ResourceManagement\ResourcePaths.cs(15,12): error CS0246: 鏈兘鎵惧埌绫诲瀷鎴栧懡鍚嶇┖闂村悕鈥淩esourceCategory鈥?鏄惁缂哄皯 using 鎸囦护鎴栫▼搴忛泦寮曠敤?) [E:\Godot\Games\MyGames\澶嶅埢鍦熻眴鍏勫紵\brotato-my\Brotato_my.csproj]
E:\Godot\Games\MyGames\澶嶅埢鍦熻眴鍏勫紵\brotato-my\Data\ResourceManagement\ResourcePaths.cs(16,25): error CS0246: 鏈兘鎵惧埌绫诲瀷鎴栧懡鍚嶇┖闂村悕鈥淩esourceCategory鈥?鏄惁缂哄皯 using 鎸囦护鎴栫▼搴忛泦寮曠敤?) [E:\Godot\Games\MyGames\澶嶅埢鍦熻眴鍏勫紵\brotato-my\Brotato_my.csproj]

鐢熸垚澶辫触銆?

E:\Godot\Games\MyGames\澶嶅埢鍦熻眴鍏勫紵\brotato-my\Data\DataKeyRegister\Ability\DataKey_Ability.cs(33,27): warning CS1570: XML 娉ㄩ噴鍑虹幇 XML 鏍煎紡閿欒 --鈥滃簲涓烘爣璇嗙銆傗€?[E:\Godot\Games\MyGames\澶嶅埢鍦熻眴鍏勫紵\brotato-my\Brotato_my.csproj]
E:\Godot\Games\MyGames\澶嶅埢鍦熻眴鍏勫紵\brotato-my\Data\DataKeyRegister\Ability\DataKey_Ability.cs(33,27): warning CS1570: XML 娉ㄩ噴鍑虹幇 XML 鏍煎紡閿欒 --鈥滄浣嶇疆鏃犳硶浣跨敤瀛楃鈥?鈥濄€傗€?[E:\Godot\Games\MyGames\澶嶅埢鍦熻眴鍏勫紵\brotato-my\Brotato_my.csproj]
E:\Godot\Games\MyGames\澶嶅埢鍦熻眴鍏勫紵\brotato-my\Data\ResourceManagement\ResourceManagement.cs(15,7): warning CS1570: XML 娉ㄩ噴鍑虹幇 XML 鏍煎紡閿欒 --鈥滅粨鏉熸爣璁扳€渆xample鈥濅笌寮€濮嬫爣璁扳€淓nemyEntity鈥濅笉鍖归厤銆傗€?[E:\Godot\Games\MyGames\澶嶅埢鍦熻眴鍏勫紵\brotato-my\Brotato_my.csproj]
E:\Godot\Games\MyGames\澶嶅埢鍦熻眴鍏勫紵\brotato-my\Data\ResourceManagement\ResourceManagement.cs(17,7): warning CS1570: XML 娉ㄩ噴鍑虹幇 XML 鏍煎紡閿欒 --鈥滅粨鏉熸爣璁扳€渟ummary鈥濅笌寮€濮嬫爣璁扳€渆xample鈥濅笉鍖归厤銆傗€?[E:\Godot\Games\MyGames\澶嶅埢鍦熻眴鍏勫紵\brotato-my\Brotato_my.csproj]
E:\Godot\Games\MyGames\澶嶅埢鍦熻眴鍏勫紵\brotato-my\Data\ResourceManagement\ResourceManagement.cs(18,1): warning CS1570: XML 娉ㄩ噴鍑虹幇 XML 鏍煎紡閿欒 --鈥滃厓绱犫€渟ummary鈥濋渶瑕佺粨鏉熸爣璁般€傗€?[E:\Godot\Games\MyGames\澶嶅埢鍦熻眴鍏勫紵\brotato-my\Brotato_my.csproj]
E:\Godot\Games\MyGames\澶嶅埢鍦熻眴鍏勫紵\brotato-my\Data\Data\Ability\Ability\澶嶆椿鍗疯酱\澶嶆椿鍗疯酱.cs(11,33): warning CS1570: XML 娉ㄩ噴鍑虹幇 XML 鏍煎紡閿欒 --鈥滃簲涓烘爣璇嗙銆傗€?[E:\Godot\Games\MyGames\澶嶅埢鍦熻眴鍏勫紵\brotato-my\Brotato_my.csproj]
E:\Godot\Games\MyGames\澶嶅埢鍦熻眴鍏勫紵\brotato-my\Src\Autoload\AutoLoad.cs(40,7): warning CS1570: XML 娉ㄩ噴鍑虹幇 XML 鏍煎紡閿欒 --鈥滅粨鏉熸爣璁扳€渃ode鈥濅笌寮€濮嬫爣璁扳€淧ackedScene鈥濅笉鍖归厤銆傗€?[E:\Godot\Games\MyGames\澶嶅埢鍦熻眴鍏勫紵\brotato-my\Brotato_my.csproj]
E:\Godot\Games\MyGames\澶嶅埢鍦熻眴鍏勫紵\brotato-my\Data\Data\Ability\Ability\澶嶆椿鍗疯酱\澶嶆椿鍗疯酱.cs(11,33): warning CS1570: XML 娉ㄩ噴鍑虹幇 XML 鏍煎紡閿欒 --鈥?鈥?[E:\Godot\Games\MyGames\澶嶅埢鍦熻眴鍏勫紵\brotato-my\Brotato_my.csproj]
E:\Godot\Games\MyGames\澶嶅埢鍦熻眴鍏勫紵\brotato-my\Src\Autoload\AutoLoad.cs(41,7): warning CS1570: XML 娉ㄩ噴鍑虹幇 XML 鏍煎紡閿欒 --鈥滅粨鏉熸爣璁扳€渆xample鈥濅笌寮€濮嬫爣璁扳€渃ode鈥濅笉鍖归厤銆傗€?[E:\Godot\Games\MyGames\澶嶅埢鍦熻眴鍏勫紵\brotato-my\Brotato_my.csproj]
E:\Godot\Games\MyGames\澶嶅埢鍦熻眴鍏勫紵\brotato-my\Src\Autoload\AutoLoad.cs(42,1): warning CS1570: XML 娉ㄩ噴鍑虹幇 XML 鏍煎紡閿欒 --鈥滃厓绱犫€渆xample鈥濋渶瑕佺粨鏉熸爣璁般€傗€?[E:\Godot\Games\MyGames\澶嶅埢鍦熻眴鍏勫紵\brotato-my\Brotato_my.csproj]
E:\Godot\Games\MyGames\澶嶅埢鍦熻眴鍏勫紵\brotato-my\Src\ECS\Component\Ability\TriggerComponent\TriggerComponent.cs(13,1): warning CS1570: XML 娉ㄩ噴鍑虹幇 XML 鏍煎紡閿欒 --鈥滃厓绱犫€渟ummary鈥濋渶瑕佺粨鏉熸爣璁般€傗€?[E:\Godot\Games\MyGames\澶嶅埢鍦熻眴鍏勫紵\brotato-my\Brotato_my.csproj]
E:\Godot\Games\MyGames\澶嶅埢鍦熻眴鍏勫紵\brotato-my\Src\ECS\Component\Ability\TriggerComponent\TriggerComponent.cs(14,5): warning CS1570: XML 娉ㄩ噴鍑虹幇 XML 鏍煎紡閿欒 --鈥滃湪姝や綅缃笉搴斾负缁撴潫鏍囪銆傗€?[E:\Godot\Games\MyGames\澶嶅埢鍦熻眴鍏勫紵\brotato-my\Brotato_my.csproj]
E:\Godot\Games\MyGames\澶嶅埢鍦熻眴鍏勫紵\brotato-my\Src\ECS\Component\Unit\LifecycleComponent\LifecycleComponent.cs(196,33): warning CS1570: XML 娉ㄩ噴鍑虹幇 XML 鏍煎紡閿欒 --鈥滃簲涓烘爣璇嗙銆傗€?[E:\Godot\Games\MyGames\澶嶅埢鍦熻眴鍏勫紵\brotato-my\Brotato_my.csproj]
E:\Godot\Games\MyGames\澶嶅埢鍦熻眴鍏勫紵\brotato-my\Src\ECS\Component\Unit\LifecycleComponent\LifecycleComponent.cs(196,33): warning CS1570: XML 娉ㄩ噴鍑虹幇 XML 鏍煎紡閿欒 --鈥滄浣嶇疆鏃犳硶浣跨敤瀛楃鈥?鈥濄€傗€?[E:\Godot\Games\MyGames\澶嶅埢鍦熻眴鍏勫紵\brotato-my\Brotato_my.csproj]
E:\Godot\Games\MyGames\澶嶅埢鍦熻眴鍏勫紵\brotato-my\Src\ECS\Entity\IEntity.cs(28,29): warning CS1570: XML 娉ㄩ噴鍑虹幇 XML 鏍煎紡閿欒 --鈥滃簲涓烘爣璇嗙銆傗€?[E:\Godot\Games\MyGames\澶嶅埢鍦熻眴鍏勫紵\brotato-my\Brotato_my.csproj]
E:\Godot\Games\MyGames\澶嶅埢鍦熻眴鍏勫紵\brotato-my\Src\ECS\Entity\IEntity.cs(28,29): warning CS1570: XML 娉ㄩ噴鍑虹幇 XML 鏍煎紡閿欒 --鈥滄浣嶇疆鏃犳硶浣跨敤瀛楃鈥?鈥濄€傗€?[E:\Godot\Games\MyGames\澶嶅埢鍦熻眴鍏勫紵\brotato-my\Brotato_my.csproj]
E:\Godot\Games\MyGames\澶嶅埢鍦熻眴鍏勫紵\brotato-my\Src\ECS\Entity\IEntity.cs(28,57): warning CS1570: XML 娉ㄩ噴鍑虹幇 XML 鏍煎紡閿欒 --鈥滃簲涓烘爣璇嗙銆傗€?[E:\Godot\Games\MyGames\澶嶅埢鍦熻眴鍏勫紵\brotato-my\Brotato_my.csproj]
E:\Godot\Games\MyGames\澶嶅埢鍦熻眴鍏勫紵\brotato-my\Src\ECS\Entity\IEntity.cs(28,57): warning CS1570: XML 娉ㄩ噴鍑虹幇 XML 鏍煎紡閿欒 --鈥滄浣嶇疆鏃犳硶浣跨敤瀛楃鈥?鈥濄€傗€?[E:\Godot\Games\MyGames\澶嶅埢鍦熻眴鍏勫紵\brotato-my\Brotato_my.csproj]
E:\Godot\Games\MyGames\澶嶅埢鍦熻眴鍏勫紵\brotato-my\Src\ECS\Entity\IEntity.cs(29,11): warning CS1570: XML 娉ㄩ噴鍑虹幇 XML 鏍煎紡閿欒 --鈥滅粨鏉熸爣璁扳€渟ummary鈥濅笌寮€濮嬫爣璁扳€溾€濅笉鍖归厤銆傗€?[E:\Godot\Games\MyGames\澶嶅埢鍦熻眴鍏勫紵\brotato-my\Brotato_my.csproj]
E:\Godot\Games\MyGames\澶嶅埢鍦熻眴鍏勫紵\brotato-my\Src\ECS\Entity\IEntity.cs(30,1): warning CS1570: XML 娉ㄩ噴鍑虹幇 XML 鏍煎紡閿欒 --鈥滃厓绱犫€溾€濋渶瑕佺粨鏉熸爣璁般€傗€?[E:\Godot\Games\MyGames\澶嶅埢鍦熻眴鍏勫紵\brotato-my\Brotato_my.csproj]
E:\Godot\Games\MyGames\澶嶅埢鍦熻眴鍏勫紵\brotato-my\Src\ECS\Entity\IEntity.cs(30,1): warning CS1570: XML 娉ㄩ噴鍑虹幇 XML 鏍煎紡閿欒 --鈥滃厓绱犫€渟ummary鈥濋渶瑕佺粨鏉熸爣璁般€傗€?[E:\Godot\Games\MyGames\澶嶅埢鍦熻眴鍏勫紵\brotato-my\Brotato_my.csproj]
E:\Godot\Games\MyGames\澶嶅埢鍦熻眴鍏勫紵\brotato-my\Src\ECS\Entity\Core\EntityManager.cs(96,7): warning CS1570: XML 娉ㄩ噴鍑虹幇 XML 鏍煎紡閿欒 --鈥滅粨鏉熸爣璁扳€渃ode鈥濅笌寮€濮嬫爣璁扳€淗ealthComponent鈥濅笉鍖归厤銆傗€?[E:\Godot\Games\MyGames\澶嶅埢鍦熻眴鍏勫紵\brotato-my\Brotato_my.csproj]
E:\Godot\Games\MyGames\澶嶅埢鍦熻眴鍏勫紵\brotato-my\Src\ECS\Entity\Core\EntityManager.cs(97,7): warning CS1570: XML 娉ㄩ噴鍑虹幇 XML 鏍煎紡閿欒 --鈥滅粨鏉熸爣璁扳€渟ummary鈥濅笌寮€濮嬫爣璁扳€淧layer鈥濅笉鍖归厤銆傗€?[E:\Godot\Games\MyGames\澶嶅埢鍦熻眴鍏勫紵\brotato-my\Brotato_my.csproj]
E:\Godot\Games\MyGames\澶嶅埢鍦熻眴鍏勫紵\brotato-my\Src\ECS\Entity\Core\EntityManager.cs(98,1): warning CS1570: XML 娉ㄩ噴鍑虹幇 XML 鏍煎紡閿欒 --鈥滃厓绱犫€淓nemy鈥濋渶瑕佺粨鏉熸爣璁般€傗€?[E:\Godot\Games\MyGames\澶嶅埢鍦熻眴鍏勫紵\brotato-my\Brotato_my.csproj]
E:\Godot\Games\MyGames\澶嶅埢鍦熻眴鍏勫紵\brotato-my\Src\UI\Core\UIBase.cs(27,7): warning CS1570: XML 娉ㄩ噴鍑虹幇 XML 鏍煎紡閿欒 --鈥滅粨鏉熸爣璁扳€渃ode鈥濅笌寮€濮嬫爣璁扳€渇loat鈥濅笉鍖归厤銆傗€?[E:\Godot\Games\MyGames\澶嶅埢鍦熻眴鍏勫紵\brotato-my\Brotato_my.csproj]
E:\Godot\Games\MyGames\澶嶅埢鍦熻眴鍏勫紵\brotato-my\Src\ECS\Entity\Core\EntityManager.cs(98,1): warning CS1570: XML 娉ㄩ噴鍑虹幇 XML 鏍煎紡閿欒 --鈥滃厓绱犫€渃ode鈥濋渶瑕佺粨鏉熸爣璁般€傗€?[E:\Godot\Games\MyGames\澶嶅埢鍦熻眴鍏勫紵\brotato-my\Brotato_my.csproj]
E:\Godot\Games\MyGames\澶嶅埢鍦熻眴鍏勫紵\brotato-my\Src\UI\Core\UIBase.cs(28,7): warning CS1570: XML 娉ㄩ噴鍑虹幇 XML 鏍煎紡閿欒 --鈥滅粨鏉熸爣璁扳€渟ummary鈥濅笌寮€濮嬫爣璁扳€渃ode鈥濅笉鍖归厤銆傗€?[E:\Godot\Games\MyGames\澶嶅埢鍦熻眴鍏勫紵\brotato-my\Brotato_my.csproj]
E:\Godot\Games\MyGames\澶嶅埢鍦熻眴鍏勫紵\brotato-my\Src\UI\Core\UIBase.cs(29,1): warning CS1570: XML 娉ㄩ噴鍑虹幇 XML 鏍煎紡閿欒 --鈥滃厓绱犫€渟ummary鈥濋渶瑕佺粨鏉熸爣璁般€傗€?[E:\Godot\Games\MyGames\澶嶅埢鍦熻眴鍏勫紵\brotato-my\Brotato_my.csproj]
E:\Godot\Games\MyGames\澶嶅埢鍦熻眴鍏勫紵\brotato-my\Src\Tools\ObjectPool\ObjectPool.cs(111,11): warning CS1570: XML 娉ㄩ噴鍑虹幇 XML 鏍煎紡閿欒 --鈥滅粨鏉熸爣璁扳€減aram鈥濅笌寮€濮嬫爣璁扳€淭鈥濅笉鍖归厤銆傗€?[E:\Godot\Games\MyGames\澶嶅埢鍦熻眴鍏勫紵\brotato-my\Brotato_my.csproj]
E:\Godot\Games\MyGames\澶嶅埢鍦熻眴鍏勫紵\brotato-my\Src\Tools\ObjectPool\ObjectPool.cs(117,1): warning CS1570: XML 娉ㄩ噴鍑虹幇 XML 鏍煎紡閿欒 --鈥滃厓绱犫€減aram鈥濋渶瑕佺粨鏉熸爣璁般€傗€?[E:\Godot\Games\MyGames\澶嶅埢鍦熻眴鍏勫紵\brotato-my\Brotato_my.csproj]
E:\Godot\Games\MyGames\澶嶅埢鍦熻眴鍏勫紵\brotato-my\Src\ECS\Entity\Core\EntityManager.cs(98,1): warning CS1570: XML 娉ㄩ噴鍑虹幇 XML 鏍煎紡閿欒 --鈥滃厓绱犫€渟ummary鈥濋渶瑕佺粨鏉熸爣璁般€傗€?[E:\Godot\Games\MyGames\澶嶅埢鍦熻眴鍏勫紵\brotato-my\Brotato_my.csproj]
E:\Godot\Games\MyGames\澶嶅埢鍦熻眴鍏勫紵\brotato-my\Src\Tools\NodeLifecycle\NodeLifecycleManager.cs(26,7): warning CS1570: XML 娉ㄩ噴鍑虹幇 XML 鏍煎紡閿欒 --鈥滅粨鏉熸爣璁扳€渃ode鈥濅笌寮€濮嬫爣璁扳€淓nemy鈥濅笉鍖归厤銆傗€?[E:\Godot\Games\MyGames\澶嶅埢鍦熻眴鍏勫紵\brotato-my\Brotato_my.csproj]
E:\Godot\Games\MyGames\澶嶅埢鍦熻眴鍏勫紵\brotato-my\Src\Tools\NodeLifecycle\NodeLifecycleManager.cs(27,7): warning CS1570: XML 娉ㄩ噴鍑虹幇 XML 鏍煎紡閿欒 --鈥滅粨鏉熸爣璁扳€渟ummary鈥濅笌寮€濮嬫爣璁扳€渃ode鈥濅笉鍖归厤銆傗€?[E:\Godot\Games\MyGames\澶嶅埢鍦熻眴鍏勫紵\brotato-my\Brotato_my.csproj]
E:\Godot\Games\MyGames\澶嶅埢鍦熻眴鍏勫紵\brotato-my\Src\ECS\Entity\Core\EntityManager.cs(127,11): warning CS1570: XML 娉ㄩ噴鍑虹幇 XML 鏍煎紡閿欒 --鈥滅粨鏉熸爣璁扳€渃ode鈥濅笌寮€濮嬫爣璁扳€淧layer鈥濅笉鍖归厤銆傗€?[E:\Godot\Games\MyGames\澶嶅埢鍦熻眴鍏勫紵\brotato-my\Brotato_my.csproj]
E:\Godot\Games\MyGames\澶嶅埢鍦熻眴鍏勫紵\brotato-my\Src\ECS\Entity\Core\EntityManager.cs(128,11): warning CS1570: XML 娉ㄩ噴鍑虹幇 XML 鏍煎紡閿欒 --鈥滅粨鏉熸爣璁扳€渟ummary鈥濅笌寮€濮嬫爣璁扳€淓nemy鈥濅笉鍖归厤銆傗€?[E:\Godot\Games\MyGames\澶嶅埢鍦熻眴鍏勫紵\brotato-my\Brotato_my.csproj]
E:\Godot\Games\MyGames\澶嶅埢鍦熻眴鍏勫紵\brotato-my\Src\Tools\NodeLifecycle\NodeLifecycleManager.cs(28,1): warning CS1570: XML 娉ㄩ噴鍑虹幇 XML 鏍煎紡閿欒 --鈥滃厓绱犫€渟ummary鈥濋渶瑕佺粨鏉熸爣璁般€傗€?[E:\Godot\Games\MyGames\澶嶅埢鍦熻眴鍏勫紵\brotato-my\Brotato_my.csproj]
E:\Godot\Games\MyGames\澶嶅埢鍦熻眴鍏勫紵\brotato-my\Src\ECS\Entity\Core\EntityManager.cs(132,1): warning CS1570: XML 娉ㄩ噴鍑虹幇 XML 鏍煎紡閿欒 --鈥滃厓绱犫€渃ode鈥濋渶瑕佺粨鏉熸爣璁般€傗€?[E:\Godot\Games\MyGames\澶嶅埢鍦熻眴鍏勫紵\brotato-my\Brotato_my.csproj]
E:\Godot\Games\MyGames\澶嶅埢鍦熻眴鍏勫紵\brotato-my\Src\ECS\Entity\Core\EntityManager.cs(132,1): warning CS1570: XML 娉ㄩ噴鍑虹幇 XML 鏍煎紡閿欒 --鈥滃厓绱犫€渟ummary鈥濋渶瑕佺粨鏉熸爣璁般€傗€?[E:\Godot\Games\MyGames\澶嶅埢鍦熻眴鍏勫紵\brotato-my\Brotato_my.csproj]
E:\Godot\Games\MyGames\澶嶅埢鍦熻眴鍏勫紵\brotato-my\Src\Tools\NodeLifecycle\NodeLifecycleManager.cs(41,11): warning CS1570: XML 娉ㄩ噴鍑虹幇 XML 鏍煎紡閿欒 --鈥滅粨鏉熸爣璁扳€渟ummary鈥濅笌寮€濮嬫爣璁扳€淣ode鈥濅笉鍖归厤銆傗€?[E:\Godot\Games\MyGames\澶嶅埢鍦熻眴鍏勫紵\brotato-my\Brotato_my.csproj]
E:\Godot\Games\MyGames\澶嶅埢鍦熻眴鍏勫紵\brotato-my\Src\Tools\NodeLifecycle\NodeLifecycleManager.cs(42,1): warning CS1570: XML 娉ㄩ噴鍑虹幇 XML 鏍煎紡閿欒 --鈥滃厓绱犫€渟ummary鈥濋渶瑕佺粨鏉熸爣璁般€傗€?[E:\Godot\Games\MyGames\澶嶅埢鍦熻眴鍏勫紵\brotato-my\Brotato_my.csproj]
E:\Godot\Games\MyGames\澶嶅埢鍦熻眴鍏勫紵\brotato-my\Src\ECS\Data\Data.cs(17,14): error CS0101: 鍛藉悕绌洪棿鈥?global namespace>鈥濆凡缁忓寘鍚€淒ata鈥濈殑瀹氫箟 [E:\Godot\Games\MyGames\澶嶅埢鍦熻眴鍏勫紵\brotato-my\Brotato_my.csproj]
E:\Godot\Games\MyGames\澶嶅埢鍦熻眴鍏勫紵\brotato-my\Data\ResourceManagement\ResourceManagement.cs(37,48): error CS0246: 鏈兘鎵惧埌绫诲瀷鎴栧懡鍚嶇┖闂村悕鈥淩esourceCategory鈥?鏄惁缂哄皯 using 鎸囦护鎴栫▼搴忛泦寮曠敤?) [E:\Godot\Games\MyGames\澶嶅埢鍦熻眴鍏勫紵\brotato-my\Brotato_my.csproj]
E:\Godot\Games\MyGames\澶嶅埢鍦熻眴鍏勫紵\brotato-my\Data\ResourceManagement\ResourceManagement.cs(57,38): error CS0246: 鏈兘鎵惧埌绫诲瀷鎴栧懡鍚嶇┖闂村悕鈥淩esourceCategory鈥?鏄惁缂哄皯 using 鎸囦护鎴栫▼搴忛泦寮曠敤?) [E:\Godot\Games\MyGames\澶嶅埢鍦熻眴鍏勫紵\brotato-my\Brotato_my.csproj]
E:\Godot\Games\MyGames\澶嶅埢鍦熻眴鍏勫紵\brotato-my\Data\ResourceManagement\ResourceManagement.cs(77,41): error CS0246: 鏈兘鎵惧埌绫诲瀷鎴栧懡鍚嶇┖闂村悕鈥淩esourceCategory鈥?鏄惁缂哄皯 using 鎸囦护鎴栫▼搴忛泦寮曠敤?) [E:\Godot\Games\MyGames\澶嶅埢鍦熻眴鍏勫紵\brotato-my\Brotato_my.csproj]
E:\Godot\Games\MyGames\澶嶅埢鍦熻眴鍏勫紵\brotato-my\Data\ResourceManagement\ResourceManagement.cs(86,77): error CS0246: 鏈兘鎵惧埌绫诲瀷鎴栧懡鍚嶇┖闂村悕鈥淩esourceCategory鈥?鏄惁缂哄皯 using 鎸囦护鎴栫▼搴忛泦寮曠敤?) [E:\Godot\Games\MyGames\澶嶅埢鍦熻眴鍏勫紵\brotato-my\Brotato_my.csproj]
E:\Godot\Games\MyGames\澶嶅埢鍦熻眴鍏勫紵\brotato-my\Data\ResourceManagement\ResourcePaths.cs(25,39): error CS0246: 鏈兘鎵惧埌绫诲瀷鎴栧懡鍚嶇┖闂村悕鈥淩esourceCategory鈥?鏄惁缂哄皯 using 鎸囦护鎴栫▼搴忛泦寮曠敤?) [E:\Godot\Games\MyGames\澶嶅埢鍦熻眴鍏勫紵\brotato-my\Brotato_my.csproj]
E:\Godot\Games\MyGames\澶嶅埢鍦熻眴鍏勫紵\brotato-my\Data\ResourceManagement\ResourcePaths.cs(15,12): error CS0246: 鏈兘鎵惧埌绫诲瀷鎴栧懡鍚嶇┖闂村悕鈥淩esourceCategory鈥?鏄惁缂哄皯 using 鎸囦护鎴栫▼搴忛泦寮曠敤?) [E:\Godot\Games\MyGames\澶嶅埢鍦熻眴鍏勫紵\brotato-my\Brotato_my.csproj]
E:\Godot\Games\MyGames\澶嶅埢鍦熻眴鍏勫紵\brotato-my\Data\ResourceManagement\ResourcePaths.cs(16,25): error CS0246: 鏈兘鎵惧埌绫诲瀷鎴栧懡鍚嶇┖闂村悕鈥淩esourceCategory鈥?鏄惁缂哄皯 using 鎸囦护鎴栫▼搴忛泦寮曠敤?) [E:\Godot\Games\MyGames\澶嶅埢鍦熻眴鍏勫紵\brotato-my\Brotato_my.csproj]
    40 涓鍛?
    8 涓敊璇?

宸茬敤鏃堕棿 00:00:00.83
